INFO:root:Create log file at log/crime/crime-1000-cou-1788866045.9166288.log
INFO:root:Command line executed: python main.py --dataset crime --beta 1000 --features count --channel awgn --snr_db 20
INFO:root:Full args parsed:
INFO:root:Namespace(dataset='crime', beta=1000, features='count', model='mlp', epochs=2000, lr=0.0001, setting='f', label_rate=0.1, ablation=0, seed=123, use_c=1, jobs=1, save_features=0, data_dir='./data/', log_dir='log', downsample=0, max_child_size=1, ext=0, channel='awgn', snr_db=20.0, channel_seed=123, max_background_pairs=10000)
INFO:root:Finish loading graphs.
INFO:root:Nodes train: 467, test: 510
INFO:root:Simplicies train: 243, test: 256
INFO:root:Channel awgn at 20.0 dB: test projection edges 1362 -> 1362
INFO:root:Start computing cliques
INFO:root:Couldn't find cache for max cliques train
INFO:root:Number of maximum cliques:200
INFO:root:Couldn't find cache for max cliques test
INFO:root:Number of maximum cliques:207
INFO:root:test nodes 510 hyperedges 256 avg size 2.953125 std 2.278840765471559 avg degree 1.4823529411764707 max cliques 207
INFO:root:Breakdown of test hyperedges (max+small) 204 + 52
INFO:root:Intersection 203 out of 204 207
INFO:root:support cliques train:200 - test: 204
INFO:root:Optimizing clique sampler .. 
INFO:root:Found cache for rho.
INFO:root:[(15, 15), (12, 12), (9, 9), (8, 8), (7, 7), (6, 6), (5, 5), (4, 4), (3, 3), (2, 2), (1, 1), (6, 1), (2, 1), (12, 1), (15, 1), (4, 1), (7, 1), (3, 1), (12, 2), (5, 2), (3, 2)]
INFO:root:Optimize Clique Sampler: #hyperedges collected:242, recall: 0.9958847736625515, efficiency:0.242
INFO:root:Clique analysis done.
INFO:root:train: 880 unique candidates out of 1000 sampled candidates
Note: to be able to use all crisp methods, you need to install some additional packages:  {'bayanpy', 'infomap', 'graph_tool', 'wurlitzer', 'leidenalg'}
Note: to be able to use all crisp methods, you need to install some additional packages:  {'pyclustering', 'torch', 'ASLPAw', 'hidef'}
Note: to be able to use all crisp methods, you need to install some additional packages:  {'leidenalg', 'infomap', 'wurlitzer', 'scikit-network'}
Sanity check failed, reindexing the hypergraphs ...
Sanity check failed, reindexing the hypergraphs ...
number of nodes in construct graph 467
number of nodes in construct graph 510
(0, 0), (1, 1), (2, 2), (3, 3), (4, 4), (7, 7), (13, 13), (29, 29), (58, 58), (100, 100), (185, 185), (200, 200), (236, 208), (406, 227), (418, 228), (433, 229), (549, 235), (570, 236), (696, 239), (762, 240), (922, 242), 
(0, 0), (0, 0), (0, 0), (2, 2), (9, 9), (14, 14), (19, 19), (33, 32), (56, 54), (108, 105), (192, 189), (202, 199), (232, 200), (400, 222), (400, 222), (400, 222), (492, 225), (527, 225), (683, 236), (683, 236), (823, 236), 

0it [00:00, ?it/s]
880it [00:00, 316469.82it/s]
INFO:root:test: 797 unique candidates out of 919 sampled candidates

0it [00:00, ?it/s]
802it [00:00, 312101.67it/s]
INFO:root:test max cliques 207, nested cliques 595
INFO:root:test real max cliques in search universe: 204
INFO:root:test real smaller cliques in search universe: 41 41
INFO:root:Our Performance: precision 0.9635, recall 0.8242, f1 0.8884 jaccard 0.7992
INFO:root:Baseline: Bayesian-MDL skipped (disabled for this runtime).
INFO:root:Baseline: Max Clique precision 0.9855, recall 0.7969, f1 0.8812, jaccard 0.7876 
INFO:root:Baseline: ECC precision 1.0000, recall 0.7578, f1 0.8622, jaccard 0.7578 
INFO:root:Baseline: Demon precision 0.9176, recall 0.6523, f1 0.7626, jaccard 0.6162 
INFO:root:Baseline: CFinder skipped (disabled for channel-SNR benchmark).
(680, 9) (680,) 42
