INFO:root:Create log file at log/directors/directors-800-cou-1788866024.0584724.log
INFO:root:Command line executed: python main.py --dataset directors --beta 800 --features count --channel awgn --snr_db 10
INFO:root:Full args parsed:
INFO:root:Namespace(dataset='directors', beta=800, features='count', model='mlp', epochs=2000, lr=0.0001, setting='f', label_rate=0.1, ablation=0, seed=123, use_c=1, jobs=1, save_features=0, data_dir='./data/', log_dir='log', downsample=0, max_child_size=1, ext=0, channel='awgn', snr_db=10.0, channel_seed=123, max_background_pairs=10000)
INFO:root:Finish loading graphs.
INFO:root:Nodes train: 547, test: 522
INFO:root:Simplicies train: 102, test: 102
INFO:root:Channel awgn at 10.0 dB: test projection edges 1444 -> 1776
INFO:root:Start computing cliques
INFO:root:Couldn't find cache for max cliques train
INFO:root:Number of maximum cliques:102
INFO:root:Couldn't find cache for max cliques test
INFO:root:Number of maximum cliques:593
INFO:root:test nodes 522 hyperedges 102 avg size 5.382352941176471 std 2.227476007868234 avg degree 1.0517241379310345 max cliques 593
INFO:root:Breakdown of test hyperedges (max+small) 55 + 47
INFO:root:Intersection 55 out of 575 593
INFO:root:support cliques train:102 - test: 575
INFO:root:Optimizing clique sampler .. 
INFO:root:Found cache for rho.
INFO:root:[(26, 26), (13, 13), (12, 12), (11, 11), (10, 10), (9, 9), (8, 8), (7, 7), (6, 6), (5, 5), (4, 4), (3, 3), (2, 2)]
INFO:root:Optimize Clique Sampler: #hyperedges collected:102, recall: 1.0, efficiency:0.1275
INFO:root:Clique analysis done.
INFO:root:train: 102 unique candidates out of 102 sampled candidates
Note: to be able to use all crisp methods, you need to install some additional packages:  {'graph_tool', 'wurlitzer', 'bayanpy', 'infomap', 'leidenalg'}
Note: to be able to use all crisp methods, you need to install some additional packages:  {'hidef', 'torch', 'ASLPAw', 'pyclustering'}
Note: to be able to use all crisp methods, you need to install some additional packages:  {'infomap', 'leidenalg', 'scikit-network', 'wurlitzer'}
Sanity check failed, reindexing the hypergraphs ...
Sanity check failed, reindexing the hypergraphs ...
number of nodes in construct graph 547
number of nodes in construct graph 522
(0, 0), (1, 1), (2, 2), (4, 4), (5, 5), (6, 6), (9, 9), (12, 12), (22, 22), (48, 48), (71, 71), (87, 87), (98, 98), 
(0, 0), (0, 0), (0, 0), (0, 0), (6, 0), (16, 0), (16, 0), (32, 1), (41, 5), (83, 15), (113, 27), (155, 40), (182, 53), 

0it [00:00, ?it/s]
102it [00:00, 142987.64it/s]
INFO:root:test: 591 unique candidates out of 591 sampled candidates

0it [00:00, ?it/s]
593it [00:00, 240357.78it/s]
INFO:root:test max cliques 593, nested cliques 0
INFO:root:test real max cliques in search universe: 55
INFO:root:test real smaller cliques in search universe: 0 0
INFO:root:Our Performance: precision 0.0927, recall 0.5392, f1 0.1583 jaccard 0.0859
INFO:root:Baseline: Bayesian-MDL skipped (disabled for this runtime).
INFO:root:Baseline: Max Clique precision 0.0927, recall 0.5392, f1 0.1583, jaccard 0.0859 
INFO:root:Baseline: ECC precision 0.0958, recall 0.5392, f1 0.1627, jaccard 0.0886 
INFO:root:Baseline: Demon precision 0.1667, recall 0.8235, f1 0.2772, jaccard 0.1609 
INFO:root:Baseline: CFinder skipped (disabled for channel-SNR benchmark).
(0, 9) (0,) 0
