INFO:root:Create log file at log/enron/enron-1000-cou-1788781111.3379824.log
INFO:root:Command line executed: python main.py --dataset enron --beta 1000 --features count --channel awgn --snr_db 4
INFO:root:Full args parsed:
INFO:root:Namespace(dataset='enron', beta=1000, features='count', model='mlp', epochs=2000, lr=0.0001, setting='f', label_rate=0.1, ablation=0, seed=123, use_c=1, jobs=1, save_features=0, data_dir='./data/', log_dir='log', downsample=0, max_child_size=1, ext=0, channel='awgn', snr_db=4.0, channel_seed=123, max_background_pairs=10000)
INFO:root:Finish loading graphs.
INFO:root:Nodes train: 141, test: 142
INFO:root:Simplicies train: 756, test: 756
INFO:root:Channel awgn at 4.0 dB: test projection edges 1388 -> 2347
INFO:root:Start computing cliques
INFO:root:Couldn't find cache for max cliques train
INFO:root:Number of maximum cliques:319
INFO:root:Couldn't find cache for max cliques test
INFO:root:Number of maximum cliques:2914
INFO:root:test nodes 142 hyperedges 756 avg size 3.0066137566137567 std 1.9568651812499842 avg degree 16.007042253521128 max cliques 2914
INFO:root:Breakdown of test hyperedges (max+small) 11 + 745
INFO:root:Intersection 6 out of 571 2914
INFO:root:support cliques train:155 - test: 571
INFO:root:Optimizing clique sampler .. 
INFO:root:Found cache for rho.
INFO:root:[(2, 2), (16, 16), (3, 2), (15, 1), (15, 2), (4, 2), (4, 4), (13, 13), (10, 10), (3, 3), (5, 2), (12, 12), (11, 11), (8, 8)]
INFO:root:Optimize Clique Sampler: #hyperedges collected:243, recall: 0.32142857142857145, efficiency:0.243
INFO:root:Clique analysis done.
INFO:root:train: 679 unique candidates out of 1000 sampled candidates
Note: to be able to use all crisp methods, you need to install some additional packages:  {'infomap', 'wurlitzer', 'bayanpy', 'leidenalg', 'graph_tool'}
Note: to be able to use all crisp methods, you need to install some additional packages:  {'hidef', 'torch', 'pyclustering', 'ASLPAw'}
Note: to be able to use all crisp methods, you need to install some additional packages:  {'infomap', 'scikit-network', 'wurlitzer', 'leidenalg'}
Sanity check failed, reindexing the hypergraphs ...
Sanity check failed, reindexing the hypergraphs ...
number of nodes in construct graph 141
number of nodes in construct graph 142
(0, 0), (11, 11), (15, 13), (123, 63), (138, 68), (243, 97), (483, 158), (523, 166), (534, 168), (546, 170), (582, 176), (972, 239), (985, 241), (999, 243), 
(0, 0), (9, 1), (9, 1), (1284, 105), (1284, 105), (1284, 105), (4950, 276), (5561, 277), (5561, 277), (5604, 277), (6029, 285), (11829, 357), (11859, 357), (11860, 357), 

0it [00:00, ?it/s]
856it [00:00, 217899.15it/s]
INFO:root:test: 3351 unique candidates out of 11866 sampled candidates

0it [00:00, ?it/s]
5140it [00:00, 223457.40it/s]
INFO:root:test max cliques 2914, nested cliques 2226
INFO:root:test real max cliques in search universe: 11
INFO:root:test real smaller cliques in search universe: 347 347
INFO:root:Our Performance: precision 0.1243, recall 0.1190, f1 0.1216 jaccard 0.0647
INFO:root:Baseline: Bayesian-MDL skipped (disabled for this runtime).
INFO:root:Baseline: Max Clique precision 0.0038, recall 0.0146, f1 0.0060, jaccard 0.0030 
INFO:root:Baseline: ECC precision 0.0342, recall 0.0251, f1 0.0290, jaccard 0.0147 
INFO:root:Baseline: Demon precision 0.0062, recall 0.0013, f1 0.0022, jaccard 0.0011 
INFO:root:Baseline: CFinder (k=3) precision 0.0000, recall 0.0000, f1 0.0000, jaccard 0.0000 
(537, 9) (537,) 208
