INFO:root:Create log file at log/foursquare/foursquare-20000-cou-1788813435.9331365.log
INFO:root:Command line executed: python main.py --dataset foursquare --beta 20000 --features count --channel awgn --snr_db 16
INFO:root:Full args parsed:
INFO:root:Namespace(dataset='foursquare', beta=20000, features='count', model='mlp', epochs=2000, lr=0.0001, setting='f', label_rate=0.1, ablation=0, seed=123, use_c=1, jobs=1, save_features=0, data_dir='./data/', log_dir='log', downsample=0, max_child_size=1, ext=0, channel='awgn', snr_db=16.0, channel_seed=123, max_background_pairs=10000)
INFO:root:Finish loading graphs.
INFO:root:Nodes train: 2356, test: 2334
INFO:root:Simplicies train: 1026, test: 1019
INFO:root:Channel awgn at 16.0 dB: test projection edges 38292 -> 38263
INFO:root:Start computing cliques
INFO:root:Couldn't find cache for max cliques train
INFO:root:Number of maximum cliques:9267
INFO:root:Couldn't find cache for max cliques test
INFO:root:Number of maximum cliques:8184
INFO:root:test nodes 2334 hyperedges 1019 avg size 6.426889106967615 std 6.4961151853204555 avg degree 2.8059125964010283 max cliques 8184
INFO:root:Breakdown of test hyperedges (max+small) 768 + 251
INFO:root:Intersection 759 out of 967 8184
INFO:root:support cliques train:930 - test: 967
INFO:root:Optimizing clique sampler .. 
INFO:root:Found cache for rho.
INFO:root:[(52, 52), (44, 44), (39, 39), (37, 37), (36, 36), (35, 35), (32, 32), (31, 31), (30, 30), (27, 27), (26, 26), (25, 25), (24, 24), (23, 23), (22, 22), (21, 21), (20, 20), (19, 19), (18, 18), (17, 17), (2, 2), (1, 1), (14, 14), (16, 16), (15, 15), (13, 13), (11, 11), (12, 12), (10, 10), (9, 9), (35, 1), (8, 8), (52, 1), (31, 1), (7, 7), (23, 1), (39, 1), (27, 1), (3, 3), (2, 1), (20, 1), (6, 6), (21, 1), (5, 5), (22, 1), (24, 1), (30, 1), (4, 4), (36, 1), (44, 1), (14, 1), (25, 1), (32, 1), (11, 1), (3, 2), (16, 1), (17, 1), (12, 1), (15, 1), (10, 1), (13, 1), (35, 2), (9, 1)]
INFO:root:Optimize Clique Sampler: #hyperedges collected:967, recall: 0.942495126705653, efficiency:0.04835
INFO:root:Clique analysis done.
INFO:root:train: 15502 unique candidates out of 19994 sampled candidates
Note: to be able to use all crisp methods, you need to install some additional packages:  {'infomap', 'wurlitzer', 'leidenalg', 'graph_tool', 'bayanpy'}
Note: to be able to use all crisp methods, you need to install some additional packages:  {'ASLPAw', 'hidef', 'torch', 'pyclustering'}
Note: to be able to use all crisp methods, you need to install some additional packages:  {'wurlitzer', 'infomap', 'leidenalg', 'scikit-network'}
Sanity check failed, reindexing the hypergraphs ...
Sanity check failed, reindexing the hypergraphs ...
number of nodes in construct graph 2356
number of nodes in construct graph 2334
(0, 0), (1, 1), (2, 2), (3, 3), (4, 4), (5, 5), (6, 6), (8, 8), (9, 9), (10, 10), (11, 11), (13, 13), (17, 17), (22, 22), (27, 27), (34, 34), (41, 41), (51, 51), (59, 59), (65, 65), (72, 72), (146, 146), (165, 165), (194, 191), (213, 208), (227, 219), (248, 235), (303, 273), (344, 301), (425, 332), (586, 377), (621, 383), (939, 432), (991, 439), (1022, 443), (1764, 505), (1879, 514), (1918, 517), (1945, 519), (3331, 611), (3479, 620), (3679, 631), (5001, 699), (5148, 706), (7355, 795), (7509, 801), (7629, 805), (7659, 806), (10365, 889), (10401, 890), (10445, 891), (10851, 900), (10951, 902), (11015, 903), (11620, 910), (15778, 952), (16082, 955), (16201, 956), (16693, 959), (16903, 960), (17713, 963), (17986, 964), (18581, 965), 
(0, 0), (0, 0), (0, 0), (0, 0), (1, 1), (1, 1), (1, 1), (1, 1), (5, 1), (11, 3), (13, 3), (15, 5), (21, 9), (26, 12), (27, 13), (30, 16), (37, 23), (50, 32), (65, 41), (78, 50), (88, 60), (173, 137), (194, 158), (216, 169), (231, 180), (254, 193), (275, 210), (327, 236), (350, 247), (427, 285), (521, 324), (521, 324), (712, 361), (712, 361), (836, 363), (1248, 405), (1271, 407), (1271, 407), (1325, 410), (2508, 532), (2678, 544), (2938, 565), (4141, 643), (4288, 650), (6470, 722), (6536, 726), (6656, 732), (6836, 735), (9315, 825), (9315, 825), (9315, 825), (9623, 835), (9773, 839), (9773, 839), (10345, 849), (13894, 874), (14134, 879), (14304, 881), (14580, 885), (14925, 891), (15695, 900), (15968, 902), (15968, 902), 

0it [00:00, ?it/s]
15502it [00:00, 178669.84it/s]
INFO:root:test: 13200 unique candidates out of 16796 sampled candidates

0it [00:00, ?it/s]
13213it [00:00, 174255.47it/s]
INFO:root:test max cliques 8184, nested cliques 5029
INFO:root:test real max cliques in search universe: 768
INFO:root:test real smaller cliques in search universe: 141 141
INFO:root:Our Performance: precision 0.8665, recall 0.7262, f1 0.7902 jaccard 0.6531
INFO:root:Baseline: Bayesian-MDL skipped (disabled for this runtime).
INFO:root:Baseline: Max Clique precision 0.0938, recall 0.7537, f1 0.1669, jaccard 0.0910 
INFO:root:Baseline: ECC precision 0.8587, recall 0.7870, f1 0.8213, jaccard 0.6968 
INFO:root:Baseline: Demon precision 0.2654, recall 0.2875, f1 0.2760, jaccard 0.1601 
INFO:root:Baseline: CFinder (k=2) precision 0.8000, recall 0.0039, f1 0.0078, jaccard 0.0039 
(6235, 9) (6235,) 147
