INFO:root:Create log file at log/foursquare/foursquare-20000-cou-1788846571.0470634.log
INFO:root:Command line executed: python main.py --dataset foursquare --beta 20000 --features count --channel awgn --snr_db 2
INFO:root:Full args parsed:
INFO:root:Namespace(dataset='foursquare', beta=20000, features='count', model='mlp', epochs=2000, lr=0.0001, setting='f', label_rate=0.1, ablation=0, seed=123, use_c=1, jobs=1, save_features=0, data_dir='./data/', log_dir='log', downsample=0, max_child_size=1, ext=0, channel='awgn', snr_db=2.0, channel_seed=123, max_background_pairs=10000)
INFO:root:Finish loading graphs.
INFO:root:Nodes train: 2356, test: 2334
INFO:root:Simplicies train: 1026, test: 1019
INFO:root:Channel awgn at 2.0 dB: test projection edges 38292 -> 33652
INFO:root:Start computing cliques
INFO:root:Couldn't find cache for max cliques train
INFO:root:Number of maximum cliques:9267
INFO:root:Couldn't find cache for max cliques test
INFO:root:Number of maximum cliques:3950208
INFO:root:test nodes 2334 hyperedges 1019 avg size 6.426889106967615 std 6.4961151853204555 avg degree 2.8059125964010283 max cliques 3950208
INFO:root:Breakdown of test hyperedges (max+small) 181 + 838
INFO:root:Intersection 178 out of 5529 3950208
INFO:root:support cliques train:930 - test: 5529
INFO:root:Optimizing clique sampler .. 
INFO:root:Found cache for rho.
INFO:root:[(52, 52), (44, 44), (39, 39), (37, 37), (36, 36), (35, 35), (32, 32), (31, 31), (30, 30), (27, 27), (26, 26), (25, 25), (24, 24), (23, 23), (22, 22), (21, 21), (20, 20), (19, 19), (18, 18), (17, 17), (2, 2), (1, 1), (14, 14), (16, 16), (15, 15), (13, 13), (11, 11), (12, 12), (10, 10), (9, 9), (35, 1), (8, 8), (52, 1), (31, 1), (7, 7), (23, 1), (39, 1), (27, 1), (3, 3), (2, 1), (20, 1), (6, 6), (21, 1), (5, 5), (22, 1), (24, 1), (30, 1), (4, 4), (36, 1), (44, 1), (14, 1), (25, 1), (32, 1), (11, 1), (3, 2), (16, 1), (17, 1), (12, 1), (15, 1), (10, 1), (13, 1), (35, 2), (9, 1)]
INFO:root:Optimize Clique Sampler: #hyperedges collected:967, recall: 0.942495126705653, efficiency:0.04835
INFO:root:Clique analysis done.
INFO:root:train: 15502 unique candidates out of 19994 sampled candidates
Note: to be able to use all crisp methods, you need to install some additional packages:  {'bayanpy', 'leidenalg', 'wurlitzer', 'infomap', 'graph_tool'}
Note: to be able to use all crisp methods, you need to install some additional packages:  {'hidef', 'ASLPAw', 'pyclustering', 'torch'}
Note: to be able to use all crisp methods, you need to install some additional packages:  {'wurlitzer', 'scikit-network', 'leidenalg', 'infomap'}
Sanity check failed, reindexing the hypergraphs ...
Sanity check failed, reindexing the hypergraphs ...
number of nodes in construct graph 2356
number of nodes in construct graph 2334
(0, 0), (1, 1), (2, 2), (3, 3), (4, 4), (5, 5), (6, 6), (8, 8), (9, 9), (10, 10), (11, 11), (13, 13), (17, 17), (22, 22), (27, 27), (34, 34), (41, 41), (51, 51), (59, 59), (65, 65), (72, 72), (146, 146), (165, 165), (194, 191), (213, 208), (227, 219), (248, 235), (303, 273), (344, 301), (425, 332), (586, 377), (621, 383), (939, 432), (991, 439), (1022, 443), (1764, 505), (1879, 514), (1918, 517), (1945, 519), (3331, 611), (3479, 620), (3679, 631), (5001, 699), (5148, 706), (7355, 795), (7509, 801), (7629, 805), (7659, 806), (10365, 889), (10401, 890), (10445, 891), (10851, 900), (10951, 902), (11015, 903), (11620, 910), (15778, 952), (16082, 955), (16201, 956), (16693, 959), (16903, 960), (17713, 963), (17986, 964), (18581, 965), 
(0, 0), (0, 0), (0, 0), (0, 0), (0, 0), (0, 0), (0, 0), (0, 0), (0, 0), (0, 0), (0, 0), (0, 0), (0, 0), (0, 0), (0, 0), (0, 0), (25, 0), (1283, 0), (18004, 0), (101876, 0), (383810, 0), (385245, 63), (385252, 68), (1408740, 68), (2082256, 68), (3139646, 68), (3705530, 68), (3741203, 68), (3919274, 68), (3929592, 68), (3935422, 68), (3935422, 68), (3939021, 68), (3939021, 68), (3939021, 68), (3941164, 68), (3941164, 68), (3941164, 68), (3941164, 68), (3943390, 141), (3946260, 261), (3971420, 265), (3972993, 270), (3973518, 270), (3975702, 276), (3975702, 276), (3975702, 276), (3975702, 276), (3978763, 305), (3978763, 305), (3978763, 305), (18307595, 307), (18307595, 307), (18307595, 307), (18699998, 319), (18706676, 343), (29482932, 343), (34275810, 343), (36412662, 343), (52273512, 343), (52376692, 348), (59733184, 348), (59733184, 348), 

0it [00:00, ?it/s]
15502it [00:00, 192215.89it/s]
INFO:root:test: 3957811 unique candidates out of 59784565 sampled candidates

0it [00:00, ?it/s]
5258it [00:00, 52566.77it/s]
10624it [00:00, 53208.09it/s]
15995it [00:00, 53430.88it/s]
21412it [00:00, 53719.78it/s]
26840it [00:00, 53918.23it/s]
32302it [00:00, 54153.22it/s]
37763it [00:00, 54298.15it/s]
43240it [00:00, 54444.39it/s]
48730it [00:00, 54584.18it/s]
54195it [00:01, 54602.90it/s]
59679it [00:01, 54672.84it/s]
65147it [00:01, 54452.27it/s]
70593it [00:01, 54357.35it/s]
76070it [00:01, 54480.42it/s]
81519it [00:01, 54450.68it/s]
86984it [00:01, 54509.87it/s]
92436it [00:01, 54408.03it/s]
97933it [00:01, 54573.98it/s]
103417it [00:01, 54649.93it/s]
108901it [00:02, 54703.66it/s]
114379it [00:02, 54723.87it/s]
119896it [00:02, 54855.96it/s]
125421it [00:02, 54970.86it/s]
130919it [00:02, 54945.68it/s]
136501it [00:02, 55205.89it/s]
142076it [00:02, 55366.35it/s]
147613it [00:02, 55317.82it/s]
153160it [00:02, 55361.35it/s]
158721it [00:02, 55432.91it/s]
164265it [00:03, 55307.02it/s]
169822it [00:03, 55383.40it/s]
175378it [00:03, 55435.14it/s]
180922it [00:03, 55250.90it/s]
186503it [00:03, 55415.25it/s]
192078it [00:03, 55514.72it/s]
197656it [00:03, 55591.62it/s]
203216it [00:03, 55059.23it/s]
208795it [00:03, 55272.86it/s]
214361it [00:03, 55385.52it/s]
219955it [00:04, 55547.81it/s]
225517it [00:04, 55567.44it/s]
231075it [00:04, 55316.39it/s]
236660it [00:04, 55473.51it/s]
242277it [00:04, 55679.46it/s]
247912it [00:04, 55877.79it/s]
253516it [00:04, 55923.19it/s]
259147it [00:04, 56036.15it/s]
264776it [00:04, 56111.65it/s]
270408it [00:04, 56171.12it/s]
276026it [00:05, 56169.10it/s]
281643it [00:05, 56046.57it/s]
287248it [00:05, 55937.90it/s]
292846it [00:05, 55948.04it/s]
298472it [00:05, 56039.51it/s]
304077it [00:05, 56009.62it/s]
309696it [00:05, 56060.75it/s]
315306it [00:05, 56070.05it/s]
320932it [00:05, 56123.80it/s]
326545it [00:05, 55695.28it/s]
332116it [00:06, 55633.97it/s]
337701it [00:06, 55696.62it/s]
343287it [00:06, 55742.54it/s]
348876it [00:06, 55784.66it/s]
354455it [00:06, 55780.74it/s]
360034it [00:06, 54957.15it/s]
365588it [00:06, 55126.42it/s]
371103it [00:06, 54549.01it/s]
376665it [00:06, 54865.28it/s]
382280it [00:06, 55246.28it/s]
387856it [00:07, 55397.37it/s]
393428it [00:07, 55490.10it/s]
399012it [00:07, 55592.57it/s]
404624it [00:07, 55748.82it/s]
410250it [00:07, 55898.67it/s]
415841it [00:07, 54935.01it/s]
421470it [00:07, 55333.94it/s]
427091it [00:07, 55592.67it/s]
432700it [00:07, 55739.42it/s]
438288it [00:07, 55780.98it/s]
443890it [00:08, 55849.88it/s]
449493it [00:08, 55903.29it/s]
455085it [00:08, 55897.90it/s]
460697it [00:08, 55961.66it/s]
466294it [00:08, 55305.82it/s]
471913it [00:08, 55564.91it/s]
477482it [00:08, 55598.90it/s]
483050it [00:08, 55620.20it/s]
488662it [00:08, 55769.17it/s]
494240it [00:08, 55315.99it/s]
499841it [00:09, 55519.73it/s]
505443it [00:09, 55666.16it/s]
511039it [00:09, 55752.38it/s]
516617it [00:09, 55759.51it/s]
522194it [00:09, 54339.70it/s]
527766it [00:09, 54743.83it/s]
533382it [00:09, 55159.27it/s]
538970it [00:09, 55370.13it/s]
544584it [00:09, 55597.96it/s]
550195it [00:09, 55747.60it/s]
555800it [00:10, 55837.24it/s]
561386it [00:10, 55794.22it/s]
566967it [00:10, 55763.26it/s]
572558it [00:10, 55806.53it/s]
578166it [00:10, 55886.59it/s]
583770it [00:10, 55930.39it/s]
589364it [00:10, 54520.43it/s]
594907it [00:10, 54786.77it/s]
600550it [00:10, 55271.67it/s]
606188it [00:10, 55600.49it/s]
611756it [00:11, 55621.83it/s]
617371it [00:11, 55776.76it/s]
622985it [00:11, 55883.37it/s]
628602it [00:11, 55966.82it/s]
634200it [00:11, 54966.96it/s]
639750it [00:11, 55123.17it/s]
645292it [00:11, 55208.99it/s]
650816it [00:11, 55186.80it/s]
656366it [00:11, 55279.43it/s]
661896it [00:11, 51330.70it/s]
667493it [00:12, 52645.31it/s]
673082it [00:12, 53580.88it/s]
678666it [00:12, 54239.35it/s]
684224it [00:12, 54633.18it/s]
689729it [00:12, 54753.08it/s]
695257it [00:12, 54906.29it/s]
700758it [00:12, 54813.60it/s]
706372it [00:12, 55207.98it/s]
711965it [00:12, 55421.20it/s]
717609it [00:12, 55723.63it/s]
723254it [00:13, 55938.04it/s]
728865it [00:13, 55986.44it/s]
734474it [00:13, 56016.69it/s]
740093it [00:13, 56066.81it/s]
745701it [00:13, 54805.00it/s]
751314it [00:13, 55192.57it/s]
756924it [00:13, 55460.46it/s]
762545it [00:13, 55683.08it/s]
768205it [00:13, 55955.25it/s]
773803it [00:14, 55104.15it/s]
779336it [00:14, 55169.09it/s]
784861it [00:14, 55192.13it/s]
790383it [00:14, 55087.70it/s]
795894it [00:14, 54985.54it/s]
801435it [00:14, 55109.78it/s]
806947it [00:14, 55084.95it/s]
812479it [00:14, 55154.63it/s]
818009it [00:14, 55196.90it/s]
823560it [00:14, 55288.37it/s]
829090it [00:15, 55196.99it/s]
834610it [00:15, 54374.27it/s]
840098it [00:15, 54521.55it/s]
845553it [00:15, 54518.35it/s]
851007it [00:15, 54482.87it/s]
856482it [00:15, 54560.55it/s]
861939it [00:15, 54540.53it/s]
867422it [00:15, 54625.01it/s]
872895it [00:15, 54653.15it/s]
878431it [00:15, 54863.87it/s]
883918it [00:16, 54863.57it/s]
889425it [00:16, 54922.29it/s]
894945it [00:16, 55002.47it/s]
900483it [00:16, 55112.19it/s]
906036it [00:16, 55234.51it/s]
911560it [00:16, 54740.77it/s]
917105it [00:16, 54950.19it/s]
922661it [00:16, 55131.56it/s]
928238it [00:16, 55320.17it/s]
933824it [00:16, 55480.18it/s]
939373it [00:17, 53944.35it/s]
944989it [00:17, 54593.39it/s]
950549it [00:17, 54888.47it/s]
956098it [00:17, 55066.54it/s]
961685it [00:17, 55303.45it/s]
967249it [00:17, 55403.21it/s]
972843it [00:17, 55562.38it/s]
978436it [00:17, 55671.45it/s]
984005it [00:17, 55637.18it/s]
989570it [00:17, 55626.42it/s]
995153it [00:18, 55686.63it/s]
1000723it [00:18, 55684.28it/s]
1006346it [00:18, 55846.85it/s]
1011960it [00:18, 55932.08it/s]
1017554it [00:18, 55919.32it/s]
1023147it [00:18, 55771.47it/s]
1028744it [00:18, 55829.28it/s]
1034335it [00:18, 55851.00it/s]
1039921it [00:18, 55845.05it/s]
1045506it [00:18, 52954.32it/s]
1051110it [00:19, 53844.04it/s]
1056520it [00:19, 53293.44it/s]
1062130it [00:19, 54111.33it/s]
1067738it [00:19, 54687.09it/s]
1073356it [00:19, 55127.13it/s]
1078972it [00:19, 55431.69it/s]
1084619it [00:19, 55740.70it/s]
1090262it [00:19, 55944.27it/s]
1095913it [00:19, 56111.05it/s]
1101564it [00:19, 56229.22it/s]
1107218it [00:20, 56321.15it/s]
1112865it [00:20, 56362.31it/s]
1118510it [00:20, 56388.04it/s]
1124169it [00:20, 56446.23it/s]
1129841it [00:20, 56527.21it/s]
1135498it [00:20, 56537.83it/s]
1141152it [00:20, 56525.57it/s]
1146807it [00:20, 56532.14it/s]
1152461it [00:20, 56532.98it/s]
1158115it [00:20, 56480.25it/s]
1163764it [00:21, 56441.80it/s]
1169409it [00:21, 56393.59it/s]
1175049it [00:21, 56262.43it/s]
1180694it [00:21, 56317.28it/s]
1186367it [00:21, 56437.70it/s]
1192011it [00:21, 55083.02it/s]
1197643it [00:21, 55444.62it/s]
1203287it [00:21, 55738.70it/s]
1208953it [00:21, 56009.72it/s]
1214558it [00:21, 55749.79it/s]
1220221it [00:22, 56009.47it/s]
1225868it [00:22, 56144.09it/s]
1231517it [00:22, 56245.51it/s]
1237154it [00:22, 56281.69it/s]
1242823it [00:22, 56400.86it/s]
1248464it [00:22, 56355.51it/s]
1254122it [00:22, 56421.44it/s]
1259765it [00:22, 56332.18it/s]
1265399it [00:22, 56223.16it/s]
1271034it [00:22, 56260.32it/s]
1276661it [00:23, 56222.13it/s]
1282284it [00:23, 56204.76it/s]
1287905it [00:23, 56065.73it/s]
1293512it [00:23, 56002.12it/s]
1299113it [00:23, 55949.34it/s]
1304708it [00:23, 55889.11it/s]
1310338it [00:23, 56009.28it/s]
1315986it [00:23, 56148.80it/s]
1321641it [00:23, 56265.88it/s]
1327291it [00:23, 56332.97it/s]
1332925it [00:24, 56283.92it/s]
1338554it [00:24, 53144.38it/s]
1344155it [00:24, 53966.00it/s]
1349581it [00:24, 53251.80it/s]
1355164it [00:24, 53999.71it/s]
1360748it [00:24, 54537.93it/s]
1366334it [00:24, 54926.15it/s]
1371939it [00:24, 55256.53it/s]
1377565it [00:24, 55552.50it/s]
1383155it [00:24, 55653.08it/s]
1388755it [00:25, 55753.91it/s]
1394369it [00:25, 55867.85it/s]
1400018it [00:25, 56052.75it/s]
1405679it [00:25, 56217.03it/s]
1411312it [00:25, 56248.61it/s]
1416938it [00:25, 56169.18it/s]
1422603it [00:25, 56310.36it/s]
1428256it [00:25, 56375.07it/s]
1433915it [00:25, 56436.57it/s]
1439559it [00:25, 56210.59it/s]
1445181it [00:26, 56099.91it/s]
1450792it [00:26, 56004.64it/s]
1456393it [00:26, 55952.04it/s]
1462035it [00:26, 56088.62it/s]
1467669it [00:26, 56161.74it/s]
1473324it [00:26, 56277.20it/s]
1478966it [00:26, 56318.03it/s]
1484624it [00:26, 56395.76it/s]
1490317it [00:26, 56553.69it/s]
1495973it [00:26, 56081.60it/s]
1501644it [00:27, 56266.41it/s]
1507272it [00:27, 53855.11it/s]
1512929it [00:27, 54639.21it/s]
1518562it [00:27, 55130.86it/s]
1524200it [00:27, 55496.73it/s]
1529855it [00:27, 55806.98it/s]
1535496it [00:27, 55983.70it/s]
1541130it [00:27, 56088.10it/s]
1546783it [00:27, 56218.45it/s]
1552454it [00:28, 56364.22it/s]
1558111it [00:28, 56423.91it/s]
1563791it [00:28, 56534.61it/s]
1569446it [00:28, 56489.75it/s]
1575109it [00:28, 56529.65it/s]
1580787it [00:28, 56603.40it/s]
1586454it [00:28, 56621.20it/s]
1592117it [00:28, 56613.82it/s]
1597779it [00:28, 56388.93it/s]
1603419it [00:28, 56271.93it/s]
1609047it [00:29, 56199.47it/s]
1614668it [00:29, 56177.41it/s]
1620290it [00:29, 56187.68it/s]
1625912it [00:29, 56196.61it/s]
1631532it [00:29, 56178.02it/s]
1637150it [00:29, 55080.84it/s]
1642749it [00:29, 55347.28it/s]
1648378it [00:29, 55625.31it/s]
1653994it [00:29, 55782.35it/s]
1659654it [00:29, 56024.53it/s]
1665287it [00:30, 56112.90it/s]
1670931it [00:30, 56210.19it/s]
1676554it [00:30, 56214.01it/s]
1682176it [00:30, 56133.18it/s]
1687790it [00:30, 56077.71it/s]
1693399it [00:30, 54740.48it/s]
1699027it [00:30, 55191.77it/s]
1704643it [00:30, 55477.84it/s]
1710265it [00:30, 55696.20it/s]
1715882it [00:30, 55836.13it/s]
1721515it [00:31, 55982.69it/s]
1727150it [00:31, 56089.11it/s]
1732797it [00:31, 56201.21it/s]
1738440it [00:31, 56268.10it/s]
1744106it [00:31, 56383.34it/s]
1749776it [00:31, 56477.71it/s]
1755434it [00:31, 56507.71it/s]
1761115it [00:31, 56597.48it/s]
1766775it [00:31, 56556.56it/s]
1772442it [00:31, 56589.65it/s]
1778102it [00:32, 55810.81it/s]
1783741it [00:32, 55979.34it/s]
1789385it [00:32, 56113.94it/s]
1795006it [00:32, 56141.27it/s]
1800651it [00:32, 56230.61it/s]
1806275it [00:32, 56127.12it/s]
1811889it [00:32, 55967.89it/s]
1817487it [00:32, 55895.24it/s]
1823077it [00:32, 55813.57it/s]
1828660it [00:32, 55817.54it/s]
1834242it [00:33, 55810.45it/s]
1839824it [00:33, 55727.64it/s]
1845456it [00:33, 55904.01it/s]
1851075it [00:33, 55986.36it/s]
1856674it [00:33, 55972.55it/s]
1862277it [00:33, 55987.98it/s]
1867916it [00:33, 56107.31it/s]
1873543it [00:33, 56152.45it/s]
1879195it [00:33, 56259.67it/s]
1884832it [00:33, 56291.32it/s]
1890474it [00:34, 56328.40it/s]
1896107it [00:34, 56302.81it/s]
1901738it [00:34, 56301.40it/s]
1907369it [00:34, 52778.49it/s]
1912977it [00:34, 53722.99it/s]
1918386it [00:34, 53558.13it/s]
1924000it [00:34, 54309.78it/s]
1929632it [00:34, 54899.96it/s]
1935257it [00:34, 55298.99it/s]
1940906it [00:34, 55652.06it/s]
1946553it [00:35, 55892.98it/s]
1952197it [00:35, 56054.21it/s]
1957848it [00:35, 56188.76it/s]
1963490it [00:35, 56255.90it/s]
1969126it [00:35, 56285.57it/s]
1974756it [00:35, 56277.85it/s]
1980385it [00:35, 56198.98it/s]
1986006it [00:35, 56146.09it/s]
1991622it [00:35, 56095.65it/s]
1997244it [00:35, 56131.25it/s]
2002860it [00:36, 56138.52it/s]
2008475it [00:36, 56081.99it/s]
2014113it [00:36, 56170.91it/s]
2019731it [00:36, 56168.80it/s]
2025377it [00:36, 56253.77it/s]
2031016it [00:36, 56293.07it/s]
2036646it [00:36, 56241.00it/s]
2042271it [00:36, 56193.92it/s]
2047891it [00:36, 56169.48it/s]
2053508it [00:36, 56123.22it/s]
2059123it [00:37, 56129.98it/s]
2064737it [00:37, 54321.44it/s]
2070182it [00:37, 54031.03it/s]
2075594it [00:37, 53930.30it/s]
2080993it [00:37, 53836.53it/s]
2086381it [00:37, 53764.24it/s]
2091782it [00:37, 53836.51it/s]
2097172it [00:37, 53854.29it/s]
2102559it [00:37, 53737.38it/s]
2107934it [00:37, 53635.48it/s]
2113299it [00:38, 53615.06it/s]
2118661it [00:38, 53615.83it/s]
2124023it [00:38, 53557.99it/s]
2129422it [00:38, 53684.77it/s]
2134842it [00:38, 53838.38it/s]
2140277it [00:38, 53991.17it/s]
2145677it [00:38, 50968.90it/s]
2151115it [00:38, 51949.10it/s]
2156553it [00:38, 52654.97it/s]
2162023it [00:38, 53255.54it/s]
2167483it [00:39, 53651.49it/s]
2172941it [00:39, 53924.46it/s]
2178452it [00:39, 54275.68it/s]
2183974it [00:39, 54555.86it/s]
2189495it [00:39, 54749.24it/s]
2195027it [00:39, 54919.31it/s]
2200560it [00:39, 55040.15it/s]
2206082it [00:39, 55092.52it/s]
2211593it [00:39, 53157.34it/s]
2216925it [00:40, 53185.04it/s]
2222275it [00:40, 53277.33it/s]
2227644it [00:40, 53396.50it/s]
2233026it [00:40, 53519.68it/s]
2238415it [00:40, 53628.32it/s]
2243810it [00:40, 53722.07it/s]
2249224it [00:40, 53845.22it/s]
2254611it [00:40, 53811.30it/s]
2260020it [00:40, 53893.09it/s]
2265427it [00:40, 53944.64it/s]
2270822it [00:41, 53921.87it/s]
2276246it [00:41, 54015.49it/s]
2281648it [00:41, 53903.63it/s]
2287039it [00:41, 53896.55it/s]
2292443it [00:41, 53938.84it/s]
2297853it [00:41, 53983.37it/s]
2303252it [00:41, 53964.20it/s]
2308670it [00:41, 54027.94it/s]
2314087it [00:41, 54069.66it/s]
2319539it [00:41, 54201.69it/s]
2324982it [00:42, 54266.73it/s]
2330454it [00:42, 54399.88it/s]
2335917it [00:42, 54468.02it/s]
2341380it [00:42, 54515.30it/s]
2346835it [00:42, 54524.75it/s]
2352337it [00:42, 54671.76it/s]
2357805it [00:42, 53842.03it/s]
2363242it [00:42, 53997.55it/s]
2368660it [00:42, 54051.38it/s]
2374099it [00:42, 54151.21it/s]
2379574it [00:43, 54327.79it/s]
2385067it [00:43, 54505.54it/s]
2390524it [00:43, 54522.64it/s]
2395977it [00:43, 54497.53it/s]
2401429it [00:43, 54502.96it/s]
2406903it [00:43, 54570.47it/s]
2412361it [00:43, 49722.34it/s]
2417768it [00:43, 50940.92it/s]
2423193it [00:43, 51884.72it/s]
2428600it [00:43, 52517.40it/s]
2434005it [00:44, 52963.75it/s]
2439445it [00:44, 53385.08it/s]
2444855it [00:44, 53595.62it/s]
2450267it [00:44, 53749.62it/s]
2455670it [00:44, 53832.58it/s]
2461102it [00:44, 53977.46it/s]
2466543it [00:44, 54103.67it/s]
2472012it [00:44, 54278.69it/s]
2477489it [00:44, 54423.05it/s]
2482994it [00:44, 54610.02it/s]
2488457it [00:45, 54606.58it/s]
2493958it [00:45, 54724.38it/s]
2499432it [00:45, 54697.13it/s]
2504903it [00:45, 54683.30it/s]
2510384it [00:45, 54718.36it/s]
2515904it [00:45, 54862.00it/s]
2521408it [00:45, 54912.57it/s]
2526900it [00:45, 54903.78it/s]
2532391it [00:45, 54783.06it/s]
2537870it [00:45, 54746.85it/s]
2543345it [00:46, 54729.91it/s]
2548819it [00:46, 54654.29it/s]
2554295it [00:46, 54684.24it/s]
2559764it [00:46, 54655.45it/s]
2565230it [00:46, 54603.60it/s]
2570712it [00:46, 54667.14it/s]
2576216it [00:46, 54776.61it/s]
2581694it [00:46, 54751.82it/s]
2587170it [00:46, 54706.32it/s]
2592670it [00:46, 54790.96it/s]
2598165it [00:47, 54836.06it/s]
2603675it [00:47, 54913.20it/s]
2609167it [00:47, 54899.01it/s]
2614672it [00:47, 54942.57it/s]
2620167it [00:47, 54860.36it/s]
2625654it [00:47, 54847.36it/s]
2631169it [00:47, 54935.71it/s]
2636699it [00:47, 55043.11it/s]
2642291it [00:47, 55304.17it/s]
2647877it [00:47, 55469.55it/s]
2653470it [00:48, 55604.48it/s]
2659046it [00:48, 55647.48it/s]
2664611it [00:48, 55621.84it/s]
2670174it [00:48, 55477.75it/s]
2675722it [00:48, 55354.43it/s]
2681258it [00:48, 55288.31it/s]
2686787it [00:48, 55148.04it/s]
2692302it [00:48, 55045.03it/s]
2697807it [00:48, 54975.33it/s]
2703324it [00:48, 55032.94it/s]
2708845it [00:49, 55085.07it/s]
2714354it [00:49, 51203.30it/s]
2719891it [00:49, 52386.03it/s]
2725425it [00:49, 53238.70it/s]
2730784it [00:49, 53168.90it/s]
2736285it [00:49, 53709.34it/s]
2741802it [00:49, 54138.17it/s]
2747319it [00:49, 54442.33it/s]
2752835it [00:49, 54653.60it/s]
2758346it [00:49, 54786.92it/s]
2763917it [00:50, 55061.09it/s]
2769463it [00:50, 55179.10it/s]
2774998it [00:50, 55229.50it/s]
2780548it [00:50, 55309.97it/s]
2786081it [00:50, 55280.04it/s]
2791625it [00:50, 55327.52it/s]
2797218it [00:50, 55505.84it/s]
2802812it [00:50, 55632.17it/s]
2808376it [00:50, 55535.67it/s]
2813930it [00:50, 55506.26it/s]
2819481it [00:51, 55437.12it/s]
2825033it [00:51, 55459.38it/s]
2830580it [00:51, 55404.13it/s]
2836132it [00:51, 55435.68it/s]
2841684it [00:51, 55458.42it/s]
2847230it [00:51, 55448.93it/s]
2852776it [00:51, 55448.66it/s]
2858321it [00:51, 55015.37it/s]
2863879it [00:51, 55182.60it/s]
2869419it [00:51, 55243.87it/s]
2874978it [00:52, 55345.05it/s]
2880541it [00:52, 55428.67it/s]
2886108it [00:52, 55499.51it/s]
2891659it [00:52, 55424.26it/s]
2897202it [00:52, 55315.45it/s]
2902734it [00:52, 55238.68it/s]
2908258it [00:52, 55125.07it/s]
2913771it [00:52, 55058.82it/s]
2919277it [00:52, 55017.42it/s]
2924779it [00:52, 54933.96it/s]
2930273it [00:53, 54898.71it/s]
2935763it [00:53, 54855.60it/s]
2941288it [00:53, 54972.40it/s]
2946834it [00:53, 55117.27it/s]
2952346it [00:53, 55069.40it/s]
2957853it [00:53, 55064.44it/s]
2963367it [00:53, 55084.54it/s]
2968900it [00:53, 55155.97it/s]
2974452it [00:53, 55261.61it/s]
2979990it [00:53, 55295.00it/s]
2985520it [00:54, 54229.59it/s]
2991101it [00:54, 54695.51it/s]
2996666it [00:54, 54978.23it/s]
3002178it [00:54, 55017.40it/s]
3007709it [00:54, 55102.18it/s]
3013221it [00:54, 55104.85it/s]
3018733it [00:54, 55084.99it/s]
3024243it [00:54, 55082.27it/s]
3029757it [00:54, 55097.49it/s]
3035283it [00:55, 55144.67it/s]
3040800it [00:55, 55149.68it/s]
3046326it [00:55, 55180.13it/s]
3051845it [00:55, 41688.52it/s]
3057365it [00:55, 44990.23it/s]
3062890it [00:55, 47644.57it/s]
3068414it [00:55, 49693.41it/s]
3073966it [00:55, 51312.49it/s]
3079515it [00:55, 52499.37it/s]
3085061it [00:56, 53353.69it/s]
3090593it [00:56, 53925.29it/s]
3096121it [00:56, 54323.50it/s]
3101651it [00:56, 54612.12it/s]
3107195it [00:56, 54857.65it/s]
3112707it [00:56, 54036.27it/s]
3118239it [00:56, 54411.99it/s]
3123815it [00:56, 54810.41it/s]
3129368it [00:56, 55023.30it/s]
3134937it [00:56, 55220.87it/s]
3140494it [00:57, 55321.27it/s]
3146031it [00:57, 55305.37it/s]
3151581it [00:57, 55362.37it/s]
3157126it [00:57, 55386.34it/s]
3162667it [00:57, 55265.60it/s]
3168195it [00:57, 55251.79it/s]
3173721it [00:57, 55227.02it/s]
3179266it [00:57, 55292.55it/s]
3184796it [00:57, 55219.14it/s]
3190319it [00:57, 55139.58it/s]
3195834it [00:58, 55139.92it/s]
3201349it [00:58, 55103.84it/s]
3206872it [00:58, 55141.17it/s]
3212391it [00:58, 55153.14it/s]
3217939it [00:58, 55250.18it/s]
3223509it [00:58, 55384.27it/s]
3229062it [00:58, 55424.18it/s]
3234629it [00:58, 55494.82it/s]
3240179it [00:58, 55470.29it/s]
3245727it [00:58, 54140.49it/s]
3251149it [00:59, 53971.01it/s]
3256551it [00:59, 53883.43it/s]
3261943it [00:59, 53840.47it/s]
3267383it [00:59, 54005.13it/s]
3272847it [00:59, 54193.19it/s]
3278363it [00:59, 54479.92it/s]
3283870it [00:59, 54654.61it/s]
3289376it [00:59, 54774.81it/s]
3294892it [00:59, 54887.77it/s]
3300409it [00:59, 54971.69it/s]
3305960it [01:00, 55132.36it/s]
3311488it [01:00, 55176.09it/s]
3317045it [01:00, 55291.74it/s]
3322629it [01:00, 55453.37it/s]
3328186it [01:00, 55487.18it/s]
3333752it [01:00, 55536.88it/s]
3339306it [01:00, 55527.51it/s]
3344872it [01:00, 55565.63it/s]
3350442it [01:00, 55605.47it/s]
3356042it [01:00, 55723.11it/s]
3361626it [01:01, 55757.16it/s]
3367226it [01:01, 55826.90it/s]
3372809it [01:01, 55170.77it/s]
3378388it [01:01, 55352.02it/s]
3383925it [01:01, 55320.15it/s]
3389465it [01:01, 55343.34it/s]
3395001it [01:01, 55346.80it/s]
3400558it [01:01, 55410.73it/s]
3406119it [01:01, 55467.11it/s]
3411678it [01:01, 55501.09it/s]
3417253it [01:02, 55573.65it/s]
3422822it [01:02, 55607.91it/s]
3428392it [01:02, 55634.99it/s]
3433956it [01:02, 44847.94it/s]
3439484it [01:02, 47523.93it/s]
3444986it [01:02, 49534.72it/s]
3450526it [01:02, 51159.17it/s]
3456053it [01:02, 52322.47it/s]
3461561it [01:02, 53116.95it/s]
3467094it [01:03, 53760.42it/s]
3472600it [01:03, 54141.67it/s]
3478091it [01:03, 54365.76it/s]
3483584it [01:03, 54530.43it/s]
3489079it [01:03, 54652.38it/s]
3494612it [01:03, 54851.69it/s]
3500109it [01:03, 52004.75it/s]
3505667it [01:03, 53032.17it/s]
3511223it [01:03, 53766.97it/s]
3516791it [01:03, 54327.60it/s]
3522357it [01:04, 54719.02it/s]
3527964it [01:04, 55118.09it/s]
3533508it [01:04, 55212.44it/s]
3539036it [01:04, 55220.95it/s]
3544626it [01:04, 55422.13it/s]
3550186it [01:04, 55473.20it/s]
3555759it [01:04, 55549.40it/s]
3561316it [01:04, 55512.60it/s]
3566869it [01:04, 55507.96it/s]
3572454it [01:04, 55607.85it/s]
3578065it [01:05, 55757.67it/s]
3583667it [01:05, 55834.34it/s]
3589257it [01:05, 55852.81it/s]
3594873it [01:05, 55942.91it/s]
3600506it [01:05, 56056.82it/s]
3606144it [01:05, 56152.65it/s]
3611760it [01:05, 56106.16it/s]
3617371it [01:05, 56079.67it/s]
3623012it [01:05, 56178.22it/s]
3628630it [01:05, 56137.16it/s]
3634244it [01:06, 56032.32it/s]
3639854it [01:06, 56049.12it/s]
3645459it [01:06, 56035.71it/s]
3651063it [01:06, 55621.28it/s]
3656666it [01:06, 55742.54it/s]
3662289it [01:06, 55886.74it/s]
3667907it [01:06, 55974.00it/s]
3673537it [01:06, 56070.69it/s]
3679174it [01:06, 56158.76it/s]
3684832it [01:06, 56282.56it/s]
3690462it [01:07, 56287.24it/s]
3696091it [01:07, 56213.06it/s]
3701713it [01:07, 56167.53it/s]
3707330it [01:07, 56084.89it/s]
3712958it [01:07, 56140.11it/s]
3718593it [01:07, 56200.51it/s]
3724214it [01:07, 56142.76it/s]
3729829it [01:07, 56062.51it/s]
3735436it [01:07, 56051.88it/s]
3741042it [01:07, 55972.27it/s]
3746650it [01:08, 56003.50it/s]
3752268it [01:08, 56055.86it/s]
3757874it [01:08, 56042.22it/s]
3763512it [01:08, 56142.31it/s]
3769137it [01:08, 56172.04it/s]
3774761it [01:08, 56189.22it/s]
3780380it [01:08, 54810.17it/s]
3786006it [01:08, 55234.89it/s]
3791644it [01:08, 55573.55it/s]
3797276it [01:08, 55792.66it/s]
3802915it [01:09, 55967.51it/s]
3808567it [01:09, 56128.63it/s]
3814209it [01:09, 56215.07it/s]
3819868it [01:09, 56326.71it/s]
3825515it [01:09, 56366.75it/s]
3831174it [01:09, 56431.65it/s]
3836853it [01:09, 56535.57it/s]
3842547it [01:09, 56656.23it/s]
3848234it [01:09, 56717.84it/s]
3853914it [01:09, 56741.36it/s]
3859589it [01:10, 51039.87it/s]
3865239it [01:10, 52557.06it/s]
3870863it [01:10, 53603.35it/s]
3876510it [01:10, 54428.88it/s]
3882159it [01:10, 55029.24it/s]
3887787it [01:10, 55395.35it/s]
3893396it [01:10, 55599.90it/s]
3899030it [01:10, 55818.00it/s]
3904692it [01:10, 56056.42it/s]
3910354it [01:10, 56222.46it/s]
3915983it [01:11, 55671.24it/s]
3921623it [01:11, 55885.73it/s]
3927270it [01:11, 56056.84it/s]
3932890it [01:11, 56098.81it/s]
3938538it [01:11, 56209.88it/s]
3944161it [01:11, 56120.17it/s]
3949775it [01:11, 56024.70it/s]
3957811it [01:11, 55177.83it/s]
INFO:root:test max cliques 3950208, nested cliques 7603
INFO:root:test real max cliques in search universe: 181
INFO:root:test real smaller cliques in search universe: 173 173
INFO:root:Our Performance: precision 0.0003, recall 0.3023, f1 0.0007 jaccard 0.0003
INFO:root:Baseline: Bayesian-MDL skipped (disabled for this runtime).
INFO:root:Baseline: Max Clique precision 0.0000, recall 0.1776, f1 0.0001, jaccard 0.0000 
INFO:root:Baseline: ECC precision 0.0369, recall 0.1943, f1 0.0621, jaccard 0.0320 
INFO:root:Baseline: Demon precision 0.0605, recall 0.2395, f1 0.0967, jaccard 0.0508 
INFO:root:Baseline: CFinder skipped (disabled for channel-SNR benchmark).
(6235, 9) (6235,) 147
