INFO:root:Create log file at log/foursquare/foursquare-20000-cou-1788846571.0470777.log
INFO:root:Command line executed: python main.py --dataset foursquare --beta 20000 --features count --channel awgn --snr_db 0
INFO:root:Full args parsed:
INFO:root:Namespace(dataset='foursquare', beta=20000, features='count', model='mlp', epochs=2000, lr=0.0001, setting='f', label_rate=0.1, ablation=0, seed=123, use_c=1, jobs=1, save_features=0, data_dir='./data/', log_dir='log', downsample=0, max_child_size=1, ext=0, channel='awgn', snr_db=0.0, channel_seed=123, max_background_pairs=10000)
INFO:root:Finish loading graphs.
INFO:root:Nodes train: 2356, test: 2334
INFO:root:Simplicies train: 1026, test: 1019
INFO:root:Channel awgn at 0.0 dB: test projection edges 38292 -> 32450
INFO:root:Start computing cliques
INFO:root:Couldn't find cache for max cliques train
INFO:root:Number of maximum cliques:9267
INFO:root:Couldn't find cache for max cliques test
INFO:root:Number of maximum cliques:1253431
INFO:root:test nodes 2334 hyperedges 1019 avg size 6.426889106967615 std 6.4961151853204555 avg degree 2.8059125964010283 max cliques 1253431
INFO:root:Breakdown of test hyperedges (max+small) 158 + 861
INFO:root:Intersection 155 out of 6414 1253431
INFO:root:support cliques train:930 - test: 6414
INFO:root:Optimizing clique sampler .. 
INFO:root:Found cache for rho.
INFO:root:[(52, 52), (44, 44), (39, 39), (37, 37), (36, 36), (35, 35), (32, 32), (31, 31), (30, 30), (27, 27), (26, 26), (25, 25), (24, 24), (23, 23), (22, 22), (21, 21), (20, 20), (19, 19), (18, 18), (17, 17), (2, 2), (1, 1), (14, 14), (16, 16), (15, 15), (13, 13), (11, 11), (12, 12), (10, 10), (9, 9), (35, 1), (8, 8), (52, 1), (31, 1), (7, 7), (23, 1), (39, 1), (27, 1), (3, 3), (2, 1), (20, 1), (6, 6), (21, 1), (5, 5), (22, 1), (24, 1), (30, 1), (4, 4), (36, 1), (44, 1), (14, 1), (25, 1), (32, 1), (11, 1), (3, 2), (16, 1), (17, 1), (12, 1), (15, 1), (10, 1), (13, 1), (35, 2), (9, 1)]
INFO:root:Optimize Clique Sampler: #hyperedges collected:967, recall: 0.942495126705653, efficiency:0.04835
INFO:root:Clique analysis done.
INFO:root:train: 15502 unique candidates out of 19994 sampled candidates
Note: to be able to use all crisp methods, you need to install some additional packages:  {'graph_tool', 'bayanpy', 'leidenalg', 'infomap', 'wurlitzer'}
Note: to be able to use all crisp methods, you need to install some additional packages:  {'ASLPAw', 'hidef', 'torch', 'pyclustering'}
Note: to be able to use all crisp methods, you need to install some additional packages:  {'scikit-network', 'leidenalg', 'infomap', 'wurlitzer'}
Sanity check failed, reindexing the hypergraphs ...
Sanity check failed, reindexing the hypergraphs ...
number of nodes in construct graph 2356
number of nodes in construct graph 2334
(0, 0), (1, 1), (2, 2), (3, 3), (4, 4), (5, 5), (6, 6), (8, 8), (9, 9), (10, 10), (11, 11), (13, 13), (17, 17), (22, 22), (27, 27), (34, 34), (41, 41), (51, 51), (59, 59), (65, 65), (72, 72), (146, 146), (165, 165), (194, 191), (213, 208), (227, 219), (248, 235), (303, 273), (344, 301), (425, 332), (586, 377), (621, 383), (939, 432), (991, 439), (1022, 443), (1764, 505), (1879, 514), (1918, 517), (1945, 519), (3331, 611), (3479, 620), (3679, 631), (5001, 699), (5148, 706), (7355, 795), (7509, 801), (7629, 805), (7659, 806), (10365, 889), (10401, 890), (10445, 891), (10851, 900), (10951, 902), (11015, 903), (11620, 910), (15778, 952), (16082, 955), (16201, 956), (16693, 959), (16903, 960), (17713, 963), (17986, 964), (18581, 965), 
(0, 0), (0, 0), (0, 0), (0, 0), (0, 0), (0, 0), (0, 0), (0, 0), (0, 0), (0, 0), (0, 0), (0, 0), (0, 0), (0, 0), (0, 0), (0, 0), (0, 0), (0, 0), (2, 0), (111, 0), (1952, 0), (3744, 61), (3745, 62), (198933, 62), (214147, 62), (282631, 62), (638005, 62), (823418, 62), (1171654, 62), (1222140, 62), (1232747, 62), (1232747, 62), (1238660, 62), (1238660, 62), (1238660, 62), (1242766, 62), (1242766, 62), (1242766, 62), (1242766, 62), (1245233, 128), (1248817, 260), (1248817, 260), (1251462, 264), (1251462, 264), (1253874, 269), (1253874, 269), (1253874, 269), (1253874, 269), (1257015, 290), (1257015, 290), (1257015, 290), (3989647, 294), (3989647, 294), (3989647, 294), (6029190, 300), (6036591, 327), (6280015, 327), (6311312, 327), (10490144, 327), (11517404, 327), (12022264, 331), (16642126, 331), (16642126, 331), 

0it [00:00, ?it/s]
15502it [00:00, 190853.32it/s]
INFO:root:test: 1261481 unique candidates out of 16735609 sampled candidates

0it [00:00, ?it/s]
6861it [00:00, 68603.20it/s]
13751it [00:00, 68774.83it/s]
20662it [00:00, 68920.99it/s]
27555it [00:00, 68852.26it/s]
34503it [00:00, 69074.92it/s]
41425it [00:00, 69123.07it/s]
48338it [00:00, 68978.58it/s]
55255it [00:00, 69034.94it/s]
62185it [00:00, 69115.35it/s]
69097it [00:01, 69068.25it/s]
76004it [00:01, 68900.16it/s]
82895it [00:01, 68664.36it/s]
89762it [00:01, 66700.93it/s]
96693it [00:01, 67468.13it/s]
103570it [00:01, 67852.11it/s]
110538it [00:01, 68393.28it/s]
117489it [00:01, 68725.42it/s]
124496it [00:01, 69124.04it/s]
131418it [00:01, 69148.58it/s]
138417it [00:02, 69399.42it/s]
145403it [00:02, 69536.82it/s]
152452it [00:02, 69821.36it/s]
159503it [00:02, 70025.87it/s]
166507it [00:02, 70014.86it/s]
173553it [00:02, 70146.05it/s]
180568it [00:02, 69684.10it/s]
187538it [00:02, 69678.15it/s]
194547it [00:02, 69798.45it/s]
201561it [00:02, 69897.14it/s]
208552it [00:03, 69424.82it/s]
215527it [00:03, 69518.74it/s]
222480it [00:03, 69502.87it/s]
229431it [00:03, 69179.48it/s]
236400it [00:03, 69329.74it/s]
243350it [00:03, 69377.53it/s]
250311it [00:03, 69445.71it/s]
257256it [00:03, 68943.43it/s]
264152it [00:03, 68947.61it/s]
271048it [00:03, 68555.84it/s]
277928it [00:04, 68626.68it/s]
284825it [00:04, 68723.99it/s]
291698it [00:04, 67982.11it/s]
298594it [00:04, 68271.13it/s]
305504it [00:04, 68515.75it/s]
312438it [00:04, 68760.24it/s]
319343it [00:04, 68846.24it/s]
326229it [00:04, 68273.24it/s]
333081it [00:04, 68345.17it/s]
339966it [00:04, 68494.03it/s]
346885it [00:05, 68701.02it/s]
353804it [00:05, 68846.07it/s]
360726it [00:05, 68956.33it/s]
367623it [00:05, 68478.25it/s]
374588it [00:05, 68825.59it/s]
381493it [00:05, 68891.38it/s]
388462it [00:05, 69128.91it/s]
395485it [00:05, 69456.60it/s]
402467it [00:05, 69563.35it/s]
409447it [00:05, 69633.09it/s]
416411it [00:06, 68978.20it/s]
423440it [00:06, 69366.39it/s]
430421it [00:06, 69497.74it/s]
437425it [00:06, 69656.48it/s]
444424it [00:06, 69754.86it/s]
451461it [00:06, 69937.10it/s]
458493it [00:06, 70050.34it/s]
465499it [00:06, 69035.02it/s]
472481it [00:06, 69267.24it/s]
479477it [00:06, 69472.13it/s]
486461it [00:07, 69579.44it/s]
493450it [00:07, 69669.50it/s]
500428it [00:07, 69698.65it/s]
507433it [00:07, 69799.94it/s]
514429it [00:07, 69845.32it/s]
521414it [00:07, 68967.33it/s]
528397it [00:07, 69220.35it/s]
535359it [00:07, 69336.30it/s]
542320it [00:07, 69416.07it/s]
549270it [00:07, 69440.14it/s]
556215it [00:08, 69432.71it/s]
563169it [00:08, 69462.83it/s]
570116it [00:08, 69448.62it/s]
577062it [00:08, 69432.70it/s]
584012it [00:08, 69450.51it/s]
590958it [00:08, 68574.05it/s]
597866it [00:08, 68722.82it/s]
604786it [00:08, 68860.84it/s]
611690it [00:08, 68913.62it/s]
618583it [00:08, 67247.54it/s]
625485it [00:09, 67764.76it/s]
632398it [00:09, 68166.64it/s]
639329it [00:09, 68503.64it/s]
646246it [00:09, 68700.94it/s]
653128it [00:09, 68733.57it/s]
660004it [00:09, 67641.27it/s]
666848it [00:09, 67874.34it/s]
673707it [00:09, 68084.78it/s]
680568it [00:09, 68239.70it/s]
687484it [00:09, 68512.11it/s]
694394it [00:10, 68686.63it/s]
701341it [00:10, 68920.07it/s]
708279it [00:10, 69056.31it/s]
715208it [00:10, 69124.77it/s]
722168it [00:10, 69265.90it/s]
729154it [00:10, 69441.17it/s]
736099it [00:10, 69438.72it/s]
743044it [00:10, 67773.44it/s]
750028it [00:10, 68382.24it/s]
756978it [00:10, 68712.99it/s]
763924it [00:11, 68932.71it/s]
770887it [00:11, 69137.67it/s]
777815it [00:11, 69178.92it/s]
784792it [00:11, 69353.81it/s]
791774it [00:11, 69490.37it/s]
798784it [00:11, 69671.31it/s]
805753it [00:11, 69673.79it/s]
812744it [00:11, 69743.27it/s]
819730it [00:11, 69776.65it/s]
826708it [00:11, 69771.34it/s]
833686it [00:12, 69753.11it/s]
840662it [00:12, 68332.35it/s]
847606it [00:12, 68658.34it/s]
854577it [00:12, 68966.64it/s]
861550it [00:12, 69192.37it/s]
868516it [00:12, 69328.66it/s]
875478it [00:12, 69415.12it/s]
882443it [00:12, 69484.93it/s]
889425it [00:12, 69582.66it/s]
896420it [00:12, 69691.94it/s]
903390it [00:13, 69530.81it/s]
910344it [00:13, 69479.29it/s]
917293it [00:13, 69476.51it/s]
924241it [00:13, 69403.63it/s]
931182it [00:13, 69284.51it/s]
938111it [00:13, 69266.31it/s]
945038it [00:13, 66943.78it/s]
951982it [00:13, 67671.43it/s]
958923it [00:13, 68183.07it/s]
965923it [00:13, 68718.65it/s]
972892it [00:14, 69006.24it/s]
979856it [00:14, 69193.30it/s]
986826it [00:14, 69342.99it/s]
993809it [00:14, 69487.57it/s]
1000792it [00:14, 69588.06it/s]
1007753it [00:14, 69528.17it/s]
1014731it [00:14, 69602.46it/s]
1021708it [00:14, 69650.84it/s]
1028674it [00:14, 69619.82it/s]
1035647it [00:14, 69649.68it/s]
1042613it [00:15, 69598.77it/s]
1049574it [00:15, 69496.73it/s]
1056524it [00:15, 67717.10it/s]
1063490it [00:15, 68286.00it/s]
1070492it [00:15, 68797.68it/s]
1077474it [00:15, 69098.66it/s]
1084445it [00:15, 69278.92it/s]
1091454it [00:15, 69519.33it/s]
1098433it [00:15, 69599.53it/s]
1105395it [00:16, 69573.41it/s]
1112354it [00:16, 69517.26it/s]
1119314it [00:16, 69539.42it/s]
1126269it [00:16, 69494.66it/s]
1133223it [00:16, 69505.14it/s]
1140187it [00:16, 69544.33it/s]
1147142it [00:16, 69389.28it/s]
1154082it [00:16, 67599.96it/s]
1161009it [00:16, 68088.55it/s]
1167962it [00:16, 68512.29it/s]
1174883it [00:17, 68716.75it/s]
1181787it [00:17, 68809.95it/s]
1188672it [00:17, 67465.22it/s]
1195611it [00:17, 68030.98it/s]
1202544it [00:17, 68414.95it/s]
1209515it [00:17, 68799.04it/s]
1216489it [00:17, 69076.55it/s]
1223428it [00:17, 69168.09it/s]
1230416it [00:17, 69380.15it/s]
1237356it [00:17, 69266.96it/s]
1244284it [00:18, 69141.37it/s]
1251199it [00:18, 68982.40it/s]
1261481it [00:18, 69365.00it/s]
INFO:root:test max cliques 1253431, nested cliques 8050
INFO:root:test real max cliques in search universe: 158
INFO:root:test real smaller cliques in search universe: 178 178
INFO:root:Our Performance: precision 0.0008, recall 0.1570, f1 0.0016 jaccard 0.0008
INFO:root:Baseline: Bayesian-MDL skipped (disabled for this runtime).
INFO:root:Baseline: Max Clique precision 0.0001, recall 0.1551, f1 0.0003, jaccard 0.0001 
INFO:root:Baseline: ECC precision 0.0280, recall 0.1698, f1 0.0480, jaccard 0.0246 
INFO:root:Baseline: Demon precision 0.0453, recall 0.2071, f1 0.0743, jaccard 0.0386 
INFO:root:Baseline: CFinder skipped (disabled for channel-SNR benchmark).
(6235, 9) (6235,) 147
