INFO:root:Create log file at log/hosts/hosts-6000-cou-1788865850.1270823.log
INFO:root:Command line executed: python main.py --dataset hosts --beta 6000 --features count --channel awgn --snr_db 18
INFO:root:Full args parsed:
INFO:root:Namespace(dataset='hosts', beta=6000, features='count', model='mlp', epochs=2000, lr=0.0001, setting='f', label_rate=0.1, ablation=0, seed=123, use_c=1, jobs=1, save_features=0, data_dir='./data/', log_dir='log', downsample=0, max_child_size=1, ext=0, channel='awgn', snr_db=18.0, channel_seed=123, max_background_pairs=10000)
INFO:root:Finish loading graphs.
INFO:root:Nodes train: 591, test: 466
INFO:root:Simplicies train: 204, test: 218
INFO:root:Channel awgn at 18.0 dB: test projection edges 9205 -> 9206
INFO:root:Start computing cliques
INFO:root:Couldn't find cache for max cliques train
INFO:root:Number of maximum cliques:383
INFO:root:Couldn't find cache for max cliques test
INFO:root:Number of maximum cliques:362
INFO:root:test nodes 466 hyperedges 218 avg size 5.564220183486238 std 8.957494150492446 avg degree 2.6030042918454934 max cliques 362
INFO:root:Breakdown of test hyperedges (max+small) 106 + 112
INFO:root:Intersection 106 out of 129 362
INFO:root:support cliques train:125 - test: 129
INFO:root:Optimizing clique sampler .. 
INFO:root:Found cache for rho.
INFO:root:[(140, 140), (50, 50), (44, 44), (37, 37), (35, 35), (27, 27), (26, 26), (2, 2), (1, 1), (3, 3), (23, 23), (22, 22), (20, 20), (5, 5), (25, 1), (4, 4), (24, 24), (8, 8), (15, 15), (10, 10), (13, 13), (6, 6), (35, 1), (12, 12), (18, 18), (17, 17), (16, 16), (9, 9), (7, 7), (14, 14), (3, 1), (11, 11), (5, 2), (22, 1), (50, 1), (26, 1), (27, 1), (2, 1), (4, 2), (24, 1), (6, 2), (5, 3), (6, 3), (18, 1), (16, 15), (6, 4), (140, 1), (25, 2), (7, 6), (6, 5), (8, 7), (7, 5), (27, 2), (11, 2)]
INFO:root:Optimize Clique Sampler: #hyperedges collected:179, recall: 0.8774509803921569, efficiency:0.029833333333333333
INFO:root:Clique analysis done.
INFO:root:train: 4497 unique candidates out of 5959 sampled candidates
Note: to be able to use all crisp methods, you need to install some additional packages:  {'graph_tool', 'bayanpy', 'leidenalg', 'wurlitzer', 'infomap'}
Note: to be able to use all crisp methods, you need to install some additional packages:  {'pyclustering', 'hidef', 'ASLPAw', 'torch'}
Note: to be able to use all crisp methods, you need to install some additional packages:  {'wurlitzer', 'scikit-network', 'infomap', 'leidenalg'}
Sanity check failed, reindexing the hypergraphs ...
Sanity check failed, reindexing the hypergraphs ...
number of nodes in construct graph 591
number of nodes in construct graph 466
(0, 0), (1, 1), (2, 2), (3, 3), (4, 4), (5, 5), (6, 6), (7, 7), (22, 22), (31, 31), (42, 41), (46, 44), (49, 46), (53, 48), (65, 54), (90, 64), (106, 70), (109, 71), (139, 79), (160, 84), (190, 91), (211, 95), (248, 102), (283, 108), (303, 111), (310, 112), (318, 113), (326, 114), (360, 118), (387, 120), (402, 121), (435, 123), (469, 125), (589, 131), (655, 134), (705, 136), (731, 137), (758, 138), (788, 139), (884, 142), (956, 144), (1511, 154), (1631, 156), (2371, 162), (2497, 163), (2625, 164), (3180, 168), (3320, 169), (3620, 171), (3809, 172), (4031, 173), (4271, 174), (4838, 176), (5189, 177), 
(0, 0), (0, 0), (0, 0), (0, 0), (0, 0), (2, 0), (5, 0), (10, 0), (23, 13), (33, 23), (51, 37), (59, 37), (66, 37), (71, 38), (92, 50), (267, 70), (283, 81), (288, 81), (307, 84), (321, 85), (330, 88), (340, 89), (364, 94), (434, 96), (452, 99), (462, 101), (476, 103), (492, 104), (501, 107), (529, 114), (541, 114), (595, 121), (607, 125), (817, 138), (971, 139), (971, 139), (1101, 140), (1182, 141), (1208, 142), (1304, 143), (1424, 143), (1784, 145), (1994, 149), (2474, 152), (2654, 155), (2910, 155), (3270, 157), (3270, 157), (5370, 163), (5566, 164), (5710, 165), (5862, 166), (6450, 166), (7503, 167), 

0it [00:00, ?it/s]
4504it [00:00, 169374.14it/s]
INFO:root:test: 4803 unique candidates out of 7778 sampled candidates

0it [00:00, ?it/s]
4857it [00:00, 172943.74it/s]
INFO:root:test max cliques 362, nested cliques 4495
INFO:root:test real max cliques in search universe: 106
INFO:root:test real smaller cliques in search universe: 72 72
INFO:root:Our Performance: precision 0.8163, recall 0.5505, f1 0.6575 jaccard 0.4898
INFO:root:Baseline: Bayesian-MDL skipped (disabled for this runtime).
INFO:root:Baseline: Max Clique precision 0.2928, recall 0.4862, f1 0.3655, jaccard 0.2236 
INFO:root:Baseline: ECC precision 0.8167, recall 0.4495, f1 0.5799, jaccard 0.4083 
INFO:root:Baseline: Demon precision 0.2072, recall 0.1055, f1 0.1398, jaccard 0.0752 
INFO:root:Baseline: CFinder skipped (disabled for channel-SNR benchmark).
(4121, 9) (4121,) 72
