INFO:root:Create log file at log/hosts/hosts-6000-cou-1788865378.5312274.log
INFO:root:Command line executed: python main.py --dataset hosts --beta 6000 --features count --channel awgn --snr_db 12
INFO:root:Full args parsed:
INFO:root:Namespace(dataset='hosts', beta=6000, features='count', model='mlp', epochs=2000, lr=0.0001, setting='f', label_rate=0.1, ablation=0, seed=123, use_c=1, jobs=1, save_features=0, data_dir='./data/', log_dir='log', downsample=0, max_child_size=1, ext=0, channel='awgn', snr_db=12.0, channel_seed=123, max_background_pairs=10000)
INFO:root:Finish loading graphs.
INFO:root:Nodes train: 591, test: 466
INFO:root:Simplicies train: 204, test: 218
INFO:root:Channel awgn at 12.0 dB: test projection edges 9205 -> 9203
INFO:root:Start computing cliques
INFO:root:Couldn't find cache for max cliques train
INFO:root:Number of maximum cliques:383
INFO:root:Couldn't find cache for max cliques test
INFO:root:Number of maximum cliques:653063
INFO:root:test nodes 466 hyperedges 218 avg size 5.564220183486238 std 8.957494150492446 avg degree 2.6030042918454934 max cliques 653063
INFO:root:Breakdown of test hyperedges (max+small) 68 + 150
INFO:root:Intersection 68 out of 393 653063
INFO:root:support cliques train:125 - test: 393
INFO:root:Optimizing clique sampler .. 
INFO:root:Found cache for rho.
INFO:root:[(140, 140), (50, 50), (44, 44), (37, 37), (35, 35), (27, 27), (26, 26), (2, 2), (1, 1), (3, 3), (23, 23), (22, 22), (20, 20), (5, 5), (25, 1), (4, 4), (24, 24), (8, 8), (15, 15), (10, 10), (13, 13), (6, 6), (35, 1), (12, 12), (18, 18), (17, 17), (16, 16), (9, 9), (7, 7), (14, 14), (3, 1), (11, 11), (5, 2), (22, 1), (50, 1), (26, 1), (27, 1), (2, 1), (4, 2), (24, 1), (6, 2), (5, 3), (6, 3), (18, 1), (16, 15), (6, 4), (140, 1), (25, 2), (7, 6), (6, 5), (8, 7), (7, 5), (27, 2), (11, 2)]
INFO:root:Optimize Clique Sampler: #hyperedges collected:179, recall: 0.8774509803921569, efficiency:0.029833333333333333
INFO:root:Clique analysis done.
INFO:root:train: 4497 unique candidates out of 5959 sampled candidates
Note: to be able to use all crisp methods, you need to install some additional packages:  {'leidenalg', 'bayanpy', 'wurlitzer', 'infomap', 'graph_tool'}
Note: to be able to use all crisp methods, you need to install some additional packages:  {'hidef', 'torch', 'ASLPAw', 'pyclustering'}
Note: to be able to use all crisp methods, you need to install some additional packages:  {'leidenalg', 'scikit-network', 'wurlitzer', 'infomap'}
Sanity check failed, reindexing the hypergraphs ...
Sanity check failed, reindexing the hypergraphs ...
number of nodes in construct graph 591
number of nodes in construct graph 466
(0, 0), (1, 1), (2, 2), (3, 3), (4, 4), (5, 5), (6, 6), (7, 7), (22, 22), (31, 31), (42, 41), (46, 44), (49, 46), (53, 48), (65, 54), (90, 64), (106, 70), (109, 71), (139, 79), (160, 84), (190, 91), (211, 95), (248, 102), (283, 108), (303, 111), (310, 112), (318, 113), (326, 114), (360, 118), (387, 120), (402, 121), (435, 123), (469, 125), (589, 131), (655, 134), (705, 136), (731, 137), (758, 138), (788, 139), (884, 142), (956, 144), (1511, 154), (1631, 156), (2371, 162), (2497, 163), (2625, 164), (3180, 168), (3320, 169), (3620, 171), (3809, 172), (4031, 173), (4271, 174), (4838, 176), (5189, 177), 
(0, 0), (0, 0), (0, 0), (0, 0), (185488, 0), (240848, 0), (241012, 0), (241220, 0), (241279, 12), (241281, 14), (241360, 28), (241430, 28), (241499, 28), (241557, 28), (241593, 39), (243993, 55), (244031, 65), (244131, 65), (244145, 67), (244187, 67), (244210, 68), (244261, 68), (244301, 73), (2181901, 77), (2181942, 78), (2181978, 78), (2182014, 78), (2182076, 78), (2182092, 79), (2182141, 85), (2182170, 85), (2182407, 102), (2182440, 105), (2182800, 119), (2184318, 121), (2184318, 121), (2189726, 121), (2194154, 121), (2194272, 132), (2194500, 134), (2196900, 134), (2197500, 136), (2197860, 140), (2198660, 143), (2199308, 144), (2200300, 144), (2200900, 146), (2200900, 146), (2229700, 151), (2230043, 151), (2230283, 152), (2230395, 152), (2231424, 152), (2288988, 153), 

0it [00:00, ?it/s]
4504it [00:00, 183147.79it/s]
INFO:root:test: 249556 unique candidates out of 2289758 sampled candidates

0it [00:00, ?it/s]
1315it [00:00, 13146.22it/s]
2653it [00:00, 13277.86it/s]
3996it [00:00, 13344.02it/s]
5346it [00:00, 13404.05it/s]
6687it [00:00, 13401.09it/s]
8028it [00:00, 13402.17it/s]
9369it [00:00, 13396.35it/s]
10709it [00:00, 13385.79it/s]
12057it [00:00, 13413.97it/s]
13405it [00:01, 13431.99it/s]
14749it [00:01, 13423.98it/s]
16094it [00:01, 13431.50it/s]
17443it [00:01, 13448.80it/s]
18789it [00:01, 13450.09it/s]
20135it [00:01, 13437.71it/s]
21480it [00:01, 13439.80it/s]
22834it [00:01, 13467.54it/s]
24191it [00:01, 13496.86it/s]
25550it [00:01, 13521.66it/s]
26924it [00:02, 13584.42it/s]
28300it [00:02, 13634.88it/s]
29682it [00:02, 13688.46it/s]
31051it [00:02, 13685.17it/s]
32421it [00:02, 13688.15it/s]
33790it [00:02, 13687.02it/s]
35161it [00:02, 13691.66it/s]
36531it [00:02, 13684.02it/s]
37905it [00:02, 13699.31it/s]
39275it [00:02, 13688.31it/s]
40645it [00:03, 13691.00it/s]
42016it [00:03, 13695.16it/s]
43386it [00:03, 13683.91it/s]
44755it [00:03, 13682.61it/s]
46124it [00:03, 13669.24it/s]
47491it [00:03, 13464.57it/s]
48839it [00:03, 13464.00it/s]
50186it [00:03, 13458.46it/s]
51533it [00:03, 13453.56it/s]
52884it [00:03, 13468.07it/s]
54237it [00:04, 13485.21it/s]
55586it [00:04, 13436.16it/s]
56935it [00:04, 13449.82it/s]
58286it [00:04, 13465.51it/s]
59639it [00:04, 13482.21it/s]
60997it [00:04, 13509.23it/s]
62357it [00:04, 13533.74it/s]
63711it [00:04, 13510.77it/s]
65071it [00:04, 13534.74it/s]
66435it [00:04, 13564.97it/s]
67792it [00:05, 13564.87it/s]
69149it [00:05, 13562.35it/s]
70506it [00:05, 13541.85it/s]
71864it [00:05, 13551.43it/s]
73222it [00:05, 13558.16it/s]
74584it [00:05, 13575.58it/s]
75945it [00:05, 13585.00it/s]
77311it [00:05, 13604.48it/s]
78673it [00:05, 13608.66it/s]
80034it [00:05, 13580.90it/s]
81407it [00:06, 13622.36it/s]
82774it [00:06, 13633.95it/s]
84139it [00:06, 13637.06it/s]
85510it [00:06, 13656.73it/s]
86884it [00:06, 13679.70it/s]
88252it [00:06, 13665.56it/s]
89619it [00:06, 13617.64it/s]
90981it [00:06, 13599.34it/s]
92341it [00:06, 13575.64it/s]
93704it [00:06, 13590.35it/s]
95064it [00:07, 13585.38it/s]
96423it [00:07, 13563.80it/s]
97783it [00:07, 13573.05it/s]
99141it [00:07, 13555.06it/s]
100497it [00:07, 13480.97it/s]
101863it [00:07, 13531.78it/s]
103224it [00:07, 13554.23it/s]
104580it [00:07, 13539.42it/s]
105940it [00:07, 13554.99it/s]
107296it [00:07, 13540.69it/s]
108652it [00:08, 13546.17it/s]
110007it [00:08, 13531.93it/s]
111367it [00:08, 13551.98it/s]
112723it [00:08, 13526.14it/s]
114079it [00:08, 13533.77it/s]
115438it [00:08, 13548.24it/s]
116799it [00:08, 13563.69it/s]
118159it [00:08, 13572.41it/s]
119517it [00:08, 13564.07it/s]
120874it [00:08, 13543.56it/s]
122230it [00:09, 13545.55it/s]
123592it [00:09, 13564.37it/s]
124953it [00:09, 13575.04it/s]
126322it [00:09, 13607.00it/s]
127683it [00:09, 13495.09it/s]
129042it [00:09, 13522.08it/s]
130404it [00:09, 13550.16it/s]
131765it [00:09, 13566.02it/s]
133128it [00:09, 13583.53it/s]
134493it [00:09, 13600.68it/s]
135854it [00:10, 13601.37it/s]
137215it [00:10, 13586.17it/s]
138578it [00:10, 13596.88it/s]
139938it [00:10, 13597.20it/s]
141298it [00:10, 13585.82it/s]
142657it [00:10, 13542.54it/s]
144026it [00:10, 13585.06it/s]
145393it [00:10, 13610.32it/s]
146755it [00:10, 13611.15it/s]
148117it [00:10, 13604.84it/s]
149483it [00:11, 13619.96it/s]
150846it [00:11, 13621.73it/s]
152216it [00:11, 13644.37it/s]
153586it [00:11, 13660.23it/s]
154953it [00:11, 13659.38it/s]
156319it [00:11, 13638.63it/s]
157687it [00:11, 13649.64it/s]
159052it [00:11, 13645.16it/s]
160417it [00:11, 13572.16it/s]
161776it [00:11, 13574.29it/s]
163140it [00:12, 13593.79it/s]
164503it [00:12, 13603.74it/s]
165865it [00:12, 13605.25it/s]
167227it [00:12, 13606.78it/s]
168588it [00:12, 13583.49it/s]
169947it [00:12, 13580.13it/s]
171308it [00:12, 13586.89it/s]
172667it [00:12, 13579.49it/s]
174030it [00:12, 13594.08it/s]
175394it [00:12, 13606.40it/s]
176769it [00:13, 13647.41it/s]
178140it [00:13, 13665.95it/s]
179511it [00:13, 13676.50it/s]
180879it [00:13, 13644.74it/s]
182244it [00:13, 13626.15it/s]
183607it [00:13, 13617.12it/s]
184969it [00:13, 13617.41it/s]
186331it [00:13, 13606.09it/s]
187692it [00:13, 13607.01it/s]
189067it [00:13, 13648.05it/s]
190447it [00:14, 13691.50it/s]
191824it [00:14, 13712.95it/s]
193196it [00:14, 13704.83it/s]
194567it [00:14, 13692.02it/s]
195937it [00:14, 13658.12it/s]
197319it [00:14, 13703.94it/s]
198696it [00:14, 13723.53it/s]
200069it [00:14, 13721.57it/s]
201445it [00:14, 13730.34it/s]
202829it [00:14, 13761.18it/s]
204206it [00:15, 13654.36it/s]
205580it [00:15, 13677.97it/s]
206950it [00:15, 13681.68it/s]
208323it [00:15, 13695.23it/s]
209693it [00:15, 13635.66it/s]
211057it [00:15, 13633.38it/s]
212421it [00:15, 13603.24it/s]
213791it [00:15, 13631.76it/s]
215155it [00:15, 13621.48it/s]
216518it [00:15, 13612.89it/s]
217889it [00:16, 13640.16it/s]
219254it [00:16, 13638.43it/s]
220618it [00:16, 13611.76it/s]
221980it [00:16, 13601.10it/s]
223341it [00:16, 13579.88it/s]
224700it [00:16, 13568.77it/s]
226063it [00:16, 13584.30it/s]
227422it [00:16, 13581.19it/s]
228781it [00:16, 13524.07it/s]
230142it [00:16, 13548.68it/s]
231507it [00:17, 13578.20it/s]
232871it [00:17, 13595.33it/s]
234231it [00:17, 13592.38it/s]
235595it [00:17, 13604.50it/s]
236956it [00:17, 13594.53it/s]
238316it [00:17, 13579.71it/s]
239682it [00:17, 13602.88it/s]
241054it [00:17, 13637.34it/s]
242418it [00:17, 13637.86it/s]
243789it [00:17, 13658.76it/s]
245157it [00:18, 13662.27it/s]
246530it [00:18, 13682.34it/s]
247899it [00:18, 13666.18it/s]
249266it [00:18, 13648.49it/s]
250631it [00:18, 13636.70it/s]
251996it [00:18, 13638.16it/s]
253360it [00:18, 13624.33it/s]
254730it [00:18, 13646.41it/s]
256095it [00:18, 13609.05it/s]
257456it [00:18, 13490.52it/s]
258821it [00:19, 13536.70it/s]
260182it [00:19, 13556.72it/s]
261547it [00:19, 13582.77it/s]
262918it [00:19, 13620.07it/s]
264282it [00:19, 13624.85it/s]
265646it [00:19, 13627.87it/s]
267016it [00:19, 13648.64it/s]
268386it [00:19, 13663.30it/s]
269762it [00:19, 13689.18it/s]
271134it [00:19, 13695.95it/s]
272508it [00:20, 13706.28it/s]
273880it [00:20, 13709.02it/s]
275251it [00:20, 13703.85it/s]
276624it [00:20, 13710.53it/s]
277996it [00:20, 13710.81it/s]
279378it [00:20, 13741.46it/s]
280753it [00:20, 13736.17it/s]
282127it [00:20, 13711.00it/s]
283499it [00:20, 13707.41it/s]
284879it [00:20, 13733.69it/s]
286253it [00:21, 13696.32it/s]
287626it [00:21, 13706.11it/s]
288997it [00:21, 13696.04it/s]
290367it [00:21, 13609.78it/s]
291729it [00:21, 13582.65it/s]
293097it [00:21, 13610.17it/s]
294477it [00:21, 13663.73it/s]
295849it [00:21, 13680.06it/s]
297229it [00:21, 13713.57it/s]
298604it [00:21, 13723.60it/s]
299977it [00:22, 13721.00it/s]
301354it [00:22, 13733.09it/s]
302728it [00:22, 13709.21it/s]
304099it [00:22, 13693.24it/s]
305469it [00:22, 13659.99it/s]
306841it [00:22, 13677.20it/s]
308211it [00:22, 13683.23it/s]
309583it [00:22, 13692.79it/s]
310963it [00:22, 13722.30it/s]
312338it [00:22, 13727.99it/s]
313711it [00:23, 13706.86it/s]
315082it [00:23, 13653.39it/s]
316458it [00:23, 13684.46it/s]
317831it [00:23, 13696.07it/s]
319201it [00:23, 13695.04it/s]
320578it [00:23, 13715.42it/s]
321952it [00:23, 13719.24it/s]
323324it [00:23, 13701.96it/s]
324709it [00:23, 13745.42it/s]
326084it [00:23, 13577.37it/s]
327443it [00:24, 13569.28it/s]
328815it [00:24, 13611.10it/s]
330186it [00:24, 13638.68it/s]
331551it [00:24, 13632.11it/s]
332926it [00:24, 13666.53it/s]
334305it [00:24, 13701.33it/s]
335676it [00:24, 13692.40it/s]
337046it [00:24, 13686.02it/s]
338425it [00:24, 13716.68it/s]
339802it [00:24, 13731.25it/s]
341178it [00:25, 13738.06it/s]
342554it [00:25, 13741.78it/s]
343933it [00:25, 13754.87it/s]
345309it [00:25, 13743.77it/s]
346687it [00:25, 13752.21it/s]
348072it [00:25, 13778.78it/s]
349450it [00:25, 13719.88it/s]
350823it [00:25, 13707.80it/s]
352196it [00:25, 13711.98it/s]
353569it [00:25, 13715.16it/s]
354949it [00:26, 13739.92it/s]
356329it [00:26, 13756.95it/s]
357709it [00:26, 13769.57it/s]
359088it [00:26, 13775.13it/s]
360466it [00:26, 13758.74it/s]
361845it [00:26, 13766.28it/s]
363222it [00:26, 13765.29it/s]
364603it [00:26, 13775.61it/s]
365981it [00:26, 13592.77it/s]
367365it [00:26, 13662.90it/s]
368747it [00:27, 13708.79it/s]
370133it [00:27, 13751.15it/s]
371509it [00:27, 13744.66it/s]
372893it [00:27, 13771.42it/s]
374271it [00:27, 13769.29it/s]
375654it [00:27, 13786.89it/s]
377042it [00:27, 13812.14it/s]
378424it [00:27, 13809.01it/s]
379805it [00:27, 13798.27it/s]
381186it [00:27, 13799.82it/s]
382574it [00:28, 13820.96it/s]
383957it [00:28, 13768.94it/s]
385334it [00:28, 13758.55it/s]
386717it [00:28, 13778.27it/s]
388095it [00:28, 13758.97it/s]
389471it [00:28, 13749.30it/s]
390850it [00:28, 13760.37it/s]
392231it [00:28, 13772.96it/s]
393628it [00:28, 13829.96it/s]
395017it [00:28, 13845.71it/s]
396407it [00:29, 13861.90it/s]
397794it [00:29, 13846.97it/s]
399179it [00:29, 13830.48it/s]
400563it [00:29, 13808.11it/s]
401944it [00:29, 13798.45it/s]
403324it [00:29, 13789.20it/s]
404703it [00:29, 13787.26it/s]
406082it [00:29, 13775.89it/s]
407462it [00:29, 13781.97it/s]
408841it [00:29, 13759.17it/s]
410217it [00:30, 13743.76it/s]
411592it [00:30, 13590.40it/s]
412962it [00:30, 13620.35it/s]
414335it [00:30, 13652.67it/s]
415707it [00:30, 13669.84it/s]
417076it [00:30, 13674.27it/s]
418444it [00:30, 13669.63it/s]
419812it [00:30, 13662.88it/s]
421182it [00:30, 13672.46it/s]
422564it [00:30, 13714.07it/s]
423941it [00:31, 13729.63it/s]
425314it [00:31, 13671.77it/s]
426682it [00:31, 13640.92it/s]
428047it [00:31, 13591.09it/s]
429407it [00:31, 13575.93it/s]
430768it [00:31, 13585.72it/s]
432132it [00:31, 13600.14it/s]
433496it [00:31, 13609.54it/s]
434867it [00:31, 13638.86it/s]
436239it [00:31, 13660.42it/s]
437606it [00:32, 13644.32it/s]
438973it [00:32, 13650.24it/s]
440339it [00:32, 13647.22it/s]
441709it [00:32, 13660.65it/s]
443076it [00:32, 13442.19it/s]
444421it [00:32, 13416.93it/s]
445777it [00:32, 13456.85it/s]
447126it [00:32, 13466.21it/s]
448491it [00:32, 13520.56it/s]
449849it [00:32, 13536.51it/s]
451203it [00:33, 13536.11it/s]
452571it [00:33, 13578.38it/s]
453937it [00:33, 13602.61it/s]
455311it [00:33, 13643.41it/s]
456676it [00:33, 13634.59it/s]
458049it [00:33, 13661.48it/s]
459416it [00:33, 13625.79it/s]
460779it [00:33, 13590.34it/s]
462139it [00:33, 13570.65it/s]
463497it [00:34, 13063.90it/s]
464873it [00:34, 13265.14it/s]
466243it [00:34, 13391.21it/s]
467608it [00:34, 13467.49it/s]
468965it [00:34, 13496.86it/s]
470321it [00:34, 13515.18it/s]
471688it [00:34, 13559.16it/s]
473061it [00:34, 13609.59it/s]
474437it [00:34, 13652.63it/s]
475827it [00:34, 13726.50it/s]
477200it [00:35, 13722.60it/s]
478573it [00:35, 13701.22it/s]
479944it [00:35, 13692.38it/s]
481314it [00:35, 13677.55it/s]
482684it [00:35, 13682.77it/s]
484053it [00:35, 13681.19it/s]
485427it [00:35, 13696.83it/s]
486800it [00:35, 13704.82it/s]
488171it [00:35, 13694.53it/s]
489543it [00:35, 13700.13it/s]
490914it [00:36, 13691.39it/s]
492284it [00:36, 13673.79it/s]
493652it [00:36, 13667.61it/s]
495019it [00:36, 13659.41it/s]
496388it [00:36, 13665.96it/s]
497759it [00:36, 13675.98it/s]
499127it [00:36, 13663.68it/s]
500494it [00:36, 13660.12it/s]
501863it [00:36, 13668.04it/s]
503230it [00:36, 13663.59it/s]
504597it [00:37, 13656.37it/s]
505963it [00:37, 13642.37it/s]
507333it [00:37, 13658.95it/s]
508699it [00:37, 13657.06it/s]
510065it [00:37, 13650.64it/s]
511431it [00:37, 13639.64it/s]
512797it [00:37, 13644.23it/s]
514164it [00:37, 13650.12it/s]
515530it [00:37, 13638.77it/s]
516894it [00:37, 13620.73it/s]
518262it [00:38, 13638.31it/s]
519634it [00:38, 13660.36it/s]
521001it [00:38, 13258.62it/s]
522341it [00:38, 13297.98it/s]
523686it [00:38, 13342.51it/s]
525040it [00:38, 13398.12it/s]
526395it [00:38, 13442.45it/s]
527741it [00:38, 13444.91it/s]
529087it [00:38, 13448.20it/s]
530440it [00:38, 13470.32it/s]
531797it [00:39, 13499.69it/s]
533155it [00:39, 13521.57it/s]
534508it [00:39, 13506.06it/s]
535859it [00:39, 13498.59it/s]
537212it [00:39, 13507.00it/s]
538564it [00:39, 13509.38it/s]
539915it [00:39, 13482.17it/s]
541267it [00:39, 13492.87it/s]
542623it [00:39, 13512.64it/s]
543984it [00:39, 13539.96it/s]
545344it [00:40, 13556.31it/s]
546700it [00:40, 13544.18it/s]
548063it [00:40, 13567.40it/s]
549420it [00:40, 13563.61it/s]
550778it [00:40, 13566.07it/s]
552138it [00:40, 13575.21it/s]
553497it [00:40, 13578.80it/s]
554860it [00:40, 13593.27it/s]
556227it [00:40, 13613.41it/s]
557591it [00:40, 13619.64it/s]
558961it [00:41, 13640.59it/s]
560326it [00:41, 13615.25it/s]
561691it [00:41, 13624.34it/s]
563057it [00:41, 13634.82it/s]
564421it [00:41, 13635.38it/s]
565785it [00:41, 13633.02it/s]
567152it [00:41, 13641.22it/s]
568517it [00:41, 13599.41it/s]
569877it [00:41, 13564.27it/s]
571234it [00:41, 13544.66it/s]
572597it [00:42, 13567.36it/s]
573954it [00:42, 13562.26it/s]
575311it [00:42, 13554.57it/s]
576670it [00:42, 13563.80it/s]
578027it [00:42, 13557.24it/s]
579383it [00:42, 13535.62it/s]
580738it [00:42, 13538.49it/s]
582098it [00:42, 13556.23it/s]
583454it [00:42, 13554.17it/s]
584810it [00:42, 13538.73it/s]
586164it [00:43, 13388.05it/s]
587517it [00:43, 13429.98it/s]
588867it [00:43, 13450.66it/s]
590213it [00:43, 13437.61it/s]
591558it [00:43, 13438.65it/s]
592905it [00:43, 13447.79it/s]
594250it [00:43, 13444.93it/s]
595601it [00:43, 13462.14it/s]
596948it [00:43, 13461.74it/s]
598298it [00:43, 13470.79it/s]
599649it [00:44, 13479.95it/s]
600998it [00:44, 13471.43it/s]
602346it [00:44, 13431.93it/s]
603691it [00:44, 13437.10it/s]
605037it [00:44, 13442.93it/s]
606382it [00:44, 13423.67it/s]
607729it [00:44, 13435.27it/s]
609077it [00:44, 13446.63it/s]
610428it [00:44, 13464.76it/s]
611775it [00:44, 13458.88it/s]
613121it [00:45, 13419.72it/s]
614465it [00:45, 13424.18it/s]
615813it [00:45, 13439.49it/s]
617157it [00:45, 13435.62it/s]
618506it [00:45, 13450.80it/s]
619865it [00:45, 13491.89it/s]
621220it [00:45, 13505.34it/s]
622579it [00:45, 13528.51it/s]
623941it [00:45, 13553.22it/s]
625297it [00:45, 13536.77it/s]
626651it [00:46, 13530.25it/s]
628005it [00:46, 13516.64it/s]
629357it [00:46, 13508.35it/s]
630713it [00:46, 13522.26it/s]
632069it [00:46, 13533.28it/s]
633423it [00:46, 13517.16it/s]
634778it [00:46, 13525.49it/s]
636137it [00:46, 13542.81it/s]
637499it [00:46, 13564.62it/s]
638858it [00:46, 13571.14it/s]
640217it [00:47, 13574.77it/s]
641577it [00:47, 13580.77it/s]
642944it [00:47, 13606.91it/s]
644310it [00:47, 13622.70it/s]
645673it [00:47, 13624.22it/s]
647036it [00:47, 13603.39it/s]
648397it [00:47, 13372.27it/s]
649754it [00:47, 13427.87it/s]
651114it [00:47, 13476.03it/s]
652468it [00:47, 13492.47it/s]
660416it [00:48, 13744.38it/s]
INFO:root:test max cliques 653063, nested cliques 7353
INFO:root:test real max cliques in search universe: 68
INFO:root:test real smaller cliques in search universe: 88 88
INFO:root:Our Performance: precision 0.0004, recall 0.3716, f1 0.0009 jaccard 0.0004
INFO:root:Baseline: Bayesian-MDL skipped (disabled for this runtime).
INFO:root:Baseline: Max Clique precision 0.0001, recall 0.3119, f1 0.0002, jaccard 0.0001 
INFO:root:Baseline: ECC precision 0.1576, recall 0.2798, f1 0.2017, jaccard 0.1121 
INFO:root:Baseline: Demon precision 0.0519, recall 0.0642, f1 0.0574, jaccard 0.0295 
INFO:root:Baseline: CFinder skipped (disabled for channel-SNR benchmark).
(4121, 9) (4121,) 72
