INFO:root:Create log file at log/hosts/hosts-6000-cou-1788865130.0946012.log
INFO:root:Command line executed: python main.py --dataset hosts --beta 6000 --features count --channel awgn --snr_db 10
INFO:root:Full args parsed:
INFO:root:Namespace(dataset='hosts', beta=6000, features='count', model='mlp', epochs=2000, lr=0.0001, setting='f', label_rate=0.1, ablation=0, seed=123, use_c=1, jobs=1, save_features=0, data_dir='./data/', log_dir='log', downsample=0, max_child_size=1, ext=0, channel='awgn', snr_db=10.0, channel_seed=123, max_background_pairs=10000)
INFO:root:Finish loading graphs.
INFO:root:Nodes train: 591, test: 466
INFO:root:Simplicies train: 204, test: 218
INFO:root:Channel awgn at 10.0 dB: test projection edges 9205 -> 9238
INFO:root:Start computing cliques
INFO:root:Couldn't find cache for max cliques train
INFO:root:Number of maximum cliques:383
INFO:root:Couldn't find cache for max cliques test
INFO:root:Number of maximum cliques:4360154
INFO:root:test nodes 466 hyperedges 218 avg size 5.564220183486238 std 8.957494150492446 avg degree 2.6030042918454934 max cliques 4360154
INFO:root:Breakdown of test hyperedges (max+small) 54 + 164
INFO:root:Intersection 53 out of 654 4360154
INFO:root:support cliques train:125 - test: 654
INFO:root:Optimizing clique sampler .. 
INFO:root:Found cache for rho.
INFO:root:[(140, 140), (50, 50), (44, 44), (37, 37), (35, 35), (27, 27), (26, 26), (2, 2), (1, 1), (3, 3), (23, 23), (22, 22), (20, 20), (5, 5), (25, 1), (4, 4), (24, 24), (8, 8), (15, 15), (10, 10), (13, 13), (6, 6), (35, 1), (12, 12), (18, 18), (17, 17), (16, 16), (9, 9), (7, 7), (14, 14), (3, 1), (11, 11), (5, 2), (22, 1), (50, 1), (26, 1), (27, 1), (2, 1), (4, 2), (24, 1), (6, 2), (5, 3), (6, 3), (18, 1), (16, 15), (6, 4), (140, 1), (25, 2), (7, 6), (6, 5), (8, 7), (7, 5), (27, 2), (11, 2)]
INFO:root:Optimize Clique Sampler: #hyperedges collected:179, recall: 0.8774509803921569, efficiency:0.029833333333333333
INFO:root:Clique analysis done.
INFO:root:train: 4497 unique candidates out of 5959 sampled candidates
Note: to be able to use all crisp methods, you need to install some additional packages:  {'graph_tool', 'bayanpy', 'wurlitzer', 'infomap', 'leidenalg'}
Note: to be able to use all crisp methods, you need to install some additional packages:  {'pyclustering', 'torch', 'ASLPAw', 'hidef'}
Note: to be able to use all crisp methods, you need to install some additional packages:  {'infomap', 'leidenalg', 'scikit-network', 'wurlitzer'}
Sanity check failed, reindexing the hypergraphs ...
Sanity check failed, reindexing the hypergraphs ...
number of nodes in construct graph 591
number of nodes in construct graph 466
(0, 0), (1, 1), (2, 2), (3, 3), (4, 4), (5, 5), (6, 6), (7, 7), (22, 22), (31, 31), (42, 41), (46, 44), (49, 46), (53, 48), (65, 54), (90, 64), (106, 70), (109, 71), (139, 79), (160, 84), (190, 91), (211, 95), (248, 102), (283, 108), (303, 111), (310, 112), (318, 113), (326, 114), (360, 118), (387, 120), (402, 121), (435, 123), (469, 125), (589, 131), (655, 134), (705, 136), (731, 137), (758, 138), (788, 139), (884, 142), (956, 144), (1511, 154), (1631, 156), (2371, 162), (2497, 163), (2625, 164), (3180, 168), (3320, 169), (3620, 171), (3809, 172), (4031, 173), (4271, 174), (4838, 176), (5189, 177), 
(0, 0), (0, 0), (0, 0), (0, 0), (60, 0), (5304, 0), (992564, 0), (1476195, 0), (1476314, 12), (1476314, 12), (1476466, 26), (1536199, 26), (1571973, 26), (1578240, 26), (1578302, 36), (6085127, 58), (6085197, 65), (6174570, 65), (6174600, 66), (6174703, 66), (6174769, 66), (6174882, 66), (6174952, 70), (6358492, 71), (6358659, 72), (6359221, 72), (6359562, 72), (6359695, 72), (6359728, 72), (6359787, 77), (6359866, 77), (6360322, 99), (6360400, 99), (6361020, 114), (7148048, 114), (7148048, 114), (19722454, 114), (46378474, 114), (46378712, 125), (46379132, 128), (48524084, 128), (48525134, 130), (48525754, 135), (48527154, 137), (48537270, 138), (48539398, 138), (48540448, 141), (48540448, 141), (102622348, 146), (102622761, 146), (102623181, 147), (102623421, 147), (102624660, 147), (449152920, 147), 

0it [00:00, ?it/s]
4504it [00:00, 176541.21it/s]
INFO:root:test: 1682410 unique candidates out of 449154735 sampled candidates

0it [00:00, ?it/s]
2023it [00:00, 20220.57it/s]
4071it [00:00, 20371.44it/s]
6128it [00:00, 20460.32it/s]
8175it [00:00, 20347.53it/s]
10235it [00:00, 20437.64it/s]
12299it [00:00, 20505.17it/s]
14353it [00:00, 20515.60it/s]
16405it [00:00, 19937.92it/s]
18430it [00:00, 20032.31it/s]
20475it [00:01, 20158.50it/s]
22523it [00:01, 20255.76it/s]
24574it [00:01, 20331.27it/s]
26647it [00:01, 20451.22it/s]
28701it [00:01, 20477.25it/s]
30750it [00:01, 19983.91it/s]
32848it [00:01, 20277.27it/s]
34925it [00:01, 20421.25it/s]
37021it [00:01, 20579.47it/s]
39104it [00:01, 20653.74it/s]
41197it [00:02, 20734.93it/s]
43283it [00:02, 20769.83it/s]
45361it [00:02, 20357.09it/s]
47428it [00:02, 20446.07it/s]
49475it [00:02, 20418.28it/s]
51546it [00:02, 20504.80it/s]
53609it [00:02, 20541.33it/s]
55686it [00:02, 20607.37it/s]
57748it [00:02, 19569.73it/s]
59816it [00:02, 19889.99it/s]
61882it [00:03, 20114.00it/s]
63950it [00:03, 20277.66it/s]
66039it [00:03, 20456.55it/s]
68126it [00:03, 20578.25it/s]
70217it [00:03, 20675.81it/s]
72287it [00:03, 20660.69it/s]
74367it [00:03, 20701.56it/s]
76445it [00:03, 20722.09it/s]
78518it [00:03, 19401.16it/s]
80590it [00:03, 19777.00it/s]
82692it [00:04, 20136.74it/s]
84768it [00:04, 20317.26it/s]
86847it [00:04, 20454.64it/s]
88912it [00:04, 20510.37it/s]
90968it [00:04, 20500.38it/s]
93047it [00:04, 20585.69it/s]
95109it [00:04, 20595.56it/s]
97183it [00:04, 20638.60it/s]
99261it [00:04, 20679.32it/s]
101330it [00:04, 20532.19it/s]
103426it [00:05, 20658.28it/s]
105493it [00:05, 20661.01it/s]
107573it [00:05, 20701.77it/s]
109648it [00:05, 20714.11it/s]
111720it [00:05, 20635.13it/s]
113801it [00:05, 20686.17it/s]
115870it [00:05, 20661.25it/s]
117946it [00:05, 20689.97it/s]
120024it [00:05, 20713.86it/s]
122096it [00:05, 20577.43it/s]
124169it [00:06, 20622.55it/s]
126248it [00:06, 20671.84it/s]
128316it [00:06, 20288.26it/s]
130347it [00:06, 20285.58it/s]
132455it [00:06, 20519.97it/s]
134555it [00:06, 20660.66it/s]
136667it [00:06, 20797.13it/s]
138772it [00:06, 20871.35it/s]
140860it [00:06, 20818.10it/s]
142943it [00:06, 20683.79it/s]
145081it [00:07, 20890.94it/s]
147209it [00:07, 21004.46it/s]
149310it [00:07, 20997.45it/s]
151410it [00:07, 20846.27it/s]
153517it [00:07, 20912.03it/s]
155639it [00:07, 21003.75it/s]
157755it [00:07, 21050.23it/s]
159884it [00:07, 21120.32it/s]
161997it [00:07, 20664.30it/s]
164123it [00:07, 20839.62it/s]
166247it [00:08, 20957.24it/s]
168375it [00:08, 21051.00it/s]
170505it [00:08, 21122.67it/s]
172619it [00:08, 21035.23it/s]
174754it [00:08, 21125.39it/s]
176899it [00:08, 21218.56it/s]
179046it [00:08, 21292.44it/s]
181176it [00:08, 20812.13it/s]
183298it [00:08, 20931.39it/s]
185418it [00:09, 21008.98it/s]
187533it [00:09, 21049.10it/s]
189664it [00:09, 21126.00it/s]
191778it [00:09, 21026.92it/s]
193891it [00:09, 21055.84it/s]
196008it [00:09, 21087.86it/s]
198122it [00:09, 21102.10it/s]
200241it [00:09, 21126.55it/s]
202354it [00:09, 21036.67it/s]
204505it [00:09, 21176.66it/s]
206632it [00:10, 21201.75it/s]
208753it [00:10, 21192.79it/s]
210887it [00:10, 21236.07it/s]
213011it [00:10, 21057.25it/s]
215128it [00:10, 21088.20it/s]
217254it [00:10, 21137.26it/s]
219390it [00:10, 21201.32it/s]
221520it [00:10, 21230.64it/s]
223644it [00:10, 21118.30it/s]
225765it [00:10, 21145.50it/s]
227904it [00:11, 21217.10it/s]
230027it [00:11, 21219.03it/s]
232155it [00:11, 21235.15it/s]
234279it [00:11, 21126.44it/s]
236392it [00:11, 21083.43it/s]
238509it [00:11, 21108.36it/s]
240637it [00:11, 21156.46it/s]
242753it [00:11, 20869.65it/s]
244841it [00:11, 20859.49it/s]
246938it [00:11, 20889.78it/s]
249045it [00:12, 20940.38it/s]
251157it [00:12, 20991.30it/s]
253257it [00:12, 20120.10it/s]
255368it [00:12, 20405.87it/s]
257415it [00:12, 20098.77it/s]
259541it [00:12, 20435.55it/s]
261678it [00:12, 20710.33it/s]
263805it [00:12, 20875.85it/s]
265955it [00:12, 21059.20it/s]
268115it [00:12, 21219.77it/s]
270287it [00:13, 21367.07it/s]
272425it [00:13, 20523.69it/s]
274594it [00:13, 20860.61it/s]
276766it [00:13, 21110.74it/s]
278948it [00:13, 21317.37it/s]
281122it [00:13, 21440.80it/s]
283299it [00:13, 21537.11it/s]
285474it [00:13, 21598.13it/s]
287661it [00:13, 21679.07it/s]
289830it [00:13, 20250.98it/s]
291996it [00:14, 20652.39it/s]
294165it [00:14, 20950.66it/s]
296328it [00:14, 21147.06it/s]
298495it [00:14, 21300.89it/s]
300672it [00:14, 21438.72it/s]
302821it [00:14, 21436.90it/s]
304978it [00:14, 21473.41it/s]
307141it [00:14, 21517.20it/s]
309295it [00:14, 20667.65it/s]
311470it [00:14, 20980.34it/s]
313648it [00:15, 21212.64it/s]
315821it [00:15, 21363.94it/s]
317997it [00:15, 21478.62it/s]
320165it [00:15, 21536.27it/s]
322350it [00:15, 21627.49it/s]
324536it [00:15, 21692.67it/s]
326707it [00:15, 20553.56it/s]
328876it [00:15, 20879.84it/s]
331035it [00:15, 21086.28it/s]
333199it [00:16, 21247.02it/s]
335371it [00:16, 21385.51it/s]
337538it [00:16, 21469.03it/s]
339714it [00:16, 21554.72it/s]
341872it [00:16, 21542.91it/s]
344029it [00:16, 21548.19it/s]
346185it [00:16, 20564.23it/s]
348316it [00:16, 20779.07it/s]
350450it [00:16, 20940.59it/s]
352571it [00:16, 21018.41it/s]
354679it [00:17, 21035.48it/s]
356811it [00:17, 21119.20it/s]
358957it [00:17, 21220.33it/s]
361102it [00:17, 21287.06it/s]
363266it [00:17, 21390.62it/s]
365406it [00:17, 20489.31it/s]
367565it [00:17, 20808.63it/s]
369749it [00:17, 21110.63it/s]
371900it [00:17, 21228.35it/s]
374073it [00:17, 21374.54it/s]
376214it [00:18, 21376.40it/s]
378382it [00:18, 21463.99it/s]
380542it [00:18, 21501.08it/s]
382721it [00:18, 21586.48it/s]
384881it [00:18, 20648.47it/s]
387039it [00:18, 20916.60it/s]
389191it [00:18, 21091.99it/s]
391353it [00:18, 21245.19it/s]
393513it [00:18, 21347.97it/s]
395690it [00:18, 21472.01it/s]
397859it [00:19, 21534.80it/s]
400036it [00:19, 21602.10it/s]
402198it [00:19, 21593.40it/s]
404359it [00:19, 20572.00it/s]
406521it [00:19, 20872.43it/s]
408670it [00:19, 21050.32it/s]
410806it [00:19, 21139.00it/s]
412925it [00:19, 21112.10it/s]
415070it [00:19, 21210.12it/s]
417252it [00:19, 21389.05it/s]
419426it [00:20, 21490.98it/s]
421577it [00:20, 20473.32it/s]
423733it [00:20, 20785.81it/s]
425918it [00:20, 21096.16it/s]
428090it [00:20, 21276.89it/s]
430264it [00:20, 21412.14it/s]
432432it [00:20, 21491.60it/s]
434614it [00:20, 21588.13it/s]
436788it [00:20, 21632.27it/s]
438970it [00:20, 21686.93it/s]
441140it [00:21, 21666.57it/s]
443308it [00:21, 21285.92it/s]
445488it [00:21, 21436.38it/s]
447684it [00:21, 21591.47it/s]
449872it [00:21, 21675.03it/s]
452061it [00:21, 21737.35it/s]
454244it [00:21, 21761.74it/s]
456421it [00:21, 20682.61it/s]
458604it [00:21, 21012.98it/s]
460787it [00:22, 21250.80it/s]
462962it [00:22, 21397.33it/s]
465141it [00:22, 21512.74it/s]
467323it [00:22, 21602.59it/s]
469526it [00:22, 21727.50it/s]
471712it [00:22, 21765.83it/s]
473913it [00:22, 21835.75it/s]
476098it [00:22, 21036.38it/s]
478284it [00:22, 21275.54it/s]
480464it [00:22, 21429.31it/s]
482635it [00:23, 21511.62it/s]
484801it [00:23, 21554.91it/s]
486976it [00:23, 21612.75it/s]
489154it [00:23, 21660.45it/s]
491329it [00:23, 21685.21it/s]
493499it [00:23, 20586.86it/s]
495674it [00:23, 20921.62it/s]
497840it [00:23, 21136.95it/s]
500047it [00:23, 21408.16it/s]
502222it [00:23, 21508.90it/s]
504413it [00:24, 21627.67it/s]
506599it [00:24, 21696.74it/s]
508799it [00:24, 21784.27it/s]
511007it [00:24, 21869.85it/s]
513196it [00:24, 21530.59it/s]
515393it [00:24, 21657.89it/s]
517598it [00:24, 21773.31it/s]
519777it [00:24, 21736.63it/s]
521954it [00:24, 21743.56it/s]
524129it [00:24, 21737.27it/s]
526304it [00:25, 21563.34it/s]
528462it [00:25, 21567.21it/s]
530633it [00:25, 21608.64it/s]
532798it [00:25, 21618.80it/s]
534986it [00:25, 21694.73it/s]
537156it [00:25, 21518.85it/s]
539356it [00:25, 21658.83it/s]
541536it [00:25, 21700.47it/s]
543728it [00:25, 21763.62it/s]
545905it [00:25, 21734.79it/s]
548079it [00:26, 21419.16it/s]
550226it [00:26, 21433.09it/s]
552384it [00:26, 21474.25it/s]
554541it [00:26, 21501.26it/s]
556733it [00:26, 21625.60it/s]
558896it [00:26, 21448.72it/s]
561071it [00:26, 21536.27it/s]
563228it [00:26, 21544.56it/s]
565424it [00:26, 21666.74it/s]
567613it [00:26, 21731.75it/s]
569787it [00:27, 21211.09it/s]
571943it [00:27, 21311.00it/s]
574112it [00:27, 21421.20it/s]
576281it [00:27, 21500.34it/s]
578464it [00:27, 21596.01it/s]
580640it [00:27, 21642.93it/s]
582826it [00:27, 21706.14it/s]
584998it [00:27, 21199.55it/s]
587121it [00:27, 20501.15it/s]
589243it [00:27, 20708.67it/s]
591380it [00:28, 20899.83it/s]
593498it [00:28, 20980.90it/s]
595627it [00:28, 21069.92it/s]
597737it [00:28, 20636.12it/s]
599858it [00:28, 20800.96it/s]
601971it [00:28, 20897.83it/s]
604103it [00:28, 21022.02it/s]
606219it [00:28, 21060.75it/s]
608335it [00:28, 21089.71it/s]
610445it [00:29, 20594.02it/s]
612550it [00:29, 20726.03it/s]
614641it [00:29, 20779.92it/s]
616735it [00:29, 20825.39it/s]
618822it [00:29, 20838.22it/s]
620937it [00:29, 20929.02it/s]
623031it [00:29, 20884.28it/s]
625120it [00:29, 20650.92it/s]
627203it [00:29, 20701.91it/s]
629307it [00:29, 20800.96it/s]
631388it [00:30, 20766.38it/s]
633465it [00:30, 20730.35it/s]
635566it [00:30, 20810.56it/s]
637660it [00:30, 20846.16it/s]
639745it [00:30, 20831.93it/s]
641859it [00:30, 20923.98it/s]
643952it [00:30, 20916.81it/s]
646044it [00:30, 20741.07it/s]
648163it [00:30, 20874.62it/s]
650296it [00:30, 21009.47it/s]
652428it [00:31, 21101.98it/s]
654562it [00:31, 21171.60it/s]
656680it [00:31, 20787.63it/s]
658821it [00:31, 20969.63it/s]
660920it [00:31, 20304.51it/s]
663022it [00:31, 20512.66it/s]
665098it [00:31, 20582.13it/s]
667205it [00:31, 20722.89it/s]
669280it [00:31, 19757.71it/s]
671396it [00:31, 20158.78it/s]
673500it [00:32, 20414.42it/s]
675617it [00:32, 20635.46it/s]
677709it [00:32, 20717.04it/s]
679818it [00:32, 20824.63it/s]
681905it [00:32, 20837.40it/s]
683997it [00:32, 20861.53it/s]
686087it [00:32, 20871.56it/s]
688176it [00:32, 19561.81it/s]
690298it [00:32, 20035.44it/s]
692395it [00:32, 20305.37it/s]
694520it [00:33, 20581.66it/s]
696663it [00:33, 20829.30it/s]
698810it [00:33, 21017.34it/s]
700946it [00:33, 21118.31it/s]
703062it [00:33, 21081.49it/s]
705173it [00:33, 21066.27it/s]
707282it [00:33, 21049.21it/s]
709395it [00:33, 21071.76it/s]
711503it [00:33, 21053.15it/s]
713609it [00:33, 20974.39it/s]
715718it [00:34, 21007.99it/s]
717846it [00:34, 21088.45it/s]
719960it [00:34, 21103.60it/s]
722071it [00:34, 21057.00it/s]
724177it [00:34, 21048.26it/s]
726297it [00:34, 21092.09it/s]
728414it [00:34, 21114.65it/s]
730534it [00:34, 21139.43it/s]
732648it [00:34, 20989.02it/s]
734793it [00:34, 21123.91it/s]
736925it [00:35, 21180.97it/s]
739045it [00:35, 21186.39it/s]
741164it [00:35, 21153.43it/s]
743280it [00:35, 20318.51it/s]
745410it [00:35, 20603.21it/s]
747534it [00:35, 20788.76it/s]
749618it [00:35, 20795.02it/s]
751701it [00:35, 20799.41it/s]
753817it [00:35, 20903.94it/s]
755936it [00:36, 20988.81it/s]
758037it [00:36, 20988.54it/s]
760152it [00:36, 21035.73it/s]
762257it [00:36, 20940.64it/s]
764396it [00:36, 21074.05it/s]
766530it [00:36, 21150.55it/s]
768664it [00:36, 21206.24it/s]
770805it [00:36, 21264.58it/s]
772932it [00:36, 21102.00it/s]
775043it [00:36, 21083.61it/s]
777161it [00:37, 21110.05it/s]
779288it [00:37, 21155.46it/s]
781419it [00:37, 21200.49it/s]
783540it [00:37, 21064.65it/s]
785648it [00:37, 21066.49it/s]
787782it [00:37, 21146.47it/s]
789924it [00:37, 21227.06it/s]
792068it [00:37, 21289.93it/s]
794198it [00:37, 21147.39it/s]
796335it [00:37, 21212.63it/s]
798482it [00:38, 21286.55it/s]
800633it [00:38, 21352.49it/s]
802769it [00:38, 21314.39it/s]
804926it [00:38, 21389.47it/s]
807079it [00:38, 21428.42it/s]
809227it [00:38, 21442.86it/s]
811378it [00:38, 21461.62it/s]
813525it [00:38, 21299.39it/s]
815671it [00:38, 21344.82it/s]
817806it [00:38, 21320.12it/s]
819939it [00:39, 21299.16it/s]
822086it [00:39, 21349.75it/s]
824222it [00:39, 21233.88it/s]
826377it [00:39, 21326.51it/s]
828547it [00:39, 21437.53it/s]
830703it [00:39, 21473.06it/s]
832875it [00:39, 21546.47it/s]
835030it [00:39, 20736.86it/s]
837187it [00:39, 20979.24it/s]
839323it [00:39, 21089.09it/s]
841482it [00:40, 21236.95it/s]
843609it [00:40, 21243.09it/s]
845772it [00:40, 21357.06it/s]
847916it [00:40, 21381.43it/s]
850075it [00:40, 21441.60it/s]
852229it [00:40, 21470.26it/s]
854377it [00:40, 21032.24it/s]
856512it [00:40, 21125.75it/s]
858627it [00:40, 21093.77it/s]
860738it [00:40, 21033.59it/s]
862850it [00:41, 21058.42it/s]
864980it [00:41, 21128.07it/s]
867105it [00:41, 21163.73it/s]
869222it [00:41, 21032.61it/s]
871326it [00:41, 20948.26it/s]
873422it [00:41, 20894.50it/s]
875519it [00:41, 20914.40it/s]
877611it [00:41, 20047.50it/s]
879723it [00:41, 20358.33it/s]
881830it [00:41, 20566.23it/s]
883943it [00:42, 20731.91it/s]
886047it [00:42, 20822.02it/s]
888171it [00:42, 20943.35it/s]
890284it [00:42, 20996.43it/s]
892410it [00:42, 21074.02it/s]
894525it [00:42, 21095.19it/s]
896636it [00:42, 20212.37it/s]
898738it [00:42, 20444.74it/s]
900849it [00:42, 20639.69it/s]
902960it [00:42, 20777.46it/s]
905080it [00:43, 20900.48it/s]
907192it [00:43, 20962.95it/s]
909336it [00:43, 21103.82it/s]
911454it [00:43, 21124.13it/s]
913568it [00:43, 20262.44it/s]
915673it [00:43, 20490.22it/s]
917810it [00:43, 20746.28it/s]
919952it [00:43, 20941.47it/s]
922090it [00:43, 21069.12it/s]
924212it [00:43, 21110.77it/s]
926326it [00:44, 21105.18it/s]
928440it [00:44, 21113.67it/s]
930570it [00:44, 21166.34it/s]
932688it [00:44, 20318.27it/s]
934831it [00:44, 20639.02it/s]
936935it [00:44, 20756.44it/s]
939016it [00:44, 18843.12it/s]
941131it [00:44, 19479.48it/s]
943264it [00:44, 20003.01it/s]
945390it [00:45, 20364.71it/s]
947531it [00:45, 20667.50it/s]
949612it [00:45, 19938.16it/s]
951748it [00:45, 20345.30it/s]
953896it [00:45, 20673.39it/s]
956060it [00:45, 20955.97it/s]
958209it [00:45, 21111.13it/s]
960362it [00:45, 21233.95it/s]
962513it [00:45, 21314.00it/s]
964679it [00:45, 21415.98it/s]
966836it [00:46, 21459.21it/s]
968984it [00:46, 20516.17it/s]
971144it [00:46, 20830.24it/s]
973281it [00:46, 20987.13it/s]
975411it [00:46, 21078.90it/s]
977550it [00:46, 21168.35it/s]
979681it [00:46, 21209.49it/s]
981840it [00:46, 21322.81it/s]
983992it [00:46, 21380.12it/s]
986147it [00:46, 21428.75it/s]
988291it [00:47, 20485.52it/s]
990447it [00:47, 20795.59it/s]
992592it [00:47, 20985.20it/s]
994698it [00:47, 21004.51it/s]
996807it [00:47, 21029.24it/s]
998953it [00:47, 21155.00it/s]
1001109it [00:47, 21274.16it/s]
1003288it [00:47, 21428.03it/s]
1005455it [00:47, 21496.60it/s]
1007606it [00:47, 20547.59it/s]
1009729it [00:48, 20742.56it/s]
1011860it [00:48, 20908.64it/s]
1013991it [00:48, 21026.70it/s]
1016128it [00:48, 21127.28it/s]
1018279it [00:48, 21239.50it/s]
1020425it [00:48, 21304.44it/s]
1022574it [00:48, 21358.85it/s]
1024711it [00:48, 20426.44it/s]
1026873it [00:48, 20772.21it/s]
1029030it [00:49, 21004.77it/s]
1031180it [00:49, 21147.84it/s]
1033329it [00:49, 21247.35it/s]
1035474it [00:49, 21306.26it/s]
1037626it [00:49, 21368.28it/s]
1039770it [00:49, 21385.19it/s]
1041931it [00:49, 21450.12it/s]
1044077it [00:49, 20394.58it/s]
1046222it [00:49, 20698.42it/s]
1048363it [00:49, 20906.16it/s]
1050494it [00:50, 21023.47it/s]
1052614it [00:50, 21075.20it/s]
1054777it [00:50, 21238.91it/s]
1056904it [00:50, 20466.12it/s]
1059065it [00:50, 20796.26it/s]
1061185it [00:50, 20912.38it/s]
1063281it [00:50, 20751.39it/s]
1065449it [00:50, 21023.23it/s]
1067605it [00:50, 21181.25it/s]
1069753it [00:50, 21268.57it/s]
1071919it [00:51, 21384.31it/s]
1074067it [00:51, 21409.96it/s]
1076209it [00:51, 20373.06it/s]
1078359it [00:51, 20698.13it/s]
1080520it [00:51, 20963.18it/s]
1082679it [00:51, 21146.59it/s]
1084846it [00:51, 21298.86it/s]
1086992it [00:51, 21344.50it/s]
1089155it [00:51, 21428.70it/s]
1091300it [00:51, 21424.39it/s]
1093451it [00:52, 21448.03it/s]
1095597it [00:52, 20678.71it/s]
1097742it [00:52, 20903.49it/s]
1099881it [00:52, 21043.83it/s]
1102039it [00:52, 21201.09it/s]
1104188it [00:52, 21284.07it/s]
1106351it [00:52, 21386.69it/s]
1108492it [00:52, 21374.35it/s]
1110641it [00:52, 21407.29it/s]
1112783it [00:52, 20460.18it/s]
1114923it [00:53, 20730.05it/s]
1117076it [00:53, 20964.08it/s]
1119241it [00:53, 21163.96it/s]
1121374it [00:53, 21211.61it/s]
1123516it [00:53, 21273.47it/s]
1125659it [00:53, 21317.40it/s]
1127804it [00:53, 21355.86it/s]
1129951it [00:53, 21389.64it/s]
1132091it [00:53, 20966.29it/s]
1134233it [00:53, 21098.77it/s]
1136397it [00:54, 21257.91it/s]
1138540it [00:54, 21307.08it/s]
1140707it [00:54, 21412.52it/s]
1142876it [00:54, 21494.78it/s]
1145027it [00:54, 21375.19it/s]
1147205it [00:54, 21494.95it/s]
1149399it [00:54, 21627.18it/s]
1151563it [00:54, 21618.15it/s]
1153745it [00:54, 21678.26it/s]
1155914it [00:55, 21457.34it/s]
1158096it [00:55, 21564.49it/s]
1160268it [00:55, 21607.98it/s]
1162434it [00:55, 21621.65it/s]
1164597it [00:55, 21547.63it/s]
1166752it [00:55, 21262.35it/s]
1168907it [00:55, 21346.11it/s]
1171054it [00:55, 21381.71it/s]
1173214it [00:55, 21445.02it/s]
1175365it [00:55, 21463.14it/s]
1177515it [00:56, 21471.93it/s]
1179663it [00:56, 21367.23it/s]
1181824it [00:56, 21437.46it/s]
1183978it [00:56, 21465.19it/s]
1186126it [00:56, 21466.70it/s]
1188273it [00:56, 20556.04it/s]
1190337it [00:56, 20395.95it/s]
1192494it [00:56, 20736.17it/s]
1194632it [00:56, 20922.19it/s]
1196783it [00:56, 21095.89it/s]
1198927it [00:57, 21196.27it/s]
1201086it [00:57, 21312.06it/s]
1203219it [00:57, 20910.98it/s]
1205347it [00:57, 21018.02it/s]
1207462it [00:57, 21055.64it/s]
1209585it [00:57, 21107.03it/s]
1211697it [00:57, 21094.56it/s]
1213829it [00:57, 21160.10it/s]
1215952it [00:57, 21178.65it/s]
1218071it [00:57, 20694.18it/s]
1220169it [00:58, 20775.83it/s]
1222273it [00:58, 20851.24it/s]
1224379it [00:58, 20911.78it/s]
1226489it [00:58, 20966.98it/s]
1228587it [00:58, 20938.12it/s]
1230682it [00:58, 20465.74it/s]
1232765it [00:58, 20570.77it/s]
1234845it [00:58, 20637.56it/s]
1236923it [00:58, 20676.22it/s]
1239021it [00:58, 20765.94it/s]
1241107it [00:59, 20792.34it/s]
1243187it [00:59, 20570.31it/s]
1245261it [00:59, 20620.60it/s]
1247340it [00:59, 20669.21it/s]
1249431it [00:59, 20739.76it/s]
1251560it [00:59, 20901.92it/s]
1253674it [00:59, 20971.39it/s]
1255782it [00:59, 21003.27it/s]
1257898it [00:59, 21048.31it/s]
1260012it [00:59, 21073.34it/s]
1262120it [01:00, 21024.81it/s]
1264246it [01:00, 21095.08it/s]
1266356it [01:00, 21083.08it/s]
1268467it [01:00, 21088.91it/s]
1270586it [01:00, 21118.68it/s]
1272707it [01:00, 21143.99it/s]
1274832it [01:00, 21174.93it/s]
1276950it [01:00, 21171.61it/s]
1279076it [01:00, 21194.89it/s]
1281204it [01:00, 21218.08it/s]
1283326it [01:01, 21197.75it/s]
1285446it [01:01, 21187.03it/s]
1287565it [01:01, 21148.94it/s]
1289697it [01:01, 21199.22it/s]
1291817it [01:01, 21151.44it/s]
1293935it [01:01, 21158.46it/s]
1296051it [01:01, 21144.70it/s]
1298183it [01:01, 21194.82it/s]
1300303it [01:01, 21100.43it/s]
1302420it [01:01, 21119.15it/s]
1304532it [01:02, 21089.70it/s]
1306646it [01:02, 21103.01it/s]
1308757it [01:02, 21081.62it/s]
1310868it [01:02, 21089.53it/s]
1312977it [01:02, 21025.22it/s]
1315080it [01:02, 21000.59it/s]
1317194it [01:02, 21039.18it/s]
1319306it [01:02, 21063.02it/s]
1321420it [01:02, 21083.97it/s]
1323535it [01:02, 21100.85it/s]
1325655it [01:03, 21129.88it/s]
1327797it [01:03, 21215.54it/s]
1329920it [01:03, 21219.11it/s]
1332049it [01:03, 21238.96it/s]
1334173it [01:03, 21209.93it/s]
1336299it [01:03, 21221.53it/s]
1338422it [01:03, 20480.43it/s]
1340551it [01:03, 20715.25it/s]
1342651it [01:03, 20798.20it/s]
1344773it [01:03, 20922.01it/s]
1346884it [01:04, 20975.86it/s]
1349004it [01:04, 21040.70it/s]
1351118it [01:04, 21070.17it/s]
1353234it [01:04, 21096.14it/s]
1355349it [01:04, 21110.10it/s]
1357461it [01:04, 21102.88it/s]
1359578it [01:04, 21120.67it/s]
1361709it [01:04, 21174.72it/s]
1363830it [01:04, 21183.41it/s]
1365972it [01:04, 21251.93it/s]
1368113it [01:05, 21298.28it/s]
1370255it [01:05, 21332.61it/s]
1372389it [01:05, 21259.98it/s]
1374516it [01:05, 21259.33it/s]
1376642it [01:05, 21214.58it/s]
1378765it [01:05, 21218.39it/s]
1380887it [01:05, 21158.06it/s]
1383003it [01:05, 21139.89it/s]
1385118it [01:05, 21099.42it/s]
1387238it [01:05, 21129.16it/s]
1389351it [01:06, 21103.72it/s]
1391471it [01:06, 21130.32it/s]
1393592it [01:06, 21151.75it/s]
1395708it [01:06, 20977.83it/s]
1397821it [01:06, 21022.31it/s]
1399936it [01:06, 21059.04it/s]
1402067it [01:06, 21131.70it/s]
1404206it [01:06, 21208.41it/s]
1406327it [01:06, 20810.71it/s]
1408463it [01:06, 20972.74it/s]
1410598it [01:07, 21082.00it/s]
1412757it [01:07, 21230.05it/s]
1414900it [01:07, 21288.65it/s]
1417046it [01:07, 21339.16it/s]
1419181it [01:07, 20270.97it/s]
1421329it [01:07, 20619.26it/s]
1423480it [01:07, 20877.50it/s]
1425621it [01:07, 21033.09it/s]
1427730it [01:07, 21010.01it/s]
1429874it [01:08, 21137.01it/s]
1432000it [01:08, 21172.63it/s]
1434144it [01:08, 21249.41it/s]
1436271it [01:08, 21216.03it/s]
1438400it [01:08, 21237.49it/s]
1440525it [01:08, 19912.75it/s]
1442672it [01:08, 20355.11it/s]
1444792it [01:08, 20597.65it/s]
1446931it [01:08, 20828.54it/s]
1449064it [01:08, 20975.79it/s]
1451211it [01:09, 21122.01it/s]
1453353it [01:09, 21208.04it/s]
1455492it [01:09, 21259.73it/s]
1457634it [01:09, 21304.58it/s]
1459783it [01:09, 21358.12it/s]
1461953it [01:09, 21457.04it/s]
1464100it [01:09, 21345.81it/s]
1466236it [01:09, 21338.21it/s]
1468371it [01:09, 21325.80it/s]
1470508it [01:09, 21336.63it/s]
1472654it [01:10, 21372.13it/s]
1474792it [01:10, 21274.67it/s]
1476945it [01:10, 21349.89it/s]
1479081it [01:10, 21335.62it/s]
1481220it [01:10, 21348.79it/s]
1483355it [01:10, 21178.82it/s]
1485475it [01:10, 21184.11it/s]
1487604it [01:10, 21212.72it/s]
1489741it [01:10, 21257.32it/s]
1491867it [01:10, 21203.35it/s]
1493988it [01:11, 21086.51it/s]
1496119it [01:11, 21151.46it/s]
1498278it [01:11, 21280.65it/s]
1500407it [01:11, 21279.87it/s]
1502536it [01:11, 21270.24it/s]
1504664it [01:11, 20594.95it/s]
1506801it [01:11, 20819.48it/s]
1508929it [01:11, 20952.87it/s]
1511054it [01:11, 21038.47it/s]
1513190it [01:11, 21131.97it/s]
1515305it [01:12, 21035.63it/s]
1517463it [01:12, 21197.03it/s]
1519629it [01:12, 21333.43it/s]
1521790it [01:12, 21415.15it/s]
1523933it [01:12, 21358.78it/s]
1526086it [01:12, 21407.16it/s]
1528244it [01:12, 21456.19it/s]
1530390it [01:12, 21432.22it/s]
1532544it [01:12, 21460.95it/s]
1534691it [01:12, 21328.69it/s]
1536866it [01:13, 21451.36it/s]
1539022it [01:13, 21482.74it/s]
1541187it [01:13, 21531.20it/s]
1543341it [01:13, 21453.78it/s]
1545487it [01:13, 21297.33it/s]
1547620it [01:13, 21304.99it/s]
1549762it [01:13, 21337.12it/s]
1551914it [01:13, 21391.31it/s]
1554054it [01:13, 21281.41it/s]
1556199it [01:13, 21329.49it/s]
1558354it [01:14, 21395.11it/s]
1560494it [01:14, 21359.57it/s]
1562631it [01:14, 21348.88it/s]
1564766it [01:14, 21233.85it/s]
1566934it [01:14, 21364.17it/s]
1569100it [01:14, 21450.69it/s]
1571280it [01:14, 21554.78it/s]
1573464it [01:14, 21639.88it/s]
1575629it [01:14, 21537.80it/s]
1577814it [01:14, 21629.40it/s]
1580006it [01:15, 21715.89it/s]
1582197it [01:15, 21773.41it/s]
1584391it [01:15, 21820.98it/s]
1586574it [01:15, 21709.14it/s]
1588770it [01:15, 21781.85it/s]
1590971it [01:15, 21849.20it/s]
1593170it [01:15, 21890.38it/s]
1595360it [01:15, 21755.80it/s]
1597548it [01:15, 21791.35it/s]
1599728it [01:15, 21775.92it/s]
1601916it [01:16, 21804.76it/s]
1604098it [01:16, 21808.49it/s]
1606279it [01:16, 21197.23it/s]
1608436it [01:16, 21306.38it/s]
1610605it [01:16, 21419.27it/s]
1612760it [01:16, 21456.76it/s]
1614928it [01:16, 21522.94it/s]
1617082it [01:16, 21520.17it/s]
1619235it [01:16, 21514.41it/s]
1621387it [01:16, 21180.36it/s]
1623510it [01:17, 21194.37it/s]
1625633it [01:17, 21203.48it/s]
1627784it [01:17, 21294.03it/s]
1629914it [01:17, 21275.43it/s]
1632042it [01:17, 21265.35it/s]
1634191it [01:17, 21330.11it/s]
1636342it [01:17, 21382.43it/s]
1638481it [01:17, 21351.54it/s]
1640640it [01:17, 21421.28it/s]
1642783it [01:18, 20517.66it/s]
1644960it [01:18, 20880.58it/s]
1647105it [01:18, 21045.93it/s]
1649250it [01:18, 21162.01it/s]
1651393it [01:18, 21241.00it/s]
1653564it [01:18, 21377.71it/s]
1655708it [01:18, 21394.60it/s]
1657891it [01:18, 21523.59it/s]
1660045it [01:18, 20646.33it/s]
1662225it [01:18, 20979.65it/s]
1664394it [01:19, 21186.47it/s]
1666592it [01:19, 21417.63it/s]
1668777it [01:19, 21543.49it/s]
1670974it [01:19, 21667.77it/s]
1673148it [01:19, 21687.45it/s]
1675349it [01:19, 21780.87it/s]
1677529it [01:19, 21783.60it/s]
1679709it [01:19, 20897.58it/s]
1681896it [01:19, 21179.38it/s]
1684091it [01:19, 21404.51it/s]
1686285it [01:20, 21562.19it/s]
1688481it [01:20, 21677.50it/s]
1690673it [01:20, 21745.71it/s]
1692850it [01:20, 18106.65it/s]
1694841it [01:20, 18216.76it/s]
1697021it [01:20, 19176.44it/s]
1699201it [01:20, 19903.27it/s]
1701385it [01:20, 20452.42it/s]
1703546it [01:20, 20785.56it/s]
1705749it [01:21, 21145.87it/s]
1707933it [01:21, 21348.40it/s]
1710139it [01:21, 21556.79it/s]
1712324it [01:21, 21643.30it/s]
1714496it [01:21, 20699.87it/s]
1716664it [01:21, 20982.22it/s]
1718832it [01:21, 21185.19it/s]
1720995it [01:21, 21314.01it/s]
1723168it [01:21, 21436.88it/s]
1725330it [01:21, 21489.62it/s]
1727504it [01:22, 21563.74it/s]
1729692it [01:22, 21656.54it/s]
1731880it [01:22, 21720.54it/s]
1734054it [01:22, 20778.31it/s]
1736248it [01:22, 21113.10it/s]
1738420it [01:22, 21288.89it/s]
1740619it [01:22, 21492.57it/s]
1742803it [01:22, 21594.88it/s]
1745001it [01:22, 21707.67it/s]
1747182it [01:22, 21735.62it/s]
1749382it [01:23, 21814.19it/s]
1751565it [01:23, 21792.06it/s]
1753746it [01:23, 20799.04it/s]
1755920it [01:23, 21069.41it/s]
1758113it [01:23, 21320.14it/s]
1760299it [01:23, 21478.82it/s]
1762498it [01:23, 21630.20it/s]
1764705it [01:23, 21758.54it/s]
1766906it [01:23, 21832.43it/s]
1769098it [01:23, 21855.55it/s]
1771285it [01:24, 20926.11it/s]
1773480it [01:24, 21222.48it/s]
1775680it [01:24, 21449.04it/s]
1777867it [01:24, 21571.57it/s]
1780069it [01:24, 21703.47it/s]
1782263it [01:24, 21773.00it/s]
1784475it [01:24, 21876.25it/s]
1786674it [01:24, 21904.61it/s]
1788887it [01:24, 21970.57it/s]
1791085it [01:24, 20920.24it/s]
1793278it [01:25, 21210.07it/s]
1795469it [01:25, 21414.63it/s]
1797646it [01:25, 21518.40it/s]
1799837it [01:25, 21632.70it/s]
1802031it [01:25, 21721.60it/s]
1804223it [01:25, 21776.77it/s]
1806403it [01:25, 21757.61it/s]
1808582it [01:25, 21766.10it/s]
1810760it [01:25, 20614.78it/s]
1812904it [01:26, 20849.90it/s]
1815072it [01:26, 21089.45it/s]
1817243it [01:26, 21270.73it/s]
1819391it [01:26, 21329.37it/s]
1821540it [01:26, 21375.57it/s]
1823729it [01:26, 21527.72it/s]
1825900it [01:26, 21579.34it/s]
1828121it [01:26, 21766.13it/s]
1830309it [01:26, 21798.85it/s]
1832490it [01:26, 21342.63it/s]
1834653it [01:27, 21426.04it/s]
1836803it [01:27, 21446.43it/s]
1838950it [01:27, 21422.05it/s]
1841114it [01:27, 21485.19it/s]
1843264it [01:27, 21487.61it/s]
1845414it [01:27, 20397.23it/s]
1847542it [01:27, 20650.18it/s]
1849696it [01:27, 20907.52it/s]
1851845it [01:27, 21076.63it/s]
1854001it [01:27, 21218.41it/s]
1856150it [01:28, 21297.03it/s]
1858304it [01:28, 21368.47it/s]
1860466it [01:28, 21443.28it/s]
1862645it [01:28, 21543.97it/s]
1864801it [01:28, 20767.35it/s]
1866952it [01:28, 20982.18it/s]
1869106it [01:28, 21145.98it/s]
1871271it [01:28, 21292.17it/s]
1873431it [01:28, 21379.93it/s]
1875601it [01:28, 21473.10it/s]
1877750it [01:29, 21465.29it/s]
1879901it [01:29, 21478.03it/s]
1882050it [01:29, 20583.97it/s]
1884256it [01:29, 21010.08it/s]
1886442it [01:29, 21257.60it/s]
1888631it [01:29, 21441.83it/s]
1890818it [01:29, 21568.42it/s]
1892982it [01:29, 21588.08it/s]
1895147it [01:29, 21604.67it/s]
1897320it [01:29, 21640.58it/s]
1899486it [01:30, 21090.90it/s]
1901673it [01:30, 21319.54it/s]
1903809it [01:30, 19959.97it/s]
1905999it [01:30, 20507.26it/s]
1908150it [01:30, 20795.06it/s]
1910320it [01:30, 21056.75it/s]
1912496it [01:30, 21263.02it/s]
1914630it [01:30, 21229.24it/s]
1916787it [01:30, 21327.56it/s]
1918963it [01:30, 21455.87it/s]
1921117it [01:31, 21480.28it/s]
1923295it [01:31, 21568.79it/s]
1925454it [01:31, 21386.83it/s]
1927651it [01:31, 21560.02it/s]
1929812it [01:31, 21572.19it/s]
1931978it [01:31, 21597.40it/s]
1934141it [01:31, 21605.31it/s]
1936302it [01:31, 21350.88it/s]
1938475it [01:31, 21461.67it/s]
1940647it [01:32, 21536.31it/s]
1942812it [01:32, 21569.83it/s]
1944986it [01:32, 21620.20it/s]
1947149it [01:32, 21168.69it/s]
1949328it [01:32, 21351.38it/s]
1951513it [01:32, 21498.02it/s]
1953686it [01:32, 21564.45it/s]
1955863it [01:32, 21624.84it/s]
1958045it [01:32, 21681.50it/s]
1960214it [01:32, 21179.69it/s]
1962377it [01:33, 21311.62it/s]
1964518it [01:33, 21338.98it/s]
1966671it [01:33, 21394.13it/s]
1968812it [01:33, 21389.87it/s]
1970961it [01:33, 21418.27it/s]
1973104it [01:33, 21397.63it/s]
1975245it [01:33, 20893.31it/s]
1977354it [01:33, 20948.69it/s]
1979484it [01:33, 21050.91it/s]
1981596it [01:33, 21070.83it/s]
1983713it [01:34, 21098.61it/s]
1985824it [01:34, 21050.48it/s]
1987930it [01:34, 20567.23it/s]
1990016it [01:34, 20650.48it/s]
1992107it [01:34, 20726.69it/s]
1994196it [01:34, 20774.72it/s]
1996280it [01:34, 20793.92it/s]
1998361it [01:34, 20743.63it/s]
2000459it [01:34, 20812.96it/s]
2002541it [01:34, 20285.13it/s]
2004620it [01:35, 20429.95it/s]
2006688it [01:35, 20501.13it/s]
2008770it [01:35, 20593.82it/s]
2010854it [01:35, 20664.59it/s]
2012961it [01:35, 20782.36it/s]
2015041it [01:35, 20763.86it/s]
2017118it [01:35, 20700.95it/s]
2019189it [01:35, 20688.95it/s]
2021264it [01:35, 20704.94it/s]
2023335it [01:35, 20448.27it/s]
2025414it [01:36, 20549.19it/s]
2027484it [01:36, 20593.17it/s]
2029555it [01:36, 20627.41it/s]
2031636it [01:36, 20680.79it/s]
2033705it [01:36, 20348.56it/s]
2035770it [01:36, 20436.73it/s]
2037838it [01:36, 20507.03it/s]
2039890it [01:36, 20489.33it/s]
2041949it [01:36, 20518.85it/s]
2044005it [01:36, 20530.51it/s]
2046059it [01:37, 19552.54it/s]
2048138it [01:37, 19905.98it/s]
2050220it [01:37, 20171.06it/s]
2052289it [01:37, 20321.31it/s]
2054371it [01:37, 20467.03it/s]
2056459it [01:37, 20588.67it/s]
2058526it [01:37, 20612.76it/s]
2060600it [01:37, 20649.10it/s]
2062690it [01:37, 20723.24it/s]
2064764it [01:37, 20713.26it/s]
2066836it [01:38, 19428.36it/s]
2068905it [01:38, 19788.02it/s]
2070999it [01:38, 20119.04it/s]
2073089it [01:38, 20345.79it/s]
2075195it [01:38, 20555.76it/s]
2077308it [01:38, 20725.15it/s]
2079406it [01:38, 20799.77it/s]
2081490it [01:38, 20787.15it/s]
2083619it [01:38, 20935.29it/s]
2085743it [01:38, 21023.22it/s]
2087870it [01:39, 21096.08it/s]
2089981it [01:39, 21012.89it/s]
2092113it [01:39, 21104.21it/s]
2094263it [01:39, 21220.93it/s]
2096416it [01:39, 21310.42it/s]
2098560it [01:39, 21346.11it/s]
2100695it [01:39, 21239.28it/s]
2102842it [01:39, 21305.36it/s]
2104992it [01:39, 21359.02it/s]
2107134it [01:40, 21375.81it/s]
2109272it [01:40, 21296.37it/s]
2111415it [01:40, 21334.63it/s]
2113563it [01:40, 21376.42it/s]
2115701it [01:40, 21341.82it/s]
2117843it [01:40, 21363.08it/s]
2119980it [01:40, 21270.71it/s]
2122135it [01:40, 21353.25it/s]
2124279it [01:40, 21377.51it/s]
2126438it [01:40, 21440.60it/s]
2128583it [01:41, 21410.09it/s]
2130725it [01:41, 21295.64it/s]
2132871it [01:41, 21344.46it/s]
2135012it [01:41, 21361.95it/s]
2137149it [01:41, 21341.67it/s]
2139284it [01:41, 21260.99it/s]
2141411it [01:41, 20105.58it/s]
2143536it [01:41, 20434.31it/s]
2145653it [01:41, 20647.35it/s]
2147781it [01:41, 20830.58it/s]
2149870it [01:42, 20827.32it/s]
2152024it [01:42, 21036.81it/s]
2154144it [01:42, 21084.07it/s]
2156286it [01:42, 21183.16it/s]
2158431it [01:42, 21260.46it/s]
2160559it [01:42, 21161.40it/s]
2162677it [01:42, 21129.52it/s]
2164791it [01:42, 21125.96it/s]
2166929it [01:42, 21198.60it/s]
2169068it [01:42, 21254.38it/s]
2171194it [01:43, 21169.21it/s]
2173319it [01:43, 21192.25it/s]
2175439it [01:43, 21176.04it/s]
2177569it [01:43, 21210.87it/s]
2179691it [01:43, 21100.74it/s]
2181837it [01:43, 21206.57it/s]
2183959it [01:43, 21210.27it/s]
2186115it [01:43, 21313.76it/s]
2188247it [01:43, 21295.41it/s]
2190377it [01:43, 21169.41it/s]
2192529it [01:44, 21272.18it/s]
2194667it [01:44, 21304.09it/s]
2196798it [01:44, 21290.27it/s]
2198928it [01:44, 21286.99it/s]
2201057it [01:44, 21178.47it/s]
2203195it [01:44, 21237.27it/s]
2205334it [01:44, 21282.65it/s]
2207480it [01:44, 21334.11it/s]
2209614it [01:44, 21266.21it/s]
2211741it [01:44, 21164.32it/s]
2213897it [01:45, 21279.82it/s]
2216046it [01:45, 21341.32it/s]
2218181it [01:45, 21336.58it/s]
2220315it [01:45, 21194.67it/s]
2222455it [01:45, 21254.31it/s]
2224595it [01:45, 21295.55it/s]
2226725it [01:45, 21293.17it/s]
2228867it [01:45, 21327.59it/s]
2231000it [01:45, 20797.99it/s]
2233141it [01:45, 20975.85it/s]
2235282it [01:46, 21104.16it/s]
2237419it [01:46, 21181.31it/s]
2239539it [01:46, 21152.61it/s]
2241656it [01:46, 21087.75it/s]
2243785it [01:46, 21145.79it/s]
2245901it [01:46, 21003.23it/s]
2248046it [01:46, 21135.88it/s]
2250193it [01:46, 21235.31it/s]
2252322it [01:46, 21249.62it/s]
2254483it [01:46, 21354.41it/s]
2256619it [01:47, 21165.44it/s]
2258737it [01:47, 21159.21it/s]
2260857it [01:47, 21170.09it/s]
2262975it [01:47, 21172.44it/s]
2265093it [01:47, 21145.09it/s]
2267208it [01:47, 20300.67it/s]
2269342it [01:47, 20602.32it/s]
2271500it [01:47, 20887.33it/s]
2273651it [01:47, 21069.59it/s]
2275809it [01:47, 21218.81it/s]
2277956it [01:48, 21292.82it/s]
2280123it [01:48, 21405.19it/s]
2282288it [01:48, 21476.28it/s]
2284442it [01:48, 21494.54it/s]
2286593it [01:48, 20569.54it/s]
2288731it [01:48, 20804.54it/s]
2290864it [01:48, 20958.15it/s]
2293012it [01:48, 21111.16it/s]
2295138it [01:48, 21155.18it/s]
2297290it [01:48, 21261.28it/s]
2299432it [01:49, 21306.33it/s]
2301576it [01:49, 21345.65it/s]
2303712it [01:49, 20456.16it/s]
2305870it [01:49, 20779.79it/s]
2308028it [01:49, 21013.76it/s]
2310169it [01:49, 21128.30it/s]
2312303it [01:49, 21190.24it/s]
2314461it [01:49, 21303.27it/s]
2316616it [01:49, 21374.44it/s]
2318763it [01:50, 21399.05it/s]
2320904it [01:50, 21394.00it/s]
2323045it [01:50, 20485.20it/s]
2325191it [01:50, 20765.67it/s]
2327320it [01:50, 20918.54it/s]
2329443it [01:50, 21008.11it/s]
2331577it [01:50, 21104.86it/s]
2333700it [01:50, 21140.52it/s]
2335855it [01:50, 21261.63it/s]
2337999it [01:50, 21314.60it/s]
2340132it [01:51, 20403.37it/s]
2342269it [01:51, 20683.62it/s]
2344415it [01:51, 20910.38it/s]
2346571it [01:51, 21099.15it/s]
2348727it [01:51, 21234.88it/s]
2350878it [01:51, 21314.44it/s]
2353025it [01:51, 21358.75it/s]
2355174it [01:51, 21395.71it/s]
2357315it [01:51, 21366.82it/s]
2359453it [01:51, 20396.21it/s]
2361600it [01:52, 20706.00it/s]
2363743it [01:52, 20916.36it/s]
2365889it [01:52, 21075.17it/s]
2368046it [01:52, 21221.54it/s]
2370207it [01:52, 21336.18it/s]
2372383it [01:52, 21461.35it/s]
2374556it [01:52, 21539.44it/s]
2376712it [01:52, 21443.60it/s]
2378858it [01:52, 20427.91it/s]
2380984it [01:52, 20667.20it/s]
2383140it [01:53, 20926.01it/s]
2385291it [01:53, 21096.05it/s]
2387466it [01:53, 21287.34it/s]
2389626it [01:53, 21379.42it/s]
2391783it [01:53, 21434.38it/s]
2393937it [01:53, 21465.40it/s]
2396085it [01:53, 21468.92it/s]
2398233it [01:53, 20456.18it/s]
2400391it [01:53, 20781.06it/s]
2402552it [01:53, 21020.72it/s]
2404702it [01:54, 21159.04it/s]
2406853it [01:54, 21260.62it/s]
2408983it [01:54, 17166.66it/s]
2411169it [01:54, 18363.38it/s]
2413349it [01:54, 19279.31it/s]
2415366it [01:54, 18974.16it/s]
2417525it [01:54, 19698.93it/s]
2419674it [01:54, 20205.24it/s]
2421837it [01:54, 20615.97it/s]
2423997it [01:55, 20902.46it/s]
2426175it [01:55, 21159.02it/s]
2428311it [01:55, 21218.12it/s]
2430494it [01:55, 21399.19it/s]
2432694it [01:55, 21577.81it/s]
2434858it [01:55, 20600.04it/s]
2437030it [01:55, 20920.80it/s]
2439214it [01:55, 21189.19it/s]
2441396it [01:55, 21373.73it/s]
2443574it [01:55, 21491.94it/s]
2445752it [01:56, 21576.02it/s]
2447956it [01:56, 21711.38it/s]
2450138it [01:56, 21743.31it/s]
2452320it [01:56, 21765.12it/s]
2454498it [01:56, 21320.36it/s]
2456693it [01:56, 21504.23it/s]
2458885it [01:56, 21624.64it/s]
2461086it [01:56, 21736.92it/s]
2463265it [01:56, 21750.61it/s]
2465459it [01:57, 21806.35it/s]
2467641it [01:57, 20738.36it/s]
2469826it [01:57, 21057.01it/s]
2471977it [01:57, 21188.11it/s]
2474135it [01:57, 21301.72it/s]
2476287it [01:57, 21364.85it/s]
2478468it [01:57, 21495.87it/s]
2480651it [01:57, 21594.49it/s]
2482862it [01:57, 21746.55it/s]
2485053it [01:57, 21793.97it/s]
2487234it [01:58, 21001.95it/s]
2489414it [01:58, 21233.54it/s]
2491627it [01:58, 21494.84it/s]
2493817it [01:58, 21613.15it/s]
2496022it [01:58, 21739.12it/s]
2498218it [01:58, 21801.68it/s]
2500412it [01:58, 21840.39it/s]
2502598it [01:58, 21843.94it/s]
2504784it [01:58, 20741.04it/s]
2506972it [01:58, 21068.63it/s]
2509186it [01:59, 21378.77it/s]
2511351it [01:59, 21456.59it/s]
2513538it [01:59, 21577.43it/s]
2515718it [01:59, 21640.78it/s]
2517894it [01:59, 21675.87it/s]
2520088it [01:59, 21751.75it/s]
2522284it [01:59, 21812.24it/s]
2524467it [01:59, 21461.71it/s]
2526663it [01:59, 21606.09it/s]
2528849it [01:59, 21681.03it/s]
2531055it [02:00, 21792.00it/s]
2533237it [02:00, 21797.20it/s]
2535436it [02:00, 21848.51it/s]
2537622it [02:00, 21693.43it/s]
2539813it [02:00, 21757.81it/s]
2541994it [02:00, 21771.81it/s]
2544189it [02:00, 21824.31it/s]
2546390it [02:00, 21876.74it/s]
2548578it [02:00, 21727.87it/s]
2550772it [02:00, 21790.43it/s]
2552972it [02:01, 21851.79it/s]
2555159it [02:01, 21856.37it/s]
2557374it [02:01, 21942.19it/s]
2559569it [02:01, 21597.72it/s]
2561789it [02:01, 21772.58it/s]
2563998it [02:01, 21863.46it/s]
2566227it [02:01, 21988.04it/s]
2568430it [02:01, 21998.71it/s]
2570631it [02:01, 21977.95it/s]
2572830it [02:01, 21496.98it/s]
2575020it [02:02, 21614.82it/s]
2577196it [02:02, 21657.24it/s]
2579378it [02:02, 21704.65it/s]
2581550it [02:02, 21696.72it/s]
2583747it [02:02, 21776.20it/s]
2585926it [02:02, 21227.95it/s]
2588082it [02:02, 21324.96it/s]
2590223it [02:02, 21349.92it/s]
2592395it [02:02, 21457.66it/s]
2594543it [02:02, 21463.53it/s]
2596696it [02:03, 21481.11it/s]
2598845it [02:03, 21004.99it/s]
2600988it [02:03, 21129.63it/s]
2603141it [02:03, 21245.30it/s]
2605282it [02:03, 21292.36it/s]
2607449it [02:03, 21402.08it/s]
2609602it [02:03, 21439.43it/s]
2611761it [02:03, 21481.31it/s]
2613910it [02:03, 20946.00it/s]
2616040it [02:03, 21048.82it/s]
2618186it [02:04, 21168.41it/s]
2620329it [02:04, 21245.02it/s]
2622468it [02:04, 21286.27it/s]
2624598it [02:04, 21271.89it/s]
2626726it [02:04, 20827.39it/s]
2628842it [02:04, 20924.40it/s]
2630958it [02:04, 20993.58it/s]
2633070it [02:04, 21030.32it/s]
2635181it [02:04, 21053.74it/s]
2637294it [02:05, 21075.05it/s]
2639426it [02:05, 21147.73it/s]
2641560it [02:05, 21202.20it/s]
2643694it [02:05, 21241.77it/s]
2645822it [02:05, 21252.26it/s]
2647948it [02:05, 21237.80it/s]
2650079it [02:05, 21258.98it/s]
2652205it [02:05, 21212.50it/s]
2654327it [02:05, 21167.22it/s]
2656444it [02:05, 21080.08it/s]
2658568it [02:06, 21124.24it/s]
2660706it [02:06, 21198.91it/s]
2662826it [02:06, 21156.55it/s]
2664946it [02:06, 21168.02it/s]
2667063it [02:06, 21115.10it/s]
2669183it [02:06, 21139.90it/s]
2671318it [02:06, 21202.20it/s]
2673469it [02:06, 21292.84it/s]
2675599it [02:06, 21244.42it/s]
2677732it [02:06, 21269.11it/s]
2679859it [02:07, 21226.22it/s]
2681995it [02:07, 21264.84it/s]
2684122it [02:07, 21263.13it/s]
2686249it [02:07, 21247.01it/s]
2688374it [02:07, 21174.82it/s]
2690492it [02:07, 21125.63it/s]
2692605it [02:07, 21109.62it/s]
2694729it [02:07, 21148.12it/s]
2696844it [02:07, 21130.60it/s]
2698958it [02:07, 21111.29it/s]
2701070it [02:08, 21111.73it/s]
2703195it [02:08, 21151.41it/s]
2705311it [02:08, 21112.98it/s]
2707423it [02:08, 21092.15it/s]
2709545it [02:08, 21127.66it/s]
2711658it [02:08, 19348.86it/s]
2713783it [02:08, 19883.28it/s]
2715885it [02:08, 20208.97it/s]
2717990it [02:08, 20451.95it/s]
2720130it [02:08, 20729.73it/s]
2722262it [02:09, 20903.75it/s]
2724373it [02:09, 20964.08it/s]
2726475it [02:09, 20959.28it/s]
2728590it [02:09, 21013.43it/s]
2730704it [02:09, 21049.25it/s]
2732836it [02:09, 21129.20it/s]
2734960it [02:09, 21160.69it/s]
2737093it [02:09, 21209.35it/s]
2739222it [02:09, 21232.41it/s]
2741346it [02:09, 21186.02it/s]
2743465it [02:10, 21135.68it/s]
2745579it [02:10, 21132.83it/s]
2747694it [02:10, 21137.15it/s]
2749818it [02:10, 21167.50it/s]
2751946it [02:10, 21199.88it/s]
2754073it [02:10, 21219.13it/s]
2756195it [02:10, 21192.15it/s]
2758315it [02:10, 21130.14it/s]
2760429it [02:10, 21087.11it/s]
2762542it [02:10, 21098.03it/s]
2764652it [02:11, 21068.22it/s]
2766759it [02:11, 21056.05it/s]
2768871it [02:11, 21073.42it/s]
2770989it [02:11, 21105.13it/s]
2773100it [02:11, 21039.88it/s]
2775225it [02:11, 21102.25it/s]
2777342it [02:11, 21120.44it/s]
2779455it [02:11, 20901.74it/s]
2781555it [02:11, 20930.78it/s]
2783684it [02:11, 21037.66it/s]
2785809it [02:12, 21099.70it/s]
2787953it [02:12, 21201.22it/s]
2790074it [02:12, 20854.61it/s]
2792230it [02:12, 21062.56it/s]
2794372it [02:12, 21166.92it/s]
2796499it [02:12, 21196.76it/s]
2798620it [02:12, 21111.13it/s]
2800750it [02:12, 21166.33it/s]
2802868it [02:12, 20168.61it/s]
2804992it [02:12, 20477.38it/s]
2807106it [02:13, 20669.42it/s]
2809223it [02:13, 20814.28it/s]
2811322it [02:13, 20865.70it/s]
2813446it [02:13, 20975.73it/s]
2815586it [02:13, 21101.12it/s]
2817730it [02:13, 21199.33it/s]
2819858it [02:13, 21222.72it/s]
2821997it [02:13, 21269.98it/s]
2824125it [02:13, 19864.98it/s]
2826251it [02:14, 20261.56it/s]
2828362it [02:14, 20507.17it/s]
2830501it [02:14, 20763.17it/s]
2832634it [02:14, 20929.23it/s]
2834770it [02:14, 21056.61it/s]
2836881it [02:14, 21032.78it/s]
2839006it [02:14, 21096.48it/s]
2841118it [02:14, 21054.68it/s]
2843233it [02:14, 21082.34it/s]
2845357it [02:14, 21126.88it/s]
2847471it [02:15, 21043.04it/s]
2849580it [02:15, 21056.47it/s]
2851736it [02:15, 21204.95it/s]
2853878it [02:15, 21268.63it/s]
2856030it [02:15, 21342.58it/s]
2858165it [02:15, 21186.29it/s]
2860294it [02:15, 21215.92it/s]
2862417it [02:15, 21217.32it/s]
2864573it [02:15, 21318.05it/s]
2866705it [02:15, 21112.39it/s]
2868848it [02:16, 21206.55it/s]
2870970it [02:16, 21191.94it/s]
2873092it [02:16, 21199.39it/s]
2875222it [02:16, 21229.33it/s]
2877346it [02:16, 21084.35it/s]
2879458it [02:16, 21094.14it/s]
2881586it [02:16, 21148.77it/s]
2883702it [02:16, 21108.98it/s]
2885817it [02:16, 21119.72it/s]
2887930it [02:16, 21022.57it/s]
2890067it [02:17, 21125.17it/s]
2892182it [02:17, 21132.41it/s]
2894314it [02:17, 21186.53it/s]
2896433it [02:17, 21094.37it/s]
2898577it [02:17, 21195.56it/s]
2900712it [02:17, 21240.52it/s]
2902843it [02:17, 21260.78it/s]
2904970it [02:17, 21262.50it/s]
2907097it [02:17, 21101.27it/s]
2909217it [02:17, 21128.34it/s]
2911339it [02:18, 21155.53it/s]
2913476it [02:18, 21219.13it/s]
2915619it [02:18, 21280.38it/s]
2917748it [02:18, 21030.95it/s]
2919868it [02:18, 21080.88it/s]
2921979it [02:18, 21087.77it/s]
2924116it [02:18, 21171.49it/s]
2926234it [02:18, 21041.14it/s]
2928380it [02:18, 21165.70it/s]
2930524it [02:18, 21245.64it/s]
2932667it [02:19, 21299.68it/s]
2934798it [02:19, 21285.25it/s]
2936927it [02:19, 21144.10it/s]
2939042it [02:19, 21108.95it/s]
2941155it [02:19, 21114.53it/s]
2943278it [02:19, 21147.97it/s]
2945393it [02:19, 21044.12it/s]
2947525it [02:19, 21123.75it/s]
2949651it [02:19, 21163.70it/s]
2951802it [02:19, 21264.52it/s]
2953939it [02:20, 21293.31it/s]
2956069it [02:20, 21176.94it/s]
2958206it [02:20, 21232.72it/s]
2960330it [02:20, 21228.50it/s]
2962480it [02:20, 21307.40it/s]
2964625it [02:20, 21349.75it/s]
2966761it [02:20, 21218.10it/s]
2968884it [02:20, 21206.39it/s]
2971020it [02:20, 21250.01it/s]
2973146it [02:20, 21245.84it/s]
2975281it [02:21, 21275.03it/s]
2977409it [02:21, 21157.17it/s]
2979549it [02:21, 21227.41it/s]
2981674it [02:21, 21233.10it/s]
2983808it [02:21, 21264.94it/s]
2985935it [02:21, 20809.89it/s]
2988074it [02:21, 20977.35it/s]
2990196it [02:21, 21045.94it/s]
2992329it [02:21, 21128.30it/s]
2994449it [02:21, 21148.22it/s]
2996590it [02:22, 21225.16it/s]
2998717it [02:22, 21236.70it/s]
3000842it [02:22, 21067.38it/s]
3002962it [02:22, 21104.08it/s]
3005108it [02:22, 21208.41it/s]
3007255it [02:22, 21284.33it/s]
3009384it [02:22, 20422.31it/s]
3011497it [02:22, 20627.46it/s]
3013622it [02:22, 20809.65it/s]
3015763it [02:22, 20984.31it/s]
3017924it [02:23, 21167.81it/s]
3020064it [02:23, 21235.17it/s]
3022246it [02:23, 21406.72it/s]
3024415it [02:23, 21489.32it/s]
3026584it [02:23, 21546.69it/s]
3028740it [02:23, 20597.67it/s]
3030907it [02:23, 20906.84it/s]
3033079it [02:23, 21143.54it/s]
3035247it [02:23, 21300.00it/s]
3037399it [02:23, 21362.84it/s]
3039569it [02:24, 21460.61it/s]
3041731it [02:24, 21507.68it/s]
3043905it [02:24, 21574.21it/s]
3046064it [02:24, 20717.36it/s]
3048232it [02:24, 20996.63it/s]
3050339it [02:24, 19693.97it/s]
3052533it [02:24, 20327.08it/s]
3054733it [02:24, 20806.42it/s]
3056910it [02:24, 21085.80it/s]
3059101it [02:25, 21325.56it/s]
3061295it [02:25, 21504.17it/s]
3063452it [02:25, 20654.64it/s]
3065639it [02:25, 21005.05it/s]
3067812it [02:25, 21214.89it/s]
3069991it [02:25, 21383.21it/s]
3072135it [02:25, 21365.19it/s]
3074303it [02:25, 21458.11it/s]
3076469it [02:25, 21515.65it/s]
3078630it [02:25, 21542.87it/s]
3080797it [02:26, 21579.66it/s]
3082956it [02:26, 20631.41it/s]
3085109it [02:26, 20891.74it/s]
3087266it [02:26, 21088.97it/s]
3089414it [02:26, 21204.15it/s]
3091557it [02:26, 21269.10it/s]
3093708it [02:26, 21338.36it/s]
3095895it [02:26, 21495.30it/s]
3098047it [02:26, 21490.58it/s]
3100218it [02:26, 21554.04it/s]
3102375it [02:27, 20584.30it/s]
3104539it [02:27, 20889.77it/s]
3106687it [02:27, 21059.55it/s]
3108845it [02:27, 21210.91it/s]
3111016it [02:27, 21358.41it/s]
3113185it [02:27, 21455.05it/s]
3115339it [02:27, 21478.22it/s]
3117505it [02:27, 21530.92it/s]
3119660it [02:27, 20506.12it/s]
3121844it [02:27, 20888.78it/s]
3124033it [02:28, 21180.15it/s]
3126195it [02:28, 21308.12it/s]
3128363it [02:28, 21415.81it/s]
3130529it [02:28, 21487.48it/s]
3132681it [02:28, 21481.56it/s]
3134847it [02:28, 21533.32it/s]
3137012it [02:28, 21565.84it/s]
3139170it [02:28, 20635.64it/s]
3141347it [02:28, 20964.11it/s]
3143552it [02:28, 21279.97it/s]
3145741it [02:29, 21459.78it/s]
3147930it [02:29, 21586.29it/s]
3150092it [02:29, 21587.04it/s]
3152283it [02:29, 21682.02it/s]
3154453it [02:29, 21675.45it/s]
3156640it [02:29, 21732.63it/s]
3158815it [02:29, 20678.74it/s]
3160981it [02:29, 20961.67it/s]
3163164it [02:29, 21214.60it/s]
3165333it [02:30, 21351.88it/s]
3167496it [02:30, 21433.67it/s]
3169683it [02:30, 21561.35it/s]
3171853it [02:30, 21600.42it/s]
3174018it [02:30, 21613.51it/s]
3176188it [02:30, 21636.70it/s]
3178353it [02:30, 20574.76it/s]
3180501it [02:30, 20835.80it/s]
3182698it [02:30, 21166.46it/s]
3184887it [02:30, 21379.21it/s]
3187069it [02:31, 21509.30it/s]
3189248it [02:31, 21590.30it/s]
3191429it [02:31, 21653.44it/s]
3193613it [02:31, 21706.82it/s]
3195786it [02:31, 21710.12it/s]
3197959it [02:31, 21327.11it/s]
3200162it [02:31, 21533.19it/s]
3202349it [02:31, 21632.05it/s]
3204534it [02:31, 21695.67it/s]
3206725it [02:31, 21758.92it/s]
3208918it [02:32, 21807.22it/s]
3211100it [02:32, 20709.26it/s]
3213290it [02:32, 21051.10it/s]
3215455it [02:32, 21224.10it/s]
3217644it [02:32, 21417.67it/s]
3219813it [02:32, 21496.69it/s]
3221970it [02:32, 21518.27it/s]
3224142it [02:32, 21576.53it/s]
3226330it [02:32, 21665.02it/s]
3228498it [02:32, 21660.12it/s]
3230665it [02:33, 20954.47it/s]
3232827it [02:33, 21148.37it/s]
3235012it [02:33, 21352.07it/s]
3237209it [02:33, 21532.74it/s]
3239392it [02:33, 21620.79it/s]
3241585it [02:33, 21711.58it/s]
3243764it [02:33, 21733.41it/s]
3245957it [02:33, 21789.41it/s]
3248137it [02:33, 20743.33it/s]
3250327it [02:33, 21077.31it/s]
3252536it [02:34, 21370.75it/s]
3254729it [02:34, 21534.28it/s]
3256895it [02:34, 21570.03it/s]
3259065it [02:34, 21605.61it/s]
3261229it [02:34, 21611.91it/s]
3263393it [02:34, 21583.50it/s]
3265571it [02:34, 21639.68it/s]
3267755it [02:34, 21698.29it/s]
3269926it [02:34, 21380.62it/s]
3272079it [02:34, 21424.06it/s]
3274234it [02:35, 21459.76it/s]
3276381it [02:35, 21459.05it/s]
3278564it [02:35, 21569.05it/s]
3280722it [02:35, 21408.57it/s]
3282882it [02:35, 21463.99it/s]
3285066it [02:35, 21575.53it/s]
3287242it [02:35, 21630.32it/s]
3289417it [02:35, 21663.60it/s]
3291584it [02:35, 21476.82it/s]
3293740it [02:35, 21500.90it/s]
3295909it [02:36, 21556.96it/s]
3298082it [02:36, 21608.13it/s]
3300259it [02:36, 21656.11it/s]
3302425it [02:36, 21324.46it/s]
3304599it [02:36, 21443.77it/s]
3306781it [02:36, 21553.87it/s]
3308969it [02:36, 21649.38it/s]
3311135it [02:36, 21633.44it/s]
3313319it [02:36, 21692.26it/s]
3315489it [02:37, 21437.14it/s]
3317680it [02:37, 21577.36it/s]
3319839it [02:37, 21555.45it/s]
3322014it [02:37, 21611.03it/s]
3324176it [02:37, 21583.71it/s]
3326335it [02:37, 21081.91it/s]
3328507it [02:37, 21267.21it/s]
3330671it [02:37, 21375.47it/s]
3332823it [02:37, 21417.48it/s]
3335006it [02:37, 21537.50it/s]
3337188it [02:38, 21621.32it/s]
3339351it [02:38, 21135.74it/s]
3341499it [02:38, 21235.21it/s]
3343642it [02:38, 21292.63it/s]
3345806it [02:38, 21395.69it/s]
3347968it [02:38, 21461.40it/s]
3350118it [02:38, 21471.24it/s]
3352266it [02:38, 20958.88it/s]
3354403it [02:38, 21079.40it/s]
3356547it [02:38, 21185.39it/s]
3358688it [02:39, 21251.43it/s]
3360815it [02:39, 21254.66it/s]
3362942it [02:39, 21249.85it/s]
3365068it [02:39, 21249.86it/s]
3367194it [02:39, 20679.13it/s]
3369297it [02:39, 20780.07it/s]
3371393it [02:39, 20831.63it/s]
3373507it [02:39, 20922.07it/s]
3375629it [02:39, 21009.66it/s]
3377745it [02:39, 21053.99it/s]
3379852it [02:40, 21018.42it/s]
3381955it [02:40, 20711.90it/s]
3384042it [02:40, 20758.23it/s]
3386155it [02:40, 20867.47it/s]
3388252it [02:40, 20897.35it/s]
3390359it [02:40, 20947.00it/s]
3392455it [02:40, 20925.09it/s]
3394582it [02:40, 21024.06it/s]
3396685it [02:40, 21017.31it/s]
3398790it [02:40, 21023.91it/s]
3400893it [02:41, 20826.20it/s]
3403022it [02:41, 20961.36it/s]
3405136it [02:41, 21014.14it/s]
3407259it [02:41, 21078.44it/s]
3409371it [02:41, 21088.06it/s]
3411480it [02:41, 20726.34it/s]
3413581it [02:41, 20809.67it/s]
3415697it [02:41, 20910.44it/s]
3417798it [02:41, 20938.16it/s]
3419913it [02:41, 20999.65it/s]
3422014it [02:42, 20919.69it/s]
3424107it [02:42, 19942.99it/s]
3426192it [02:42, 20203.53it/s]
3428281it [02:42, 20401.64it/s]
3430355it [02:42, 20500.43it/s]
3432457it [02:42, 20652.77it/s]
3434543it [02:42, 20711.82it/s]
3436623it [02:42, 20737.09it/s]
3438700it [02:42, 20746.54it/s]
3440792it [02:42, 20796.46it/s]
3442873it [02:43, 19450.07it/s]
3444974it [02:43, 19893.95it/s]
3447051it [02:43, 20145.14it/s]
3449159it [02:43, 20416.32it/s]
3451253it [02:43, 20569.75it/s]
3453358it [02:43, 20711.41it/s]
3455434it [02:43, 20721.87it/s]
3457537it [02:43, 20812.94it/s]
3459640it [02:43, 20877.57it/s]
3461730it [02:44, 20868.93it/s]
3463819it [02:44, 20852.57it/s]
3465926it [02:44, 20917.01it/s]
3468019it [02:44, 20744.03it/s]
3470124it [02:44, 20832.81it/s]
3472220it [02:44, 20869.57it/s]
3474334it [02:44, 20948.01it/s]
3476430it [02:44, 20811.38it/s]
3478515it [02:44, 20821.19it/s]
3480598it [02:44, 20819.72it/s]
3482684it [02:45, 20829.92it/s]
3484775it [02:45, 20853.11it/s]
3486861it [02:45, 20724.95it/s]
3488952it [02:45, 20779.79it/s]
3491031it [02:45, 20769.76it/s]
3493118it [02:45, 20798.44it/s]
3495210it [02:45, 20833.20it/s]
3497294it [02:45, 20709.14it/s]
3499374it [02:45, 20734.00it/s]
3501448it [02:45, 20732.49it/s]
3503546it [02:46, 20804.58it/s]
3505631it [02:46, 20816.86it/s]
3507713it [02:46, 20726.50it/s]
3509799it [02:46, 20763.64it/s]
3511893it [02:46, 20816.12it/s]
3513989it [02:46, 20857.84it/s]
3516075it [02:46, 20785.40it/s]
3518179it [02:46, 20859.27it/s]
3520290it [02:46, 20931.75it/s]
3522387it [02:46, 20940.69it/s]
3524496it [02:47, 20982.95it/s]
3526595it [02:47, 20837.52it/s]
3528714it [02:47, 20941.63it/s]
3530845it [02:47, 21050.66it/s]
3532951it [02:47, 21042.34it/s]
3535066it [02:47, 21071.54it/s]
3537174it [02:47, 21004.55it/s]
3539284it [02:47, 21030.98it/s]
3541397it [02:47, 21058.11it/s]
3543503it [02:47, 21054.26it/s]
3545609it [02:48, 20987.30it/s]
3547757it [02:48, 21133.94it/s]
3549898it [02:48, 21215.09it/s]
3552043it [02:48, 21284.35it/s]
3554191it [02:48, 21340.15it/s]
3556326it [02:48, 20984.07it/s]
3558471it [02:48, 21120.87it/s]
3560585it [02:48, 21124.89it/s]
3562726it [02:48, 21207.32it/s]
3564848it [02:48, 21197.01it/s]
3566969it [02:49, 21064.19it/s]
3569099it [02:49, 21132.62it/s]
3571237it [02:49, 21205.84it/s]
3573386it [02:49, 21288.29it/s]
3575520it [02:49, 21300.52it/s]
3577651it [02:49, 21282.84it/s]
3579780it [02:49, 21051.42it/s]
3581903it [02:49, 21104.11it/s]
3584048it [02:49, 21204.31it/s]
3586181it [02:49, 21239.37it/s]
3588316it [02:50, 21272.23it/s]
3590444it [02:50, 21075.83it/s]
3592581it [02:50, 21159.61it/s]
3594698it [02:50, 21159.62it/s]
3596843it [02:50, 21245.81it/s]
3598976it [02:50, 21270.15it/s]
3601104it [02:50, 21122.21it/s]
3603217it [02:50, 21059.47it/s]
3605334it [02:50, 21090.75it/s]
3607444it [02:50, 21086.78it/s]
3609573it [02:51, 21145.56it/s]
3611688it [02:51, 20191.13it/s]
3613825it [02:51, 20532.28it/s]
3615950it [02:51, 20741.57it/s]
3618066it [02:51, 20861.59it/s]
3620167it [02:51, 20904.32it/s]
3622285it [02:51, 20985.48it/s]
3624394it [02:51, 21014.20it/s]
3626505it [02:51, 21042.42it/s]
3628640it [02:51, 21132.48it/s]
3630755it [02:52, 20331.88it/s]
3632884it [02:52, 20608.53it/s]
3635001it [02:52, 20771.87it/s]
3637126it [02:52, 20911.97it/s]
3639280it [02:52, 21096.53it/s]
3641417it [02:52, 21176.44it/s]
3643551it [02:52, 21224.19it/s]
3645678it [02:52, 21237.01it/s]
3647803it [02:52, 20416.06it/s]
3649951it [02:52, 20725.52it/s]
3652129it [02:53, 21032.59it/s]
3654263it [02:53, 21120.98it/s]
3656389it [02:53, 21162.10it/s]
3658522it [02:53, 21211.40it/s]
3660688it [02:53, 21343.52it/s]
3662827it [02:53, 21355.83it/s]
3664979it [02:53, 21404.12it/s]
3667121it [02:53, 20488.02it/s]
3669292it [02:53, 20840.81it/s]
3671413it [02:53, 20948.79it/s]
3673534it [02:54, 21025.60it/s]
3675658it [02:54, 21088.72it/s]
3677797it [02:54, 21177.49it/s]
3679918it [02:54, 21186.22it/s]
3682051it [02:54, 21228.64it/s]
3684175it [02:54, 20295.67it/s]
3686307it [02:54, 20590.93it/s]
3688414it [02:54, 20729.26it/s]
3690566it [02:54, 20962.29it/s]
3692692it [02:55, 21049.90it/s]
3694851it [02:55, 21209.98it/s]
3697008it [02:55, 21314.87it/s]
3699168it [02:55, 21397.36it/s]
3701309it [02:55, 20477.89it/s]
3703464it [02:55, 20787.46it/s]
3705615it [02:55, 20997.13it/s]
3707768it [02:55, 21154.20it/s]
3709940it [02:55, 21319.29it/s]
3712135it [02:55, 21505.53it/s]
3714288it [02:56, 21467.42it/s]
3716437it [02:56, 21455.01it/s]
3718584it [02:56, 21404.70it/s]
3720726it [02:56, 20438.15it/s]
3722881it [02:56, 20757.71it/s]
3725039it [02:56, 20995.83it/s]
3727181it [02:56, 21118.20it/s]
3729339it [02:56, 21253.25it/s]
3731509it [02:56, 21384.12it/s]
3733672it [02:56, 21454.97it/s]
3735820it [02:57, 21434.41it/s]
3737983it [02:57, 21492.69it/s]
3740134it [02:57, 20518.13it/s]
3742291it [02:57, 20819.79it/s]
3744404it [02:57, 20909.19it/s]
3746557it [02:57, 21091.98it/s]
3748723it [02:57, 21258.14it/s]
3750876it [02:57, 21335.72it/s]
3753037it [02:57, 21416.14it/s]
3755203it [02:57, 21488.13it/s]
3757354it [02:58, 21410.80it/s]
3759496it [02:58, 20448.57it/s]
3761662it [02:58, 20797.60it/s]
3763823it [02:58, 21034.27it/s]
3765982it [02:58, 21196.30it/s]
3768143it [02:58, 21318.47it/s]
3770292it [02:58, 21367.19it/s]
3772470it [02:58, 21490.08it/s]
3774638it [02:58, 21543.70it/s]
3776794it [02:58, 20510.68it/s]
3778967it [02:59, 20861.89it/s]
3781142it [02:59, 21120.36it/s]
3783319it [02:59, 21310.26it/s]
3785495it [02:59, 21440.71it/s]
3787666it [02:59, 21520.52it/s]
3789845it [02:59, 21598.67it/s]
3792025it [02:59, 21655.73it/s]
3794192it [02:59, 21626.75it/s]
3796356it [02:59, 21073.86it/s]
3798496it [03:00, 21169.08it/s]
3800655it [03:00, 21291.73it/s]
3802815it [03:00, 21381.55it/s]
3804973it [03:00, 21437.99it/s]
3807137it [03:00, 21491.62it/s]
3809292it [03:00, 21508.55it/s]
3811444it [03:00, 20476.43it/s]
3813605it [03:00, 20802.18it/s]
3815782it [03:00, 21082.86it/s]
3817951it [03:00, 21259.57it/s]
3820131it [03:01, 21417.59it/s]
3822324it [03:01, 21567.75it/s]
3824491it [03:01, 21597.64it/s]
3826660it [03:01, 21623.19it/s]
3828832it [03:01, 21651.38it/s]
3830999it [03:01, 20837.79it/s]
3833165it [03:01, 21075.34it/s]
3835314it [03:01, 21196.31it/s]
3837472it [03:01, 21308.92it/s]
3839619it [03:01, 21355.86it/s]
3841777it [03:02, 21421.69it/s]
3843945it [03:02, 21497.12it/s]
3846113it [03:02, 21549.80it/s]
3848269it [03:02, 20591.49it/s]
3850427it [03:02, 20875.34it/s]
3852598it [03:02, 21116.74it/s]
3854763it [03:02, 21272.25it/s]
3856914it [03:02, 21342.16it/s]
3859052it [03:02, 17786.65it/s]
3861217it [03:03, 18796.16it/s]
3863389it [03:03, 19589.82it/s]
3865416it [03:03, 19694.75it/s]
3867598it [03:03, 20297.46it/s]
3869752it [03:03, 20655.11it/s]
3871934it [03:03, 20993.58it/s]
3874123it [03:03, 21256.78it/s]
3876312it [03:03, 21442.29it/s]
3878467it [03:03, 21297.18it/s]
3880646it [03:03, 21442.98it/s]
3882825it [03:04, 21545.24it/s]
3885023it [03:04, 21674.55it/s]
3887215it [03:04, 21746.43it/s]
3889392it [03:04, 21558.83it/s]
3891571it [03:04, 21626.78it/s]
3893764it [03:04, 21715.14it/s]
3895946it [03:04, 21742.22it/s]
3898128it [03:04, 21764.06it/s]
3900305it [03:04, 21480.32it/s]
3902487it [03:04, 21580.88it/s]
3904666it [03:05, 21640.84it/s]
3906866it [03:05, 21745.60it/s]
3909042it [03:05, 21720.23it/s]
3911215it [03:05, 21337.96it/s]
3913364it [03:05, 21380.67it/s]
3915531it [03:05, 21463.86it/s]
3917700it [03:05, 21531.00it/s]
3919873it [03:05, 21587.32it/s]
3922039it [03:05, 21606.47it/s]
3924201it [03:05, 21185.82it/s]
3926331it [03:06, 21217.88it/s]
3928466it [03:06, 21254.09it/s]
3930625it [03:06, 21351.15it/s]
3932802it [03:06, 21473.27it/s]
3934964it [03:06, 21514.97it/s]
3937116it [03:06, 21069.29it/s]
3939238it [03:06, 21112.97it/s]
3941384it [03:06, 21213.63it/s]
3943512it [03:06, 21230.80it/s]
3945648it [03:06, 21268.33it/s]
3947778it [03:07, 21277.14it/s]
3949907it [03:07, 20826.34it/s]
3952031it [03:07, 20947.34it/s]
3954154it [03:07, 21028.34it/s]
3956259it [03:07, 21020.76it/s]
3958375it [03:07, 21062.06it/s]
3960513it [03:07, 21154.74it/s]
3962644it [03:07, 21198.63it/s]
3964765it [03:07, 20762.78it/s]
3966885it [03:07, 20889.01it/s]
3968983it [03:08, 20914.06it/s]
3971101it [03:08, 20991.05it/s]
3973206it [03:08, 21007.10it/s]
3975313it [03:08, 21024.13it/s]
3977416it [03:08, 20940.09it/s]
3979546it [03:08, 21046.50it/s]
3981655it [03:08, 21059.15it/s]
3983783it [03:08, 21123.70it/s]
3985896it [03:08, 21103.00it/s]
3988014it [03:08, 21125.57it/s]
3990128it [03:09, 21127.23it/s]
3992241it [03:09, 21060.98it/s]
3994348it [03:09, 21025.49it/s]
3996461it [03:09, 21055.22it/s]
3998567it [03:09, 21012.81it/s]
4000669it [03:09, 20967.38it/s]
4002766it [03:09, 20952.55it/s]
4004862it [03:09, 20943.27it/s]
4006957it [03:09, 20917.27it/s]
4009066it [03:09, 20967.66it/s]
4011163it [03:10, 20963.24it/s]
4013265it [03:10, 20979.03it/s]
4015373it [03:10, 21007.31it/s]
4017476it [03:10, 21012.83it/s]
4019578it [03:10, 20985.31it/s]
4021690it [03:10, 21023.23it/s]
4023793it [03:10, 20974.86it/s]
4025910it [03:10, 21032.53it/s]
4028027it [03:10, 21071.19it/s]
4030152it [03:10, 21123.52it/s]
4032276it [03:11, 21154.93it/s]
4034396it [03:11, 21166.37it/s]
4036515it [03:11, 21170.90it/s]
4038647it [03:11, 21213.43it/s]
4040769it [03:11, 21199.58it/s]
4042889it [03:11, 21190.73it/s]
4045009it [03:11, 21163.93it/s]
4047140it [03:11, 21207.43it/s]
4049261it [03:11, 21170.12it/s]
4051383it [03:11, 21184.23it/s]
4053502it [03:12, 21114.09it/s]
4055614it [03:12, 21100.82it/s]
4057725it [03:12, 21102.99it/s]
4059845it [03:12, 21131.71it/s]
4061960it [03:12, 21134.48it/s]
4064091it [03:12, 21180.91it/s]
4066210it [03:12, 21157.33it/s]
4068326it [03:12, 21132.41it/s]
4070440it [03:12, 21012.81it/s]
4072579it [03:12, 21124.37it/s]
4074709it [03:13, 21175.40it/s]
4076840it [03:13, 21215.22it/s]
4078963it [03:13, 21216.59it/s]
4081109it [03:13, 21287.08it/s]
4083238it [03:13, 21221.70it/s]
4085361it [03:13, 21151.97it/s]
4087491it [03:13, 21194.07it/s]
4089618it [03:13, 21216.27it/s]
4091750it [03:13, 21246.92it/s]
4093875it [03:13, 21191.66it/s]
4095995it [03:14, 21158.97it/s]
4098133it [03:14, 21223.72it/s]
4100269it [03:14, 21262.39it/s]
4102399it [03:14, 21272.57it/s]
4104529it [03:14, 21278.35it/s]
4106657it [03:14, 21272.02it/s]
4108785it [03:14, 21242.56it/s]
4110910it [03:14, 21224.09it/s]
4113033it [03:14, 21189.51it/s]
4115152it [03:14, 20450.56it/s]
4117240it [03:15, 20575.14it/s]
4119343it [03:15, 20708.00it/s]
4121445it [03:15, 20800.00it/s]
4123551it [03:15, 20875.45it/s]
4125647it [03:15, 20897.66it/s]
4127778it [03:15, 21019.62it/s]
4129881it [03:15, 21019.88it/s]
4131984it [03:15, 20837.48it/s]
4134082it [03:15, 20876.74it/s]
4136188it [03:16, 20929.36it/s]
4138282it [03:16, 20924.67it/s]
4140390it [03:16, 20968.88it/s]
4142488it [03:16, 20122.25it/s]
4144585it [03:16, 20367.63it/s]
4146671it [03:16, 20511.19it/s]
4148776it [03:16, 20668.43it/s]
4150888it [03:16, 20801.84it/s]
4153011it [03:16, 20926.92it/s]
4155159it [03:16, 21089.51it/s]
4157300it [03:17, 21185.08it/s]
4159420it [03:17, 20303.04it/s]
4161547it [03:17, 20582.21it/s]
4163664it [03:17, 20752.90it/s]
4165781it [03:17, 20873.86it/s]
4167927it [03:17, 21044.96it/s]
4170080it [03:17, 21187.51it/s]
4172213it [03:17, 21228.89it/s]
4174344it [03:17, 21252.95it/s]
4176471it [03:17, 21247.77it/s]
4178597it [03:18, 20397.74it/s]
4180729it [03:18, 20665.15it/s]
4182852it [03:18, 20830.85it/s]
4184984it [03:18, 20973.82it/s]
4187125it [03:18, 21101.34it/s]
4189269it [03:18, 21201.96it/s]
4191427it [03:18, 21312.21it/s]
4193576it [03:18, 21365.14it/s]
4195714it [03:18, 20499.41it/s]
4197844it [03:18, 20730.74it/s]
4199974it [03:19, 20897.36it/s]
4202082it [03:19, 20950.39it/s]
4204222it [03:19, 21081.82it/s]
4206333it [03:19, 21058.66it/s]
4208478it [03:19, 21172.77it/s]
4210608it [03:19, 21208.81it/s]
4212730it [03:19, 20345.99it/s]
4214850it [03:19, 20591.92it/s]
4216978it [03:19, 20791.02it/s]
4219116it [03:19, 20963.19it/s]
4221241it [03:20, 21047.25it/s]
4223372it [03:20, 21124.62it/s]
4225514it [03:20, 21210.90it/s]
4227644it [03:20, 21236.91it/s]
4229787it [03:20, 21293.79it/s]
4231918it [03:20, 20332.46it/s]
4234048it [03:20, 20612.41it/s]
4236179it [03:20, 20814.51it/s]
4238337it [03:20, 21037.63it/s]
4240489it [03:20, 21178.38it/s]
4242672it [03:21, 21371.43it/s]
4244848it [03:21, 21485.17it/s]
4247021it [03:21, 21555.43it/s]
4249205it [03:21, 21639.67it/s]
4251370it [03:21, 20672.90it/s]
4253515it [03:21, 20897.25it/s]
4255673it [03:21, 21096.37it/s]
4257832it [03:21, 21241.07it/s]
4260008it [03:21, 21394.67it/s]
4262162it [03:22, 21437.15it/s]
4264323it [03:22, 21487.51it/s]
4266474it [03:22, 21466.20it/s]
4268626it [03:22, 21480.13it/s]
4270775it [03:22, 20526.69it/s]
4272942it [03:22, 20855.37it/s]
4275098it [03:22, 21060.82it/s]
4277253it [03:22, 21203.60it/s]
4279392it [03:22, 21256.05it/s]
4281559it [03:22, 21377.30it/s]
4283713it [03:23, 21422.60it/s]
4285883it [03:23, 21505.33it/s]
4288035it [03:23, 20489.67it/s]
4290191it [03:23, 20798.39it/s]
4292352it [03:23, 21034.26it/s]
4294497it [03:23, 21156.16it/s]
4296642it [03:23, 21240.85it/s]
4298805it [03:23, 21353.47it/s]
4300972it [03:23, 21447.05it/s]
4303137it [03:23, 21505.33it/s]
4305290it [03:24, 21510.79it/s]
4307443it [03:24, 20448.72it/s]
4309606it [03:24, 20788.48it/s]
4311784it [03:24, 21076.63it/s]
4313940it [03:24, 21218.04it/s]
4316114it [03:24, 21370.99it/s]
4318256it [03:24, 21345.25it/s]
4320418it [03:24, 21426.31it/s]
4322563it [03:24, 21419.73it/s]
4324728it [03:24, 21485.92it/s]
4326878it [03:25, 21086.20it/s]
4329051it [03:25, 21274.43it/s]
4331228it [03:25, 21419.70it/s]
4333401it [03:25, 21511.62it/s]
4335559it [03:25, 21530.41it/s]
4337727it [03:25, 21572.67it/s]
4339885it [03:25, 20492.70it/s]
4342050it [03:25, 20826.61it/s]
4344206it [03:25, 21038.43it/s]
4346371it [03:25, 21218.22it/s]
4348543it [03:26, 21364.53it/s]
4350719it [03:26, 21479.25it/s]
4352879it [03:26, 21513.85it/s]
4355041it [03:26, 21543.32it/s]
4357203it [03:26, 21565.19it/s]
4359361it [03:26, 20736.65it/s]
4369374it [03:26, 43861.29it/s]
4372985it [03:26, 21154.32it/s]
INFO:root:test max cliques 4360154, nested cliques 12831
INFO:root:test real max cliques in search universe: 54
INFO:root:test real smaller cliques in search universe: 95 95
INFO:root:Our Performance: precision 0.0000, recall 0.3028, f1 0.0001 jaccard 0.0000
INFO:root:Baseline: Bayesian-MDL skipped (disabled for this runtime).
INFO:root:Baseline: Max Clique precision 0.0000, recall 0.2477, f1 0.0000, jaccard 0.0000 
INFO:root:Baseline: ECC precision 0.0741, recall 0.2202, f1 0.1109, jaccard 0.0587 
INFO:root:Baseline: Demon precision 0.0348, recall 0.0688, f1 0.0462, jaccard 0.0237 
INFO:root:Baseline: CFinder skipped (disabled for channel-SNR benchmark).
(4121, 9) (4121,) 72
