INFO:root:Create log file at log/hosts/hosts-6000-cou-1788864897.7343738.log
INFO:root:Command line executed: python main.py --dataset hosts --beta 6000 --features count --channel awgn --snr_db 0
INFO:root:Full args parsed:
INFO:root:Namespace(dataset='hosts', beta=6000, features='count', model='mlp', epochs=2000, lr=0.0001, setting='f', label_rate=0.1, ablation=0, seed=123, use_c=1, jobs=1, save_features=0, data_dir='./data/', log_dir='log', downsample=0, max_child_size=1, ext=0, channel='awgn', snr_db=0.0, channel_seed=123, max_background_pairs=10000)
INFO:root:Finish loading graphs.
INFO:root:Nodes train: 591, test: 466
INFO:root:Simplicies train: 204, test: 218
INFO:root:Channel awgn at 0.0 dB: test projection edges 9205 -> 9389
INFO:root:Start computing cliques
INFO:root:Couldn't find cache for max cliques train
INFO:root:Number of maximum cliques:383
INFO:root:Couldn't find cache for max cliques test
INFO:root:Number of maximum cliques:211970
INFO:root:test nodes 466 hyperedges 218 avg size 5.564220183486238 std 8.957494150492446 avg degree 2.6030042918454934 max cliques 211970
INFO:root:Breakdown of test hyperedges (max+small) 14 + 204
INFO:root:Intersection 12 out of 2070 211970
INFO:root:support cliques train:125 - test: 2070
INFO:root:Optimizing clique sampler .. 
INFO:root:Found cache for rho.
INFO:root:[(140, 140), (50, 50), (44, 44), (37, 37), (35, 35), (27, 27), (26, 26), (2, 2), (1, 1), (3, 3), (23, 23), (22, 22), (20, 20), (5, 5), (25, 1), (4, 4), (24, 24), (8, 8), (15, 15), (10, 10), (13, 13), (6, 6), (35, 1), (12, 12), (18, 18), (17, 17), (16, 16), (9, 9), (7, 7), (14, 14), (3, 1), (11, 11), (5, 2), (22, 1), (50, 1), (26, 1), (27, 1), (2, 1), (4, 2), (24, 1), (6, 2), (5, 3), (6, 3), (18, 1), (16, 15), (6, 4), (140, 1), (25, 2), (7, 6), (6, 5), (8, 7), (7, 5), (27, 2), (11, 2)]
INFO:root:Optimize Clique Sampler: #hyperedges collected:179, recall: 0.8774509803921569, efficiency:0.029833333333333333
INFO:root:Clique analysis done.
INFO:root:train: 4497 unique candidates out of 5959 sampled candidates
Note: to be able to use all crisp methods, you need to install some additional packages:  {'bayanpy', 'wurlitzer', 'leidenalg', 'infomap', 'graph_tool'}
Note: to be able to use all crisp methods, you need to install some additional packages:  {'ASLPAw', 'torch', 'pyclustering', 'hidef'}
Note: to be able to use all crisp methods, you need to install some additional packages:  {'leidenalg', 'wurlitzer', 'infomap', 'scikit-network'}
Sanity check failed, reindexing the hypergraphs ...
Sanity check failed, reindexing the hypergraphs ...
number of nodes in construct graph 591
number of nodes in construct graph 466
(0, 0), (1, 1), (2, 2), (3, 3), (4, 4), (5, 5), (6, 6), (7, 7), (22, 22), (31, 31), (42, 41), (46, 44), (49, 46), (53, 48), (65, 54), (90, 64), (106, 70), (109, 71), (139, 79), (160, 84), (190, 91), (211, 95), (248, 102), (283, 108), (303, 111), (310, 112), (318, 113), (326, 114), (360, 118), (387, 120), (402, 121), (435, 123), (469, 125), (589, 131), (655, 134), (705, 136), (731, 137), (758, 138), (788, 139), (884, 142), (956, 144), (1511, 154), (1631, 156), (2371, 162), (2497, 163), (2625, 164), (3180, 168), (3320, 169), (3620, 171), (3809, 172), (4031, 173), (4271, 174), (4838, 176), (5189, 177), 
(0, 0), (0, 0), (0, 0), (0, 0), (0, 0), (0, 0), (0, 0), (0, 0), (389, 6), (389, 6), (1160, 11), (1160, 11), (1160, 11), (1160, 11), (1788, 13), (1788, 13), (2362, 14), (2362, 14), (9548, 14), (10537, 14), (56312, 14), (77247, 14), (78177, 14), (78177, 14), (124522, 14), (124522, 14), (124524, 14), (124609, 14), (146180, 14), (148056, 14), (153716, 14), (156029, 72), (214283, 72), (220563, 89), (220563, 89), (220563, 89), (220563, 89), (220563, 89), (221341, 89), (224785, 95), (224785, 95), (238735, 96), (245015, 99), (263615, 99), (263615, 99), (264975, 99), (278925, 100), (278925, 100), (278925, 100), (292057, 100), (297637, 100), (355125, 100), (394521, 100), (394521, 100), 

0it [00:00, ?it/s]
4504it [00:00, 187685.86it/s]
INFO:root:test: 328637 unique candidates out of 1784041 sampled candidates

0it [00:00, ?it/s]
8182it [00:00, 81809.74it/s]
16467it [00:00, 82415.08it/s]
24806it [00:00, 82856.92it/s]
33182it [00:00, 83208.05it/s]
41516it [00:00, 83251.72it/s]
49842it [00:00, 83239.38it/s]
58166it [00:00, 83140.74it/s]
66481it [00:00, 83107.28it/s]
74792it [00:00, 82946.83it/s]
83087it [00:01, 82864.56it/s]
91387it [00:01, 82905.10it/s]
99756it [00:01, 83141.02it/s]
108071it [00:01, 82972.97it/s]
116369it [00:01, 82832.73it/s]
124723it [00:01, 83042.28it/s]
133028it [00:01, 82896.42it/s]
141373it [00:01, 83060.16it/s]
149680it [00:01, 82785.19it/s]
158040it [00:01, 83026.56it/s]
166375it [00:02, 83122.38it/s]
174746it [00:02, 83296.80it/s]
183076it [00:02, 83187.51it/s]
191423it [00:02, 83266.74it/s]
199822it [00:02, 83479.68it/s]
208171it [00:02, 83234.39it/s]
220736it [00:02, 95923.69it/s]
236573it [00:02, 114621.28it/s]
252857it [00:02, 129065.62it/s]
268517it [00:02, 137315.99it/s]
284762it [00:03, 144847.79it/s]
300595it [00:03, 148887.99it/s]
316792it [00:03, 152808.96it/s]
328637it [00:03, 100068.17it/s]
INFO:root:test max cliques 211970, nested cliques 116667
INFO:root:test real max cliques in search universe: 14
INFO:root:test real smaller cliques in search universe: 87 87
INFO:root:Our Performance: precision 0.0008, recall 0.0963, f1 0.0015 jaccard 0.0008
INFO:root:Baseline: Bayesian-MDL skipped (disabled for this runtime).
INFO:root:Baseline: Max Clique precision 0.0001, recall 0.0642, f1 0.0001, jaccard 0.0001 
INFO:root:Baseline: ECC precision 0.0050, recall 0.0459, f1 0.0091, jaccard 0.0046 
INFO:root:Baseline: Demon precision 0.0081, recall 0.0321, f1 0.0129, jaccard 0.0065 
INFO:root:Baseline: CFinder skipped (disabled for channel-SNR benchmark).
(4121, 9) (4121,) 72
