INFO:root:Create log file at log/hosts/hosts-6000-cou-1788864924.7615852.log
INFO:root:Command line executed: python main.py --dataset hosts --beta 6000 --features count --channel awgn --snr_db 6
INFO:root:Full args parsed:
INFO:root:Namespace(dataset='hosts', beta=6000, features='count', model='mlp', epochs=2000, lr=0.0001, setting='f', label_rate=0.1, ablation=0, seed=123, use_c=1, jobs=1, save_features=0, data_dir='./data/', log_dir='log', downsample=0, max_child_size=1, ext=0, channel='awgn', snr_db=6.0, channel_seed=123, max_background_pairs=10000)
INFO:root:Finish loading graphs.
INFO:root:Nodes train: 591, test: 466
INFO:root:Simplicies train: 204, test: 218
INFO:root:Channel awgn at 6.0 dB: test projection edges 9205 -> 9324
INFO:root:Start computing cliques
INFO:root:Couldn't find cache for max cliques train
INFO:root:Number of maximum cliques:383
INFO:root:Couldn't find cache for max cliques test
INFO:root:Number of maximum cliques:2009858
INFO:root:test nodes 466 hyperedges 218 avg size 5.564220183486238 std 8.957494150492446 avg degree 2.6030042918454934 max cliques 2009858
INFO:root:Breakdown of test hyperedges (max+small) 32 + 186
INFO:root:Intersection 31 out of 1202 2009858
INFO:root:support cliques train:125 - test: 1202
INFO:root:Optimizing clique sampler .. 
INFO:root:Found cache for rho.
INFO:root:[(140, 140), (50, 50), (44, 44), (37, 37), (35, 35), (27, 27), (26, 26), (2, 2), (1, 1), (3, 3), (23, 23), (22, 22), (20, 20), (5, 5), (25, 1), (4, 4), (24, 24), (8, 8), (15, 15), (10, 10), (13, 13), (6, 6), (35, 1), (12, 12), (18, 18), (17, 17), (16, 16), (9, 9), (7, 7), (14, 14), (3, 1), (11, 11), (5, 2), (22, 1), (50, 1), (26, 1), (27, 1), (2, 1), (4, 2), (24, 1), (6, 2), (5, 3), (6, 3), (18, 1), (16, 15), (6, 4), (140, 1), (25, 2), (7, 6), (6, 5), (8, 7), (7, 5), (27, 2), (11, 2)]
INFO:root:Optimize Clique Sampler: #hyperedges collected:179, recall: 0.8774509803921569, efficiency:0.029833333333333333
INFO:root:Clique analysis done.
INFO:root:train: 4497 unique candidates out of 5959 sampled candidates
Note: to be able to use all crisp methods, you need to install some additional packages:  {'bayanpy', 'infomap', 'graph_tool', 'wurlitzer', 'leidenalg'}
Note: to be able to use all crisp methods, you need to install some additional packages:  {'hidef', 'pyclustering', 'ASLPAw', 'torch'}
Note: to be able to use all crisp methods, you need to install some additional packages:  {'wurlitzer', 'leidenalg', 'infomap', 'scikit-network'}
Sanity check failed, reindexing the hypergraphs ...
Sanity check failed, reindexing the hypergraphs ...
number of nodes in construct graph 591
number of nodes in construct graph 466
(0, 0), (1, 1), (2, 2), (3, 3), (4, 4), (5, 5), (6, 6), (7, 7), (22, 22), (31, 31), (42, 41), (46, 44), (49, 46), (53, 48), (65, 54), (90, 64), (106, 70), (109, 71), (139, 79), (160, 84), (190, 91), (211, 95), (248, 102), (283, 108), (303, 111), (310, 112), (318, 113), (326, 114), (360, 118), (387, 120), (402, 121), (435, 123), (469, 125), (589, 131), (655, 134), (705, 136), (731, 137), (758, 138), (788, 139), (884, 142), (956, 144), (1511, 154), (1631, 156), (2371, 162), (2497, 163), (2625, 164), (3180, 168), (3320, 169), (3620, 171), (3809, 172), (4031, 173), (4271, 174), (4838, 176), (5189, 177), 
(0, 0), (0, 0), (0, 0), (0, 0), (0, 0), (0, 0), (0, 0), (2, 0), (241, 8), (241, 8), (580, 20), (15786, 20), (78397, 20), (449849, 20), (450020, 25), (455720, 31), (455885, 34), (458570, 34), (458840, 34), (518529, 34), (519315, 34), (531603, 34), (531724, 36), (531724, 36), (536021, 36), (941755, 36), (1213334, 36), (1346997, 36), (1347378, 36), (1347559, 38), (1374654, 38), (1375671, 80), (1377024, 80), (1378734, 99), (2756176, 103), (2756176, 103), (2756228, 103), (2756228, 103), (2756706, 110), (2757696, 116), (2822136, 116), (2823951, 117), (2825661, 121), (2828081, 122), (10131293, 122), (12269901, 122), (12271716, 124), (12271716, 124), (12340116, 125), (12341383, 125), (12342109, 126), (12344269, 126), (12348070, 126), (12348070, 126), 

0it [00:00, ?it/s]
4504it [00:00, 185551.12it/s]
INFO:root:test: 3109967 unique candidates out of 12380300 sampled candidates

0it [00:00, ?it/s]
4041it [00:00, 40401.18it/s]
8082it [00:00, 40230.76it/s]
12106it [00:00, 40178.00it/s]
16145it [00:00, 40259.21it/s]
20184it [00:00, 40305.21it/s]
24267it [00:00, 40481.08it/s]
28327it [00:00, 40517.79it/s]
32409it [00:00, 40610.79it/s]
36492it [00:00, 40678.12it/s]
40569it [00:01, 40702.95it/s]
44693it [00:01, 40863.77it/s]
48806it [00:01, 40942.79it/s]
52904it [00:01, 40952.89it/s]
57007it [00:01, 40973.03it/s]
61122it [00:01, 41025.11it/s]
65230it [00:01, 41039.20it/s]
69350it [00:01, 41085.35it/s]
73459it [00:01, 41063.40it/s]
77585it [00:01, 41119.61it/s]
81697it [00:02, 41100.68it/s]
85810it [00:02, 41105.87it/s]
89927it [00:02, 41121.56it/s]
94068it [00:02, 41207.62it/s]
98189it [00:02, 41171.07it/s]
102307it [00:02, 41125.87it/s]
106432it [00:02, 41158.72it/s]
110550it [00:02, 41161.23it/s]
114667it [00:02, 41114.94it/s]
118803it [00:02, 41187.02it/s]
122932it [00:03, 41214.80it/s]
127054it [00:03, 41150.96it/s]
131170it [00:03, 41047.02it/s]
135275it [00:03, 40947.55it/s]
139370it [00:03, 40921.50it/s]
143463it [00:03, 40818.11it/s]
147545it [00:03, 40770.30it/s]
151623it [00:03, 40671.04it/s]
155691it [00:03, 40658.06it/s]
159757it [00:03, 40640.49it/s]
163822it [00:04, 40606.96it/s]
167897it [00:04, 40648.97it/s]
171982it [00:04, 40707.85it/s]
176053it [00:04, 40691.12it/s]
180155it [00:04, 40787.70it/s]
184234it [00:04, 40732.69it/s]
188319it [00:04, 40766.91it/s]
192402it [00:04, 40784.89it/s]
196481it [00:04, 40776.82it/s]
200567it [00:04, 40800.16it/s]
204648it [00:05, 40714.12it/s]
208720it [00:05, 40675.56it/s]
212788it [00:05, 40658.90it/s]
216854it [00:05, 40631.16it/s]
220922it [00:05, 40645.16it/s]
224996it [00:05, 40671.99it/s]
229064it [00:05, 40619.31it/s]
233139it [00:05, 40656.41it/s]
237206it [00:05, 40657.47it/s]
241311it [00:05, 40773.66it/s]
245397it [00:06, 40798.07it/s]
249499it [00:06, 40863.52it/s]
253587it [00:06, 40868.12it/s]
257674it [00:06, 40706.30it/s]
261759it [00:06, 40748.31it/s]
265853it [00:06, 40804.80it/s]
269934it [00:06, 40787.99it/s]
274014it [00:06, 40791.22it/s]
278097it [00:06, 40801.02it/s]
282178it [00:06, 40693.84it/s]
286248it [00:07, 40613.50it/s]
290310it [00:07, 40392.36it/s]
294380it [00:07, 40482.35it/s]
298444it [00:07, 40526.43it/s]
302513it [00:07, 40573.57it/s]
306577it [00:07, 40589.93it/s]
310681it [00:07, 40723.68it/s]
314776it [00:07, 40790.43it/s]
318869it [00:07, 40831.11it/s]
322953it [00:07, 40808.26it/s]
327034it [00:08, 40538.18it/s]
331125it [00:08, 40645.19it/s]
335214it [00:08, 40716.43it/s]
339312it [00:08, 40793.70it/s]
343413it [00:08, 40857.17it/s]
347515it [00:08, 40905.47it/s]
351655it [00:08, 41052.00it/s]
355771it [00:08, 41084.06it/s]
359921it [00:08, 41206.85it/s]
364069it [00:08, 41288.27it/s]
368198it [00:09, 40903.89it/s]
372295it [00:09, 40922.82it/s]
376388it [00:09, 40889.11it/s]
380478it [00:09, 40879.71it/s]
384567it [00:09, 40859.78it/s]
388655it [00:09, 40865.43it/s]
392742it [00:09, 40835.29it/s]
396837it [00:09, 40868.75it/s]
400924it [00:09, 40844.92it/s]
405009it [00:09, 40777.83it/s]
409106it [00:10, 40832.69it/s]
413190it [00:10, 40453.87it/s]
417243it [00:10, 40474.71it/s]
421306it [00:10, 40518.75it/s]
425361it [00:10, 40525.79it/s]
429414it [00:10, 40484.70it/s]
433463it [00:10, 40368.63it/s]
437501it [00:10, 40285.70it/s]
441530it [00:10, 40210.24it/s]
445552it [00:10, 40123.18it/s]
449565it [00:11, 40054.50it/s]
453571it [00:11, 40024.75it/s]
457574it [00:11, 40016.55it/s]
461591it [00:11, 40060.93it/s]
465598it [00:11, 39434.65it/s]
469619it [00:11, 39662.42it/s]
473611it [00:11, 39736.78it/s]
477639it [00:11, 39897.50it/s]
481700it [00:11, 40109.22it/s]
485761it [00:11, 40256.79it/s]
489828it [00:12, 40377.41it/s]
493888it [00:12, 40443.34it/s]
497981it [00:12, 40586.37it/s]
502050it [00:12, 40613.99it/s]
506116it [00:12, 40625.24it/s]
510179it [00:12, 40606.91it/s]
514240it [00:12, 40585.83it/s]
518314it [00:12, 40628.89it/s]
522377it [00:12, 39946.33it/s]
526410it [00:12, 40057.09it/s]
530428it [00:13, 40092.20it/s]
534477it [00:13, 40210.19it/s]
538500it [00:13, 40210.85it/s]
542531it [00:13, 40238.39it/s]
546558it [00:13, 40246.46it/s]
550624it [00:13, 40369.70it/s]
554663it [00:13, 40373.17it/s]
558701it [00:13, 40371.77it/s]
562760it [00:13, 40434.37it/s]
566804it [00:13, 40397.14it/s]
570844it [00:14, 40306.66it/s]
574875it [00:14, 40283.81it/s]
578904it [00:14, 40259.78it/s]
582931it [00:14, 40239.24it/s]
586955it [00:14, 39936.89it/s]
591012it [00:14, 40124.78it/s]
595025it [00:14, 40124.35it/s]
599062it [00:14, 40195.07it/s]
603094it [00:14, 40231.24it/s]
607118it [00:14, 40228.24it/s]
611164it [00:15, 40297.06it/s]
615194it [00:15, 40252.59it/s]
619220it [00:15, 40219.55it/s]
623243it [00:15, 40193.44it/s]
627276it [00:15, 40233.18it/s]
631300it [00:15, 40229.28it/s]
635323it [00:15, 40222.32it/s]
639352it [00:15, 40241.99it/s]
643381it [00:15, 40252.89it/s]
647407it [00:15, 40222.94it/s]
651430it [00:16, 40217.10it/s]
655466it [00:16, 40259.20it/s]
659492it [00:16, 39616.85it/s]
663524it [00:16, 39824.99it/s]
667579it [00:16, 40038.55it/s]
671636it [00:16, 40196.30it/s]
675697it [00:16, 40316.96it/s]
679749it [00:16, 40375.41it/s]
683788it [00:16, 40364.08it/s]
687832it [00:16, 40385.10it/s]
691873it [00:17, 40392.08it/s]
695930it [00:17, 40443.92it/s]
699975it [00:17, 40408.96it/s]
704039it [00:17, 40476.04it/s]
708087it [00:17, 40415.60it/s]
712130it [00:17, 40418.13it/s]
716173it [00:17, 40418.75it/s]
720215it [00:17, 40385.66it/s]
724256it [00:17, 40389.82it/s]
728299it [00:17, 40399.54it/s]
732352it [00:18, 40437.91it/s]
736396it [00:18, 40417.31it/s]
740438it [00:18, 40351.82it/s]
744474it [00:18, 39108.36it/s]
748512it [00:18, 39478.66it/s]
752558it [00:18, 39767.29it/s]
756617it [00:18, 40009.51it/s]
760665it [00:18, 40145.97it/s]
764703it [00:18, 40212.53it/s]
768760it [00:18, 40317.05it/s]
772796it [00:19, 40329.51it/s]
776849it [00:19, 40385.85it/s]
780890it [00:19, 40392.09it/s]
784941it [00:19, 40426.92it/s]
788996it [00:19, 40461.77it/s]
793043it [00:19, 40418.08it/s]
797090it [00:19, 40431.71it/s]
801157it [00:19, 40500.14it/s]
805208it [00:19, 40482.01it/s]
809263it [00:19, 40499.74it/s]
813314it [00:20, 40467.94it/s]
817378it [00:20, 40518.91it/s]
821430it [00:20, 40515.72it/s]
825512it [00:20, 40605.51it/s]
829576it [00:20, 40615.14it/s]
833674it [00:20, 40722.30it/s]
837747it [00:20, 39982.62it/s]
841823it [00:20, 40212.13it/s]
845889it [00:20, 40343.61it/s]
849979it [00:20, 40506.84it/s]
854050it [00:21, 40565.99it/s]
858138it [00:21, 40659.03it/s]
862209it [00:21, 40673.05it/s]
866277it [00:21, 40657.09it/s]
870354it [00:21, 40688.66it/s]
874424it [00:21, 40672.07it/s]
878492it [00:21, 40641.33it/s]
882557it [00:21, 40588.24it/s]
886616it [00:21, 40586.69it/s]
890687it [00:21, 40622.28it/s]
894753it [00:22, 40633.31it/s]
898828it [00:22, 40665.11it/s]
902895it [00:22, 40623.58it/s]
906958it [00:22, 40515.00it/s]
911010it [00:22, 40466.71it/s]
915057it [00:22, 40378.39it/s]
919095it [00:22, 40365.76it/s]
923133it [00:22, 40367.01it/s]
927192it [00:22, 40432.95it/s]
931254it [00:22, 40486.75it/s]
935303it [00:23, 40433.82it/s]
939347it [00:23, 40115.99it/s]
943396it [00:23, 40226.80it/s]
947454it [00:23, 40331.70it/s]
951518it [00:23, 40422.42it/s]
955599it [00:23, 40535.98it/s]
959654it [00:23, 40539.38it/s]
963709it [00:23, 40527.69it/s]
967762it [00:23, 40506.66it/s]
971813it [00:23, 40430.00it/s]
975857it [00:24, 40418.15it/s]
979899it [00:24, 40412.14it/s]
983941it [00:24, 40377.62it/s]
987996it [00:24, 40426.95it/s]
992080it [00:24, 40550.30it/s]
996155it [00:24, 40609.30it/s]
1000216it [00:24, 40605.95it/s]
1004279it [00:24, 40610.71it/s]
1008345it [00:24, 40624.95it/s]
1012408it [00:24, 40620.72it/s]
1016471it [00:25, 40605.72it/s]
1020532it [00:25, 40589.34it/s]
1024605it [00:25, 40630.59it/s]
1028669it [00:25, 40617.98it/s]
1032731it [00:25, 40577.12it/s]
1036797it [00:25, 40600.11it/s]
1040864it [00:25, 40618.02it/s]
1044938it [00:25, 40654.02it/s]
1049004it [00:25, 40579.35it/s]
1053082it [00:25, 40635.17it/s]
1057146it [00:26, 38348.83it/s]
1061207it [00:26, 38998.74it/s]
1065288it [00:26, 39523.40it/s]
1069340it [00:26, 39814.33it/s]
1073394it [00:26, 40027.98it/s]
1077464it [00:26, 40225.92it/s]
1081545it [00:26, 40397.19it/s]
1085631it [00:26, 40532.86it/s]
1089721it [00:26, 40642.01it/s]
1093816it [00:27, 40731.28it/s]
1097891it [00:27, 40713.96it/s]
1101964it [00:27, 40711.28it/s]
1106045it [00:27, 40737.96it/s]
1110137it [00:27, 40792.00it/s]
1114217it [00:27, 40745.92it/s]
1118292it [00:27, 40714.90it/s]
1122364it [00:27, 40654.88it/s]
1126430it [00:27, 40625.17it/s]
1130494it [00:27, 40628.11it/s]
1134572it [00:28, 40671.91it/s]
1138647it [00:28, 40692.45it/s]
1142717it [00:28, 40580.88it/s]
1146776it [00:28, 40529.23it/s]
1150829it [00:28, 40451.22it/s]
1154875it [00:28, 40446.70it/s]
1158921it [00:28, 40449.40it/s]
1162966it [00:28, 40403.00it/s]
1167007it [00:28, 40373.86it/s]
1171045it [00:28, 40362.63it/s]
1175082it [00:29, 40361.28it/s]
1179119it [00:29, 40297.40it/s]
1183169it [00:29, 40354.93it/s]
1187224it [00:29, 40411.01it/s]
1191266it [00:29, 39950.04it/s]
1195312it [00:29, 40099.11it/s]
1199378it [00:29, 40266.00it/s]
1203438it [00:29, 40363.79it/s]
1207509it [00:29, 40465.21it/s]
1211570it [00:29, 40507.78it/s]
1215622it [00:30, 40482.43it/s]
1219682it [00:30, 40514.99it/s]
1223734it [00:30, 40424.43it/s]
1227777it [00:30, 40420.00it/s]
1231820it [00:30, 40420.46it/s]
1235880it [00:30, 40473.20it/s]
1239928it [00:30, 40466.28it/s]
1243975it [00:30, 40413.60it/s]
1248033it [00:30, 40462.24it/s]
1252080it [00:30, 40401.94it/s]
1256121it [00:31, 40339.05it/s]
1260188it [00:31, 40435.42it/s]
1264260it [00:31, 40519.41it/s]
1268320it [00:31, 40542.30it/s]
1272406it [00:31, 40636.14it/s]
1276525it [00:31, 40800.13it/s]
1280632it [00:31, 40880.68it/s]
1284729it [00:31, 40907.10it/s]
1288828it [00:31, 40928.79it/s]
1292946it [00:31, 41002.44it/s]
1297097it [00:32, 41152.40it/s]
1301213it [00:32, 41145.36it/s]
1305334it [00:32, 41161.58it/s]
1309451it [00:32, 41130.53it/s]
1313566it [00:32, 41135.56it/s]
1317680it [00:32, 41062.19it/s]
1321799it [00:32, 41097.23it/s]
1325909it [00:32, 41077.82it/s]
1330017it [00:32, 41048.72it/s]
1334122it [00:32, 41015.54it/s]
1338224it [00:33, 40236.56it/s]
1342278it [00:33, 40323.68it/s]
1346343it [00:33, 40417.81it/s]
1350423it [00:33, 40530.33it/s]
1354496it [00:33, 40587.74it/s]
1358558it [00:33, 40596.93it/s]
1362625it [00:33, 40617.04it/s]
1366721it [00:33, 40717.31it/s]
1370797it [00:33, 40729.10it/s]
1374881it [00:33, 40760.19it/s]
1378960it [00:34, 40766.72it/s]
1383058it [00:34, 40829.02it/s]
1387155it [00:34, 40870.72it/s]
1391243it [00:34, 40846.27it/s]
1395331it [00:34, 40853.79it/s]
1399418it [00:34, 40856.04it/s]
1403504it [00:34, 40839.60it/s]
1407588it [00:34, 40781.92it/s]
1411667it [00:34, 40725.01it/s]
1415751it [00:34, 40759.10it/s]
1419840it [00:35, 40797.69it/s]
1423920it [00:35, 40777.04it/s]
1428011it [00:35, 40816.19it/s]
1432093it [00:35, 40763.22it/s]
1436170it [00:35, 40730.82it/s]
1440244it [00:35, 40692.93it/s]
1444327it [00:35, 40731.40it/s]
1448401it [00:35, 40712.55it/s]
1452492it [00:35, 40770.96it/s]
1456570it [00:35, 40648.87it/s]
1460635it [00:36, 40591.95it/s]
1464695it [00:36, 40576.75it/s]
1468753it [00:36, 40555.91it/s]
1472809it [00:36, 40497.89it/s]
1476859it [00:36, 40493.07it/s]
1480909it [00:36, 40467.97it/s]
1484956it [00:36, 40447.51it/s]
1489024it [00:36, 40515.74it/s]
1493096it [00:36, 40575.48it/s]
1497163it [00:36, 40603.27it/s]
1501251it [00:37, 40683.87it/s]
1505320it [00:37, 38720.24it/s]
1509403it [00:37, 39328.85it/s]
1513470it [00:37, 39720.81it/s]
1517559it [00:37, 40063.73it/s]
1521644it [00:37, 40294.44it/s]
1525722it [00:37, 40438.43it/s]
1529783it [00:37, 40487.36it/s]
1533836it [00:37, 40458.04it/s]
1537885it [00:37, 40432.51it/s]
1541948it [00:38, 40490.74it/s]
1545999it [00:38, 40473.64it/s]
1550063it [00:38, 40522.13it/s]
1554116it [00:38, 40478.01it/s]
1558165it [00:38, 40464.86it/s]
1562218it [00:38, 40483.08it/s]
1566267it [00:38, 40469.49it/s]
1570315it [00:38, 40429.73it/s]
1574359it [00:38, 40432.15it/s]
1578403it [00:38, 40432.72it/s]
1582459it [00:39, 40469.15it/s]
1586519it [00:39, 40506.17it/s]
1590570it [00:39, 40493.23it/s]
1594620it [00:39, 40464.61it/s]
1598667it [00:39, 40457.77it/s]
1602713it [00:39, 40424.12it/s]
1606757it [00:39, 40426.38it/s]
1610800it [00:39, 40415.29it/s]
1614842it [00:39, 40401.21it/s]
1618883it [00:39, 40330.82it/s]
1622917it [00:40, 40245.57it/s]
1626942it [00:40, 40239.90it/s]
1630971it [00:40, 40254.51it/s]
1635010it [00:40, 40294.45it/s]
1639046it [00:40, 40313.01it/s]
1643105it [00:40, 40394.99it/s]
1647164it [00:40, 40451.30it/s]
1651237it [00:40, 40532.80it/s]
1655318it [00:40, 40613.27it/s]
1659380it [00:40, 40574.19it/s]
1663455it [00:41, 40624.17it/s]
1667528it [00:41, 40655.41it/s]
1671602it [00:41, 40680.50it/s]
1675681it [00:41, 40711.92it/s]
1679753it [00:41, 40662.75it/s]
1683820it [00:41, 40660.46it/s]
1687908it [00:41, 40725.70it/s]
1691981it [00:41, 38080.09it/s]
1696004it [00:41, 38692.56it/s]
1699999it [00:41, 39056.39it/s]
1704003it [00:42, 39342.89it/s]
1708005it [00:42, 39540.77it/s]
1712006it [00:42, 39678.30it/s]
1716012it [00:42, 39791.56it/s]
1720019it [00:42, 39873.80it/s]
1724036it [00:42, 39960.00it/s]
1728093it [00:42, 40139.91it/s]
1732127it [00:42, 40198.41it/s]
1736163it [00:42, 40244.39it/s]
1740219it [00:42, 40335.29it/s]
1744281it [00:43, 40418.31it/s]
1748324it [00:43, 40407.09it/s]
1752380it [00:43, 40452.54it/s]
1756426it [00:43, 40454.35it/s]
1760472it [00:43, 40439.52it/s]
1764517it [00:43, 40434.90it/s]
1768561it [00:43, 40431.41it/s]
1772616it [00:43, 40464.81it/s]
1776680it [00:43, 40514.84it/s]
1780732it [00:43, 40480.33it/s]
1784795it [00:44, 40523.50it/s]
1788855it [00:44, 40543.32it/s]
1792913it [00:44, 40553.49it/s]
1796969it [00:44, 40524.56it/s]
1801022it [00:44, 40478.01it/s]
1805081it [00:44, 40510.79it/s]
1809133it [00:44, 40509.36it/s]
1813194it [00:44, 40537.23it/s]
1817264it [00:44, 40584.07it/s]
1821335it [00:44, 40619.84it/s]
1825397it [00:45, 40516.04it/s]
1829453it [00:45, 40527.45it/s]
1833519it [00:45, 40565.69it/s]
1837586it [00:45, 40595.34it/s]
1841655it [00:45, 40621.58it/s]
1845731it [00:45, 40660.24it/s]
1849798it [00:45, 40558.33it/s]
1853854it [00:45, 40531.47it/s]
1857922it [00:45, 40574.36it/s]
1861981it [00:45, 40577.81it/s]
1866039it [00:46, 40576.65it/s]
1870097it [00:46, 40550.83it/s]
1874154it [00:46, 40552.56it/s]
1878222it [00:46, 40587.38it/s]
1882297it [00:46, 40635.86it/s]
1886361it [00:46, 40583.23it/s]
1890420it [00:46, 40532.63it/s]
1894481it [00:46, 40553.49it/s]
1898544it [00:46, 40573.70it/s]
1902602it [00:46, 40560.50it/s]
1906659it [00:47, 39459.45it/s]
1910734it [00:47, 39835.87it/s]
1914800it [00:47, 40079.34it/s]
1918824it [00:47, 40125.40it/s]
1922911it [00:47, 40346.78it/s]
1927001it [00:47, 40509.24it/s]
1931067it [00:47, 40553.19it/s]
1935176it [00:47, 40709.17it/s]
1939257it [00:47, 40737.58it/s]
1943345it [00:47, 40779.94it/s]
1947424it [00:48, 40681.36it/s]
1951493it [00:48, 40668.14it/s]
1955564it [00:48, 40678.71it/s]
1959651it [00:48, 40734.37it/s]
1963725it [00:48, 40682.79it/s]
1967809it [00:48, 40727.38it/s]
1971892it [00:48, 40756.92it/s]
1975994it [00:48, 40833.69it/s]
1980078it [00:48, 40750.22it/s]
1984176it [00:48, 40817.52it/s]
1988274it [00:49, 40862.73it/s]
1992378it [00:49, 40912.51it/s]
1996470it [00:49, 40897.29it/s]
2000560it [00:49, 40883.39it/s]
2004663it [00:49, 40922.29it/s]
2008759it [00:49, 40932.35it/s]
2013902it [00:49, 44078.66it/s]
2019509it [00:49, 47672.44it/s]
2025133it [00:49, 50240.64it/s]
2030775it [00:49, 52092.90it/s]
2036387it [00:50, 53298.93it/s]
2041983it [00:50, 54095.49it/s]
2047569it [00:50, 54622.72it/s]
2053165it [00:50, 55023.33it/s]
2058746it [00:50, 55257.70it/s]
2064318it [00:50, 55395.76it/s]
2069885it [00:50, 55477.09it/s]
2075468it [00:50, 55581.15it/s]
2081066it [00:50, 55697.82it/s]
2086712it [00:50, 55925.15it/s]
2092362it [00:51, 56094.48it/s]
2098017it [00:51, 56230.46it/s]
2103641it [00:51, 56198.69it/s]
2109261it [00:51, 56171.75it/s]
2114879it [00:51, 56122.33it/s]
2120492it [00:51, 56086.38it/s]
2126101it [00:51, 56015.77it/s]
2131706it [00:51, 56023.24it/s]
2137328it [00:51, 56080.12it/s]
2142937it [00:52, 50381.05it/s]
2148531it [00:52, 51924.30it/s]
2154120it [00:52, 53050.20it/s]
2159711it [00:52, 53875.28it/s]
2165311it [00:52, 54492.16it/s]
2170928it [00:52, 54985.52it/s]
2176546it [00:52, 55336.22it/s]
2182144it [00:52, 55524.72it/s]
2187750it [00:52, 55681.77it/s]
2193356it [00:52, 55791.70it/s]
2198961it [00:53, 55866.40it/s]
2204564it [00:53, 55912.23it/s]
2210159it [00:53, 55921.40it/s]
2215754it [00:53, 55878.81it/s]
2221344it [00:53, 55798.14it/s]
2226926it [00:53, 55770.43it/s]
2232512it [00:53, 55796.35it/s]
2238093it [00:53, 55745.43it/s]
2243668it [00:53, 55694.12it/s]
2249238it [00:53, 55690.25it/s]
2254821it [00:54, 55731.54it/s]
2260395it [00:54, 55732.06it/s]
2265969it [00:54, 55709.21it/s]
2271540it [00:54, 55684.51it/s]
2277120it [00:54, 55718.07it/s]
2282706it [00:54, 55757.97it/s]
2288282it [00:54, 55721.78it/s]
2293855it [00:54, 55712.32it/s]
2299427it [00:54, 55640.07it/s]
2304997it [00:54, 55657.28it/s]
2310583it [00:55, 55715.47it/s]
2316180it [00:55, 55791.07it/s]
2321764it [00:55, 55804.08it/s]
2327372it [00:55, 55884.24it/s]
2332961it [00:55, 55841.27it/s]
2338565it [00:55, 55900.42it/s]
2344156it [00:55, 55826.84it/s]
2349739it [00:55, 55781.74it/s]
2355318it [00:55, 55767.58it/s]
2360895it [00:55, 55756.85it/s]
2366471it [00:56, 55686.15it/s]
2372040it [00:56, 55631.15it/s]
2377604it [00:56, 55606.74it/s]
2383165it [00:56, 55533.38it/s]
2388719it [00:56, 55509.70it/s]
2394270it [00:56, 55490.00it/s]
2399830it [00:56, 55522.49it/s]
2405397it [00:56, 55565.76it/s]
2410954it [00:56, 50928.60it/s]
2416524it [00:56, 52271.87it/s]
2422083it [00:57, 53223.17it/s]
2427646it [00:57, 53921.58it/s]
2433210it [00:57, 54424.64it/s]
2438792it [00:57, 54836.02it/s]
2444368it [00:57, 55108.81it/s]
2449936it [00:57, 55276.61it/s]
2455499it [00:57, 55379.68it/s]
2461065it [00:57, 55461.58it/s]
2466625it [00:57, 55501.70it/s]
2472204it [00:57, 55587.57it/s]
2477766it [00:58, 55595.71it/s]
2483354it [00:58, 55679.90it/s]
2488946it [00:58, 55750.14it/s]
2494566it [00:58, 55882.97it/s]
2500198it [00:58, 56012.13it/s]
2505840it [00:58, 56131.18it/s]
2511472it [00:58, 56187.10it/s]
2517091it [00:58, 56173.17it/s]
2522709it [00:58, 56171.05it/s]
2528361it [00:58, 56272.35it/s]
2533991it [00:59, 56278.32it/s]
2539631it [00:59, 56313.67it/s]
2545263it [00:59, 56278.07it/s]
2550915it [00:59, 56349.70it/s]
2556558it [00:59, 56372.87it/s]
2562196it [00:59, 56305.49it/s]
2567827it [00:59, 56197.48it/s]
2573450it [00:59, 56204.55it/s]
2579071it [00:59, 56203.83it/s]
2584692it [00:59, 56203.16it/s]
2590313it [01:00, 56170.99it/s]
2595940it [01:00, 56198.99it/s]
2601560it [01:00, 56103.43it/s]
2607171it [01:00, 56053.38it/s]
2612777it [01:00, 55992.42it/s]
2618377it [01:00, 55980.68it/s]
2623976it [01:00, 55937.15it/s]
2629578it [01:00, 55958.54it/s]
2635190it [01:00, 56003.22it/s]
2640800it [01:00, 56031.72it/s]
2646408it [01:01, 56044.97it/s]
2652019it [01:01, 56063.24it/s]
2657626it [01:01, 56036.08it/s]
2663230it [01:01, 56025.81it/s]
2668845it [01:01, 56060.18it/s]
2674492it [01:01, 56182.41it/s]
2680131it [01:01, 56242.11it/s]
2685759it [01:01, 56252.52it/s]
2691391it [01:01, 56270.89it/s]
2697019it [01:01, 56271.70it/s]
2702647it [01:02, 56079.65it/s]
2708256it [01:02, 56037.87it/s]
2713860it [01:02, 54607.93it/s]
2719440it [01:02, 54958.01it/s]
2725049it [01:02, 55290.28it/s]
2730686it [01:02, 55607.59it/s]
2736312it [01:02, 55801.38it/s]
2741938it [01:02, 55937.52it/s]
2747570it [01:02, 56049.73it/s]
2753232it [01:02, 56218.25it/s]
2758877it [01:03, 56286.55it/s]
2764520it [01:03, 56328.38it/s]
2770172it [01:03, 56385.35it/s]
2775827it [01:03, 56431.42it/s]
2781471it [01:03, 56427.44it/s]
2787129it [01:03, 56470.30it/s]
2792777it [01:03, 56467.81it/s]
2798424it [01:03, 56466.63it/s]
2804071it [01:03, 56463.58it/s]
2809720it [01:03, 56469.10it/s]
2815367it [01:04, 56422.94it/s]
2821011it [01:04, 56425.61it/s]
2826659it [01:04, 56441.57it/s]
2832318it [01:04, 56483.23it/s]
2837967it [01:04, 56463.32it/s]
2843620it [01:04, 56482.24it/s]
2849269it [01:04, 56454.43it/s]
2854915it [01:04, 56418.93it/s]
2860557it [01:04, 56335.45it/s]
2866191it [01:04, 56317.73it/s]
2871823it [01:05, 56295.63it/s]
2877459it [01:05, 56312.19it/s]
2883091it [01:05, 56287.24it/s]
2888730it [01:05, 56316.20it/s]
2894362it [01:05, 56284.13it/s]
2900000it [01:05, 56312.28it/s]
2905632it [01:05, 56268.64it/s]
2911259it [01:05, 56242.14it/s]
2916884it [01:05, 56211.61it/s]
2922511it [01:05, 56228.68it/s]
2928136it [01:06, 56232.96it/s]
2933760it [01:06, 56207.32it/s]
2939381it [01:06, 56186.10it/s]
2945000it [01:06, 56184.71it/s]
2950619it [01:06, 56174.87it/s]
2956237it [01:06, 56172.49it/s]
2961855it [01:06, 56111.05it/s]
2967467it [01:06, 56112.79it/s]
2973088it [01:06, 56138.57it/s]
2978706it [01:06, 56147.80it/s]
2984321it [01:07, 56105.72it/s]
2989953it [01:07, 56169.40it/s]
2995578it [01:07, 56193.02it/s]
3001198it [01:07, 56138.22it/s]
3006837it [01:07, 56212.41it/s]
3012497it [01:07, 56325.23it/s]
3018130it [01:07, 56266.95it/s]
3023757it [01:07, 56228.67it/s]
3029380it [01:07, 56161.77it/s]
3035008it [01:07, 56196.63it/s]
3040660it [01:08, 56291.85it/s]
3046290it [01:08, 56267.29it/s]
3051917it [01:08, 53085.44it/s]
3057463it [01:08, 53766.61it/s]
3063028it [01:08, 54313.09it/s]
3068606it [01:08, 54740.96it/s]
3074158it [01:08, 54967.85it/s]
3079724it [01:08, 55172.57it/s]
3085275it [01:08, 55270.22it/s]
3090852it [01:09, 55417.91it/s]
3096398it [01:09, 55406.97it/s]
3101945it [01:09, 55423.19it/s]
3107490it [01:09, 55411.14it/s]
3113033it [01:09, 55391.53it/s]
3118574it [01:09, 55344.27it/s]
3124110it [01:09, 55334.06it/s]
3129644it [01:09, 55271.94it/s]
3135172it [01:09, 55241.83it/s]
3140714it [01:09, 55294.77it/s]
3146276it [01:10, 55389.95it/s]
3151816it [01:10, 55380.63it/s]
3157365it [01:10, 55411.89it/s]
3162907it [01:10, 55373.56it/s]
3168445it [01:10, 55370.96it/s]
3173983it [01:10, 55351.37it/s]
3179538it [01:10, 55409.11it/s]
3185080it [01:10, 55411.76it/s]
3190650it [01:10, 55496.62it/s]
3196226it [01:10, 55572.65it/s]
3201802it [01:11, 55628.46it/s]
3207365it [01:11, 55618.48it/s]
3212936it [01:11, 55642.80it/s]
3218509it [01:11, 55667.26it/s]
3224078it [01:11, 55671.19it/s]
3229646it [01:11, 55655.66it/s]
3235222it [01:11, 55683.86it/s]
3240791it [01:11, 55608.70it/s]
3246352it [01:11, 55530.23it/s]
3251906it [01:11, 55455.73it/s]
3257466it [01:12, 55498.57it/s]
3263016it [01:12, 55460.28it/s]
3268563it [01:12, 55416.51it/s]
3274105it [01:12, 55401.47it/s]
3279652it [01:12, 55420.35it/s]
3285195it [01:12, 55360.72it/s]
3290748it [01:12, 55410.65it/s]
3296290it [01:12, 55372.36it/s]
3301828it [01:12, 55323.05it/s]
3307376it [01:12, 55368.70it/s]
3312918it [01:13, 55382.35it/s]
3318460it [01:13, 55391.83it/s]
3324016it [01:13, 55440.64it/s]
3329561it [01:13, 55436.53it/s]
3335105it [01:13, 55406.61it/s]
3340646it [01:13, 55310.58it/s]
3346183it [01:13, 55326.65it/s]
3351716it [01:13, 55300.69it/s]
3357247it [01:13, 55290.38it/s]
3362788it [01:13, 55324.82it/s]
3368334it [01:14, 55362.40it/s]
3373876it [01:14, 55378.06it/s]
3379428it [01:14, 55417.87it/s]
3384970it [01:14, 55385.34it/s]
3390542it [01:14, 55483.47it/s]
3396091it [01:14, 55465.38it/s]
3401651it [01:14, 55504.01it/s]
3407202it [01:14, 55500.35it/s]
3412759it [01:14, 55520.73it/s]
3418314it [01:14, 55528.10it/s]
3423870it [01:15, 55535.02it/s]
3429424it [01:15, 55529.11it/s]
3434977it [01:15, 48810.37it/s]
3440511it [01:15, 50594.58it/s]
3446062it [01:15, 51973.47it/s]
3451625it [01:15, 53018.89it/s]
3457211it [01:15, 53840.59it/s]
3462779it [01:15, 54378.74it/s]
3468351it [01:15, 54771.90it/s]
3473926it [01:15, 55059.22it/s]
3479515it [01:16, 55303.15it/s]
3485116it [01:16, 55512.96it/s]
3490729it [01:16, 55696.60it/s]
3496308it [01:16, 55723.24it/s]
3501886it [01:16, 55725.49it/s]
3507462it [01:16, 55733.70it/s]
3513047it [01:16, 55765.46it/s]
3518630it [01:16, 55783.38it/s]
3524224it [01:16, 55827.28it/s]
3529819it [01:16, 55861.34it/s]
3535442it [01:17, 55969.24it/s]
3541056it [01:17, 56019.42it/s]
3546675it [01:17, 56067.76it/s]
3552282it [01:17, 56062.99it/s]
3557902it [01:17, 56102.78it/s]
3563519it [01:17, 56119.99it/s]
3569142it [01:17, 56150.31it/s]
3574758it [01:17, 56085.69it/s]
3580367it [01:17, 56024.18it/s]
3585970it [01:17, 56007.78it/s]
3591586it [01:18, 56050.40it/s]
3597192it [01:18, 56008.55it/s]
3602799it [01:18, 56024.98it/s]
3608404it [01:18, 56031.41it/s]
3614022it [01:18, 56075.38it/s]
3619630it [01:18, 56027.71it/s]
3625233it [01:18, 56003.52it/s]
3630834it [01:18, 55997.07it/s]
3636439it [01:18, 56011.03it/s]
3642041it [01:18, 55986.32it/s]
3647648it [01:19, 56007.70it/s]
3653249it [01:19, 55942.66it/s]
3658844it [01:19, 55861.19it/s]
3664431it [01:19, 55784.67it/s]
3670010it [01:19, 55697.14it/s]
3675580it [01:19, 55611.10it/s]
3681145it [01:19, 55622.11it/s]
3686708it [01:19, 55576.77it/s]
3692267it [01:19, 55576.19it/s]
3697833it [01:19, 55600.08it/s]
3703415it [01:20, 55662.06it/s]
3709008it [01:20, 55741.04it/s]
3714589it [01:20, 55758.22it/s]
3720165it [01:20, 55738.09it/s]
3725739it [01:20, 55663.67it/s]
3731306it [01:20, 55548.18it/s]
3736861it [01:20, 55481.64it/s]
3742410it [01:20, 55463.34it/s]
3748016it [01:20, 55641.43it/s]
3749518it [01:20, 46350.91it/s]
INFO:root:test max cliques 2009858, nested cliques 1739660
INFO:root:test real max cliques in search universe: 32
INFO:root:test real smaller cliques in search universe: 96 96
INFO:root:Our Performance: precision 0.0001, recall 0.3119, f1 0.0002 jaccard 0.0001
INFO:root:Baseline: Bayesian-MDL skipped (disabled for this runtime).
INFO:root:Baseline: Max Clique precision 0.0000, recall 0.1468, f1 0.0000, jaccard 0.0000 
INFO:root:Baseline: ECC precision 0.0245, recall 0.1284, f1 0.0411, jaccard 0.0210 
INFO:root:Baseline: Demon precision 0.0140, recall 0.0413, f1 0.0209, jaccard 0.0106 
INFO:root:Baseline: CFinder skipped (disabled for channel-SNR benchmark).
(4121, 9) (4121,) 72
