INFO:root:Create log file at log/hosts/hosts-6000-cou-1788864897.7379715.log
INFO:root:Command line executed: python main.py --dataset hosts --beta 6000 --features count --channel awgn --snr_db 4
INFO:root:Full args parsed:
INFO:root:Namespace(dataset='hosts', beta=6000, features='count', model='mlp', epochs=2000, lr=0.0001, setting='f', label_rate=0.1, ablation=0, seed=123, use_c=1, jobs=1, save_features=0, data_dir='./data/', log_dir='log', downsample=0, max_child_size=1, ext=0, channel='awgn', snr_db=4.0, channel_seed=123, max_background_pairs=10000)
INFO:root:Finish loading graphs.
INFO:root:Nodes train: 591, test: 466
INFO:root:Simplicies train: 204, test: 218
INFO:root:Channel awgn at 4.0 dB: test projection edges 9205 -> 9360
INFO:root:Start computing cliques
INFO:root:Couldn't find cache for max cliques train
INFO:root:Number of maximum cliques:383
INFO:root:Couldn't find cache for max cliques test
INFO:root:Number of maximum cliques:971834
INFO:root:test nodes 466 hyperedges 218 avg size 5.564220183486238 std 8.957494150492446 avg degree 2.6030042918454934 max cliques 971834
INFO:root:Breakdown of test hyperedges (max+small) 23 + 195
INFO:root:Intersection 21 out of 1472 971834
INFO:root:support cliques train:125 - test: 1472
INFO:root:Optimizing clique sampler .. 
INFO:root:Found cache for rho.
INFO:root:[(140, 140), (50, 50), (44, 44), (37, 37), (35, 35), (27, 27), (26, 26), (2, 2), (1, 1), (3, 3), (23, 23), (22, 22), (20, 20), (5, 5), (25, 1), (4, 4), (24, 24), (8, 8), (15, 15), (10, 10), (13, 13), (6, 6), (35, 1), (12, 12), (18, 18), (17, 17), (16, 16), (9, 9), (7, 7), (14, 14), (3, 1), (11, 11), (5, 2), (22, 1), (50, 1), (26, 1), (27, 1), (2, 1), (4, 2), (24, 1), (6, 2), (5, 3), (6, 3), (18, 1), (16, 15), (6, 4), (140, 1), (25, 2), (7, 6), (6, 5), (8, 7), (7, 5), (27, 2), (11, 2)]
INFO:root:Optimize Clique Sampler: #hyperedges collected:179, recall: 0.8774509803921569, efficiency:0.029833333333333333
INFO:root:Clique analysis done.
INFO:root:train: 4497 unique candidates out of 5959 sampled candidates
Note: to be able to use all crisp methods, you need to install some additional packages:  {'leidenalg', 'wurlitzer', 'bayanpy', 'graph_tool', 'infomap'}
Note: to be able to use all crisp methods, you need to install some additional packages:  {'ASLPAw', 'torch', 'pyclustering', 'hidef'}
Note: to be able to use all crisp methods, you need to install some additional packages:  {'infomap', 'wurlitzer', 'scikit-network', 'leidenalg'}
Sanity check failed, reindexing the hypergraphs ...
Sanity check failed, reindexing the hypergraphs ...
number of nodes in construct graph 591
number of nodes in construct graph 466
(0, 0), (1, 1), (2, 2), (3, 3), (4, 4), (5, 5), (6, 6), (7, 7), (22, 22), (31, 31), (42, 41), (46, 44), (49, 46), (53, 48), (65, 54), (90, 64), (106, 70), (109, 71), (139, 79), (160, 84), (190, 91), (211, 95), (248, 102), (283, 108), (303, 111), (310, 112), (318, 113), (326, 114), (360, 118), (387, 120), (402, 121), (435, 123), (469, 125), (589, 131), (655, 134), (705, 136), (731, 137), (758, 138), (788, 139), (884, 142), (956, 144), (1511, 154), (1631, 156), (2371, 162), (2497, 163), (2625, 164), (3180, 168), (3320, 169), (3620, 171), (3809, 172), (4031, 173), (4271, 174), (4838, 176), (5189, 177), 
(0, 0), (0, 0), (0, 0), (0, 0), (0, 0), (0, 0), (0, 0), (0, 0), (291, 8), (291, 8), (715, 15), (717, 15), (943, 15), (13045, 15), (13300, 18), (13300, 18), (13566, 20), (13566, 20), (14101, 20), (191918, 20), (195146, 20), (253234, 20), (253477, 21), (253477, 21), (278138, 21), (390648, 21), (583985, 21), (796308, 21), (797291, 21), (797639, 23), (915529, 23), (916801, 71), (926989, 71), (929539, 92), (934511, 92), (934511, 92), (934511, 92), (934511, 92), (935093, 98), (936689, 100), (936689, 100), (940334, 101), (942884, 105), (947744, 105), (2972924, 108), (6370092, 108), (6373737, 110), (6373737, 110), (6373737, 110), (6376173, 110), (6377631, 111), (6381911, 111), (6389219, 111), (6389219, 111), 

0it [00:00, ?it/s]
4504it [00:00, 182629.01it/s]
INFO:root:test: 3712435 unique candidates out of 6632209 sampled candidates

0it [00:00, ?it/s]
4912it [00:00, 49111.73it/s]
9941it [00:00, 49800.27it/s]
14922it [00:00, 49746.95it/s]
19988it [00:00, 50104.57it/s]
25044it [00:00, 50266.44it/s]
30100it [00:00, 50361.87it/s]
35137it [00:00, 50314.32it/s]
40169it [00:00, 50300.46it/s]
45248it [00:00, 50450.35it/s]
50322it [00:01, 50536.72it/s]
55418it [00:01, 50664.19it/s]
60492it [00:01, 50684.46it/s]
65575it [00:01, 50726.72it/s]
70665it [00:01, 50775.88it/s]
75777it [00:01, 50875.66it/s]
80880it [00:01, 50921.02it/s]
86003it [00:01, 51011.78it/s]
91105it [00:01, 48701.18it/s]
95998it [00:01, 48391.98it/s]
100853it [00:02, 48139.74it/s]
105695it [00:02, 48219.15it/s]
110543it [00:02, 48294.73it/s]
115401it [00:02, 48377.64it/s]
120309it [00:02, 48584.04it/s]
125276it [00:02, 48906.93it/s]
130252it [00:02, 49158.91it/s]
135276it [00:02, 49480.82it/s]
140299it [00:02, 49704.48it/s]
145332it [00:02, 49888.35it/s]
150398it [00:03, 50118.54it/s]
155486it [00:03, 50344.37it/s]
160536it [00:03, 50390.43it/s]
165625it [00:03, 50537.51it/s]
170725it [00:03, 50673.84it/s]
175815it [00:03, 50738.05it/s]
180889it [00:03, 50591.23it/s]
185949it [00:03, 50564.75it/s]
191014it [00:03, 50586.32it/s]
196091it [00:03, 50639.84it/s]
201175it [00:04, 50696.04it/s]
206245it [00:04, 50612.38it/s]
211307it [00:04, 50598.24it/s]
216384it [00:04, 50647.93it/s]
221494it [00:04, 50783.07it/s]
226581it [00:04, 50807.94it/s]
231662it [00:04, 50717.50it/s]
236734it [00:04, 50671.76it/s]
241802it [00:04, 50628.52it/s]
246865it [00:04, 50556.14it/s]
251933it [00:05, 50592.25it/s]
256993it [00:05, 50512.20it/s]
262049it [00:05, 50524.97it/s]
267112it [00:05, 50555.65it/s]
272185it [00:05, 50607.11it/s]
277249it [00:05, 50614.13it/s]
282313it [00:05, 50620.20it/s]
287398it [00:05, 50687.93it/s]
292467it [00:05, 50475.59it/s]
297539it [00:05, 50545.20it/s]
302656it [00:06, 50730.56it/s]
307769it [00:06, 50848.51it/s]
312883it [00:06, 50933.80it/s]
317977it [00:06, 50795.69it/s]
323057it [00:06, 50725.30it/s]
328130it [00:06, 50357.47it/s]
333211it [00:06, 50490.71it/s]
338278it [00:06, 50541.19it/s]
343333it [00:06, 50402.51it/s]
348374it [00:06, 50383.85it/s]
353437it [00:07, 50455.01it/s]
358483it [00:07, 50428.85it/s]
363562it [00:07, 50536.15it/s]
368616it [00:07, 49890.59it/s]
373712it [00:07, 50207.51it/s]
378760it [00:07, 50286.55it/s]
383810it [00:07, 50349.17it/s]
388846it [00:07, 50332.12it/s]
393892it [00:07, 50367.37it/s]
398949it [00:07, 50425.00it/s]
403996it [00:08, 50435.97it/s]
409040it [00:08, 50414.00it/s]
414082it [00:08, 49951.40it/s]
419142it [00:08, 50141.46it/s]
424227it [00:08, 50351.45it/s]
429290it [00:08, 50433.36it/s]
434334it [00:08, 50005.89it/s]
439341it [00:08, 50022.79it/s]
444363it [00:08, 50078.83it/s]
449372it [00:08, 50028.43it/s]
454387it [00:09, 50062.01it/s]
459408it [00:09, 50103.31it/s]
464419it [00:09, 49324.66it/s]
469452it [00:09, 49620.15it/s]
474466it [00:09, 49771.88it/s]
479488it [00:09, 49903.56it/s]
484519it [00:09, 50023.31it/s]
489581it [00:09, 50199.68it/s]
494608it [00:09, 50218.95it/s]
499651it [00:09, 50279.56it/s]
504693it [00:10, 50318.89it/s]
509728it [00:10, 50326.83it/s]
514795it [00:10, 50427.25it/s]
519867it [00:10, 50511.08it/s]
524919it [00:10, 50169.87it/s]
529945it [00:10, 50194.50it/s]
534965it [00:10, 50110.41it/s]
539979it [00:10, 50115.84it/s]
545014it [00:10, 50183.30it/s]
550058it [00:10, 50258.24it/s]
555090it [00:11, 50275.47it/s]
560148it [00:11, 50364.88it/s]
565203it [00:11, 50418.48it/s]
570257it [00:11, 50453.92it/s]
575316it [00:11, 50491.39it/s]
580381it [00:11, 50536.44it/s]
585459it [00:11, 50607.23it/s]
590520it [00:11, 49446.96it/s]
595568it [00:11, 49749.80it/s]
600593it [00:11, 49897.37it/s]
605647it [00:12, 50088.22it/s]
610715it [00:12, 50262.33it/s]
615787it [00:12, 50397.91it/s]
620832it [00:12, 50411.46it/s]
625875it [00:12, 50295.03it/s]
630941it [00:12, 50403.80it/s]
636010it [00:12, 50486.42it/s]
641085it [00:12, 50561.99it/s]
646161it [00:12, 50620.73it/s]
651224it [00:12, 50609.45it/s]
656309it [00:13, 50680.96it/s]
661378it [00:13, 49997.94it/s]
666478it [00:13, 50293.85it/s]
671579it [00:13, 50504.20it/s]
676686it [00:13, 50672.43it/s]
681785it [00:13, 50766.19it/s]
686903it [00:13, 50888.12it/s]
692060it [00:13, 51090.08it/s]
697170it [00:13, 51050.62it/s]
702291it [00:13, 51097.72it/s]
707410it [00:14, 51124.04it/s]
712523it [00:14, 51099.84it/s]
717634it [00:14, 51058.05it/s]
722744it [00:14, 51068.96it/s]
727851it [00:14, 51015.95it/s]
732953it [00:14, 50981.74it/s]
738052it [00:14, 50975.64it/s]
743150it [00:14, 49439.90it/s]
748252it [00:14, 49900.55it/s]
753328it [00:14, 50153.88it/s]
758429it [00:15, 50405.35it/s]
763521it [00:15, 50557.63it/s]
768594it [00:15, 50605.90it/s]
773667it [00:15, 50641.02it/s]
778782it [00:15, 50792.22it/s]
783929it [00:15, 50992.99it/s]
789079it [00:15, 51143.04it/s]
794210it [00:15, 51190.09it/s]
799333it [00:15, 51199.80it/s]
804463it [00:15, 51228.83it/s]
809587it [00:16, 51210.78it/s]
814709it [00:16, 51116.76it/s]
819856it [00:16, 51220.63it/s]
824996it [00:16, 51272.30it/s]
830124it [00:16, 51202.39it/s]
835245it [00:16, 49944.90it/s]
840374it [00:16, 50338.87it/s]
845489it [00:16, 50577.27it/s]
850609it [00:16, 50761.09it/s]
855698it [00:16, 50798.84it/s]
860801it [00:17, 50864.38it/s]
865906it [00:17, 50919.03it/s]
870999it [00:17, 50906.70it/s]
876091it [00:17, 50903.65it/s]
881219it [00:17, 51013.25it/s]
886334it [00:17, 51052.02it/s]
891443it [00:17, 51061.34it/s]
896553it [00:17, 51069.48it/s]
901661it [00:17, 51071.08it/s]
906769it [00:17, 51033.41it/s]
911873it [00:18, 50966.08it/s]
917023it [00:18, 51124.68it/s]
922158it [00:18, 51190.72it/s]
927278it [00:18, 51127.09it/s]
932391it [00:18, 51086.56it/s]
937500it [00:18, 50995.07it/s]
942600it [00:18, 49072.46it/s]
947734it [00:18, 49732.35it/s]
952849it [00:18, 50146.78it/s]
957979it [00:19, 50485.81it/s]
963090it [00:19, 50669.13it/s]
968241it [00:19, 50919.09it/s]
973395it [00:19, 51102.39it/s]
978561it [00:19, 51267.75it/s]
983732it [00:19, 51396.96it/s]
988930it [00:19, 51570.47it/s]
994128it [00:19, 51691.27it/s]
999342it [00:19, 51823.93it/s]
1004597it [00:19, 52039.06it/s]
1009865it [00:20, 52229.13it/s]
1015137it [00:20, 52373.21it/s]
1020413it [00:20, 52487.05it/s]
1025704it [00:20, 52610.64it/s]
1031004it [00:20, 52725.56it/s]
1036340it [00:20, 52915.23it/s]
1041669it [00:20, 53024.13it/s]
1047010it [00:20, 53137.08it/s]
1052347it [00:20, 53203.77it/s]
1057668it [00:20, 52718.69it/s]
1063054it [00:21, 53058.34it/s]
1068473it [00:21, 53393.60it/s]
1073897it [00:21, 53644.68it/s]
1079319it [00:21, 53814.63it/s]
1084755it [00:21, 53976.95it/s]
1090184it [00:21, 54067.91it/s]
1095636it [00:21, 54202.04it/s]
1101095it [00:21, 54317.83it/s]
1106560it [00:21, 54415.59it/s]
1112045it [00:21, 54543.66it/s]
1117526it [00:22, 54622.58it/s]
1123023it [00:22, 54724.53it/s]
1128516it [00:22, 54783.55it/s]
1134012it [00:22, 54835.16it/s]
1139520it [00:22, 54904.46it/s]
1145011it [00:22, 54839.19it/s]
1150501it [00:22, 54854.53it/s]
1156005it [00:22, 54908.77it/s]
1161509it [00:22, 54946.96it/s]
1167031it [00:22, 55026.46it/s]
1172557it [00:23, 55093.88it/s]
1178109it [00:23, 55218.42it/s]
1183650it [00:23, 55275.19it/s]
1189178it [00:23, 53621.99it/s]
1194664it [00:23, 53983.74it/s]
1200123it [00:23, 54160.39it/s]
1205601it [00:23, 54341.63it/s]
1211064it [00:23, 54424.69it/s]
1216536it [00:23, 54512.09it/s]
1222058it [00:23, 54721.82it/s]
1227579it [00:24, 54867.28it/s]
1233123it [00:24, 55036.12it/s]
1238669it [00:24, 55161.13it/s]
1244235it [00:24, 55309.40it/s]
1249799it [00:24, 55407.65it/s]
1255352it [00:24, 55443.44it/s]
1260904it [00:24, 55462.97it/s]
1266471it [00:24, 55523.21it/s]
1272024it [00:24, 55515.89it/s]
1277603it [00:24, 55595.77it/s]
1283188it [00:25, 55669.53it/s]
1288777it [00:25, 55734.04it/s]
1294357it [00:25, 55750.89it/s]
1299948it [00:25, 55798.11it/s]
1305533it [00:25, 55810.30it/s]
1311115it [00:25, 55777.56it/s]
1316693it [00:25, 55758.10it/s]
1322278it [00:25, 55782.60it/s]
1327862it [00:25, 55798.91it/s]
1333442it [00:25, 55789.32it/s]
1339021it [00:26, 53041.82it/s]
1344603it [00:26, 53843.65it/s]
1350187it [00:26, 54425.95it/s]
1355776it [00:26, 54854.47it/s]
1361365it [00:26, 55160.38it/s]
1366946it [00:26, 55350.56it/s]
1372537it [00:26, 55515.67it/s]
1378102it [00:26, 55555.06it/s]
1383741it [00:26, 55801.96it/s]
1389444it [00:26, 56167.14it/s]
1395148it [00:27, 56426.47it/s]
1400841it [00:27, 56574.14it/s]
1406536it [00:27, 56684.84it/s]
1412243it [00:27, 56797.90it/s]
1417940it [00:27, 56848.06it/s]
1423646it [00:27, 56909.11it/s]
1429356it [00:27, 56961.90it/s]
1435063it [00:27, 56992.22it/s]
1440779it [00:27, 57041.09it/s]
1446488it [00:27, 57054.39it/s]
1452214it [00:28, 57113.35it/s]
1457938it [00:28, 57148.86it/s]
1463665it [00:28, 57183.50it/s]
1469384it [00:28, 57181.46it/s]
1475103it [00:28, 57166.70it/s]
1480820it [00:28, 57118.08it/s]
1486532it [00:28, 57093.50it/s]
1492262it [00:28, 57152.67it/s]
1497978it [00:28, 57107.70it/s]
1503701it [00:28, 54553.37it/s]
1509325it [00:29, 55041.94it/s]
1515029it [00:29, 55626.15it/s]
1520743it [00:29, 56072.27it/s]
1526430it [00:29, 56308.29it/s]
1532117it [00:29, 56472.72it/s]
1537795it [00:29, 56562.22it/s]
1543456it [00:29, 56566.84it/s]
1549120it [00:29, 56587.97it/s]
1554799it [00:29, 56645.04it/s]
1560467it [00:29, 56653.70it/s]
1566149it [00:30, 56703.03it/s]
1571820it [00:30, 56703.07it/s]
1577497it [00:30, 56719.75it/s]
1583170it [00:30, 56660.90it/s]
1588847it [00:30, 56692.88it/s]
1594517it [00:30, 56671.90it/s]
1600189it [00:30, 56684.92it/s]
1605860it [00:30, 56691.56it/s]
1611535it [00:30, 56707.00it/s]
1617206it [00:30, 56687.73it/s]
1622875it [00:31, 56681.45it/s]
1628544it [00:31, 56650.09it/s]
1634211it [00:31, 56653.69it/s]
1639877it [00:31, 56638.06it/s]
1645553it [00:31, 56670.75it/s]
1651241it [00:31, 56730.11it/s]
1656915it [00:31, 56674.90it/s]
1662583it [00:31, 56613.86it/s]
1668245it [00:31, 56596.07it/s]
1673928it [00:31, 56663.43it/s]
1679595it [00:32, 56647.36it/s]
1685260it [00:32, 56552.99it/s]
1690916it [00:32, 56549.01it/s]
1696571it [00:32, 55263.38it/s]
1702224it [00:32, 55635.92it/s]
1707882it [00:32, 55914.95it/s]
1713534it [00:32, 56092.61it/s]
1719206it [00:32, 56279.21it/s]
1724870it [00:32, 56383.56it/s]
1730532it [00:32, 56452.37it/s]
1736196it [00:33, 56505.17it/s]
1741848it [00:33, 56498.09it/s]
1747510it [00:33, 56532.13it/s]
1753166it [00:33, 56538.48it/s]
1758828it [00:33, 56560.47it/s]
1764485it [00:33, 56522.89it/s]
1770138it [00:33, 56513.13it/s]
1775790it [00:33, 56379.93it/s]
1781429it [00:33, 56380.62it/s]
1787089it [00:33, 56442.88it/s]
1792749it [00:34, 56488.53it/s]
1798420it [00:34, 56554.08it/s]
1804108it [00:34, 56651.25it/s]
1809786it [00:34, 56688.54it/s]
1815485it [00:34, 56775.80it/s]
1821186it [00:34, 56842.81it/s]
1826881it [00:34, 56872.13it/s]
1832569it [00:34, 56812.55it/s]
1838251it [00:34, 56783.84it/s]
1843952it [00:34, 56848.30it/s]
1849637it [00:35, 56835.67it/s]
1855321it [00:35, 56712.01it/s]
1860993it [00:35, 56585.09it/s]
1866674it [00:35, 56651.40it/s]
1872356it [00:35, 56699.99it/s]
1878027it [00:35, 56675.93it/s]
1883695it [00:35, 56573.84it/s]
1889353it [00:35, 56506.90it/s]
1895019it [00:35, 56551.32it/s]
1900675it [00:35, 56527.66it/s]
1906328it [00:36, 51526.49it/s]
1911937it [00:36, 52805.34it/s]
1917575it [00:36, 53826.25it/s]
1923222it [00:36, 54591.68it/s]
1928835it [00:36, 55040.48it/s]
1934455it [00:36, 55380.23it/s]
1940108it [00:36, 55720.01it/s]
1945752it [00:36, 55931.37it/s]
1951382it [00:36, 56039.31it/s]
1957016it [00:37, 56126.49it/s]
1962648it [00:37, 56180.86it/s]
1968274it [00:37, 56201.56it/s]
1973912it [00:37, 56253.18it/s]
1979546it [00:37, 56276.32it/s]
1985204it [00:37, 56365.68it/s]
1990875it [00:37, 56467.60it/s]
1996553it [00:37, 56560.65it/s]
2002223it [00:37, 56599.22it/s]
2007884it [00:37, 56500.37it/s]
2013535it [00:38, 56402.44it/s]
2019176it [00:38, 56269.59it/s]
2024804it [00:38, 56104.09it/s]
2030415it [00:38, 56042.26it/s]
2036032it [00:38, 56079.37it/s]
2041722it [00:38, 56324.14it/s]
2047414it [00:38, 56499.59it/s]
2053097it [00:38, 56595.76it/s]
2058795it [00:38, 56710.20it/s]
2064496it [00:38, 56796.56it/s]
2070212it [00:39, 56904.70it/s]
2075938it [00:39, 57010.57it/s]
2081658it [00:39, 57065.60it/s]
2087365it [00:39, 57000.46it/s]
2093068it [00:39, 57006.60it/s]
2098769it [00:39, 56951.54it/s]
2104480it [00:39, 56997.61it/s]
2110180it [00:39, 56981.04it/s]
2115887it [00:39, 57004.26it/s]
2121588it [00:39, 56995.20it/s]
2127288it [00:40, 56962.08it/s]
2132988it [00:40, 56970.05it/s]
2138696it [00:40, 57002.38it/s]
2144397it [00:40, 53772.62it/s]
2150102it [00:40, 54713.76it/s]
2155790it [00:40, 55341.94it/s]
2161472it [00:40, 55775.31it/s]
2167100it [00:40, 55922.26it/s]
2172737it [00:40, 56053.33it/s]
2178364it [00:40, 56117.41it/s]
2184034it [00:41, 56290.40it/s]
2189694it [00:41, 56380.52it/s]
2195364it [00:41, 56474.89it/s]
2201044it [00:41, 56570.09it/s]
2206722it [00:41, 56630.33it/s]
2212387it [00:41, 56609.78it/s]
2218060it [00:41, 56643.24it/s]
2223725it [00:41, 56628.32it/s]
2229399it [00:41, 56658.82it/s]
2235098it [00:41, 56755.10it/s]
2240796it [00:42, 56819.87it/s]
2246506it [00:42, 56902.11it/s]
2252197it [00:42, 56883.79it/s]
2257908it [00:42, 56948.50it/s]
2263645it [00:42, 57073.29it/s]
2269353it [00:42, 56927.31it/s]
2275046it [00:42, 56828.54it/s]
2280729it [00:42, 56630.80it/s]
2286393it [00:42, 56532.82it/s]
2292082it [00:42, 56637.48it/s]
2297780it [00:43, 56738.81it/s]
2303501it [00:43, 56878.02it/s]
2309189it [00:43, 56831.38it/s]
2314895it [00:43, 56896.95it/s]
2320628it [00:43, 57024.73it/s]
2326331it [00:43, 56998.06it/s]
2332031it [00:43, 56915.77it/s]
2337723it [00:43, 56784.79it/s]
2343402it [00:43, 56674.07it/s]
2349070it [00:43, 56524.83it/s]
2354735it [00:44, 56559.50it/s]
2360401it [00:44, 56587.96it/s]
2366060it [00:44, 56473.39it/s]
2371708it [00:44, 56320.02it/s]
2377341it [00:44, 56272.63it/s]
2382969it [00:44, 56198.45it/s]
2388611it [00:44, 56261.98it/s]
2394253it [00:44, 56307.61it/s]
2399906it [00:44, 56373.58it/s]
2405564it [00:44, 56434.40it/s]
2411208it [00:45, 52628.67it/s]
2416876it [00:45, 53781.88it/s]
2422571it [00:45, 54697.93it/s]
2428271it [00:45, 55369.44it/s]
2433979it [00:45, 55871.41it/s]
2439660it [00:45, 56148.41it/s]
2445326it [00:45, 56299.42it/s]
2451015it [00:45, 56473.37it/s]
2456722it [00:45, 56649.19it/s]
2462427it [00:45, 56765.85it/s]
2468107it [00:46, 56775.28it/s]
2473803it [00:46, 56828.60it/s]
2479488it [00:46, 56807.67it/s]
2485186it [00:46, 56856.77it/s]
2490873it [00:46, 56843.77it/s]
2496583it [00:46, 56918.16it/s]
2502277it [00:46, 56921.91it/s]
2507970it [00:46, 56923.13it/s]
2513673it [00:46, 56952.27it/s]
2519376it [00:46, 56974.42it/s]
2525093it [00:47, 57030.04it/s]
2530799it [00:47, 57037.49it/s]
2536511it [00:47, 57061.44it/s]
2542246it [00:47, 57146.30it/s]
2547967it [00:47, 57162.11it/s]
2553693it [00:47, 57190.22it/s]
2559413it [00:47, 57167.99it/s]
2565131it [00:47, 57170.91it/s]
2570857it [00:47, 57193.68it/s]
2576577it [00:47, 57185.04it/s]
2582304it [00:48, 57208.82it/s]
2588025it [00:48, 57202.77it/s]
2593756it [00:48, 57234.09it/s]
2599502it [00:48, 57300.19it/s]
2605241it [00:48, 57325.99it/s]
2610974it [00:48, 57293.69it/s]
2616704it [00:48, 57234.39it/s]
2622428it [00:48, 57216.18it/s]
2628150it [00:48, 57166.20it/s]
2633880it [00:48, 57203.24it/s]
2639601it [00:49, 57051.06it/s]
2645307it [00:49, 56972.66it/s]
2651005it [00:49, 56974.06it/s]
2656703it [00:49, 56898.40it/s]
2662393it [00:49, 56833.44it/s]
2668077it [00:49, 56723.23it/s]
2673750it [00:49, 56677.78it/s]
2679418it [00:49, 56652.52it/s]
2685084it [00:49, 56632.99it/s]
2690748it [00:49, 56576.34it/s]
2696456it [00:50, 56724.15it/s]
2702166it [00:50, 56833.59it/s]
2707850it [00:50, 56830.57it/s]
2713534it [00:50, 49121.58it/s]
2719093it [00:50, 50867.29it/s]
2724630it [00:50, 52119.10it/s]
2730219it [00:50, 53189.39it/s]
2735818it [00:50, 53995.60it/s]
2741399it [00:50, 54523.99it/s]
2747013it [00:51, 54999.31it/s]
2752613it [00:51, 55293.98it/s]
2758198it [00:51, 55458.07it/s]
2763761it [00:51, 55500.14it/s]
2769323it [00:51, 55501.14it/s]
2774901it [00:51, 55583.20it/s]
2780489it [00:51, 55671.35it/s]
2786106it [00:51, 55819.17it/s]
2791691it [00:51, 55775.83it/s]
2797301it [00:51, 55869.80it/s]
2802913it [00:52, 55941.71it/s]
2808526it [00:52, 55996.41it/s]
2814187it [00:52, 56177.06it/s]
2819870it [00:52, 56370.93it/s]
2825553it [00:52, 56504.70it/s]
2831204it [00:52, 56451.09it/s]
2836877it [00:52, 56534.06it/s]
2842539it [00:52, 56558.46it/s]
2848195it [00:52, 56511.39it/s]
2853847it [00:52, 56423.47it/s]
2859490it [00:53, 56341.28it/s]
2865125it [00:53, 56340.73it/s]
2870776it [00:53, 56388.59it/s]
2876415it [00:53, 56328.34it/s]
2882048it [00:53, 56325.84it/s]
2887681it [00:53, 56270.98it/s]
2893327it [00:53, 56325.48it/s]
2898976it [00:53, 56371.42it/s]
2904647it [00:53, 56470.79it/s]
2910295it [00:53, 56365.54it/s]
2915932it [00:54, 56285.87it/s]
2921561it [00:54, 56226.57it/s]
2927212it [00:54, 56309.65it/s]
2932844it [00:54, 56278.09it/s]
2938472it [00:54, 56137.04it/s]
2944086it [00:54, 56046.13it/s]
2949691it [00:54, 55966.89it/s]
2955288it [00:54, 55895.71it/s]
2960879it [00:54, 55899.08it/s]
2966469it [00:54, 55844.09it/s]
2972058it [00:55, 55855.98it/s]
2977656it [00:55, 55891.07it/s]
2983246it [00:55, 55883.38it/s]
2988843it [00:55, 55908.32it/s]
2994442it [00:55, 55930.30it/s]
3000045it [00:55, 55958.69it/s]
3005675it [00:55, 56058.50it/s]
3011314it [00:55, 56154.64it/s]
3016949it [00:55, 56210.96it/s]
3022571it [00:55, 56170.03it/s]
3028193it [00:56, 56184.30it/s]
3033839it [00:56, 56264.29it/s]
3039493it [00:56, 56345.58it/s]
3045128it [00:56, 56285.06it/s]
3050757it [00:56, 52770.76it/s]
3056362it [00:56, 53707.79it/s]
3061973it [00:56, 54404.19it/s]
3067587it [00:56, 54912.16it/s]
3073190it [00:56, 55239.09it/s]
3078787it [00:56, 55452.84it/s]
3084399it [00:57, 55649.79it/s]
3090017it [00:57, 55805.19it/s]
3095641it [00:57, 55934.02it/s]
3101258it [00:57, 56003.55it/s]
3106866it [00:57, 56024.78it/s]
3112471it [00:57, 56010.07it/s]
3118079it [00:57, 56029.35it/s]
3123694it [00:57, 56063.77it/s]
3129343it [00:57, 56188.84it/s]
3134963it [00:57, 56145.04it/s]
3140620it [00:58, 56269.65it/s]
3146259it [00:58, 56304.90it/s]
3151913it [00:58, 56373.68it/s]
3157551it [00:58, 56351.17it/s]
3163187it [00:58, 56338.61it/s]
3168821it [00:58, 56274.80it/s]
3174449it [00:58, 56221.63it/s]
3180084it [00:58, 56259.50it/s]
3185721it [00:58, 56290.70it/s]
3191381it [00:58, 56382.83it/s]
3197027it [00:59, 56404.05it/s]
3202668it [00:59, 56318.91it/s]
3208300it [00:59, 56272.79it/s]
3213935it [00:59, 56294.21it/s]
3219573it [00:59, 56317.12it/s]
3225205it [00:59, 56240.70it/s]
3230831it [00:59, 56244.73it/s]
3236456it [00:59, 56212.31it/s]
3242110it [00:59, 56309.91it/s]
3247764it [00:59, 56377.81it/s]
3253435it [01:00, 56473.95it/s]
3259097it [01:00, 56517.16it/s]
3264749it [01:00, 56505.62it/s]
3270400it [01:00, 56487.12it/s]
3276055it [01:00, 56502.52it/s]
3281706it [01:00, 56493.10it/s]
3287375it [01:00, 56550.22it/s]
3293031it [01:00, 56521.73it/s]
3298691it [01:00, 56542.10it/s]
3304363it [01:00, 56592.14it/s]
3310045it [01:01, 56659.64it/s]
3315720it [01:01, 56684.20it/s]
3321389it [01:01, 56653.59it/s]
3327055it [01:01, 56604.18it/s]
3332716it [01:01, 56554.58it/s]
3338372it [01:01, 56536.43it/s]
3344050it [01:01, 56608.50it/s]
3349711it [01:01, 56552.18it/s]
3355367it [01:01, 56364.54it/s]
3361004it [01:01, 56355.42it/s]
3366640it [01:02, 56254.45it/s]
3372266it [01:02, 56183.97it/s]
3377885it [01:02, 56122.71it/s]
3383498it [01:02, 56025.29it/s]
3389101it [01:02, 55899.03it/s]
3394691it [01:02, 55811.46it/s]
3400273it [01:02, 55754.95it/s]
3405917it [01:02, 55956.39it/s]
3411548it [01:02, 56059.19it/s]
3417183it [01:02, 56143.61it/s]
3422800it [01:03, 56150.25it/s]
3428416it [01:03, 56121.71it/s]
3434029it [01:03, 52689.67it/s]
3439585it [01:03, 53509.32it/s]
3445138it [01:03, 54093.37it/s]
3450699it [01:03, 54536.82it/s]
3456300it [01:03, 54969.67it/s]
3461890it [01:03, 55244.52it/s]
3467497it [01:03, 55488.67it/s]
3473125it [01:03, 55723.83it/s]
3478747it [01:04, 55869.38it/s]
3484380it [01:04, 56005.00it/s]
3490020it [01:04, 56122.25it/s]
3495640it [01:04, 56142.23it/s]
3501256it [01:04, 56138.22it/s]
3506871it [01:04, 56088.82it/s]
3512481it [01:04, 56035.06it/s]
3518111it [01:04, 56112.63it/s]
3523756it [01:04, 56212.50it/s]
3529414it [01:04, 56321.83it/s]
3535057it [01:05, 56352.79it/s]
3540693it [01:05, 56293.63it/s]
3546323it [01:05, 56241.31it/s]
3551951it [01:05, 56252.11it/s]
3557580it [01:05, 56261.35it/s]
3563207it [01:05, 56247.08it/s]
3568851it [01:05, 56302.27it/s]
3574482it [01:05, 56276.64it/s]
3580110it [01:05, 56260.74it/s]
3585741it [01:05, 56274.52it/s]
3591391it [01:06, 56341.66it/s]
3597026it [01:06, 56247.30it/s]
3602651it [01:06, 56178.71it/s]
3608271it [01:06, 56183.17it/s]
3613923it [01:06, 56281.13it/s]
3619570it [01:06, 56337.11it/s]
3625233it [01:06, 56421.62it/s]
3630912it [01:06, 56531.53it/s]
3636571it [01:06, 56548.31it/s]
3642226it [01:06, 56486.59it/s]
3647875it [01:07, 56442.62it/s]
3653526it [01:07, 56461.90it/s]
3659178it [01:07, 56477.47it/s]
3664839it [01:07, 56514.27it/s]
3670497it [01:07, 56530.93it/s]
3676151it [01:07, 56494.56it/s]
3681803it [01:07, 56499.70it/s]
3687466it [01:07, 56538.22it/s]
3693135it [01:07, 56581.04it/s]
3698794it [01:07, 56502.21it/s]
3704456it [01:08, 56535.99it/s]
3710110it [01:08, 56489.45it/s]
3715759it [01:08, 56428.16it/s]
3721402it [01:08, 56360.26it/s]
3727039it [01:08, 56324.35it/s]
3732695it [01:08, 56393.40it/s]
3738335it [01:08, 56375.38it/s]
3743973it [01:08, 56339.11it/s]
3749619it [01:08, 56374.42it/s]
3755257it [01:08, 56331.87it/s]
3758552it [01:09, 54437.01it/s]
INFO:root:test max cliques 971834, nested cliques 2786718
INFO:root:test real max cliques in search universe: 23
INFO:root:test real smaller cliques in search universe: 91 91
INFO:root:Our Performance: precision 0.0002, recall 0.3440, f1 0.0003 jaccard 0.0002
INFO:root:Baseline: Bayesian-MDL skipped (disabled for this runtime).
INFO:root:Baseline: Max Clique precision 0.0000, recall 0.1055, f1 0.0000, jaccard 0.0000 
INFO:root:Baseline: ECC precision 0.0141, recall 0.0917, f1 0.0244, jaccard 0.0124 
INFO:root:Baseline: Demon precision 0.0129, recall 0.0413, f1 0.0197, jaccard 0.0099 
INFO:root:Baseline: CFinder skipped (disabled for channel-SNR benchmark).
(4121, 9) (4121,) 72
