INFO:root:Create log file at log/hosts/hosts-6000-cou-1788865842.8825784.log
INFO:root:Command line executed: python main.py --dataset hosts --beta 6000 --features count --channel awgn --snr_db 16
INFO:root:Full args parsed:
INFO:root:Namespace(dataset='hosts', beta=6000, features='count', model='mlp', epochs=2000, lr=0.0001, setting='f', label_rate=0.1, ablation=0, seed=123, use_c=1, jobs=1, save_features=0, data_dir='./data/', log_dir='log', downsample=0, max_child_size=1, ext=0, channel='awgn', snr_db=16.0, channel_seed=123, max_background_pairs=10000)
INFO:root:Finish loading graphs.
INFO:root:Nodes train: 591, test: 466
INFO:root:Simplicies train: 204, test: 218
INFO:root:Channel awgn at 16.0 dB: test projection edges 9205 -> 9206
INFO:root:Start computing cliques
INFO:root:Couldn't find cache for max cliques train
INFO:root:Number of maximum cliques:383
INFO:root:Couldn't find cache for max cliques test
INFO:root:Number of maximum cliques:401
INFO:root:test nodes 466 hyperedges 218 avg size 5.564220183486238 std 8.957494150492446 avg degree 2.6030042918454934 max cliques 401
INFO:root:Breakdown of test hyperedges (max+small) 96 + 122
INFO:root:Intersection 96 out of 147 401
INFO:root:support cliques train:125 - test: 147
INFO:root:Optimizing clique sampler .. 
INFO:root:Found cache for rho.
INFO:root:[(140, 140), (50, 50), (44, 44), (37, 37), (35, 35), (27, 27), (26, 26), (2, 2), (1, 1), (3, 3), (23, 23), (22, 22), (20, 20), (5, 5), (25, 1), (4, 4), (24, 24), (8, 8), (15, 15), (10, 10), (13, 13), (6, 6), (35, 1), (12, 12), (18, 18), (17, 17), (16, 16), (9, 9), (7, 7), (14, 14), (3, 1), (11, 11), (5, 2), (22, 1), (50, 1), (26, 1), (27, 1), (2, 1), (4, 2), (24, 1), (6, 2), (5, 3), (6, 3), (18, 1), (16, 15), (6, 4), (140, 1), (25, 2), (7, 6), (6, 5), (8, 7), (7, 5), (27, 2), (11, 2)]
INFO:root:Optimize Clique Sampler: #hyperedges collected:179, recall: 0.8774509803921569, efficiency:0.029833333333333333
INFO:root:Clique analysis done.
INFO:root:train: 4497 unique candidates out of 5959 sampled candidates
Note: to be able to use all crisp methods, you need to install some additional packages:  {'wurlitzer', 'graph_tool', 'bayanpy', 'leidenalg', 'infomap'}
Note: to be able to use all crisp methods, you need to install some additional packages:  {'ASLPAw', 'torch', 'hidef', 'pyclustering'}
Note: to be able to use all crisp methods, you need to install some additional packages:  {'infomap', 'scikit-network', 'wurlitzer', 'leidenalg'}
Sanity check failed, reindexing the hypergraphs ...
Sanity check failed, reindexing the hypergraphs ...
number of nodes in construct graph 591
number of nodes in construct graph 466
(0, 0), (1, 1), (2, 2), (3, 3), (4, 4), (5, 5), (6, 6), (7, 7), (22, 22), (31, 31), (42, 41), (46, 44), (49, 46), (53, 48), (65, 54), (90, 64), (106, 70), (109, 71), (139, 79), (160, 84), (190, 91), (211, 95), (248, 102), (283, 108), (303, 111), (310, 112), (318, 113), (326, 114), (360, 118), (387, 120), (402, 121), (435, 123), (469, 125), (589, 131), (655, 134), (705, 136), (731, 137), (758, 138), (788, 139), (884, 142), (956, 144), (1511, 154), (1631, 156), (2371, 162), (2497, 163), (2625, 164), (3180, 168), (3320, 169), (3620, 171), (3809, 172), (4031, 173), (4271, 174), (4838, 176), (5189, 177), 
(0, 0), (0, 0), (0, 0), (0, 0), (0, 0), (0, 0), (3, 0), (8, 0), (27, 13), (35, 21), (57, 35), (65, 35), (72, 35), (76, 36), (97, 48), (222, 62), (238, 73), (247, 73), (266, 76), (280, 77), (289, 80), (299, 81), (323, 86), (323, 86), (340, 88), (350, 90), (363, 91), (381, 92), (390, 95), (420, 102), (432, 102), (498, 113), (512, 117), (722, 130), (876, 132), (876, 132), (1006, 135), (1087, 136), (1125, 142), (1221, 143), (1437, 143), (1797, 145), (2007, 149), (2487, 152), (2667, 154), (2955, 154), (3315, 156), (3315, 156), (4815, 160), (5025, 161), (5169, 162), (5321, 163), (5951, 163), (7004, 165), 

0it [00:00, ?it/s]
4504it [00:00, 169210.30it/s]
INFO:root:test: 4625 unique candidates out of 7334 sampled candidates

0it [00:00, ?it/s]
4705it [00:00, 150440.63it/s]
INFO:root:test max cliques 401, nested cliques 4304
INFO:root:test real max cliques in search universe: 96
INFO:root:test real smaller cliques in search universe: 74 74
INFO:root:Our Performance: precision 0.6948, recall 0.4908, f1 0.5753 jaccard 0.4038
INFO:root:Baseline: Bayesian-MDL skipped (disabled for this runtime).
INFO:root:Baseline: Max Clique precision 0.2394, recall 0.4404, f1 0.3102, jaccard 0.1836 
INFO:root:Baseline: ECC precision 0.6294, recall 0.4128, f1 0.4986, jaccard 0.3321 
INFO:root:Baseline: Demon precision 0.1736, recall 0.0963, f1 0.1239, jaccard 0.0660 
INFO:root:Baseline: CFinder skipped (disabled for channel-SNR benchmark).
(4121, 9) (4121,) 72
