INFO:root:Create log file at log/hosts/hosts-6000-cou-1788864958.2233694.log
INFO:root:Command line executed: python main.py --dataset hosts --beta 6000 --features count --channel awgn --snr_db 8
INFO:root:Full args parsed:
INFO:root:Namespace(dataset='hosts', beta=6000, features='count', model='mlp', epochs=2000, lr=0.0001, setting='f', label_rate=0.1, ablation=0, seed=123, use_c=1, jobs=1, save_features=0, data_dir='./data/', log_dir='log', downsample=0, max_child_size=1, ext=0, channel='awgn', snr_db=8.0, channel_seed=123, max_background_pairs=10000)
INFO:root:Finish loading graphs.
INFO:root:Nodes train: 591, test: 466
INFO:root:Simplicies train: 204, test: 218
INFO:root:Channel awgn at 8.0 dB: test projection edges 9205 -> 9289
INFO:root:Start computing cliques
INFO:root:Couldn't find cache for max cliques train
INFO:root:Number of maximum cliques:383
INFO:root:Couldn't find cache for max cliques test
INFO:root:Number of maximum cliques:3058577
INFO:root:test nodes 466 hyperedges 218 avg size 5.564220183486238 std 8.957494150492446 avg degree 2.6030042918454934 max cliques 3058577
INFO:root:Breakdown of test hyperedges (max+small) 42 + 176
INFO:root:Intersection 41 out of 908 3058577
INFO:root:support cliques train:125 - test: 908
INFO:root:Optimizing clique sampler .. 
INFO:root:Found cache for rho.
INFO:root:[(140, 140), (50, 50), (44, 44), (37, 37), (35, 35), (27, 27), (26, 26), (2, 2), (1, 1), (3, 3), (23, 23), (22, 22), (20, 20), (5, 5), (25, 1), (4, 4), (24, 24), (8, 8), (15, 15), (10, 10), (13, 13), (6, 6), (35, 1), (12, 12), (18, 18), (17, 17), (16, 16), (9, 9), (7, 7), (14, 14), (3, 1), (11, 11), (5, 2), (22, 1), (50, 1), (26, 1), (27, 1), (2, 1), (4, 2), (24, 1), (6, 2), (5, 3), (6, 3), (18, 1), (16, 15), (6, 4), (140, 1), (25, 2), (7, 6), (6, 5), (8, 7), (7, 5), (27, 2), (11, 2)]
INFO:root:Optimize Clique Sampler: #hyperedges collected:179, recall: 0.8774509803921569, efficiency:0.029833333333333333
INFO:root:Clique analysis done.
INFO:root:train: 4497 unique candidates out of 5959 sampled candidates
Note: to be able to use all crisp methods, you need to install some additional packages:  {'graph_tool', 'infomap', 'bayanpy', 'leidenalg', 'wurlitzer'}
Note: to be able to use all crisp methods, you need to install some additional packages:  {'hidef', 'torch', 'pyclustering', 'ASLPAw'}
Note: to be able to use all crisp methods, you need to install some additional packages:  {'leidenalg', 'scikit-network', 'wurlitzer', 'infomap'}
Sanity check failed, reindexing the hypergraphs ...
Sanity check failed, reindexing the hypergraphs ...
number of nodes in construct graph 591
number of nodes in construct graph 466
(0, 0), (1, 1), (2, 2), (3, 3), (4, 4), (5, 5), (6, 6), (7, 7), (22, 22), (31, 31), (42, 41), (46, 44), (49, 46), (53, 48), (65, 54), (90, 64), (106, 70), (109, 71), (139, 79), (160, 84), (190, 91), (211, 95), (248, 102), (283, 108), (303, 111), (310, 112), (318, 113), (326, 114), (360, 118), (387, 120), (402, 121), (435, 123), (469, 125), (589, 131), (655, 134), (705, 136), (731, 137), (758, 138), (788, 139), (884, 142), (956, 144), (1511, 154), (1631, 156), (2371, 162), (2497, 163), (2625, 164), (3180, 168), (3320, 169), (3620, 171), (3809, 172), (4031, 173), (4271, 174), (4838, 176), (5189, 177), 
(0, 0), (0, 0), (0, 0), (0, 0), (0, 0), (0, 0), (50359, 0), (205112, 0), (205277, 10), (205277, 10), (205522, 23), (693835, 23), (1094905, 23), (1409525, 23), (1409630, 31), (9224855, 52), (9224963, 57), (9691414, 57), (9691550, 57), (9697326, 57), (9697576, 57), (9698751, 57), (9698862, 60), (9698862, 60), (9699338, 60), (9863858, 60), (9937635, 60), (9961249, 60), (9961369, 60), (9961473, 63), (9964033, 63), (9964768, 91), (9965036, 91), (9966086, 107), (18789626, 107), (18789626, 107), (22813204, 107), (24172897, 107), (24173227, 116), (24173875, 119), (35368699, 119), (35370364, 123), (35371414, 129), (35373634, 132), (38334994, 132), (38712818, 132), (38714483, 134), (38714483, 134), (132497183, 137), (132497911, 137), (132498577, 138), (132499665, 138), (132501849, 138), (150177858, 138), 

0it [00:00, ?it/s]
4504it [00:00, 186299.53it/s]
INFO:root:test: 2467463 unique candidates out of 150184238 sampled candidates

0it [00:00, ?it/s]
2784it [00:00, 27837.24it/s]
5648it [00:00, 28305.08it/s]
8521it [00:00, 28495.22it/s]
11440it [00:00, 28767.53it/s]
14367it [00:00, 28947.39it/s]
17266it [00:00, 28961.16it/s]
20212it [00:00, 29121.49it/s]
23182it [00:00, 29301.95it/s]
26139it [00:00, 29384.08it/s]
29112it [00:01, 29488.95it/s]
32123it [00:01, 29677.88it/s]
35096it [00:01, 29692.36it/s]
38136it [00:01, 29906.43it/s]
41127it [00:01, 29860.62it/s]
44114it [00:01, 29806.97it/s]
47139it [00:01, 29936.55it/s]
50133it [00:01, 29819.39it/s]
53149it [00:01, 29917.81it/s]
56141it [00:01, 29859.37it/s]
59168it [00:02, 29980.71it/s]
62189it [00:02, 30046.77it/s]
65194it [00:02, 30030.54it/s]
68263it [00:02, 30224.78it/s]
71318it [00:02, 30321.19it/s]
74404it [00:02, 30480.59it/s]
77488it [00:02, 30586.20it/s]
80567it [00:02, 30645.08it/s]
83655it [00:02, 30712.91it/s]
86727it [00:02, 30272.86it/s]
89756it [00:03, 30231.24it/s]
92803it [00:03, 30300.11it/s]
95847it [00:03, 30338.90it/s]
98882it [00:03, 30315.04it/s]
101914it [00:03, 30286.29it/s]
104972it [00:03, 30372.42it/s]
108018it [00:03, 30398.21it/s]
111098it [00:03, 30516.64it/s]
114150it [00:03, 30451.72it/s]
117247it [00:03, 30605.39it/s]
120341it [00:04, 30702.28it/s]
123455it [00:04, 30832.58it/s]
126539it [00:04, 30228.24it/s]
129593it [00:04, 30318.80it/s]
132675it [00:04, 30466.81it/s]
135741it [00:04, 30521.22it/s]
138809it [00:04, 30567.86it/s]
141867it [00:04, 30493.52it/s]
144917it [00:04, 30471.83it/s]
147996it [00:04, 30566.38it/s]
151064it [00:05, 30598.01it/s]
154141it [00:05, 30646.83it/s]
157216it [00:05, 30675.60it/s]
160284it [00:05, 30575.69it/s]
163342it [00:05, 30436.62it/s]
166417it [00:05, 30528.23it/s]
169471it [00:05, 30256.57it/s]
172548it [00:05, 30408.58it/s]
175630it [00:05, 30529.81it/s]
178731it [00:05, 30671.62it/s]
181823it [00:06, 30743.51it/s]
184904it [00:06, 30759.47it/s]
188022it [00:06, 30883.55it/s]
191111it [00:06, 30844.71it/s]
194220it [00:06, 30916.98it/s]
197315it [00:06, 30923.50it/s]
200408it [00:06, 30831.04it/s]
203492it [00:06, 30330.97it/s]
206527it [00:06, 30053.58it/s]
209569it [00:06, 30161.38it/s]
212602it [00:07, 30207.02it/s]
215645it [00:07, 30272.68it/s]
218707it [00:07, 30375.74it/s]
221746it [00:07, 30378.78it/s]
224809it [00:07, 30451.99it/s]
227885it [00:07, 30542.14it/s]
230940it [00:07, 30363.30it/s]
234013it [00:07, 30471.94it/s]
237084it [00:07, 30540.80it/s]
240159it [00:07, 30601.88it/s]
243241it [00:08, 30664.51it/s]
246308it [00:08, 30507.20it/s]
249380it [00:08, 30570.26it/s]
252486it [00:08, 30715.44it/s]
255586it [00:08, 30799.74it/s]
258667it [00:08, 30775.57it/s]
261755it [00:08, 30805.69it/s]
264855it [00:08, 30863.08it/s]
267942it [00:08, 30829.98it/s]
271044it [00:08, 30884.71it/s]
274133it [00:09, 30840.42it/s]
277234it [00:09, 30889.87it/s]
280347it [00:09, 30961.32it/s]
283444it [00:09, 30637.23it/s]
286535it [00:09, 30718.04it/s]
289608it [00:09, 30479.27it/s]
292657it [00:09, 30415.38it/s]
295700it [00:09, 30328.02it/s]
298748it [00:09, 30371.61it/s]
301810it [00:09, 30442.82it/s]
304880it [00:10, 30516.89it/s]
307932it [00:10, 30471.67it/s]
310983it [00:10, 30481.71it/s]
314086it [00:10, 30644.34it/s]
317186it [00:10, 30748.09it/s]
320261it [00:10, 30582.01it/s]
323358it [00:10, 30697.11it/s]
326428it [00:10, 30246.23it/s]
329510it [00:10, 30413.00it/s]
332617it [00:10, 30606.94it/s]
335710it [00:11, 30701.94it/s]
338808it [00:11, 30783.55it/s]
341911it [00:11, 30854.45it/s]
345028it [00:11, 30947.23it/s]
348138it [00:11, 30990.98it/s]
351238it [00:11, 30953.56it/s]
354334it [00:11, 30941.40it/s]
357429it [00:11, 30595.65it/s]
360496it [00:11, 30617.03it/s]
363579it [00:11, 30680.06it/s]
366648it [00:12, 30446.72it/s]
369716it [00:12, 30515.23it/s]
372801it [00:12, 30613.92it/s]
375918it [00:12, 30779.61it/s]
379033it [00:12, 30888.13it/s]
382123it [00:12, 30860.53it/s]
385210it [00:12, 30859.83it/s]
388315it [00:12, 30916.22it/s]
391419it [00:12, 30951.22it/s]
394515it [00:12, 30381.06it/s]
397556it [00:13, 30167.58it/s]
400575it [00:13, 30151.12it/s]
403611it [00:13, 30210.82it/s]
406667it [00:13, 30312.74it/s]
409722it [00:13, 30381.46it/s]
412761it [00:13, 29066.13it/s]
415818it [00:13, 29500.67it/s]
418875it [00:13, 29810.85it/s]
421922it [00:13, 30004.42it/s]
424973it [00:13, 30154.04it/s]
428016it [00:14, 30232.70it/s]
431043it [00:14, 30156.11it/s]
434061it [00:14, 29771.24it/s]
437058it [00:14, 29828.44it/s]
440065it [00:14, 29897.69it/s]
443111it [00:14, 30061.67it/s]
446158it [00:14, 30182.64it/s]
449229it [00:14, 30339.68it/s]
452292it [00:14, 30423.53it/s]
455356it [00:14, 30487.00it/s]
458416it [00:15, 30519.27it/s]
461469it [00:15, 30421.28it/s]
464512it [00:15, 29472.09it/s]
467535it [00:15, 29692.01it/s]
470510it [00:15, 29004.46it/s]
473587it [00:15, 29518.29it/s]
476617it [00:15, 29745.69it/s]
479679it [00:15, 30002.59it/s]
482726it [00:15, 30139.83it/s]
485746it [00:16, 30157.50it/s]
488768it [00:16, 30174.28it/s]
491787it [00:16, 30154.77it/s]
494814it [00:16, 30188.74it/s]
497852it [00:16, 30243.83it/s]
500898it [00:16, 30307.55it/s]
503945it [00:16, 30355.22it/s]
506984it [00:16, 30364.44it/s]
510021it [00:16, 30353.46it/s]
513069it [00:16, 30390.43it/s]
516109it [00:17, 28693.10it/s]
519192it [00:17, 29307.60it/s]
522213it [00:17, 29569.77it/s]
525290it [00:17, 29921.32it/s]
528379it [00:17, 30206.85it/s]
531476it [00:17, 30432.43it/s]
534551it [00:17, 30523.31it/s]
537642it [00:17, 30635.93it/s]
540709it [00:17, 30615.73it/s]
543773it [00:17, 30611.80it/s]
546836it [00:18, 30606.16it/s]
549902it [00:18, 30620.65it/s]
552984it [00:18, 30679.24it/s]
556089it [00:18, 30788.89it/s]
559169it [00:18, 30690.84it/s]
562239it [00:18, 30676.13it/s]
565346it [00:18, 30790.81it/s]
568449it [00:18, 30861.48it/s]
571536it [00:18, 28948.10it/s]
574621it [00:18, 29490.86it/s]
577700it [00:19, 29867.88it/s]
580815it [00:19, 30240.97it/s]
583896it [00:19, 30406.04it/s]
586945it [00:19, 30019.32it/s]
590054it [00:19, 30332.93it/s]
593144it [00:19, 30498.70it/s]
596243it [00:19, 30644.23it/s]
599362it [00:19, 30805.52it/s]
602460it [00:19, 30854.66it/s]
605547it [00:19, 30834.43it/s]
608653it [00:20, 30900.54it/s]
611747it [00:20, 30911.50it/s]
614839it [00:20, 30873.79it/s]
617927it [00:20, 30831.13it/s]
621011it [00:20, 30799.64it/s]
624092it [00:20, 30785.02it/s]
627171it [00:20, 29075.75it/s]
630266it [00:20, 29613.12it/s]
633351it [00:20, 29969.55it/s]
636428it [00:20, 30202.37it/s]
639522it [00:21, 30419.07it/s]
642601it [00:21, 30528.48it/s]
645701it [00:21, 30667.89it/s]
648791it [00:21, 30735.52it/s]
651891it [00:21, 30814.01it/s]
654983it [00:21, 30844.97it/s]
658069it [00:21, 30806.94it/s]
661151it [00:21, 30392.89it/s]
664234it [00:21, 30521.15it/s]
667338it [00:21, 30674.94it/s]
670443it [00:22, 30786.39it/s]
673541it [00:22, 30842.61it/s]
676638it [00:22, 30878.70it/s]
679727it [00:22, 30631.92it/s]
682823it [00:22, 30728.28it/s]
685928it [00:22, 30823.14it/s]
689019it [00:22, 30847.88it/s]
692105it [00:22, 30830.89it/s]
695202it [00:22, 30869.52it/s]
698290it [00:22, 30857.15it/s]
701410it [00:23, 30958.34it/s]
704506it [00:23, 30916.35it/s]
707598it [00:23, 30893.62it/s]
710688it [00:23, 30834.62it/s]
713772it [00:23, 30822.06it/s]
716855it [00:23, 30784.28it/s]
719934it [00:23, 29968.37it/s]
723007it [00:23, 30191.27it/s]
726100it [00:23, 30408.64it/s]
729175it [00:24, 30508.63it/s]
732299it [00:24, 30724.08it/s]
735397it [00:24, 30797.34it/s]
738481it [00:24, 30807.40it/s]
741563it [00:24, 30778.09it/s]
744642it [00:24, 30047.60it/s]
747717it [00:24, 30252.79it/s]
750759it [00:24, 30300.17it/s]
753803it [00:24, 30341.46it/s]
756870it [00:24, 30437.66it/s]
759919it [00:25, 30451.54it/s]
762966it [00:25, 29650.97it/s]
766018it [00:25, 29905.35it/s]
769090it [00:25, 30145.35it/s]
772170it [00:25, 30338.62it/s]
775245it [00:25, 30460.40it/s]
778308it [00:25, 30510.42it/s]
781364it [00:25, 30524.49it/s]
784418it [00:25, 30492.83it/s]
787475it [00:25, 30515.71it/s]
790528it [00:26, 30492.44it/s]
793578it [00:26, 30446.98it/s]
796623it [00:26, 30431.87it/s]
799681it [00:26, 30474.22it/s]
802729it [00:26, 30390.36it/s]
805769it [00:26, 29508.65it/s]
808800it [00:26, 29742.83it/s]
811811it [00:26, 29848.58it/s]
814852it [00:26, 30014.54it/s]
817905it [00:26, 30167.16it/s]
820954it [00:27, 30262.15it/s]
824047it [00:27, 30459.98it/s]
827111it [00:27, 30511.76it/s]
830184it [00:27, 30576.63it/s]
833267it [00:27, 30649.34it/s]
836333it [00:27, 29716.11it/s]
839356it [00:27, 29864.99it/s]
842402it [00:27, 30037.93it/s]
845436it [00:27, 30124.68it/s]
848452it [00:27, 29730.50it/s]
851490it [00:28, 29918.90it/s]
854545it [00:28, 30105.96it/s]
857580it [00:28, 30177.03it/s]
860627it [00:28, 30264.12it/s]
863655it [00:28, 30264.00it/s]
866683it [00:28, 30264.82it/s]
869710it [00:28, 30212.64it/s]
872774it [00:28, 30337.14it/s]
875814it [00:28, 30355.62it/s]
878870it [00:28, 30414.39it/s]
881958it [00:29, 30553.11it/s]
885041it [00:29, 30634.90it/s]
888105it [00:29, 30051.98it/s]
891144it [00:29, 30151.40it/s]
894197it [00:29, 30262.96it/s]
897225it [00:29, 30257.65it/s]
900253it [00:29, 30263.29it/s]
903293it [00:29, 30302.20it/s]
906324it [00:29, 30277.13it/s]
909353it [00:29, 30271.68it/s]
912381it [00:30, 30208.73it/s]
915421it [00:30, 30263.32it/s]
918454it [00:30, 30282.23it/s]
921485it [00:30, 30290.24it/s]
924522it [00:30, 30311.85it/s]
927554it [00:30, 30280.20it/s]
930583it [00:30, 29320.65it/s]
933575it [00:30, 29496.01it/s]
936585it [00:30, 29673.33it/s]
939557it [00:30, 29431.01it/s]
942521it [00:31, 29490.93it/s]
945509it [00:31, 29605.47it/s]
948497it [00:31, 29686.22it/s]
951504it [00:31, 29798.12it/s]
954485it [00:31, 29718.50it/s]
957467it [00:31, 29746.83it/s]
960443it [00:31, 29691.59it/s]
963413it [00:31, 29580.27it/s]
966372it [00:31, 29576.07it/s]
969330it [00:31, 29518.32it/s]
972282it [00:32, 28631.44it/s]
975204it [00:32, 28801.48it/s]
978137it [00:32, 28955.70it/s]
981087it [00:32, 29114.53it/s]
984001it [00:32, 28992.33it/s]
986969it [00:32, 29193.85it/s]
989926it [00:32, 29302.52it/s]
992891it [00:32, 29404.81it/s]
995848it [00:32, 29451.76it/s]
998794it [00:32, 29446.37it/s]
1001747it [00:33, 29470.50it/s]
1004701it [00:33, 29490.47it/s]
1007651it [00:33, 29482.59it/s]
1010603it [00:33, 29492.10it/s]
1013555it [00:33, 29499.95it/s]
1016506it [00:33, 29257.27it/s]
1019445it [00:33, 29294.70it/s]
1022421it [00:33, 29432.75it/s]
1025384it [00:33, 29487.58it/s]
1028345it [00:33, 29523.92it/s]
1031312it [00:34, 29567.36it/s]
1034269it [00:34, 29561.57it/s]
1037233it [00:34, 29584.62it/s]
1040193it [00:34, 29588.73it/s]
1043174it [00:34, 29654.64it/s]
1046142it [00:34, 29660.18it/s]
1049109it [00:34, 29566.62it/s]
1052066it [00:34, 29509.97it/s]
1055018it [00:34, 29451.93it/s]
1057964it [00:35, 28592.10it/s]
1060891it [00:35, 28790.30it/s]
1063834it [00:35, 28976.33it/s]
1066804it [00:35, 29189.85it/s]
1069773it [00:35, 29337.37it/s]
1072751it [00:35, 29467.58it/s]
1075729it [00:35, 29556.70it/s]
1078699it [00:35, 29598.54it/s]
1081671it [00:35, 29632.24it/s]
1084649it [00:35, 29674.84it/s]
1087622it [00:36, 29688.68it/s]
1090592it [00:36, 29660.67it/s]
1093584it [00:36, 29734.91it/s]
1096558it [00:36, 29729.37it/s]
1099535it [00:36, 29739.13it/s]
1102523it [00:36, 29780.35it/s]
1105504it [00:36, 29788.63it/s]
1108489it [00:36, 29804.38it/s]
1111481it [00:36, 29836.91it/s]
1114467it [00:36, 29841.75it/s]
1117452it [00:37, 29813.41it/s]
1120434it [00:37, 29469.66it/s]
1123406it [00:37, 29543.67it/s]
1126369it [00:37, 29566.48it/s]
1129364it [00:37, 29679.79it/s]
1132340it [00:37, 29701.33it/s]
1135315it [00:37, 29714.44it/s]
1138320it [00:37, 29812.72it/s]
1141322it [00:37, 29872.86it/s]
1144320it [00:37, 29902.24it/s]
1147331it [00:38, 29962.55it/s]
1150330it [00:38, 29968.17it/s]
1153358it [00:38, 30060.14it/s]
1156365it [00:38, 29468.04it/s]
1159393it [00:38, 29705.19it/s]
1162423it [00:38, 29880.52it/s]
1165452it [00:38, 30002.03it/s]
1168469it [00:38, 30051.01it/s]
1171497it [00:38, 30118.70it/s]
1174510it [00:38, 30066.31it/s]
1177526it [00:39, 30093.70it/s]
1180536it [00:39, 30018.17it/s]
1183555it [00:39, 30069.19it/s]
1186568it [00:39, 30087.08it/s]
1189577it [00:39, 29463.40it/s]
1192593it [00:39, 29666.47it/s]
1195638it [00:39, 29898.56it/s]
1198630it [00:39, 29767.30it/s]
1201677it [00:39, 29975.65it/s]
1204727it [00:39, 30130.11it/s]
1207766it [00:40, 30207.45it/s]
1210798it [00:40, 30238.60it/s]
1213825it [00:40, 30246.95it/s]
1216865it [00:40, 30291.98it/s]
1219904it [00:40, 30319.80it/s]
1222937it [00:40, 30305.84it/s]
1225976it [00:40, 30329.38it/s]
1229010it [00:40, 30232.89it/s]
1232034it [00:40, 30210.01it/s]
1235056it [00:40, 29911.01it/s]
1238085it [00:41, 30022.01it/s]
1241141it [00:41, 30182.12it/s]
1244203it [00:41, 30312.53it/s]
1247274it [00:41, 30430.37it/s]
1250363it [00:41, 30565.44it/s]
1253445it [00:41, 30638.54it/s]
1256542it [00:41, 30734.86it/s]
1259618it [00:41, 30740.98it/s]
1262694it [00:41, 30743.86it/s]
1265769it [00:41, 30690.33it/s]
1268839it [00:42, 30661.68it/s]
1271906it [00:42, 30452.67it/s]
1274988it [00:42, 30561.52it/s]
1278068it [00:42, 30630.48it/s]
1281132it [00:42, 30630.69it/s]
1284202it [00:42, 30649.50it/s]
1287268it [00:42, 30652.04it/s]
1290334it [00:42, 30653.38it/s]
1293440it [00:42, 30771.76it/s]
1296523it [00:42, 30787.95it/s]
1299612it [00:43, 30816.73it/s]
1302694it [00:43, 30717.77it/s]
1305774it [00:43, 30740.74it/s]
1308849it [00:43, 30471.82it/s]
1311916it [00:43, 30530.23it/s]
1314989it [00:43, 30589.53it/s]
1318058it [00:43, 30617.32it/s]
1321124it [00:43, 30627.83it/s]
1324187it [00:43, 30509.28it/s]
1327278it [00:43, 30627.99it/s]
1330366it [00:44, 30701.83it/s]
1333437it [00:44, 30687.40it/s]
1336515it [00:44, 30711.94it/s]
1339587it [00:44, 29795.64it/s]
1342676it [00:44, 30116.13it/s]
1345693it [00:44, 30065.21it/s]
1348795it [00:44, 30346.58it/s]
1351885it [00:44, 30508.43it/s]
1354993it [00:44, 30678.45it/s]
1358063it [00:44, 30677.14it/s]
1361132it [00:45, 30569.93it/s]
1364190it [00:45, 30512.65it/s]
1367242it [00:45, 30509.69it/s]
1370315it [00:45, 30574.30it/s]
1373397it [00:45, 30645.50it/s]
1376462it [00:45, 30567.54it/s]
1379522it [00:45, 30575.58it/s]
1382580it [00:45, 30364.04it/s]
1385626it [00:45, 30391.72it/s]
1388666it [00:45, 30330.24it/s]
1391717it [00:46, 30381.18it/s]
1394756it [00:46, 30348.64it/s]
1397791it [00:46, 30327.56it/s]
1400864it [00:46, 30447.37it/s]
1403919it [00:46, 30475.70it/s]
1406967it [00:46, 30434.02it/s]
1410021it [00:46, 30464.02it/s]
1413086it [00:46, 30518.94it/s]
1416155it [00:46, 30567.88it/s]
1419212it [00:46, 29884.17it/s]
1422250it [00:47, 30028.09it/s]
1425277it [00:47, 30098.41it/s]
1428299it [00:47, 30131.31it/s]
1431324it [00:47, 30164.40it/s]
1434358it [00:47, 30213.97it/s]
1437381it [00:47, 30161.84it/s]
1440398it [00:47, 30158.09it/s]
1443415it [00:47, 30136.83it/s]
1446440it [00:47, 30167.20it/s]
1449457it [00:47, 30056.39it/s]
1452463it [00:48, 30013.70it/s]
1455465it [00:48, 29951.39it/s]
1458461it [00:48, 29294.06it/s]
1461394it [00:48, 29096.54it/s]
1464306it [00:48, 29084.44it/s]
1467216it [00:48, 29047.04it/s]
1470149it [00:48, 29128.86it/s]
1473083it [00:48, 29189.81it/s]
1476003it [00:48, 29132.10it/s]
1478980it [00:48, 29321.58it/s]
1481979it [00:49, 29520.71it/s]
1484977it [00:49, 29656.11it/s]
1487966it [00:49, 29724.46it/s]
1490951it [00:49, 29760.34it/s]
1493928it [00:49, 28943.56it/s]
1496931it [00:49, 29261.84it/s]
1499956it [00:49, 29551.34it/s]
1502978it [00:49, 29748.59it/s]
1505956it [00:49, 24918.07it/s]
1508947it [00:50, 26227.35it/s]
1511970it [00:50, 27318.44it/s]
1514959it [00:50, 28037.22it/s]
1517957it [00:50, 28590.35it/s]
1520981it [00:50, 29068.56it/s]
1524034it [00:50, 29494.99it/s]
1527057it [00:50, 29710.53it/s]
1530092it [00:50, 29897.19it/s]
1533139it [00:50, 30066.64it/s]
1536156it [00:50, 28462.17it/s]
1539200it [00:51, 29027.57it/s]
1542213it [00:51, 29346.60it/s]
1545225it [00:51, 29572.45it/s]
1548253it [00:51, 29778.57it/s]
1551287it [00:51, 29943.21it/s]
1554313it [00:51, 30035.79it/s]
1557382it [00:51, 30229.63it/s]
1560454it [00:51, 30374.16it/s]
1563528it [00:51, 30482.15it/s]
1566597it [00:51, 30543.67it/s]
1569660it [00:52, 30569.04it/s]
1572730it [00:52, 30606.99it/s]
1575802it [00:52, 30640.04it/s]
1578891it [00:52, 30714.74it/s]
1581963it [00:52, 30614.47it/s]
1585025it [00:52, 30529.06it/s]
1588080it [00:52, 30532.98it/s]
1591134it [00:52, 28634.75it/s]
1594176it [00:52, 29144.04it/s]
1597223it [00:53, 29526.15it/s]
1600279it [00:53, 29826.65it/s]
1603362it [00:53, 30120.77it/s]
1606383it [00:53, 30130.33it/s]
1609489it [00:53, 30405.60it/s]
1612565it [00:53, 30508.86it/s]
1615654it [00:53, 30621.98it/s]
1618739it [00:53, 30689.38it/s]
1621832it [00:53, 30759.38it/s]
1624910it [00:53, 30714.91it/s]
1627983it [00:54, 30694.99it/s]
1631054it [00:54, 30669.68it/s]
1634122it [00:54, 30610.75it/s]
1637186it [00:54, 30618.81it/s]
1640249it [00:54, 30587.04it/s]
1643308it [00:54, 30533.48it/s]
1646362it [00:54, 28695.20it/s]
1649413it [00:54, 29212.79it/s]
1652480it [00:54, 29635.11it/s]
1655532it [00:54, 29892.32it/s]
1658589it [00:55, 30090.27it/s]
1661619it [00:55, 30150.91it/s]
1664643it [00:55, 30173.62it/s]
1667683it [00:55, 30240.00it/s]
1670785it [00:55, 30469.16it/s]
1673878it [00:55, 30606.37it/s]
1676967it [00:55, 30689.67it/s]
1680057it [00:55, 30748.95it/s]
1683155it [00:55, 30815.64it/s]
1686242it [00:55, 30828.77it/s]
1689342it [00:56, 30879.28it/s]
1692431it [00:56, 28035.85it/s]
1695498it [00:56, 28770.74it/s]
1698416it [00:56, 28570.67it/s]
1701528it [00:56, 29301.49it/s]
1704622it [00:56, 29776.73it/s]
1707617it [00:56, 29452.83it/s]
1710675it [00:56, 29780.45it/s]
1713723it [00:56, 29985.03it/s]
1716747it [00:56, 30060.36it/s]
1719778it [00:57, 30132.81it/s]
1722848it [00:57, 30299.10it/s]
1725931it [00:57, 30455.66it/s]
1729030it [00:57, 30614.69it/s]
1732093it [00:57, 30603.92it/s]
1735173it [00:57, 30661.31it/s]
1738262it [00:57, 30727.12it/s]
1741336it [00:57, 29893.31it/s]
1744417it [00:57, 30159.59it/s]
1747492it [00:57, 30333.63it/s]
1750562it [00:58, 30439.79it/s]
1753624it [00:58, 30492.01it/s]
1756693it [00:58, 30548.73it/s]
1759755it [00:58, 30567.60it/s]
1762828it [00:58, 30615.27it/s]
1765923it [00:58, 30711.92it/s]
1769034it [00:58, 30828.97it/s]
1772137it [00:58, 30888.72it/s]
1775227it [00:58, 30891.27it/s]
1778317it [00:58, 30803.72it/s]
1781398it [00:59, 30802.29it/s]
1784479it [00:59, 30435.53it/s]
1787526it [00:59, 30445.18it/s]
1790587it [00:59, 30491.68it/s]
1793637it [00:59, 30436.48it/s]
1796693it [00:59, 30470.66it/s]
1799743it [00:59, 30478.09it/s]
1802798it [00:59, 30499.19it/s]
1805858it [00:59, 30527.73it/s]
1808915it [00:59, 30537.96it/s]
1811999it [01:00, 30627.52it/s]
1815065it [01:00, 30634.22it/s]
1818129it [01:00, 30586.94it/s]
1821204it [01:00, 30632.82it/s]
1824268it [01:00, 29944.84it/s]
1827335it [01:00, 30156.72it/s]
1830417it [01:00, 30352.06it/s]
1833524it [01:00, 30562.50it/s]
1836619it [01:00, 30676.02it/s]
1839715it [01:00, 30760.04it/s]
1842809it [01:01, 30811.57it/s]
1845905it [01:01, 30854.43it/s]
1848991it [01:01, 30784.35it/s]
1852077it [01:01, 30805.39it/s]
1855164it [01:01, 30822.10it/s]
1858247it [01:01, 30803.60it/s]
1861339it [01:01, 30835.72it/s]
1864423it [01:01, 30444.50it/s]
1867521it [01:01, 30601.48it/s]
1870607it [01:01, 30676.40it/s]
1873703it [01:02, 30759.08it/s]
1876780it [01:02, 30749.60it/s]
1879856it [01:02, 30738.66it/s]
1882931it [01:02, 30698.66it/s]
1886021it [01:02, 30756.95it/s]
1889116it [01:02, 30811.22it/s]
1892198it [01:02, 30793.96it/s]
1895282it [01:02, 30806.28it/s]
1898372it [01:02, 30833.37it/s]
1901470it [01:02, 30876.38it/s]
1904558it [01:03, 29338.34it/s]
1907598it [01:03, 29642.54it/s]
1910653it [01:03, 29904.96it/s]
1913725it [01:03, 30144.45it/s]
1916763it [01:03, 30213.05it/s]
1919797it [01:03, 30250.44it/s]
1922853it [01:03, 30340.64it/s]
1925935it [01:03, 30481.58it/s]
1929013it [01:03, 30569.20it/s]
1932091it [01:04, 30631.26it/s]
1935175it [01:04, 30691.24it/s]
1938245it [01:04, 30624.72it/s]
1941308it [01:04, 30568.90it/s]
1944366it [01:04, 29443.76it/s]
1947327it [01:04, 29491.43it/s]
1950299it [01:04, 29556.84it/s]
1953287it [01:04, 29649.61it/s]
1956296it [01:04, 29779.18it/s]
1959279it [01:04, 29791.70it/s]
1962270it [01:05, 29824.75it/s]
1965275it [01:05, 29889.64it/s]
1968267it [01:05, 29896.84it/s]
1971278it [01:05, 29957.79it/s]
1974275it [01:05, 29950.05it/s]
1977271it [01:05, 29917.78it/s]
1980264it [01:05, 29829.05it/s]
1983254it [01:05, 29847.87it/s]
1986242it [01:05, 28932.15it/s]
1989166it [01:05, 29019.97it/s]
1992100it [01:06, 29112.23it/s]
1995015it [01:06, 29088.65it/s]
1997942it [01:06, 29140.44it/s]
2000858it [01:06, 29085.32it/s]
2003783it [01:06, 29133.18it/s]
2006698it [01:06, 28978.60it/s]
2009622it [01:06, 29054.68it/s]
2012565it [01:06, 29166.14it/s]
2015483it [01:06, 29130.78it/s]
2018438it [01:06, 29254.30it/s]
2021386it [01:07, 29320.39it/s]
2024336it [01:07, 29372.83it/s]
2027286it [01:07, 29408.36it/s]
2030227it [01:07, 29204.48it/s]
2033148it [01:07, 29183.84it/s]
2036067it [01:07, 29158.05it/s]
2038983it [01:07, 29141.20it/s]
2041926it [01:07, 29225.11it/s]
2044864it [01:07, 29270.98it/s]
2047812it [01:07, 29331.29it/s]
2050766it [01:08, 29392.60it/s]
2053714it [01:08, 29416.69it/s]
2056656it [01:08, 29396.70it/s]
2059596it [01:08, 29369.01it/s]
2062577it [01:08, 29499.87it/s]
2065528it [01:08, 29495.20it/s]
2068478it [01:08, 29475.69it/s]
2071434it [01:08, 29500.48it/s]
2074392it [01:08, 29521.27it/s]
2077356it [01:08, 29556.34it/s]
2080313it [01:09, 29558.16it/s]
2083269it [01:09, 29528.20it/s]
2086222it [01:09, 29435.15it/s]
2089166it [01:09, 29425.51it/s]
2092116it [01:09, 29447.47it/s]
2095063it [01:09, 29453.30it/s]
2098009it [01:09, 29447.03it/s]
2100954it [01:09, 29428.50it/s]
2103897it [01:09, 29381.25it/s]
2106848it [01:09, 29416.78it/s]
2109818it [01:10, 29501.32it/s]
2112788it [01:10, 29560.26it/s]
2115745it [01:10, 29530.22it/s]
2118705it [01:10, 29547.10it/s]
2121660it [01:10, 29519.08it/s]
2124614it [01:10, 29522.66it/s]
2127570it [01:10, 29531.87it/s]
2130524it [01:10, 29492.54it/s]
2133474it [01:10, 29465.93it/s]
2136434it [01:10, 29505.44it/s]
2139392it [01:11, 29526.02it/s]
2142345it [01:11, 26752.86it/s]
2145273it [01:11, 27456.56it/s]
2148243it [01:11, 28095.45it/s]
2151239it [01:11, 28633.31it/s]
2154241it [01:11, 29037.05it/s]
2157227it [01:11, 29279.40it/s]
2160238it [01:11, 29522.67it/s]
2163242it [01:11, 29674.01it/s]
2166260it [01:11, 29821.74it/s]
2169274it [01:12, 29913.57it/s]
2172297it [01:12, 30005.77it/s]
2175328it [01:12, 30095.96it/s]
2178358it [01:12, 30156.29it/s]
2181391it [01:12, 30206.36it/s]
2184413it [01:12, 30209.73it/s]
2187435it [01:12, 30203.34it/s]
2190456it [01:12, 30182.00it/s]
2193522it [01:12, 30321.56it/s]
2196585it [01:12, 30412.57it/s]
2199634it [01:13, 30435.56it/s]
2202716it [01:13, 30549.37it/s]
2205772it [01:13, 30493.19it/s]
2208830it [01:13, 30517.70it/s]
2211882it [01:13, 30456.64it/s]
2214928it [01:13, 30453.88it/s]
2217980it [01:13, 30473.19it/s]
2221028it [01:13, 30423.14it/s]
2224071it [01:13, 30347.74it/s]
2227130it [01:13, 30417.11it/s]
2230172it [01:14, 30279.67it/s]
2233201it [01:14, 30232.19it/s]
2236225it [01:14, 30228.61it/s]
2239265it [01:14, 30279.63it/s]
2242294it [01:14, 30195.22it/s]
2245314it [01:14, 30184.48it/s]
2248334it [01:14, 30186.25it/s]
2251357it [01:14, 30199.05it/s]
2254393it [01:14, 30245.61it/s]
2257450it [01:14, 30339.06it/s]
2260484it [01:15, 30303.77it/s]
2263522it [01:15, 30324.58it/s]
2266555it [01:15, 30235.35it/s]
2269597it [01:15, 30288.65it/s]
2272626it [01:15, 30240.78it/s]
2275679it [01:15, 30327.14it/s]
2278728it [01:15, 30374.62it/s]
2281766it [01:15, 30349.18it/s]
2284805it [01:15, 30359.94it/s]
2287842it [01:15, 30337.95it/s]
2290876it [01:16, 30207.41it/s]
2293897it [01:16, 30147.11it/s]
2296918it [01:16, 30164.10it/s]
2299936it [01:16, 30165.94it/s]
2302953it [01:16, 30132.73it/s]
2305967it [01:16, 30107.37it/s]
2308988it [01:16, 30137.69it/s]
2312002it [01:16, 30128.67it/s]
2315033it [01:16, 30181.73it/s]
2318052it [01:17, 30164.43it/s]
2321069it [01:17, 30085.25it/s]
2324083it [01:17, 30100.69it/s]
2327094it [01:17, 30076.82it/s]
2330111it [01:17, 30104.06it/s]
2333125it [01:17, 30113.46it/s]
2336137it [01:17, 30081.66it/s]
2339166it [01:17, 30142.66it/s]
2342184it [01:17, 30151.40it/s]
2345202it [01:17, 30157.48it/s]
2348218it [01:18, 29869.90it/s]
2351244it [01:18, 29982.95it/s]
2354272it [01:18, 30070.23it/s]
2357310it [01:18, 30162.23it/s]
2360356it [01:18, 30249.34it/s]
2363416it [01:18, 30351.17it/s]
2366474it [01:18, 30416.84it/s]
2369518it [01:18, 30421.10it/s]
2372561it [01:18, 30400.85it/s]
2375602it [01:18, 30360.46it/s]
2378639it [01:19, 30296.85it/s]
2381670it [01:19, 30299.02it/s]
2384730it [01:19, 30388.82it/s]
2387769it [01:19, 30388.36it/s]
2390813it [01:19, 30401.67it/s]
2393858it [01:19, 30412.84it/s]
2396900it [01:19, 30315.23it/s]
2399932it [01:19, 30231.53it/s]
2402975it [01:19, 30289.96it/s]
2406005it [01:19, 30223.23it/s]
2409028it [01:20, 29284.19it/s]
2412060it [01:20, 29584.93it/s]
2415090it [01:20, 29793.62it/s]
2418102it [01:20, 29888.80it/s]
2421109it [01:20, 29942.45it/s]
2424133it [01:20, 30028.83it/s]
2427142it [01:20, 30045.57it/s]
2430161it [01:20, 30085.47it/s]
2433171it [01:20, 30017.06it/s]
2436174it [01:20, 29954.90it/s]
2439172it [01:21, 29959.27it/s]
2442170it [01:21, 29964.93it/s]
2445210it [01:21, 30094.90it/s]
2448220it [01:21, 30093.62it/s]
2451230it [01:21, 30088.06it/s]
2454239it [01:21, 30057.76it/s]
2457268it [01:21, 30124.34it/s]
2460312it [01:21, 30218.73it/s]
2463344it [01:21, 30248.34it/s]
2466369it [01:21, 30189.58it/s]
2469392it [01:22, 30198.63it/s]
2472412it [01:22, 30168.32it/s]
2475449it [01:22, 30226.00it/s]
2478513it [01:22, 30347.28it/s]
2481576it [01:22, 30430.44it/s]
2484653it [01:22, 30531.75it/s]
2487709it [01:22, 30537.87it/s]
2490763it [01:22, 30500.44it/s]
2493821it [01:22, 30520.74it/s]
2496874it [01:22, 30510.24it/s]
2499951it [01:23, 30585.86it/s]
2503010it [01:23, 30550.62it/s]
2506075it [01:23, 30579.57it/s]
2509133it [01:23, 30563.72it/s]
2512214it [01:23, 30635.46it/s]
2515293it [01:23, 30681.33it/s]
2518389it [01:23, 30764.17it/s]
2521466it [01:23, 30696.73it/s]
2524542it [01:23, 30713.21it/s]
2527617it [01:23, 30722.02it/s]
2530690it [01:24, 30721.68it/s]
2533763it [01:24, 30690.86it/s]
2536840it [01:24, 30714.25it/s]
2539912it [01:24, 30683.60it/s]
2542991it [01:24, 30713.14it/s]
2546085it [01:24, 30778.12it/s]
2549163it [01:24, 30769.46it/s]
2552242it [01:24, 30774.92it/s]
2555325it [01:24, 30790.21it/s]
2558405it [01:24, 30744.73it/s]
2561480it [01:25, 30725.51it/s]
2564555it [01:25, 30732.44it/s]
2567636it [01:25, 30754.42it/s]
2570712it [01:25, 30726.69it/s]
2573785it [01:25, 30662.09it/s]
2576852it [01:25, 30556.92it/s]
2579910it [01:25, 30562.76it/s]
2582971it [01:25, 30575.77it/s]
2586034it [01:25, 30589.06it/s]
2589093it [01:25, 30581.21it/s]
2592174it [01:26, 30649.07it/s]
2595241it [01:26, 30654.26it/s]
2598307it [01:26, 30609.78it/s]
2601369it [01:26, 30560.79it/s]
2604435it [01:26, 30588.42it/s]
2607494it [01:26, 30582.00it/s]
2610553it [01:26, 30500.40it/s]
2613604it [01:26, 30422.02it/s]
2616666it [01:26, 30480.02it/s]
2619730it [01:26, 30525.58it/s]
2622790it [01:27, 30546.83it/s]
2625855it [01:27, 30576.61it/s]
2628916it [01:27, 30585.03it/s]
2632000it [01:27, 30660.20it/s]
2635080it [01:27, 30701.51it/s]
2638151it [01:27, 30579.05it/s]
2641214it [01:27, 30593.45it/s]
2644274it [01:27, 30573.47it/s]
2647332it [01:27, 30558.16it/s]
2650390it [01:27, 30564.12it/s]
2653458it [01:28, 30597.80it/s]
2656535it [01:28, 30647.07it/s]
2659625it [01:28, 30722.67it/s]
2662716it [01:28, 30777.28it/s]
2665794it [01:28, 30690.71it/s]
2668864it [01:28, 30666.84it/s]
2671937it [01:28, 30683.87it/s]
2675009it [01:28, 30694.16it/s]
2678093it [01:28, 30734.49it/s]
2681173it [01:28, 30751.23it/s]
2684251it [01:29, 30756.13it/s]
2687329it [01:29, 30761.98it/s]
2690414it [01:29, 30785.85it/s]
2693493it [01:29, 30744.76it/s]
2696568it [01:29, 30606.82it/s]
2699651it [01:29, 30671.24it/s]
2702733it [01:29, 30714.17it/s]
2705805it [01:29, 30677.82it/s]
2708873it [01:29, 30650.60it/s]
2711939it [01:29, 27748.26it/s]
2714998it [01:30, 28540.77it/s]
2718031it [01:30, 29048.19it/s]
2721098it [01:30, 29517.17it/s]
2724153it [01:30, 29816.58it/s]
2727263it [01:30, 30193.72it/s]
2730351it [01:30, 30395.12it/s]
2733438it [01:30, 30534.19it/s]
2736524it [01:30, 30629.78it/s]
2739592it [01:30, 30639.55it/s]
2742660it [01:30, 30582.47it/s]
2745764it [01:31, 30718.18it/s]
2748859it [01:31, 30786.96it/s]
2751939it [01:31, 30662.38it/s]
2755007it [01:31, 30640.57it/s]
2758072it [01:31, 30619.85it/s]
2761172it [01:31, 30731.06it/s]
2764287it [01:31, 30855.90it/s]
2767374it [01:31, 30857.22it/s]
2770460it [01:31, 30848.04it/s]
2773545it [01:31, 30835.96it/s]
2776635it [01:32, 30852.74it/s]
2779729it [01:32, 30878.22it/s]
2782819it [01:32, 30882.40it/s]
2785908it [01:32, 30809.84it/s]
2788996it [01:32, 30829.38it/s]
2792079it [01:32, 30798.12it/s]
2795164it [01:32, 30810.25it/s]
2798254it [01:32, 30832.79it/s]
2801338it [01:32, 30809.84it/s]
2804431it [01:32, 30842.77it/s]
2807518it [01:33, 30848.36it/s]
2810626it [01:33, 30916.42it/s]
2813720it [01:33, 30922.22it/s]
2816813it [01:33, 30875.68it/s]
2819901it [01:33, 30791.02it/s]
2822981it [01:33, 30737.94it/s]
2826055it [01:33, 30698.26it/s]
2829127it [01:33, 30701.90it/s]
2832198it [01:33, 30635.78it/s]
2835262it [01:33, 30579.19it/s]
2838333it [01:34, 30616.31it/s]
2841395it [01:34, 30550.45it/s]
2844466it [01:34, 30596.81it/s]
2847526it [01:34, 30546.64it/s]
2850581it [01:34, 30434.47it/s]
2853625it [01:34, 30335.24it/s]
2856659it [01:34, 30305.82it/s]
2859690it [01:34, 30287.87it/s]
2862726it [01:34, 30306.63it/s]
2865757it [01:34, 30297.36it/s]
2868792it [01:35, 30312.78it/s]
2871836it [01:35, 30348.08it/s]
2874896it [01:35, 30422.84it/s]
2877948it [01:35, 30450.19it/s]
2881006it [01:35, 30486.96it/s]
2884055it [01:35, 30437.94it/s]
2887106it [01:35, 30457.16it/s]
2890168it [01:35, 30503.73it/s]
2893235it [01:35, 30552.66it/s]
2896302it [01:35, 30586.98it/s]
2899372it [01:36, 30619.04it/s]
2902434it [01:36, 30562.37it/s]
2905499it [01:36, 30585.68it/s]
2908558it [01:36, 30543.34it/s]
2911617it [01:36, 30554.57it/s]
2914693it [01:36, 30613.87it/s]
2917765it [01:36, 30643.50it/s]
2920830it [01:36, 30635.78it/s]
2923902it [01:36, 30658.84it/s]
2926968it [01:36, 30557.17it/s]
2930034it [01:37, 30586.96it/s]
2933099it [01:37, 30602.87it/s]
2936174it [01:37, 30644.46it/s]
2939255it [01:37, 30691.51it/s]
2942349it [01:37, 30764.45it/s]
2945452it [01:37, 30842.88it/s]
2948537it [01:37, 30798.76it/s]
2951617it [01:37, 30668.30it/s]
2954684it [01:37, 30555.81it/s]
2957740it [01:37, 30389.45it/s]
2960780it [01:38, 30354.01it/s]
2963816it [01:38, 30326.21it/s]
2966849it [01:38, 30327.02it/s]
2969893it [01:38, 30358.21it/s]
2972944it [01:38, 30401.69it/s]
2975985it [01:38, 30399.69it/s]
2979040it [01:38, 30443.77it/s]
2982085it [01:38, 30415.59it/s]
2985127it [01:38, 30392.35it/s]
2988167it [01:38, 30339.57it/s]
2991201it [01:39, 30328.24it/s]
2994234it [01:39, 30263.98it/s]
2997276it [01:39, 30308.82it/s]
3000322it [01:39, 30352.21it/s]
3003358it [01:39, 30241.27it/s]
3006411it [01:39, 30326.65it/s]
3009475it [01:39, 30419.73it/s]
3012538it [01:39, 30482.07it/s]
3015623it [01:39, 30590.81it/s]
3018710it [01:40, 30674.02it/s]
3021793it [01:40, 30719.34it/s]
3024865it [01:40, 30715.24it/s]
3027937it [01:40, 30699.43it/s]
3031007it [01:40, 30653.49it/s]
3034073it [01:40, 30525.32it/s]
3037126it [01:40, 30482.28it/s]
3040175it [01:40, 30423.56it/s]
3043218it [01:40, 30352.13it/s]
3046254it [01:40, 30335.22it/s]
3049288it [01:41, 29070.00it/s]
3052276it [01:41, 29303.36it/s]
3055289it [01:41, 29544.25it/s]
3058250it [01:41, 29480.06it/s]
3063033it [01:41, 34911.42it/s]
3068241it [01:41, 40011.55it/s]
3073586it [01:41, 44014.57it/s]
3079028it [01:41, 47120.34it/s]
3084499it [01:41, 49388.62it/s]
3089991it [01:41, 51040.67it/s]
3095448it [01:42, 52097.19it/s]
3100934it [01:42, 52921.79it/s]
3106432it [01:42, 53537.39it/s]
3112003it [01:42, 54187.50it/s]
3117628it [01:42, 54804.22it/s]
3123258it [01:42, 55251.67it/s]
3128899it [01:42, 55597.95it/s]
3134613it [01:42, 56058.45it/s]
3140288it [01:42, 56262.76it/s]
3146000it [01:42, 56518.29it/s]
3151662it [01:43, 56548.05it/s]
3157317it [01:43, 56503.07it/s]
3162968it [01:43, 56458.83it/s]
3168614it [01:43, 56441.41it/s]
3174259it [01:43, 56227.35it/s]
3179882it [01:43, 56162.42it/s]
3185506it [01:43, 56182.99it/s]
3191125it [01:43, 56059.73it/s]
3196739it [01:43, 56082.67it/s]
3202352it [01:43, 56094.53it/s]
3207965it [01:44, 56102.41it/s]
3213636it [01:44, 56282.04it/s]
3219277it [01:44, 56319.49it/s]
3224954it [01:44, 56453.65it/s]
3230610it [01:44, 56483.25it/s]
3236259it [01:44, 56437.19it/s]
3241916it [01:44, 56473.67it/s]
3247587it [01:44, 56541.47it/s]
3253242it [01:44, 56419.33it/s]
3258885it [01:44, 56420.20it/s]
3264530it [01:45, 56427.82it/s]
3270178it [01:45, 56438.91it/s]
3275822it [01:45, 56396.45it/s]
3281462it [01:45, 56244.78it/s]
3287087it [01:45, 56178.63it/s]
3292705it [01:45, 56164.51it/s]
3298322it [01:45, 56087.34it/s]
3303939it [01:45, 56109.13it/s]
3309550it [01:45, 56045.58it/s]
3315156it [01:45, 56046.59it/s]
3320761it [01:46, 55968.28it/s]
3326410it [01:46, 56124.06it/s]
3332023it [01:46, 56095.04it/s]
3337633it [01:46, 56074.04it/s]
3343241it [01:46, 55872.56it/s]
3348829it [01:46, 55815.16it/s]
3354419it [01:46, 55837.76it/s]
3360030it [01:46, 55917.35it/s]
3365675it [01:46, 56073.42it/s]
3371357it [01:46, 56294.86it/s]
3376964it [01:47, 31551.50it/s]
INFO:root:test max cliques 3058577, nested cliques 318387
INFO:root:test real max cliques in search universe: 42
INFO:root:test real smaller cliques in search universe: 96 96
INFO:root:Our Performance: precision 0.0000, recall 0.3165, f1 0.0001 jaccard 0.0000
INFO:root:Baseline: Bayesian-MDL skipped (disabled for this runtime).
INFO:root:Baseline: Max Clique precision 0.0000, recall 0.1927, f1 0.0000, jaccard 0.0000 
INFO:root:Baseline: ECC precision 0.0409, recall 0.1651, f1 0.0655, jaccard 0.0339 
INFO:root:Baseline: Demon precision 0.0195, recall 0.0505, f1 0.0282, jaccard 0.0143 
INFO:root:Baseline: CFinder skipped (disabled for channel-SNR benchmark).
(4121, 9) (4121,) 72
