INFO:root:Create log file at log/school/school-350000-cou-1788865876.0987115.log
INFO:root:Command line executed: python main.py --dataset school --beta 350000 --features count --channel awgn --snr_db 2
INFO:root:Full args parsed:
INFO:root:Namespace(dataset='school', beta=350000, features='count', model='mlp', epochs=2000, lr=0.0001, setting='f', label_rate=0.1, ablation=0, seed=123, use_c=1, jobs=1, save_features=0, data_dir='./data/', log_dir='log', downsample=0, max_child_size=1, ext=0, channel='awgn', snr_db=2.0, channel_seed=123, max_background_pairs=10000)
INFO:root:Finish loading graphs.
INFO:root:Nodes train: 242, test: 242
INFO:root:Simplicies train: 6352, test: 6352
INFO:root:Channel awgn at 2.0 dB: test projection edges 5710 -> 6456
INFO:root:Start computing cliques
INFO:root:Couldn't find cache for max cliques train
INFO:root:Number of maximum cliques:15119
INFO:root:Couldn't find cache for max cliques test
INFO:root:Number of maximum cliques:17515
INFO:root:test nodes 242 hyperedges 6352 avg size 2.420654911838791 std 0.5512194626711862 avg degree 63.53719008264463 max cliques 17515
INFO:root:Breakdown of test hyperedges (max+small) 2 + 6350
INFO:root:Intersection 0 out of 1451 17515
INFO:root:support cliques train:934 - test: 1451
INFO:root:Optimizing clique sampler .. 
INFO:root:Found cache for rho.
INFO:root:[(2, 2), (3, 2), (4, 2), (5, 2), (16, 2), (3, 3), (4, 3), (16, 3), (13, 2), (5, 3), (13, 3), (12, 2), (6, 3), (6, 2), (8, 3), (9, 2)]
INFO:root:Optimize Clique Sampler: #hyperedges collected:5807, recall: 0.9142002518891688, efficiency:0.016591428571428573
INFO:root:Clique analysis done.
INFO:root:train: 41928 unique candidates out of 349993 sampled candidates
Note: to be able to use all crisp methods, you need to install some additional packages:  {'graph_tool', 'wurlitzer', 'bayanpy', 'infomap', 'leidenalg'}
Note: to be able to use all crisp methods, you need to install some additional packages:  {'torch', 'ASLPAw', 'hidef', 'pyclustering'}
Note: to be able to use all crisp methods, you need to install some additional packages:  {'scikit-network', 'leidenalg', 'wurlitzer', 'infomap'}
Sanity check failed, reindexing the hypergraphs ...
Sanity check failed, reindexing the hypergraphs ...
number of nodes in construct graph 242
number of nodes in construct graph 242
(0, 0), (6, 6), (522, 339), (5376, 1830), (23846, 3047), (26366, 3136), (26538, 3142), (29774, 3220), (41534, 3476), (51596, 3684), (70066, 4019), (106960, 4456), (126364, 4625), (183864, 5122), (226989, 5355), (346213, 5802), 
(0, 0), (2, 0), (1784, 466), (22646, 2777), (75216, 3178), (75216, 3178), (75810, 3180), (89718, 3354), (89718, 3354), (89718, 3354), (142288, 3990), (142288, 3990), (142354, 3990), (226294, 4391), (289249, 4433), (348609, 4582), 

0it [00:00, ?it/s]
12328it [00:00, 123263.07it/s]
34317it [00:00, 180090.74it/s]
56869it [00:00, 195919.14it/s]
INFO:root:test: 42568 unique candidates out of 349401 sampled candidates

0it [00:00, ?it/s]
17882it [00:00, 178808.23it/s]
44346it [00:00, 229288.55it/s]
59487it [00:00, 232194.17it/s]
INFO:root:test max cliques 17515, nested cliques 41972
INFO:root:test real max cliques in search universe: 2
INFO:root:test real smaller cliques in search universe: 4583 4583
INFO:root:Our Performance: precision 0.4998, recall 0.5074, f1 0.5036 jaccard 0.3365
INFO:root:Baseline: Bayesian-MDL skipped (disabled for this runtime).
INFO:root:Baseline: Max Clique precision 0.0001, recall 0.0003, f1 0.0002, jaccard 0.0001 
INFO:root:Baseline: ECC precision 0.0506, recall 0.0104, f1 0.0172, jaccard 0.0087 
INFO:root:Baseline: Demon precision 0.0000, recall 0.0000, f1 0.0000, jaccard 0.0000 
INFO:root:Baseline: CFinder skipped (disabled for channel-SNR benchmark).
(41750, 9) (41750,) 5823
