INFO:root:Create log file at log/school2/school2-60000-cou-1788865992.0844874.log
INFO:root:Command line executed: python main.py --dataset school2 --beta 60000 --features count --channel awgn --snr_db 6
INFO:root:Full args parsed:
INFO:root:Namespace(dataset='school2', beta=60000, features='count', model='mlp', epochs=2000, lr=0.0001, setting='f', label_rate=0.1, ablation=0, seed=123, use_c=1, jobs=1, save_features=0, data_dir='./data/', log_dir='log', downsample=0, max_child_size=1, ext=0, channel='awgn', snr_db=6.0, channel_seed=123, max_background_pairs=10000)
INFO:root:Finish loading graphs.
INFO:root:Nodes train: 327, test: 327
INFO:root:Simplicies train: 3909, test: 3909
INFO:root:Channel awgn at 6.0 dB: test projection edges 3806 -> 4395
INFO:root:Start computing cliques
INFO:root:Couldn't find cache for max cliques train
INFO:root:Number of maximum cliques:3513
INFO:root:Couldn't find cache for max cliques test
INFO:root:Number of maximum cliques:3853
INFO:root:test nodes 327 hyperedges 3909 avg size 2.3210539779994885 std 0.5232084288484576 avg degree 27.74617737003058 max cliques 3853
INFO:root:Breakdown of test hyperedges (max+small) 97 + 3812
INFO:root:Intersection 84 out of 1481 3853
INFO:root:support cliques train:970 - test: 1481
INFO:root:Optimizing clique sampler .. 
INFO:root:Found cache for rho.
INFO:root:[(2, 2), (3, 2), (4, 2), (11, 2), (5, 2), (4, 3), (3, 3), (11, 3), (5, 3), (9, 2), (6, 3), (4, 4), (6, 2), (9, 3)]
INFO:root:Optimize Clique Sampler: #hyperedges collected:3568, recall: 0.9127654131491431, efficiency:0.05946666666666667
INFO:root:Clique analysis done.
INFO:root:train: 14680 unique candidates out of 59994 sampled candidates
Note: to be able to use all crisp methods, you need to install some additional packages:  {'graph_tool', 'wurlitzer', 'infomap', 'bayanpy', 'leidenalg'}
Note: to be able to use all crisp methods, you need to install some additional packages:  {'hidef', 'ASLPAw', 'pyclustering', 'torch'}
Note: to be able to use all crisp methods, you need to install some additional packages:  {'wurlitzer', 'infomap', 'leidenalg', 'scikit-network'}
Sanity check failed, reindexing the hypergraphs ...
Sanity check failed, reindexing the hypergraphs ...
number of nodes in construct graph 327
number of nodes in construct graph 327
(0, 0), (139, 139), (1222, 768), (3904, 1541), (4179, 1609), (10109, 2303), (11897, 2441), (12258, 2467), (13083, 2511), (19013, 2785), (25205, 2982), (39165, 3285), (39612, 3293), (50082, 3473), 
(0, 0), (300, 61), (2997, 998), (7617, 1906), (7617, 1906), (16397, 2380), (19477, 2549), (20376, 2581), (20376, 2581), (29156, 2896), (29444, 2918), (42524, 3121), (43294, 3125), (53104, 3200), 

0it [00:00, ?it/s]
17246it [00:00, 238648.93it/s]
INFO:root:test: 14720 unique candidates out of 53524 sampled candidates

0it [00:00, ?it/s]
16604it [00:00, 254858.86it/s]
INFO:root:test max cliques 3853, nested cliques 12751
INFO:root:test real max cliques in search universe: 97
INFO:root:test real smaller cliques in search universe: 3121 3121
INFO:root:Our Performance: precision 0.5668, recall 0.6316, f1 0.5975 jaccard 0.4260
INFO:root:Baseline: Bayesian-MDL skipped (disabled for this runtime).
INFO:root:Baseline: Max Clique precision 0.0252, recall 0.0248, f1 0.0250, jaccard 0.0127 
INFO:root:Baseline: ECC precision 0.1644, recall 0.0629, f1 0.0910, jaccard 0.0477 
INFO:root:Baseline: Demon precision 0.0923, recall 0.0156, f1 0.0267, jaccard 0.0135 
INFO:root:Baseline: CFinder skipped (disabled for channel-SNR benchmark).
(13733, 9) (13733,) 3428
