INFO:root:Create log file at log/school/school-350000-cou-1788865956.4568658.log
INFO:root:Command line executed: python main.py --dataset school --beta 350000 --features count --channel awgn --snr_db 16
INFO:root:Full args parsed:
INFO:root:Namespace(dataset='school', beta=350000, features='count', model='mlp', epochs=2000, lr=0.0001, setting='f', label_rate=0.1, ablation=0, seed=123, use_c=1, jobs=1, save_features=0, data_dir='./data/', log_dir='log', downsample=0, max_child_size=1, ext=0, channel='awgn', snr_db=16.0, channel_seed=123, max_background_pairs=10000)
INFO:root:Finish loading graphs.
INFO:root:Nodes train: 242, test: 242
INFO:root:Simplicies train: 6352, test: 6352
INFO:root:Channel awgn at 16.0 dB: test projection edges 5710 -> 5713
INFO:root:Start computing cliques
INFO:root:Couldn't find cache for max cliques train
INFO:root:Number of maximum cliques:15119
INFO:root:Couldn't find cache for max cliques test
INFO:root:Number of maximum cliques:15079
INFO:root:test nodes 242 hyperedges 6352 avg size 2.420654911838791 std 0.5512194626711862 avg degree 63.53719008264463 max cliques 15079
INFO:root:Breakdown of test hyperedges (max+small) 18 + 6334
INFO:root:Intersection 11 out of 924 15079
INFO:root:support cliques train:934 - test: 924
INFO:root:Optimizing clique sampler .. 
INFO:root:Found cache for rho.
INFO:root:[(2, 2), (3, 2), (4, 2), (5, 2), (16, 2), (3, 3), (4, 3), (16, 3), (13, 2), (5, 3), (13, 3), (12, 2), (6, 3), (6, 2), (8, 3), (9, 2)]
INFO:root:Optimize Clique Sampler: #hyperedges collected:5807, recall: 0.9142002518891688, efficiency:0.016591428571428573
INFO:root:Clique analysis done.
INFO:root:train: 41928 unique candidates out of 349993 sampled candidates
Note: to be able to use all crisp methods, you need to install some additional packages:  {'graph_tool', 'infomap', 'leidenalg', 'wurlitzer', 'bayanpy'}
Note: to be able to use all crisp methods, you need to install some additional packages:  {'pyclustering', 'torch', 'hidef', 'ASLPAw'}
Note: to be able to use all crisp methods, you need to install some additional packages:  {'scikit-network', 'wurlitzer', 'leidenalg', 'infomap'}
Sanity check failed, reindexing the hypergraphs ...
Sanity check failed, reindexing the hypergraphs ...
number of nodes in construct graph 242
number of nodes in construct graph 242
(0, 0), (6, 6), (522, 339), (5376, 1830), (23846, 3047), (26366, 3136), (26538, 3142), (29774, 3220), (41534, 3476), (51596, 3684), (70066, 4019), (106960, 4456), (126364, 4625), (183864, 5122), (226989, 5355), (346213, 5802), 
(0, 0), (5, 5), (560, 349), (5186, 1819), (24706, 3039), (27106, 3092), (27291, 3103), (30375, 3178), (41575, 3335), (62557, 3535), (82077, 3936), (159011, 4441), (194123, 4638), (250923, 5048), (293523, 5260), (399755, 5650), 

0it [00:00, ?it/s]
13476it [00:00, 134751.13it/s]
38702it [00:00, 203865.66it/s]
56869it [00:00, 213063.13it/s]
INFO:root:test: 39878 unique candidates out of 403391 sampled candidates

0it [00:00, ?it/s]
13082it [00:00, 130810.14it/s]
37321it [00:00, 196437.37it/s]
54767it [00:00, 206502.68it/s]
INFO:root:test max cliques 15079, nested cliques 39688
INFO:root:test real max cliques in search universe: 18
INFO:root:test real smaller cliques in search universe: 5675 5675
INFO:root:Our Performance: precision 0.6825, recall 0.5658, f1 0.6187 jaccard 0.4479
INFO:root:Baseline: Bayesian-MDL skipped (disabled for this runtime).
INFO:root:Baseline: Max Clique precision 0.0012, recall 0.0028, f1 0.0017, jaccard 0.0008 
INFO:root:Baseline: ECC precision 0.1631, recall 0.0219, f1 0.0386, jaccard 0.0197 
INFO:root:Baseline: Demon precision 0.0203, recall 0.0008, f1 0.0015, jaccard 0.0008 
INFO:root:Baseline: CFinder skipped (disabled for channel-SNR benchmark).
(41750, 9) (41750,) 5823
