INFO:root:Create log file at log/school/school-350000-cou-1788865945.0417802.log
INFO:root:Command line executed: python main.py --dataset school --beta 350000 --features count --channel awgn --snr_db 14
INFO:root:Full args parsed:
INFO:root:Namespace(dataset='school', beta=350000, features='count', model='mlp', epochs=2000, lr=0.0001, setting='f', label_rate=0.1, ablation=0, seed=123, use_c=1, jobs=1, save_features=0, data_dir='./data/', log_dir='log', downsample=0, max_child_size=1, ext=0, channel='awgn', snr_db=14.0, channel_seed=123, max_background_pairs=10000)
INFO:root:Finish loading graphs.
INFO:root:Nodes train: 242, test: 242
INFO:root:Simplicies train: 6352, test: 6352
INFO:root:Channel awgn at 14.0 dB: test projection edges 5710 -> 5731
INFO:root:Start computing cliques
INFO:root:Couldn't find cache for max cliques train
INFO:root:Number of maximum cliques:15119
INFO:root:Couldn't find cache for max cliques test
INFO:root:Number of maximum cliques:14880
INFO:root:test nodes 242 hyperedges 6352 avg size 2.420654911838791 std 0.5512194626711862 avg degree 63.53719008264463 max cliques 14880
INFO:root:Breakdown of test hyperedges (max+small) 19 + 6333
INFO:root:Intersection 11 out of 949 14880
INFO:root:support cliques train:934 - test: 949
INFO:root:Optimizing clique sampler .. 
INFO:root:Found cache for rho.
INFO:root:[(2, 2), (3, 2), (4, 2), (5, 2), (16, 2), (3, 3), (4, 3), (16, 3), (13, 2), (5, 3), (13, 3), (12, 2), (6, 3), (6, 2), (8, 3), (9, 2)]
INFO:root:Optimize Clique Sampler: #hyperedges collected:5807, recall: 0.9142002518891688, efficiency:0.016591428571428573
INFO:root:Clique analysis done.
INFO:root:train: 41928 unique candidates out of 349993 sampled candidates
Note: to be able to use all crisp methods, you need to install some additional packages:  {'graph_tool', 'wurlitzer', 'infomap', 'bayanpy', 'leidenalg'}
Note: to be able to use all crisp methods, you need to install some additional packages:  {'pyclustering', 'hidef', 'ASLPAw', 'torch'}
Note: to be able to use all crisp methods, you need to install some additional packages:  {'scikit-network', 'wurlitzer', 'infomap', 'leidenalg'}
Sanity check failed, reindexing the hypergraphs ...
Sanity check failed, reindexing the hypergraphs ...
number of nodes in construct graph 242
number of nodes in construct graph 242
(0, 0), (6, 6), (522, 339), (5376, 1830), (23846, 3047), (26366, 3136), (26538, 3142), (29774, 3220), (41534, 3476), (51596, 3684), (70066, 4019), (106960, 4456), (126364, 4625), (183864, 5122), (226989, 5355), (346213, 5802), 
(0, 0), (10, 6), (604, 353), (5392, 1850), (25972, 3061), (28372, 3111), (28570, 3122), (31762, 3197), (42962, 3354), (63944, 3535), (84524, 3947), (161458, 4408), (187726, 4568), (246586, 4970), (290731, 5157), (403403, 5567), 

0it [00:00, ?it/s]
13353it [00:00, 133511.35it/s]
38037it [00:00, 200164.24it/s]
56869it [00:00, 210534.47it/s]
INFO:root:test: 40063 unique candidates out of 407291 sampled candidates

0it [00:00, ?it/s]
13417it [00:00, 134157.65it/s]
38351it [00:00, 201899.33it/s]
54735it [00:00, 209356.61it/s]
INFO:root:test max cliques 14880, nested cliques 39855
INFO:root:test real max cliques in search universe: 19
INFO:root:test real smaller cliques in search universe: 5628 5628
INFO:root:Our Performance: precision 0.6736, recall 0.5724, f1 0.6189 jaccard 0.4481
INFO:root:Baseline: Bayesian-MDL skipped (disabled for this runtime).
INFO:root:Baseline: Max Clique precision 0.0013, recall 0.0030, f1 0.0018, jaccard 0.0009 
INFO:root:Baseline: ECC precision 0.1522, recall 0.0208, f1 0.0366, jaccard 0.0186 
INFO:root:Baseline: Demon precision 0.0239, recall 0.0009, f1 0.0018, jaccard 0.0009 
INFO:root:Baseline: CFinder skipped (disabled for channel-SNR benchmark).
(41750, 9) (41750,) 5823
