INFO:root:Create log file at log/school2/school2-60000-cou-1788865991.0582752.log
INFO:root:Command line executed: python main.py --dataset school2 --beta 60000 --features count --channel awgn --snr_db 4
INFO:root:Full args parsed:
INFO:root:Namespace(dataset='school2', beta=60000, features='count', model='mlp', epochs=2000, lr=0.0001, setting='f', label_rate=0.1, ablation=0, seed=123, use_c=1, jobs=1, save_features=0, data_dir='./data/', log_dir='log', downsample=0, max_child_size=1, ext=0, channel='awgn', snr_db=4.0, channel_seed=123, max_background_pairs=10000)
INFO:root:Finish loading graphs.
INFO:root:Nodes train: 327, test: 327
INFO:root:Simplicies train: 3909, test: 3909
INFO:root:Channel awgn at 4.0 dB: test projection edges 3806 -> 4590
INFO:root:Start computing cliques
INFO:root:Couldn't find cache for max cliques train
INFO:root:Number of maximum cliques:3513
INFO:root:Couldn't find cache for max cliques test
INFO:root:Number of maximum cliques:3975
INFO:root:test nodes 327 hyperedges 3909 avg size 2.3210539779994885 std 0.5232084288484576 avg degree 27.74617737003058 max cliques 3975
INFO:root:Breakdown of test hyperedges (max+small) 83 + 3826
INFO:root:Intersection 68 out of 1611 3975
INFO:root:support cliques train:970 - test: 1611
INFO:root:Optimizing clique sampler .. 
INFO:root:Found cache for rho.
INFO:root:[(2, 2), (3, 2), (4, 2), (11, 2), (5, 2), (4, 3), (3, 3), (11, 3), (5, 3), (9, 2), (6, 3), (4, 4), (6, 2), (9, 3)]
INFO:root:Optimize Clique Sampler: #hyperedges collected:3568, recall: 0.9127654131491431, efficiency:0.05946666666666667
INFO:root:Clique analysis done.
INFO:root:train: 14680 unique candidates out of 59994 sampled candidates
Note: to be able to use all crisp methods, you need to install some additional packages:  {'leidenalg', 'bayanpy', 'wurlitzer', 'graph_tool', 'infomap'}
Note: to be able to use all crisp methods, you need to install some additional packages:  {'hidef', 'torch', 'ASLPAw', 'pyclustering'}
Note: to be able to use all crisp methods, you need to install some additional packages:  {'leidenalg', 'scikit-network', 'infomap', 'wurlitzer'}
Sanity check failed, reindexing the hypergraphs ...
Sanity check failed, reindexing the hypergraphs ...
number of nodes in construct graph 327
number of nodes in construct graph 327
(0, 0), (139, 139), (1222, 768), (3904, 1541), (4179, 1609), (10109, 2303), (11897, 2441), (12258, 2467), (13083, 2511), (19013, 2785), (25205, 2982), (39165, 3285), (39612, 3293), (50082, 3473), 
(0, 0), (276, 45), (3813, 1122), (8973, 1980), (8973, 1980), (18333, 2337), (21773, 2491), (22952, 2527), (22952, 2527), (32312, 2850), (32348, 2859), (42068, 3003), (42928, 3005), (50218, 3049), 

0it [00:00, ?it/s]
17246it [00:00, 239428.58it/s]
INFO:root:test: 14788 unique candidates out of 50218 sampled candidates

0it [00:00, ?it/s]
16448it [00:00, 250404.39it/s]
INFO:root:test max cliques 3975, nested cliques 12473
INFO:root:test real max cliques in search universe: 83
INFO:root:test real smaller cliques in search universe: 2966 2966
INFO:root:Our Performance: precision 0.5222, recall 0.6099, f1 0.5627 jaccard 0.3915
INFO:root:Baseline: Bayesian-MDL skipped (disabled for this runtime).
INFO:root:Baseline: Max Clique precision 0.0209, recall 0.0212, f1 0.0211, jaccard 0.0106 
INFO:root:Baseline: ECC precision 0.1236, recall 0.0517, f1 0.0729, jaccard 0.0378 
INFO:root:Baseline: Demon precision 0.0673, recall 0.0115, f1 0.0197, jaccard 0.0099 
INFO:root:Baseline: CFinder skipped (disabled for channel-SNR benchmark).
(13733, 9) (13733,) 3428
