INFO:root:Create log file at log/school/school-350000-cou-1788865864.680047.log
INFO:root:Command line executed: python main.py --dataset school --beta 350000 --features count --channel awgn --snr_db 0
INFO:root:Full args parsed:
INFO:root:Namespace(dataset='school', beta=350000, features='count', model='mlp', epochs=2000, lr=0.0001, setting='f', label_rate=0.1, ablation=0, seed=123, use_c=1, jobs=1, save_features=0, data_dir='./data/', log_dir='log', downsample=0, max_child_size=1, ext=0, channel='awgn', snr_db=0.0, channel_seed=123, max_background_pairs=10000)
INFO:root:Finish loading graphs.
INFO:root:Nodes train: 242, test: 242
INFO:root:Simplicies train: 6352, test: 6352
INFO:root:Channel awgn at 0.0 dB: test projection edges 5710 -> 6611
INFO:root:Start computing cliques
INFO:root:Couldn't find cache for max cliques train
INFO:root:Number of maximum cliques:15119
INFO:root:Couldn't find cache for max cliques test
INFO:root:Number of maximum cliques:17870
INFO:root:test nodes 242 hyperedges 6352 avg size 2.420654911838791 std 0.5512194626711862 avg degree 63.53719008264463 max cliques 17870
INFO:root:Breakdown of test hyperedges (max+small) 1 + 6351
INFO:root:Intersection 0 out of 1534 17870
INFO:root:support cliques train:934 - test: 1534
INFO:root:Optimizing clique sampler .. 
INFO:root:Found cache for rho.
INFO:root:[(2, 2), (3, 2), (4, 2), (5, 2), (16, 2), (3, 3), (4, 3), (16, 3), (13, 2), (5, 3), (13, 3), (12, 2), (6, 3), (6, 2), (8, 3), (9, 2)]
INFO:root:Optimize Clique Sampler: #hyperedges collected:5807, recall: 0.9142002518891688, efficiency:0.016591428571428573
INFO:root:Clique analysis done.
INFO:root:train: 41928 unique candidates out of 349993 sampled candidates
Note: to be able to use all crisp methods, you need to install some additional packages:  {'graph_tool', 'wurlitzer', 'leidenalg', 'infomap', 'bayanpy'}
Note: to be able to use all crisp methods, you need to install some additional packages:  {'torch', 'hidef', 'ASLPAw', 'pyclustering'}
Note: to be able to use all crisp methods, you need to install some additional packages:  {'leidenalg', 'scikit-network', 'infomap', 'wurlitzer'}
Sanity check failed, reindexing the hypergraphs ...
Sanity check failed, reindexing the hypergraphs ...
number of nodes in construct graph 242
number of nodes in construct graph 242
(0, 0), (6, 6), (522, 339), (5376, 1830), (23846, 3047), (26366, 3136), (26538, 3142), (29774, 3220), (41534, 3476), (51596, 3684), (70066, 4019), (106960, 4456), (126364, 4625), (183864, 5122), (226989, 5355), (346213, 5802), 
(0, 0), (0, 0), (1911, 446), (28383, 2793), (90763, 3054), (90763, 3054), (91400, 3055), (109048, 3249), (109048, 3249), (109048, 3249), (171428, 3914), (171428, 3914), (171428, 3914), (249808, 4198), (308593, 4211), (348857, 4289), 

0it [00:00, ?it/s]
13212it [00:00, 132102.80it/s]
37370it [00:00, 196490.10it/s]
56869it [00:00, 207931.64it/s]
INFO:root:test: 43093 unique candidates out of 349217 sampled candidates

0it [00:00, ?it/s]
19019it [00:00, 190175.22it/s]
45557it [00:00, 234405.47it/s]
60326it [00:00, 236964.37it/s]
INFO:root:test max cliques 17870, nested cliques 42456
INFO:root:test real max cliques in search universe: 1
INFO:root:test real smaller cliques in search universe: 4290 4290
INFO:root:Our Performance: precision 0.4642, recall 0.4832, f1 0.4735 jaccard 0.3102
INFO:root:Baseline: Bayesian-MDL skipped (disabled for this runtime).
INFO:root:Baseline: Max Clique precision 0.0001, recall 0.0002, f1 0.0001, jaccard 0.0000 
INFO:root:Baseline: ECC precision 0.0483, recall 0.0102, f1 0.0169, jaccard 0.0085 
INFO:root:Baseline: Demon precision 0.0000, recall 0.0000, f1 0.0000, jaccard 0.0000 
INFO:root:Baseline: CFinder skipped (disabled for channel-SNR benchmark).
(41750, 9) (41750,) 5823
