INFO:root:Create log file at log/school2/school2-60000-cou-1788865986.131435.log
INFO:root:Command line executed: python main.py --dataset school2 --beta 60000 --features count --channel awgn --snr_db 2
INFO:root:Full args parsed:
INFO:root:Namespace(dataset='school2', beta=60000, features='count', model='mlp', epochs=2000, lr=0.0001, setting='f', label_rate=0.1, ablation=0, seed=123, use_c=1, jobs=1, save_features=0, data_dir='./data/', log_dir='log', downsample=0, max_child_size=1, ext=0, channel='awgn', snr_db=2.0, channel_seed=123, max_background_pairs=10000)
INFO:root:Finish loading graphs.
INFO:root:Nodes train: 327, test: 327
INFO:root:Simplicies train: 3909, test: 3909
INFO:root:Channel awgn at 2.0 dB: test projection edges 3806 -> 4823
INFO:root:Start computing cliques
INFO:root:Couldn't find cache for max cliques train
INFO:root:Number of maximum cliques:3513
INFO:root:Couldn't find cache for max cliques test
INFO:root:Number of maximum cliques:4238
INFO:root:test nodes 327 hyperedges 3909 avg size 2.3210539779994885 std 0.5232084288484576 avg degree 27.74617737003058 max cliques 4238
INFO:root:Breakdown of test hyperedges (max+small) 71 + 3838
INFO:root:Intersection 53 out of 1770 4238
INFO:root:support cliques train:970 - test: 1770
INFO:root:Optimizing clique sampler .. 
INFO:root:Found cache for rho.
INFO:root:[(2, 2), (3, 2), (4, 2), (11, 2), (5, 2), (4, 3), (3, 3), (11, 3), (5, 3), (9, 2), (6, 3), (4, 4), (6, 2), (9, 3)]
INFO:root:Optimize Clique Sampler: #hyperedges collected:3568, recall: 0.9127654131491431, efficiency:0.05946666666666667
INFO:root:Clique analysis done.
INFO:root:train: 14680 unique candidates out of 59994 sampled candidates
Note: to be able to use all crisp methods, you need to install some additional packages:  {'leidenalg', 'bayanpy', 'infomap', 'graph_tool', 'wurlitzer'}
Note: to be able to use all crisp methods, you need to install some additional packages:  {'ASLPAw', 'torch', 'pyclustering', 'hidef'}
Note: to be able to use all crisp methods, you need to install some additional packages:  {'infomap', 'leidenalg', 'scikit-network', 'wurlitzer'}
Sanity check failed, reindexing the hypergraphs ...
Sanity check failed, reindexing the hypergraphs ...
number of nodes in construct graph 327
number of nodes in construct graph 327
(0, 0), (139, 139), (1222, 768), (3904, 1541), (4179, 1609), (10109, 2303), (11897, 2441), (12258, 2467), (13083, 2511), (19013, 2785), (25205, 2982), (39165, 3285), (39612, 3293), (50082, 3473), 
(0, 0), (263, 36), (5012, 1263), (11132, 2004), (11132, 2004), (19892, 2242), (23972, 2404), (25555, 2438), (25555, 2438), (34315, 2717), (34315, 2717), (41675, 2826), (42695, 2827), (48215, 2852), 

0it [00:00, ?it/s]
17246it [00:00, 234870.56it/s]
INFO:root:test: 15043 unique candidates out of 48215 sampled candidates

0it [00:00, ?it/s]
16415it [00:00, 247163.08it/s]
INFO:root:test max cliques 4238, nested cliques 12177
INFO:root:test real max cliques in search universe: 71
INFO:root:test real smaller cliques in search universe: 2781 2781
INFO:root:Our Performance: precision 0.4705, recall 0.5782, f1 0.5188 jaccard 0.3503
INFO:root:Baseline: Bayesian-MDL skipped (disabled for this runtime).
INFO:root:Baseline: Max Clique precision 0.0168, recall 0.0182, f1 0.0174, jaccard 0.0088 
INFO:root:Baseline: ECC precision 0.0995, recall 0.0450, f1 0.0620, jaccard 0.0320 
INFO:root:Baseline: Demon precision 0.0534, recall 0.0092, f1 0.0157, jaccard 0.0079 
INFO:root:Baseline: CFinder skipped (disabled for channel-SNR benchmark).
(13733, 9) (13733,) 3428
