INFO:root:Create log file at log/school/school-350000-cou-1788865898.8408175.log
INFO:root:Command line executed: python main.py --dataset school --beta 350000 --features count --channel awgn --snr_db 6
INFO:root:Full args parsed:
INFO:root:Namespace(dataset='school', beta=350000, features='count', model='mlp', epochs=2000, lr=0.0001, setting='f', label_rate=0.1, ablation=0, seed=123, use_c=1, jobs=1, save_features=0, data_dir='./data/', log_dir='log', downsample=0, max_child_size=1, ext=0, channel='awgn', snr_db=6.0, channel_seed=123, max_background_pairs=10000)
INFO:root:Finish loading graphs.
INFO:root:Nodes train: 242, test: 242
INFO:root:Simplicies train: 6352, test: 6352
INFO:root:Channel awgn at 6.0 dB: test projection edges 5710 -> 6148
INFO:root:Start computing cliques
INFO:root:Couldn't find cache for max cliques train
INFO:root:Number of maximum cliques:15119
INFO:root:Couldn't find cache for max cliques test
INFO:root:Number of maximum cliques:17036
INFO:root:test nodes 242 hyperedges 6352 avg size 2.420654911838791 std 0.5512194626711862 avg degree 63.53719008264463 max cliques 17036
INFO:root:Breakdown of test hyperedges (max+small) 8 + 6344
INFO:root:Intersection 3 out of 1255 17036
INFO:root:support cliques train:934 - test: 1255
INFO:root:Optimizing clique sampler .. 
INFO:root:Found cache for rho.
INFO:root:[(2, 2), (3, 2), (4, 2), (5, 2), (16, 2), (3, 3), (4, 3), (16, 3), (13, 2), (5, 3), (13, 3), (12, 2), (6, 3), (6, 2), (8, 3), (9, 2)]
INFO:root:Optimize Clique Sampler: #hyperedges collected:5807, recall: 0.9142002518891688, efficiency:0.016591428571428573
INFO:root:Clique analysis done.
INFO:root:train: 41928 unique candidates out of 349993 sampled candidates
Note: to be able to use all crisp methods, you need to install some additional packages:  {'leidenalg', 'graph_tool', 'infomap', 'wurlitzer', 'bayanpy'}
Note: to be able to use all crisp methods, you need to install some additional packages:  {'hidef', 'ASLPAw', 'pyclustering', 'torch'}
Note: to be able to use all crisp methods, you need to install some additional packages:  {'leidenalg', 'infomap', 'scikit-network', 'wurlitzer'}
Sanity check failed, reindexing the hypergraphs ...
Sanity check failed, reindexing the hypergraphs ...
number of nodes in construct graph 242
number of nodes in construct graph 242
(0, 0), (6, 6), (522, 339), (5376, 1830), (23846, 3047), (26366, 3136), (26538, 3142), (29774, 3220), (41534, 3476), (51596, 3684), (70066, 4019), (106960, 4456), (126364, 4625), (183864, 5122), (226989, 5355), (346213, 5802), 
(0, 0), (9, 0), (1401, 495), (12711, 2502), (49641, 3283), (49641, 3283), (50105, 3291), (57645, 3398), (57645, 3398), (59907, 3428), (96837, 3943), (105131, 4097), (111665, 4119), (189325, 4618), (247570, 4751), (374858, 5142), 

0it [00:00, ?it/s]
13373it [00:00, 133713.23it/s]
38099it [00:00, 200493.40it/s]
56869it [00:00, 210881.80it/s]
INFO:root:test: 42415 unique candidates out of 377270 sampled candidates

0it [00:00, ?it/s]
15891it [00:00, 158898.41it/s]
41868it [00:00, 218222.88it/s]
58978it [00:00, 223966.90it/s]
INFO:root:test max cliques 17036, nested cliques 41942
INFO:root:test real max cliques in search universe: 8
INFO:root:test real smaller cliques in search universe: 5149 5149
INFO:root:Our Performance: precision 0.5714, recall 0.5477, f1 0.5593 jaccard 0.3882
INFO:root:Baseline: Bayesian-MDL skipped (disabled for this runtime).
INFO:root:Baseline: Max Clique precision 0.0005, recall 0.0013, f1 0.0007, jaccard 0.0003 
INFO:root:Baseline: ECC precision 0.0717, recall 0.0128, f1 0.0217, jaccard 0.0109 
INFO:root:Baseline: Demon precision 0.0000, recall 0.0000, f1 0.0000, jaccard 0.0000 
INFO:root:Baseline: CFinder skipped (disabled for channel-SNR benchmark).
(41750, 9) (41750,) 5823
