2026-09-07 19:38:31,352 - root - INFO - Create log file at log/enron/enron-1000-cou-1788781111.3525167.log
2026-09-07 19:38:31,352 - root - INFO - Command line executed: python main.py --dataset enron --beta 1000 --features count --channel awgn --snr_db 0
2026-09-07 19:38:31,352 - root - INFO - Full args parsed:
2026-09-07 19:38:31,352 - root - INFO - Namespace(dataset='enron', beta=1000, features='count', model='mlp', epochs=2000, lr=0.0001, setting='f', label_rate=0.1, ablation=0, seed=123, use_c=1, jobs=1, save_features=0, data_dir='./data/', log_dir='log', downsample=0, max_child_size=1, ext=0, channel='awgn', snr_db=0.0, channel_seed=123, max_background_pairs=10000)
2026-09-07 19:38:31,361 - root - INFO - Finish loading graphs.
2026-09-07 19:38:31,361 - root - INFO - Nodes train: 141, test: 142
2026-09-07 19:38:31,361 - root - INFO - Simplicies train: 756, test: 756
2026-09-07 19:38:31,475 - root - INFO - Channel awgn at 0.0 dB: test projection edges 1388 -> 2952
2026-09-07 19:38:31,475 - root - INFO - Start computing cliques
2026-09-07 19:38:31,475 - root - INFO - Couldn't find cache for max cliques train
2026-09-07 19:38:31,479 - root - INFO - Number of maximum cliques:319
2026-09-07 19:38:31,485 - root - INFO - Couldn't find cache for max cliques test
2026-09-07 19:38:31,515 - root - INFO - Number of maximum cliques:6100
2026-09-07 19:38:31,576 - root - INFO - test nodes 142 hyperedges 756 avg size 3.0066137566137567 std 1.9568651812499842 avg degree 16.007042253521128 max cliques 6100
2026-09-07 19:38:31,577 - root - INFO - Breakdown of test hyperedges (max+small) 4 + 752
2026-09-07 19:38:31,577 - root - INFO - Intersection 2 out of 695 6100
2026-09-07 19:38:31,577 - root - INFO - support cliques train:155 - test: 695
2026-09-07 19:38:31,577 - root - INFO - Optimizing clique sampler .. 
2026-09-07 19:38:31,577 - root - INFO - Found cache for rho.
2026-09-07 19:38:31,578 - root - INFO - [(2, 2), (16, 16), (3, 2), (15, 1), (15, 2), (4, 2), (4, 4), (13, 13), (10, 10), (3, 3), (5, 2), (12, 12), (11, 11), (8, 8)]
2026-09-07 19:38:31,578 - root - INFO - Optimize Clique Sampler: #hyperedges collected:243, recall: 0.32142857142857145, efficiency:0.243
2026-09-07 19:38:31,598 - root - INFO - Clique analysis done.
2026-09-07 19:38:31,598 - root - INFO - train: 679 unique candidates out of 1000 sampled candidates
2026-09-07 19:38:31,617 - root - INFO - test: 4941 unique candidates out of 33074 sampled candidates
2026-09-07 19:38:31,712 - root - INFO - test max cliques 6100, nested cliques 2940
2026-09-07 19:38:31,712 - root - INFO - test real max cliques in search universe: 4
2026-09-07 19:38:31,712 - root - INFO - test real smaller cliques in search universe: 335 335
2026-09-07 19:38:34,933 - root - INFO - Our Performance: precision 0.0548, recall 0.0661, f1 0.0599 jaccard 0.0309
2026-09-07 19:38:34,933 - root - INFO - Baseline: Bayesian-MDL skipped (disabled for this runtime).
2026-09-07 19:38:34,934 - root - INFO - Baseline: Max Clique precision 0.0007, recall 0.0053, f1 0.0012, jaccard 0.0006 
2026-09-07 19:38:34,959 - root - INFO - Baseline: ECC precision 0.0146, recall 0.0119, f1 0.0131, jaccard 0.0066 
2026-09-07 19:38:35,398 - root - INFO - Baseline: Demon precision 0.0000, recall 0.0000, f1 0.0000, jaccard 0.0000 
2026-09-07 19:39:03,154 - root - INFO - Baseline: CFinder (k=3) precision 0.0000, recall 0.0000, f1 0.0000, jaccard 0.0000 
