2026-09-07 20:02:09,293 - root - INFO - Create log file at log/enron/enron-1000-cou-1788782529.2931185.log
2026-09-07 20:02:09,293 - root - INFO - Command line executed: python main.py --dataset enron --beta 1000 --features count --channel rayleigh --snr_db 10
2026-09-07 20:02:09,293 - root - INFO - Full args parsed:
2026-09-07 20:02:09,293 - root - INFO - Namespace(dataset='enron', beta=1000, features='count', model='mlp', epochs=2000, lr=0.0001, setting='f', label_rate=0.1, ablation=0, seed=123, use_c=1, jobs=1, save_features=0, data_dir='./data/', log_dir='log', downsample=0, max_child_size=1, ext=0, channel='rayleigh', snr_db=10.0, channel_seed=123, max_background_pairs=10000)
2026-09-07 20:02:09,301 - root - INFO - Finish loading graphs.
2026-09-07 20:02:09,301 - root - INFO - Nodes train: 141, test: 142
2026-09-07 20:02:09,301 - root - INFO - Simplicies train: 756, test: 756
2026-09-07 20:02:09,421 - root - INFO - Channel rayleigh at 10.0 dB: test projection edges 1388 -> 1995
2026-09-07 20:02:09,421 - root - INFO - Start computing cliques
2026-09-07 20:02:09,421 - root - INFO - Couldn't find cache for max cliques train
2026-09-07 20:02:09,424 - root - INFO - Number of maximum cliques:319
2026-09-07 20:02:09,430 - root - INFO - Couldn't find cache for max cliques test
2026-09-07 20:02:09,441 - root - INFO - Number of maximum cliques:1855
2026-09-07 20:02:09,463 - root - INFO - test nodes 142 hyperedges 756 avg size 3.0066137566137567 std 1.9568651812499842 avg degree 16.007042253521128 max cliques 1855
2026-09-07 20:02:09,463 - root - INFO - Breakdown of test hyperedges (max+small) 10 + 746
2026-09-07 20:02:09,463 - root - INFO - Intersection 9 out of 522 1855
2026-09-07 20:02:09,463 - root - INFO - support cliques train:155 - test: 522
2026-09-07 20:02:09,463 - root - INFO - Optimizing clique sampler .. 
2026-09-07 20:02:09,464 - root - INFO - Found cache for rho.
2026-09-07 20:02:09,465 - root - INFO - [(2, 2), (16, 16), (3, 2), (15, 1), (15, 2), (4, 2), (4, 4), (13, 13), (10, 10), (3, 3), (5, 2), (12, 12), (11, 11), (8, 8)]
2026-09-07 20:02:09,465 - root - INFO - Optimize Clique Sampler: #hyperedges collected:243, recall: 0.32142857142857145, efficiency:0.243
2026-09-07 20:02:09,471 - root - INFO - Clique analysis done.
2026-09-07 20:02:09,471 - root - INFO - train: 679 unique candidates out of 1000 sampled candidates
2026-09-07 20:02:09,487 - root - INFO - test: 2520 unique candidates out of 6692 sampled candidates
2026-09-07 20:02:09,525 - root - INFO - test max cliques 1855, nested cliques 1719
2026-09-07 20:02:09,525 - root - INFO - test real max cliques in search universe: 10
2026-09-07 20:02:09,525 - root - INFO - test real smaller cliques in search universe: 322 322
2026-09-07 20:02:12,704 - root - INFO - Our Performance: precision 0.1438, recall 0.1204, f1 0.1310 jaccard 0.0701
2026-09-07 20:02:12,705 - root - INFO - Baseline: Bayesian-MDL skipped (disabled for this runtime).
2026-09-07 20:02:12,705 - root - INFO - Baseline: Max Clique precision 0.0054, recall 0.0132, f1 0.0077, jaccard 0.0038 
2026-09-07 20:02:12,717 - root - INFO - Baseline: ECC precision 0.0452, recall 0.0304, f1 0.0364, jaccard 0.0185 
2026-09-07 20:02:12,966 - root - INFO - Baseline: Demon precision 0.0151, recall 0.0040, f1 0.0063, jaccard 0.0032 
2026-09-07 20:02:16,406 - root - INFO - Baseline: CFinder (k=3) precision 0.0000, recall 0.0000, f1 0.0000, jaccard 0.0000 
