2026-09-07 20:02:25,693 - root - INFO - Create log file at log/enron/enron-1000-cou-1788782545.6931038.log
2026-09-07 20:02:25,693 - root - INFO - Command line executed: python main.py --dataset enron --beta 1000 --features count --channel rayleigh --snr_db 18
2026-09-07 20:02:25,693 - root - INFO - Full args parsed:
2026-09-07 20:02:25,693 - root - INFO - Namespace(dataset='enron', beta=1000, features='count', model='mlp', epochs=2000, lr=0.0001, setting='f', label_rate=0.1, ablation=0, seed=123, use_c=1, jobs=1, save_features=0, data_dir='./data/', log_dir='log', downsample=0, max_child_size=1, ext=0, channel='rayleigh', snr_db=18.0, channel_seed=123, max_background_pairs=10000)
2026-09-07 20:02:25,702 - root - INFO - Finish loading graphs.
2026-09-07 20:02:25,702 - root - INFO - Nodes train: 141, test: 142
2026-09-07 20:02:25,702 - root - INFO - Simplicies train: 756, test: 756
2026-09-07 20:02:25,821 - root - INFO - Channel rayleigh at 18.0 dB: test projection edges 1388 -> 1519
2026-09-07 20:02:25,821 - root - INFO - Start computing cliques
2026-09-07 20:02:25,821 - root - INFO - Couldn't find cache for max cliques train
2026-09-07 20:02:25,825 - root - INFO - Number of maximum cliques:319
2026-09-07 20:02:25,831 - root - INFO - Couldn't find cache for max cliques test
2026-09-07 20:02:25,837 - root - INFO - Number of maximum cliques:662
2026-09-07 20:02:25,849 - root - INFO - test nodes 142 hyperedges 756 avg size 3.0066137566137567 std 1.9568651812499842 avg degree 16.007042253521128 max cliques 662
2026-09-07 20:02:25,849 - root - INFO - Breakdown of test hyperedges (max+small) 28 + 728
2026-09-07 20:02:25,849 - root - INFO - Intersection 27 out of 287 662
2026-09-07 20:02:25,849 - root - INFO - support cliques train:155 - test: 287
2026-09-07 20:02:25,849 - root - INFO - Optimizing clique sampler .. 
2026-09-07 20:02:25,849 - root - INFO - Found cache for rho.
2026-09-07 20:02:25,850 - root - INFO - [(2, 2), (16, 16), (3, 2), (15, 1), (15, 2), (4, 2), (4, 4), (13, 13), (10, 10), (3, 3), (5, 2), (12, 12), (11, 11), (8, 8)]
2026-09-07 20:02:25,850 - root - INFO - Optimize Clique Sampler: #hyperedges collected:243, recall: 0.32142857142857145, efficiency:0.243
2026-09-07 20:02:25,853 - root - INFO - Clique analysis done.
2026-09-07 20:02:25,853 - root - INFO - train: 679 unique candidates out of 1000 sampled candidates
2026-09-07 20:02:25,869 - root - INFO - test: 1131 unique candidates out of 1823 sampled candidates
2026-09-07 20:02:25,890 - root - INFO - test max cliques 662, nested cliques 790
2026-09-07 20:02:25,890 - root - INFO - test real max cliques in search universe: 28
2026-09-07 20:02:25,890 - root - INFO - test real smaller cliques in search universe: 217 217
2026-09-07 20:02:29,049 - root - INFO - Our Performance: precision 0.3012, recall 0.1283, f1 0.1800 jaccard 0.0989
2026-09-07 20:02:29,050 - root - INFO - Baseline: Bayesian-MDL skipped (disabled for this runtime).
2026-09-07 20:02:29,050 - root - INFO - Baseline: Max Clique precision 0.0423, recall 0.0370, f1 0.0395, jaccard 0.0201 
2026-09-07 20:02:29,060 - root - INFO - Baseline: ECC precision 0.1735, recall 0.0675, f1 0.0971, jaccard 0.0511 
2026-09-07 20:02:29,262 - root - INFO - Baseline: Demon precision 0.0833, recall 0.0198, f1 0.0321, jaccard 0.0163 
2026-09-07 20:02:29,965 - root - INFO - Baseline: CFinder (k=3) precision 0.0000, recall 0.0000, f1 0.0000, jaccard 0.0000 
