2026-09-07 19:38:41,835 - root - INFO - Create log file at log/enron/enron-1000-cou-1788781121.8348029.log
2026-09-07 19:38:41,835 - root - INFO - Command line executed: python main.py --dataset enron --beta 1000 --features count --channel awgn --snr_db 16
2026-09-07 19:38:41,835 - root - INFO - Full args parsed:
2026-09-07 19:38:41,835 - root - INFO - Namespace(dataset='enron', beta=1000, features='count', model='mlp', epochs=2000, lr=0.0001, setting='f', label_rate=0.1, ablation=0, seed=123, use_c=1, jobs=1, save_features=0, data_dir='./data/', log_dir='log', downsample=0, max_child_size=1, ext=0, channel='awgn', snr_db=16.0, channel_seed=123, max_background_pairs=10000)
2026-09-07 19:38:41,843 - root - INFO - Finish loading graphs.
2026-09-07 19:38:41,843 - root - INFO - Nodes train: 141, test: 142
2026-09-07 19:38:41,843 - root - INFO - Simplicies train: 756, test: 756
2026-09-07 19:38:41,953 - root - INFO - Channel awgn at 16.0 dB: test projection edges 1388 -> 1396
2026-09-07 19:38:41,954 - root - INFO - Start computing cliques
2026-09-07 19:38:41,954 - root - INFO - Couldn't find cache for max cliques train
2026-09-07 19:38:41,957 - root - INFO - Number of maximum cliques:319
2026-09-07 19:38:41,963 - root - INFO - Couldn't find cache for max cliques test
2026-09-07 19:38:41,968 - root - INFO - Number of maximum cliques:382
2026-09-07 19:38:41,976 - root - INFO - test nodes 142 hyperedges 756 avg size 3.0066137566137567 std 1.9568651812499842 avg degree 16.007042253521128 max cliques 382
2026-09-07 19:38:41,976 - root - INFO - Breakdown of test hyperedges (max+small) 43 + 713
2026-09-07 19:38:41,976 - root - INFO - Intersection 40 out of 179 382
2026-09-07 19:38:41,976 - root - INFO - support cliques train:155 - test: 179
2026-09-07 19:38:41,976 - root - INFO - Optimizing clique sampler .. 
2026-09-07 19:38:41,977 - root - INFO - Found cache for rho.
2026-09-07 19:38:41,978 - root - INFO - [(2, 2), (16, 16), (3, 2), (15, 1), (15, 2), (4, 2), (4, 4), (13, 13), (10, 10), (3, 3), (5, 2), (12, 12), (11, 11), (8, 8)]
2026-09-07 19:38:41,978 - root - INFO - Optimize Clique Sampler: #hyperedges collected:243, recall: 0.32142857142857145, efficiency:0.243
2026-09-07 19:38:41,979 - root - INFO - Clique analysis done.
2026-09-07 19:38:41,980 - root - INFO - train: 679 unique candidates out of 1000 sampled candidates
2026-09-07 19:38:41,995 - root - INFO - test: 668 unique candidates out of 892 sampled candidates
2026-09-07 19:38:42,011 - root - INFO - test max cliques 382, nested cliques 465
2026-09-07 19:38:42,011 - root - INFO - test real max cliques in search universe: 43
2026-09-07 19:38:42,011 - root - INFO - test real smaller cliques in search universe: 169 169
2026-09-07 19:38:45,200 - root - INFO - Our Performance: precision 0.5126, recall 0.1349, f1 0.2136 jaccard 0.1196
2026-09-07 19:38:45,200 - root - INFO - Baseline: Bayesian-MDL skipped (disabled for this runtime).
2026-09-07 19:38:45,200 - root - INFO - Baseline: Max Clique precision 0.1126, recall 0.0569, f1 0.0756, jaccard 0.0393 
2026-09-07 19:38:45,207 - root - INFO - Baseline: ECC precision 0.3068, recall 0.0714, f1 0.1159, jaccard 0.0615 
2026-09-07 19:38:45,396 - root - INFO - Baseline: Demon precision 0.1639, recall 0.0265, f1 0.0456, jaccard 0.0233 
2026-09-07 19:38:45,711 - root - INFO - Baseline: CFinder (k=3) precision 0.0000, recall 0.0000, f1 0.0000, jaccard 0.0000 
