2026-09-07 20:02:09,275 - root - INFO - Create log file at log/enron/enron-1000-cou-1788782529.2750583.log
2026-09-07 20:02:09,275 - root - INFO - Command line executed: python main.py --dataset enron --beta 1000 --features count --channel rayleigh --snr_db 6
2026-09-07 20:02:09,275 - root - INFO - Full args parsed:
2026-09-07 20:02:09,275 - root - INFO - Namespace(dataset='enron', beta=1000, features='count', model='mlp', epochs=2000, lr=0.0001, setting='f', label_rate=0.1, ablation=0, seed=123, use_c=1, jobs=1, save_features=0, data_dir='./data/', log_dir='log', downsample=0, max_child_size=1, ext=0, channel='rayleigh', snr_db=6.0, channel_seed=123, max_background_pairs=10000)
2026-09-07 20:02:09,283 - root - INFO - Finish loading graphs.
2026-09-07 20:02:09,283 - root - INFO - Nodes train: 141, test: 142
2026-09-07 20:02:09,283 - root - INFO - Simplicies train: 756, test: 756
2026-09-07 20:02:09,403 - root - INFO - Channel rayleigh at 6.0 dB: test projection edges 1388 -> 2420
2026-09-07 20:02:09,403 - root - INFO - Start computing cliques
2026-09-07 20:02:09,403 - root - INFO - Couldn't find cache for max cliques train
2026-09-07 20:02:09,407 - root - INFO - Number of maximum cliques:319
2026-09-07 20:02:09,413 - root - INFO - Couldn't find cache for max cliques test
2026-09-07 20:02:09,428 - root - INFO - Number of maximum cliques:3266
2026-09-07 20:02:09,460 - root - INFO - test nodes 142 hyperedges 756 avg size 3.0066137566137567 std 1.9568651812499842 avg degree 16.007042253521128 max cliques 3266
2026-09-07 20:02:09,460 - root - INFO - Breakdown of test hyperedges (max+small) 5 + 751
2026-09-07 20:02:09,460 - root - INFO - Intersection 2 out of 614 3266
2026-09-07 20:02:09,460 - root - INFO - support cliques train:155 - test: 614
2026-09-07 20:02:09,460 - root - INFO - Optimizing clique sampler .. 
2026-09-07 20:02:09,461 - root - INFO - Found cache for rho.
2026-09-07 20:02:09,462 - root - INFO - [(2, 2), (16, 16), (3, 2), (15, 1), (15, 2), (4, 2), (4, 4), (13, 13), (10, 10), (3, 3), (5, 2), (12, 12), (11, 11), (8, 8)]
2026-09-07 20:02:09,462 - root - INFO - Optimize Clique Sampler: #hyperedges collected:243, recall: 0.32142857142857145, efficiency:0.243
2026-09-07 20:02:09,472 - root - INFO - Clique analysis done.
2026-09-07 20:02:09,473 - root - INFO - train: 679 unique candidates out of 1000 sampled candidates
2026-09-07 20:02:09,490 - root - INFO - test: 3828 unique candidates out of 15779 sampled candidates
2026-09-07 20:02:09,545 - root - INFO - test max cliques 3266, nested cliques 2380
2026-09-07 20:02:09,545 - root - INFO - test real max cliques in search universe: 5
2026-09-07 20:02:09,545 - root - INFO - test real smaller cliques in search universe: 346 346
2026-09-07 20:02:12,784 - root - INFO - Our Performance: precision 0.1023, recall 0.1058, f1 0.1040 jaccard 0.0549
2026-09-07 20:02:12,784 - root - INFO - Baseline: Bayesian-MDL skipped (disabled for this runtime).
2026-09-07 20:02:12,784 - root - INFO - Baseline: Max Clique precision 0.0015, recall 0.0066, f1 0.0025, jaccard 0.0012 
2026-09-07 20:02:12,799 - root - INFO - Baseline: ECC precision 0.0236, recall 0.0185, f1 0.0208, jaccard 0.0105 
2026-09-07 20:02:13,098 - root - INFO - Baseline: Demon precision 0.0000, recall 0.0000, f1 0.0000, jaccard 0.0000 
2026-09-07 20:02:21,294 - root - INFO - Baseline: CFinder (k=3) precision 0.0000, recall 0.0000, f1 0.0000, jaccard 0.0000 
