2026-09-07 20:02:09,292 - root - INFO - Create log file at log/enron/enron-1000-cou-1788782529.2925901.log
2026-09-07 20:02:09,292 - root - INFO - Command line executed: python main.py --dataset enron --beta 1000 --features count --channel rayleigh --snr_db 2
2026-09-07 20:02:09,292 - root - INFO - Full args parsed:
2026-09-07 20:02:09,292 - root - INFO - Namespace(dataset='enron', beta=1000, features='count', model='mlp', epochs=2000, lr=0.0001, setting='f', label_rate=0.1, ablation=0, seed=123, use_c=1, jobs=1, save_features=0, data_dir='./data/', log_dir='log', downsample=0, max_child_size=1, ext=0, channel='rayleigh', snr_db=2.0, channel_seed=123, max_background_pairs=10000)
2026-09-07 20:02:09,301 - root - INFO - Finish loading graphs.
2026-09-07 20:02:09,301 - root - INFO - Nodes train: 141, test: 142
2026-09-07 20:02:09,301 - root - INFO - Simplicies train: 756, test: 756
2026-09-07 20:02:09,422 - root - INFO - Channel rayleigh at 2.0 dB: test projection edges 1388 -> 2922
2026-09-07 20:02:09,422 - root - INFO - Start computing cliques
2026-09-07 20:02:09,422 - root - INFO - Couldn't find cache for max cliques train
2026-09-07 20:02:09,426 - root - INFO - Number of maximum cliques:319
2026-09-07 20:02:09,432 - root - INFO - Couldn't find cache for max cliques test
2026-09-07 20:02:09,459 - root - INFO - Number of maximum cliques:5941
2026-09-07 20:02:09,511 - root - INFO - test nodes 142 hyperedges 756 avg size 3.0066137566137567 std 1.9568651812499842 avg degree 16.007042253521128 max cliques 5941
2026-09-07 20:02:09,512 - root - INFO - Breakdown of test hyperedges (max+small) 1 + 755
2026-09-07 20:02:09,512 - root - INFO - Intersection 0 out of 699 5941
2026-09-07 20:02:09,512 - root - INFO - support cliques train:155 - test: 699
2026-09-07 20:02:09,512 - root - INFO - Optimizing clique sampler .. 
2026-09-07 20:02:09,512 - root - INFO - Found cache for rho.
2026-09-07 20:02:09,513 - root - INFO - [(2, 2), (16, 16), (3, 2), (15, 1), (15, 2), (4, 2), (4, 4), (13, 13), (10, 10), (3, 3), (5, 2), (12, 12), (11, 11), (8, 8)]
2026-09-07 20:02:09,513 - root - INFO - Optimize Clique Sampler: #hyperedges collected:243, recall: 0.32142857142857145, efficiency:0.243
2026-09-07 20:02:09,534 - root - INFO - Clique analysis done.
2026-09-07 20:02:09,534 - root - INFO - train: 679 unique candidates out of 1000 sampled candidates
2026-09-07 20:02:09,553 - root - INFO - test: 5318 unique candidates out of 36374 sampled candidates
2026-09-07 20:02:09,638 - root - INFO - test max cliques 5941, nested cliques 2914
2026-09-07 20:02:09,638 - root - INFO - test real max cliques in search universe: 1
2026-09-07 20:02:09,638 - root - INFO - test real smaller cliques in search universe: 318 318
2026-09-07 20:02:12,950 - root - INFO - Our Performance: precision 0.0592, recall 0.0542, f1 0.0566 jaccard 0.0291
2026-09-07 20:02:12,950 - root - INFO - Baseline: Bayesian-MDL skipped (disabled for this runtime).
2026-09-07 20:02:12,957 - root - INFO - Baseline: Max Clique precision 0.0002, recall 0.0013, f1 0.0003, jaccard 0.0001 
2026-09-07 20:02:13,012 - root - INFO - Baseline: ECC precision 0.0177, recall 0.0146, f1 0.0160, jaccard 0.0081 
2026-09-07 20:02:13,415 - root - INFO - Baseline: Demon precision 0.0000, recall 0.0000, f1 0.0000, jaccard 0.0000 
2026-09-07 20:02:33,714 - root - INFO - Baseline: CFinder (k=3) precision 0.0000, recall 0.0000, f1 0.0000, jaccard 0.0000 
