2026-09-07 19:38:37,782 - root - INFO - Create log file at log/enron/enron-1000-cou-1788781117.7823782.log
2026-09-07 19:38:37,782 - root - INFO - Command line executed: python main.py --dataset enron --beta 1000 --features count --channel awgn --snr_db 12
2026-09-07 19:38:37,782 - root - INFO - Full args parsed:
2026-09-07 19:38:37,782 - root - INFO - Namespace(dataset='enron', beta=1000, features='count', model='mlp', epochs=2000, lr=0.0001, setting='f', label_rate=0.1, ablation=0, seed=123, use_c=1, jobs=1, save_features=0, data_dir='./data/', log_dir='log', downsample=0, max_child_size=1, ext=0, channel='awgn', snr_db=12.0, channel_seed=123, max_background_pairs=10000)
2026-09-07 19:38:37,791 - root - INFO - Finish loading graphs.
2026-09-07 19:38:37,791 - root - INFO - Nodes train: 141, test: 142
2026-09-07 19:38:37,791 - root - INFO - Simplicies train: 756, test: 756
2026-09-07 19:38:37,904 - root - INFO - Channel awgn at 12.0 dB: test projection edges 1388 -> 1555
2026-09-07 19:38:37,904 - root - INFO - Start computing cliques
2026-09-07 19:38:37,904 - root - INFO - Couldn't find cache for max cliques train
2026-09-07 19:38:37,908 - root - INFO - Number of maximum cliques:319
2026-09-07 19:38:37,914 - root - INFO - Couldn't find cache for max cliques test
2026-09-07 19:38:37,919 - root - INFO - Number of maximum cliques:622
2026-09-07 19:38:37,929 - root - INFO - test nodes 142 hyperedges 756 avg size 3.0066137566137567 std 1.9568651812499842 avg degree 16.007042253521128 max cliques 622
2026-09-07 19:38:37,930 - root - INFO - Breakdown of test hyperedges (max+small) 27 + 729
2026-09-07 19:38:37,930 - root - INFO - Intersection 22 out of 287 622
2026-09-07 19:38:37,930 - root - INFO - support cliques train:155 - test: 287
2026-09-07 19:38:37,930 - root - INFO - Optimizing clique sampler .. 
2026-09-07 19:38:37,930 - root - INFO - Found cache for rho.
2026-09-07 19:38:37,931 - root - INFO - [(2, 2), (16, 16), (3, 2), (15, 1), (15, 2), (4, 2), (4, 4), (13, 13), (10, 10), (3, 3), (5, 2), (12, 12), (11, 11), (8, 8)]
2026-09-07 19:38:37,931 - root - INFO - Optimize Clique Sampler: #hyperedges collected:243, recall: 0.32142857142857145, efficiency:0.243
2026-09-07 19:38:37,934 - root - INFO - Clique analysis done.
2026-09-07 19:38:37,934 - root - INFO - train: 679 unique candidates out of 1000 sampled candidates
2026-09-07 19:38:37,949 - root - INFO - test: 1159 unique candidates out of 1716 sampled candidates
2026-09-07 19:38:37,970 - root - INFO - test max cliques 622, nested cliques 836
2026-09-07 19:38:37,970 - root - INFO - test real max cliques in search universe: 27
2026-09-07 19:38:37,970 - root - INFO - test real smaller cliques in search universe: 247 247
2026-09-07 19:38:41,210 - root - INFO - Our Performance: precision 0.3292, recall 0.1389, f1 0.1953 jaccard 0.1082
2026-09-07 19:38:41,211 - root - INFO - Baseline: Bayesian-MDL skipped (disabled for this runtime).
2026-09-07 19:38:41,211 - root - INFO - Baseline: Max Clique precision 0.0434, recall 0.0357, f1 0.0392, jaccard 0.0200 
2026-09-07 19:38:41,220 - root - INFO - Baseline: ECC precision 0.1370, recall 0.0529, f1 0.0763, jaccard 0.0397 
2026-09-07 19:38:41,425 - root - INFO - Baseline: Demon precision 0.0503, recall 0.0119, f1 0.0193, jaccard 0.0097 
2026-09-07 19:38:42,020 - root - INFO - Baseline: CFinder (k=3) precision 0.0000, recall 0.0000, f1 0.0000, jaccard 0.0000 
