2026-09-07 17:16:35,390 - root - INFO - Create log file at log/enron/enron-1000-cou-1788772595.3898084.log
2026-09-07 17:16:35,390 - root - INFO - Command line executed: python main.py --dataset enron --beta 1000 --features count --channel awgn --snr_db 20
2026-09-07 17:16:35,390 - root - INFO - Full args parsed:
2026-09-07 17:16:35,390 - root - INFO - Namespace(dataset='enron', beta=1000, features='count', model='mlp', epochs=2000, lr=0.0001, setting='f', label_rate=0.1, ablation=0, seed=123, use_c=1, jobs=1, save_features=0, data_dir='./data/', log_dir='log', downsample=0, max_child_size=1, ext=0, channel='awgn', snr_db=20.0, channel_seed=123, max_background_pairs=10000)
2026-09-07 17:16:35,398 - root - INFO - Finish loading graphs.
2026-09-07 17:16:35,398 - root - INFO - Nodes train: 141, test: 142
2026-09-07 17:16:35,398 - root - INFO - Simplicies train: 756, test: 756
2026-09-07 17:16:35,508 - root - INFO - Channel awgn at 20.0 dB: test projection edges 1388 -> 1388
2026-09-07 17:16:35,508 - root - INFO - Start computing cliques
2026-09-07 17:16:35,508 - root - INFO - Couldn't find cache for max cliques train
2026-09-07 17:16:35,512 - root - INFO - Number of maximum cliques:319
2026-09-07 17:16:35,518 - root - INFO - Couldn't find cache for max cliques test
2026-09-07 17:16:35,522 - root - INFO - Number of maximum cliques:362
2026-09-07 17:16:35,530 - root - INFO - test nodes 142 hyperedges 756 avg size 3.0066137566137567 std 1.9568651812499842 avg degree 16.007042253521128 max cliques 362
2026-09-07 17:16:35,530 - root - INFO - Breakdown of test hyperedges (max+small) 45 + 711
2026-09-07 17:16:35,530 - root - INFO - Intersection 42 out of 166 362
2026-09-07 17:16:35,530 - root - INFO - support cliques train:155 - test: 166
2026-09-07 17:16:35,530 - root - INFO - Optimizing clique sampler .. 
2026-09-07 17:16:35,530 - root - INFO - Found cache for rho.
2026-09-07 17:16:35,532 - root - INFO - [(2, 2), (16, 16), (3, 2), (15, 1), (15, 2), (4, 2), (4, 4), (13, 13), (10, 10), (3, 3), (5, 2), (12, 12), (11, 11), (8, 8)]
2026-09-07 17:16:35,532 - root - INFO - Optimize Clique Sampler: #hyperedges collected:243, recall: 0.32142857142857145, efficiency:0.243
2026-09-07 17:16:35,533 - root - INFO - Clique analysis done.
2026-09-07 17:16:35,533 - root - INFO - train: 679 unique candidates out of 1000 sampled candidates
2026-09-07 17:16:35,549 - root - INFO - test: 746 unique candidates out of 970 sampled candidates
2026-09-07 17:16:35,565 - root - INFO - test max cliques 362, nested cliques 557
2026-09-07 17:16:35,565 - root - INFO - test real max cliques in search universe: 45
2026-09-07 17:16:35,565 - root - INFO - test real smaller cliques in search universe: 184 184
2026-09-07 17:16:38,773 - root - INFO - Our Performance: precision 0.4850, recall 0.1495, f1 0.2285 jaccard 0.1290
2026-09-07 17:16:38,773 - root - INFO - Baseline: Bayesian-MDL skipped (disabled for this runtime).
2026-09-07 17:16:38,773 - root - INFO - Baseline: Max Clique precision 0.1243, recall 0.0595, f1 0.0805, jaccard 0.0419 
2026-09-07 17:16:38,780 - root - INFO - Baseline: ECC precision 0.3515, recall 0.0767, f1 0.1260, jaccard 0.0672 
2026-09-07 17:16:38,969 - root - INFO - Baseline: Demon precision 0.1754, recall 0.0265, f1 0.0460, jaccard 0.0235 
2026-09-07 17:16:39,256 - root - INFO - Baseline: CFinder (k=3) precision 0.0000, recall 0.0000, f1 0.0000, jaccard 0.0000 
