2026-09-07 19:38:31,338 - root - INFO - Create log file at log/enron/enron-1000-cou-1788781111.3379824.log
2026-09-07 19:38:31,338 - root - INFO - Command line executed: python main.py --dataset enron --beta 1000 --features count --channel awgn --snr_db 4
2026-09-07 19:38:31,338 - root - INFO - Full args parsed:
2026-09-07 19:38:31,338 - root - INFO - Namespace(dataset='enron', beta=1000, features='count', model='mlp', epochs=2000, lr=0.0001, setting='f', label_rate=0.1, ablation=0, seed=123, use_c=1, jobs=1, save_features=0, data_dir='./data/', log_dir='log', downsample=0, max_child_size=1, ext=0, channel='awgn', snr_db=4.0, channel_seed=123, max_background_pairs=10000)
2026-09-07 19:38:31,346 - root - INFO - Finish loading graphs.
2026-09-07 19:38:31,347 - root - INFO - Nodes train: 141, test: 142
2026-09-07 19:38:31,347 - root - INFO - Simplicies train: 756, test: 756
2026-09-07 19:38:31,457 - root - INFO - Channel awgn at 4.0 dB: test projection edges 1388 -> 2347
2026-09-07 19:38:31,458 - root - INFO - Start computing cliques
2026-09-07 19:38:31,458 - root - INFO - Couldn't find cache for max cliques train
2026-09-07 19:38:31,461 - root - INFO - Number of maximum cliques:319
2026-09-07 19:38:31,467 - root - INFO - Couldn't find cache for max cliques test
2026-09-07 19:38:31,483 - root - INFO - Number of maximum cliques:2914
2026-09-07 19:38:31,516 - root - INFO - test nodes 142 hyperedges 756 avg size 3.0066137566137567 std 1.9568651812499842 avg degree 16.007042253521128 max cliques 2914
2026-09-07 19:38:31,516 - root - INFO - Breakdown of test hyperedges (max+small) 11 + 745
2026-09-07 19:38:31,516 - root - INFO - Intersection 6 out of 571 2914
2026-09-07 19:38:31,516 - root - INFO - support cliques train:155 - test: 571
2026-09-07 19:38:31,516 - root - INFO - Optimizing clique sampler .. 
2026-09-07 19:38:31,517 - root - INFO - Found cache for rho.
2026-09-07 19:38:31,518 - root - INFO - [(2, 2), (16, 16), (3, 2), (15, 1), (15, 2), (4, 2), (4, 4), (13, 13), (10, 10), (3, 3), (5, 2), (12, 12), (11, 11), (8, 8)]
2026-09-07 19:38:31,518 - root - INFO - Optimize Clique Sampler: #hyperedges collected:243, recall: 0.32142857142857145, efficiency:0.243
2026-09-07 19:38:31,526 - root - INFO - Clique analysis done.
2026-09-07 19:38:31,526 - root - INFO - train: 679 unique candidates out of 1000 sampled candidates
2026-09-07 19:38:31,543 - root - INFO - test: 3351 unique candidates out of 11866 sampled candidates
2026-09-07 19:38:31,597 - root - INFO - test max cliques 2914, nested cliques 2226
2026-09-07 19:38:31,597 - root - INFO - test real max cliques in search universe: 11
2026-09-07 19:38:31,597 - root - INFO - test real smaller cliques in search universe: 347 347
2026-09-07 19:38:34,854 - root - INFO - Our Performance: precision 0.1243, recall 0.1190, f1 0.1216 jaccard 0.0647
2026-09-07 19:38:34,854 - root - INFO - Baseline: Bayesian-MDL skipped (disabled for this runtime).
2026-09-07 19:38:34,854 - root - INFO - Baseline: Max Clique precision 0.0038, recall 0.0146, f1 0.0060, jaccard 0.0030 
2026-09-07 19:38:34,870 - root - INFO - Baseline: ECC precision 0.0342, recall 0.0251, f1 0.0290, jaccard 0.0147 
2026-09-07 19:38:35,170 - root - INFO - Baseline: Demon precision 0.0062, recall 0.0013, f1 0.0022, jaccard 0.0011 
2026-09-07 19:38:43,781 - root - INFO - Baseline: CFinder (k=3) precision 0.0000, recall 0.0000, f1 0.0000, jaccard 0.0000 
