2026-09-07 20:02:09,276 - root - INFO - Create log file at log/enron/enron-1000-cou-1788782529.2761834.log
2026-09-07 20:02:09,276 - root - INFO - Command line executed: python main.py --dataset enron --beta 1000 --features count --channel rayleigh --snr_db 8
2026-09-07 20:02:09,276 - root - INFO - Full args parsed:
2026-09-07 20:02:09,276 - root - INFO - Namespace(dataset='enron', beta=1000, features='count', model='mlp', epochs=2000, lr=0.0001, setting='f', label_rate=0.1, ablation=0, seed=123, use_c=1, jobs=1, save_features=0, data_dir='./data/', log_dir='log', downsample=0, max_child_size=1, ext=0, channel='rayleigh', snr_db=8.0, channel_seed=123, max_background_pairs=10000)
2026-09-07 20:02:09,285 - root - INFO - Finish loading graphs.
2026-09-07 20:02:09,285 - root - INFO - Nodes train: 141, test: 142
2026-09-07 20:02:09,285 - root - INFO - Simplicies train: 756, test: 756
2026-09-07 20:02:09,405 - root - INFO - Channel rayleigh at 8.0 dB: test projection edges 1388 -> 2194
2026-09-07 20:02:09,405 - root - INFO - Start computing cliques
2026-09-07 20:02:09,405 - root - INFO - Couldn't find cache for max cliques train
2026-09-07 20:02:09,409 - root - INFO - Number of maximum cliques:319
2026-09-07 20:02:09,415 - root - INFO - Couldn't find cache for max cliques test
2026-09-07 20:02:09,427 - root - INFO - Number of maximum cliques:2415
2026-09-07 20:02:09,453 - root - INFO - test nodes 142 hyperedges 756 avg size 3.0066137566137567 std 1.9568651812499842 avg degree 16.007042253521128 max cliques 2415
2026-09-07 20:02:09,453 - root - INFO - Breakdown of test hyperedges (max+small) 8 + 748
2026-09-07 20:02:09,453 - root - INFO - Intersection 5 out of 559 2415
2026-09-07 20:02:09,453 - root - INFO - support cliques train:155 - test: 559
2026-09-07 20:02:09,453 - root - INFO - Optimizing clique sampler .. 
2026-09-07 20:02:09,454 - root - INFO - Found cache for rho.
2026-09-07 20:02:09,455 - root - INFO - [(2, 2), (16, 16), (3, 2), (15, 1), (15, 2), (4, 2), (4, 4), (13, 13), (10, 10), (3, 3), (5, 2), (12, 12), (11, 11), (8, 8)]
2026-09-07 20:02:09,455 - root - INFO - Optimize Clique Sampler: #hyperedges collected:243, recall: 0.32142857142857145, efficiency:0.243
2026-09-07 20:02:09,462 - root - INFO - Clique analysis done.
2026-09-07 20:02:09,463 - root - INFO - train: 679 unique candidates out of 1000 sampled candidates
2026-09-07 20:02:09,479 - root - INFO - test: 3130 unique candidates out of 10116 sampled candidates
2026-09-07 20:02:09,525 - root - INFO - test max cliques 2415, nested cliques 2063
2026-09-07 20:02:09,525 - root - INFO - test real max cliques in search universe: 8
2026-09-07 20:02:09,525 - root - INFO - test real smaller cliques in search universe: 338 338
2026-09-07 20:02:12,693 - root - INFO - Our Performance: precision 0.1277, recall 0.1177, f1 0.1225 jaccard 0.0652
2026-09-07 20:02:12,694 - root - INFO - Baseline: Bayesian-MDL skipped (disabled for this runtime).
2026-09-07 20:02:12,694 - root - INFO - Baseline: Max Clique precision 0.0033, recall 0.0106, f1 0.0050, jaccard 0.0025 
2026-09-07 20:02:12,707 - root - INFO - Baseline: ECC precision 0.0217, recall 0.0159, f1 0.0183, jaccard 0.0093 
2026-09-07 20:02:12,978 - root - INFO - Baseline: Demon precision 0.0000, recall 0.0000, f1 0.0000, jaccard 0.0000 
2026-09-07 20:02:18,004 - root - INFO - Baseline: CFinder (k=3) precision 0.0000, recall 0.0000, f1 0.0000, jaccard 0.0000 
