2026-09-07 20:02:19,812 - root - INFO - Create log file at log/enron/enron-1000-cou-1788782539.811857.log
2026-09-07 20:02:19,812 - root - INFO - Command line executed: python main.py --dataset enron --beta 1000 --features count --channel rayleigh --snr_db 14
2026-09-07 20:02:19,812 - root - INFO - Full args parsed:
2026-09-07 20:02:19,812 - root - INFO - Namespace(dataset='enron', beta=1000, features='count', model='mlp', epochs=2000, lr=0.0001, setting='f', label_rate=0.1, ablation=0, seed=123, use_c=1, jobs=1, save_features=0, data_dir='./data/', log_dir='log', downsample=0, max_child_size=1, ext=0, channel='rayleigh', snr_db=14.0, channel_seed=123, max_background_pairs=10000)
2026-09-07 20:02:19,820 - root - INFO - Finish loading graphs.
2026-09-07 20:02:19,820 - root - INFO - Nodes train: 141, test: 142
2026-09-07 20:02:19,820 - root - INFO - Simplicies train: 756, test: 756
2026-09-07 20:02:19,940 - root - INFO - Channel rayleigh at 14.0 dB: test projection edges 1388 -> 1674
2026-09-07 20:02:19,940 - root - INFO - Start computing cliques
2026-09-07 20:02:19,940 - root - INFO - Couldn't find cache for max cliques train
2026-09-07 20:02:19,944 - root - INFO - Number of maximum cliques:319
2026-09-07 20:02:19,950 - root - INFO - Couldn't find cache for max cliques test
2026-09-07 20:02:19,957 - root - INFO - Number of maximum cliques:983
2026-09-07 20:02:19,972 - root - INFO - test nodes 142 hyperedges 756 avg size 3.0066137566137567 std 1.9568651812499842 avg degree 16.007042253521128 max cliques 983
2026-09-07 20:02:19,973 - root - INFO - Breakdown of test hyperedges (max+small) 17 + 739
2026-09-07 20:02:19,973 - root - INFO - Intersection 14 out of 376 983
2026-09-07 20:02:19,973 - root - INFO - support cliques train:155 - test: 376
2026-09-07 20:02:19,973 - root - INFO - Optimizing clique sampler .. 
2026-09-07 20:02:19,973 - root - INFO - Found cache for rho.
2026-09-07 20:02:19,974 - root - INFO - [(2, 2), (16, 16), (3, 2), (15, 1), (15, 2), (4, 2), (4, 4), (13, 13), (10, 10), (3, 3), (5, 2), (12, 12), (11, 11), (8, 8)]
2026-09-07 20:02:19,974 - root - INFO - Optimize Clique Sampler: #hyperedges collected:243, recall: 0.32142857142857145, efficiency:0.243
2026-09-07 20:02:19,977 - root - INFO - Clique analysis done.
2026-09-07 20:02:19,977 - root - INFO - train: 679 unique candidates out of 1000 sampled candidates
2026-09-07 20:02:19,993 - root - INFO - test: 1469 unique candidates out of 2719 sampled candidates
2026-09-07 20:02:20,019 - root - INFO - test max cliques 983, nested cliques 1019
2026-09-07 20:02:20,019 - root - INFO - test real max cliques in search universe: 17
2026-09-07 20:02:20,019 - root - INFO - test real smaller cliques in search universe: 248 248
2026-09-07 20:02:23,222 - root - INFO - Our Performance: precision 0.2091, recall 0.1151, f1 0.1485 jaccard 0.0802
2026-09-07 20:02:23,222 - root - INFO - Baseline: Bayesian-MDL skipped (disabled for this runtime).
2026-09-07 20:02:23,222 - root - INFO - Baseline: Max Clique precision 0.0173, recall 0.0225, f1 0.0196, jaccard 0.0099 
2026-09-07 20:02:23,231 - root - INFO - Baseline: ECC precision 0.0829, recall 0.0410, f1 0.0549, jaccard 0.0282 
2026-09-07 20:02:23,449 - root - INFO - Baseline: Demon precision 0.0300, recall 0.0079, f1 0.0126, jaccard 0.0063 
2026-09-07 20:02:24,838 - root - INFO - Baseline: CFinder (k=3) precision 0.0000, recall 0.0000, f1 0.0000, jaccard 0.0000 
