2026-09-07 19:38:31,366 - root - INFO - Create log file at log/enron/enron-1000-cou-1788781111.3658931.log
2026-09-07 19:38:31,366 - root - INFO - Command line executed: python main.py --dataset enron --beta 1000 --features count --channel awgn --snr_db 6
2026-09-07 19:38:31,366 - root - INFO - Full args parsed:
2026-09-07 19:38:31,366 - root - INFO - Namespace(dataset='enron', beta=1000, features='count', model='mlp', epochs=2000, lr=0.0001, setting='f', label_rate=0.1, ablation=0, seed=123, use_c=1, jobs=1, save_features=0, data_dir='./data/', log_dir='log', downsample=0, max_child_size=1, ext=0, channel='awgn', snr_db=6.0, channel_seed=123, max_background_pairs=10000)
2026-09-07 19:38:31,374 - root - INFO - Finish loading graphs.
2026-09-07 19:38:31,374 - root - INFO - Nodes train: 141, test: 142
2026-09-07 19:38:31,374 - root - INFO - Simplicies train: 756, test: 756
2026-09-07 19:38:31,488 - root - INFO - Channel awgn at 6.0 dB: test projection edges 1388 -> 2103
2026-09-07 19:38:31,488 - root - INFO - Start computing cliques
2026-09-07 19:38:31,488 - root - INFO - Couldn't find cache for max cliques train
2026-09-07 19:38:31,492 - root - INFO - Number of maximum cliques:319
2026-09-07 19:38:31,498 - root - INFO - Couldn't find cache for max cliques test
2026-09-07 19:38:31,510 - root - INFO - Number of maximum cliques:2092
2026-09-07 19:38:31,535 - root - INFO - test nodes 142 hyperedges 756 avg size 3.0066137566137567 std 1.9568651812499842 avg degree 16.007042253521128 max cliques 2092
2026-09-07 19:38:31,535 - root - INFO - Breakdown of test hyperedges (max+small) 13 + 743
2026-09-07 19:38:31,535 - root - INFO - Intersection 10 out of 512 2092
2026-09-07 19:38:31,535 - root - INFO - support cliques train:155 - test: 512
2026-09-07 19:38:31,535 - root - INFO - Optimizing clique sampler .. 
2026-09-07 19:38:31,536 - root - INFO - Found cache for rho.
2026-09-07 19:38:31,537 - root - INFO - [(2, 2), (16, 16), (3, 2), (15, 1), (15, 2), (4, 2), (4, 4), (13, 13), (10, 10), (3, 3), (5, 2), (12, 12), (11, 11), (8, 8)]
2026-09-07 19:38:31,537 - root - INFO - Optimize Clique Sampler: #hyperedges collected:243, recall: 0.32142857142857145, efficiency:0.243
2026-09-07 19:38:31,543 - root - INFO - Clique analysis done.
2026-09-07 19:38:31,544 - root - INFO - train: 679 unique candidates out of 1000 sampled candidates
2026-09-07 19:38:31,560 - root - INFO - test: 2744 unique candidates out of 7725 sampled candidates
2026-09-07 19:38:31,603 - root - INFO - test max cliques 2092, nested cliques 1879
2026-09-07 19:38:31,603 - root - INFO - test real max cliques in search universe: 13
2026-09-07 19:38:31,603 - root - INFO - test real smaller cliques in search universe: 340 340
2026-09-07 19:38:34,748 - root - INFO - Our Performance: precision 0.1536, recall 0.1243, f1 0.1374 jaccard 0.0738
2026-09-07 19:38:34,748 - root - INFO - Baseline: Bayesian-MDL skipped (disabled for this runtime).
2026-09-07 19:38:34,748 - root - INFO - Baseline: Max Clique precision 0.0062, recall 0.0172, f1 0.0091, jaccard 0.0046 
2026-09-07 19:38:34,761 - root - INFO - Baseline: ECC precision 0.0359, recall 0.0238, f1 0.0286, jaccard 0.0145 
2026-09-07 19:38:35,032 - root - INFO - Baseline: Demon precision 0.0117, recall 0.0026, f1 0.0043, jaccard 0.0022 
2026-09-07 19:38:40,012 - root - INFO - Baseline: CFinder (k=3) precision 0.0000, recall 0.0000, f1 0.0000, jaccard 0.0000 
