2026-09-07 20:02:23,078 - root - INFO - Create log file at log/enron/enron-1000-cou-1788782543.0783737.log
2026-09-07 20:02:23,078 - root - INFO - Command line executed: python main.py --dataset enron --beta 1000 --features count --channel rayleigh --snr_db 16
2026-09-07 20:02:23,078 - root - INFO - Full args parsed:
2026-09-07 20:02:23,078 - root - INFO - Namespace(dataset='enron', beta=1000, features='count', model='mlp', epochs=2000, lr=0.0001, setting='f', label_rate=0.1, ablation=0, seed=123, use_c=1, jobs=1, save_features=0, data_dir='./data/', log_dir='log', downsample=0, max_child_size=1, ext=0, channel='rayleigh', snr_db=16.0, channel_seed=123, max_background_pairs=10000)
2026-09-07 20:02:23,087 - root - INFO - Finish loading graphs.
2026-09-07 20:02:23,087 - root - INFO - Nodes train: 141, test: 142
2026-09-07 20:02:23,087 - root - INFO - Simplicies train: 756, test: 756
2026-09-07 20:02:23,207 - root - INFO - Channel rayleigh at 16.0 dB: test projection edges 1388 -> 1581
2026-09-07 20:02:23,207 - root - INFO - Start computing cliques
2026-09-07 20:02:23,207 - root - INFO - Couldn't find cache for max cliques train
2026-09-07 20:02:23,211 - root - INFO - Number of maximum cliques:319
2026-09-07 20:02:23,217 - root - INFO - Couldn't find cache for max cliques test
2026-09-07 20:02:23,223 - root - INFO - Number of maximum cliques:794
2026-09-07 20:02:23,237 - root - INFO - test nodes 142 hyperedges 756 avg size 3.0066137566137567 std 1.9568651812499842 avg degree 16.007042253521128 max cliques 794
2026-09-07 20:02:23,237 - root - INFO - Breakdown of test hyperedges (max+small) 23 + 733
2026-09-07 20:02:23,237 - root - INFO - Intersection 19 out of 338 794
2026-09-07 20:02:23,237 - root - INFO - support cliques train:155 - test: 338
2026-09-07 20:02:23,237 - root - INFO - Optimizing clique sampler .. 
2026-09-07 20:02:23,237 - root - INFO - Found cache for rho.
2026-09-07 20:02:23,238 - root - INFO - [(2, 2), (16, 16), (3, 2), (15, 1), (15, 2), (4, 2), (4, 4), (13, 13), (10, 10), (3, 3), (5, 2), (12, 12), (11, 11), (8, 8)]
2026-09-07 20:02:23,239 - root - INFO - Optimize Clique Sampler: #hyperedges collected:243, recall: 0.32142857142857145, efficiency:0.243
2026-09-07 20:02:23,241 - root - INFO - Clique analysis done.
2026-09-07 20:02:23,241 - root - INFO - train: 679 unique candidates out of 1000 sampled candidates
2026-09-07 20:02:23,257 - root - INFO - test: 1285 unique candidates out of 2190 sampled candidates
2026-09-07 20:02:23,280 - root - INFO - test max cliques 794, nested cliques 894
2026-09-07 20:02:23,280 - root - INFO - test real max cliques in search universe: 23
2026-09-07 20:02:23,280 - root - INFO - test real smaller cliques in search universe: 227 227
2026-09-07 20:02:26,495 - root - INFO - Our Performance: precision 0.2402, recall 0.1138, f1 0.1544 jaccard 0.0837
2026-09-07 20:02:26,495 - root - INFO - Baseline: Bayesian-MDL skipped (disabled for this runtime).
2026-09-07 20:02:26,495 - root - INFO - Baseline: Max Clique precision 0.0290, recall 0.0304, f1 0.0297, jaccard 0.0151 
2026-09-07 20:02:26,506 - root - INFO - Baseline: ECC precision 0.1144, recall 0.0516, f1 0.0711, jaccard 0.0369 
2026-09-07 20:02:26,713 - root - INFO - Baseline: Demon precision 0.0667, recall 0.0172, f1 0.0273, jaccard 0.0139 
2026-09-07 20:02:27,632 - root - INFO - Baseline: CFinder (k=3) precision 0.0000, recall 0.0000, f1 0.0000, jaccard 0.0000 
