2026-09-07 20:02:26,683 - root - INFO - Create log file at log/enron/enron-1000-cou-1788782546.6831017.log
2026-09-07 20:02:26,683 - root - INFO - Command line executed: python main.py --dataset enron --beta 1000 --features count --channel rayleigh --snr_db 20
2026-09-07 20:02:26,683 - root - INFO - Full args parsed:
2026-09-07 20:02:26,683 - root - INFO - Namespace(dataset='enron', beta=1000, features='count', model='mlp', epochs=2000, lr=0.0001, setting='f', label_rate=0.1, ablation=0, seed=123, use_c=1, jobs=1, save_features=0, data_dir='./data/', log_dir='log', downsample=0, max_child_size=1, ext=0, channel='rayleigh', snr_db=20.0, channel_seed=123, max_background_pairs=10000)
2026-09-07 20:02:26,692 - root - INFO - Finish loading graphs.
2026-09-07 20:02:26,692 - root - INFO - Nodes train: 141, test: 142
2026-09-07 20:02:26,692 - root - INFO - Simplicies train: 756, test: 756
2026-09-07 20:02:26,812 - root - INFO - Channel rayleigh at 20.0 dB: test projection edges 1388 -> 1485
2026-09-07 20:02:26,812 - root - INFO - Start computing cliques
2026-09-07 20:02:26,812 - root - INFO - Couldn't find cache for max cliques train
2026-09-07 20:02:26,816 - root - INFO - Number of maximum cliques:319
2026-09-07 20:02:26,822 - root - INFO - Couldn't find cache for max cliques test
2026-09-07 20:02:26,827 - root - INFO - Number of maximum cliques:573
2026-09-07 20:02:26,838 - root - INFO - test nodes 142 hyperedges 756 avg size 3.0066137566137567 std 1.9568651812499842 avg degree 16.007042253521128 max cliques 573
2026-09-07 20:02:26,838 - root - INFO - Breakdown of test hyperedges (max+small) 30 + 726
2026-09-07 20:02:26,838 - root - INFO - Intersection 29 out of 255 573
2026-09-07 20:02:26,838 - root - INFO - support cliques train:155 - test: 255
2026-09-07 20:02:26,838 - root - INFO - Optimizing clique sampler .. 
2026-09-07 20:02:26,839 - root - INFO - Found cache for rho.
2026-09-07 20:02:26,840 - root - INFO - [(2, 2), (16, 16), (3, 2), (15, 1), (15, 2), (4, 2), (4, 4), (13, 13), (10, 10), (3, 3), (5, 2), (12, 12), (11, 11), (8, 8)]
2026-09-07 20:02:26,840 - root - INFO - Optimize Clique Sampler: #hyperedges collected:243, recall: 0.32142857142857145, efficiency:0.243
2026-09-07 20:02:26,842 - root - INFO - Clique analysis done.
2026-09-07 20:02:26,842 - root - INFO - train: 679 unique candidates out of 1000 sampled candidates
2026-09-07 20:02:26,858 - root - INFO - test: 979 unique candidates out of 1534 sampled candidates
2026-09-07 20:02:26,877 - root - INFO - test max cliques 573, nested cliques 699
2026-09-07 20:02:26,877 - root - INFO - test real max cliques in search universe: 30
2026-09-07 20:02:26,877 - root - INFO - test real smaller cliques in search universe: 199 199
2026-09-07 20:02:30,011 - root - INFO - Our Performance: precision 0.3230, recall 0.1243, f1 0.1796 jaccard 0.0986
2026-09-07 20:02:30,011 - root - INFO - Baseline: Bayesian-MDL skipped (disabled for this runtime).
2026-09-07 20:02:30,011 - root - INFO - Baseline: Max Clique precision 0.0524, recall 0.0397, f1 0.0451, jaccard 0.0231 
2026-09-07 20:02:30,020 - root - INFO - Baseline: ECC precision 0.2023, recall 0.0701, f1 0.1041, jaccard 0.0549 
2026-09-07 20:02:30,219 - root - INFO - Baseline: Demon precision 0.0898, recall 0.0198, f1 0.0325, jaccard 0.0165 
2026-09-07 20:02:30,761 - root - INFO - Baseline: CFinder (k=3) precision 0.0000, recall 0.0000, f1 0.0000, jaccard 0.0000 
