2026-09-08 19:16:00,712 - root - INFO - Create log file at log/school2/school2-60000-cou-1788866160.7119095.log
2026-09-08 19:16:00,712 - root - INFO - Command line executed: python main.py --dataset school2 --beta 60000 --features count --channel rayleigh --snr_db 4
2026-09-08 19:16:00,712 - root - INFO - Full args parsed:
2026-09-08 19:16:00,712 - root - INFO - Namespace(dataset='school2', beta=60000, features='count', model='mlp', epochs=2000, lr=0.0001, setting='f', label_rate=0.1, ablation=0, seed=123, use_c=1, jobs=1, save_features=0, data_dir='./data/', log_dir='log', downsample=0, max_child_size=1, ext=0, channel='rayleigh', snr_db=4.0, channel_seed=123, max_background_pairs=10000)
2026-09-08 19:16:00,736 - root - INFO - Finish loading graphs.
2026-09-08 19:16:00,736 - root - INFO - Nodes train: 327, test: 327
2026-09-08 19:16:00,736 - root - INFO - Simplicies train: 3909, test: 3909
2026-09-08 19:16:00,910 - root - INFO - Channel rayleigh at 4.0 dB: test projection edges 3806 -> 4921
2026-09-08 19:16:00,910 - root - INFO - Start computing cliques
2026-09-08 19:16:00,910 - root - INFO - Couldn't find cache for max cliques train
2026-09-08 19:16:00,932 - root - INFO - Number of maximum cliques:3513
2026-09-08 19:16:00,976 - root - INFO - Couldn't find cache for max cliques test
2026-09-08 19:16:00,997 - root - INFO - Number of maximum cliques:4293
2026-09-08 19:16:01,026 - root - INFO - test nodes 327 hyperedges 3909 avg size 2.3210539779994885 std 0.5232084288484576 avg degree 27.74617737003058 max cliques 4293
2026-09-08 19:16:01,026 - root - INFO - Breakdown of test hyperedges (max+small) 65 + 3844
2026-09-08 19:16:01,026 - root - INFO - Intersection 45 out of 1845 4293
2026-09-08 19:16:01,026 - root - INFO - support cliques train:970 - test: 1845
2026-09-08 19:16:01,026 - root - INFO - Optimizing clique sampler .. 
2026-09-08 19:16:01,031 - root - INFO - Found cache for rho.
2026-09-08 19:16:01,036 - root - INFO - [(2, 2), (3, 2), (4, 2), (11, 2), (5, 2), (4, 3), (3, 3), (11, 3), (5, 3), (9, 2), (6, 3), (4, 4), (6, 2), (9, 3)]
2026-09-08 19:16:01,036 - root - INFO - Optimize Clique Sampler: #hyperedges collected:3568, recall: 0.9127654131491431, efficiency:0.05946666666666667
2026-09-08 19:16:01,096 - root - INFO - Clique analysis done.
2026-09-08 19:16:01,104 - root - INFO - train: 14680 unique candidates out of 59994 sampled candidates
2026-09-08 19:16:01,251 - root - INFO - test: 15196 unique candidates out of 44757 sampled candidates
2026-09-08 19:16:01,379 - root - INFO - test max cliques 4293, nested cliques 12019
2026-09-08 19:16:01,379 - root - INFO - test real max cliques in search universe: 65
2026-09-08 19:16:01,380 - root - INFO - test real smaller cliques in search universe: 2695 2695
2026-09-08 19:16:03,912 - root - INFO - Our Performance: precision 0.4564, recall 0.5730, f1 0.5081 jaccard 0.3406
2026-09-08 19:16:03,912 - root - INFO - Baseline: Bayesian-MDL skipped (disabled for this runtime).
2026-09-08 19:16:03,912 - root - INFO - Baseline: Max Clique precision 0.0151, recall 0.0166, f1 0.0158, jaccard 0.0080 
2026-09-08 19:16:03,942 - root - INFO - Baseline: ECC precision 0.0883, recall 0.0409, f1 0.0559, jaccard 0.0288 
2026-09-08 19:16:04,660 - root - INFO - Baseline: Demon precision 0.0425, recall 0.0074, f1 0.0126, jaccard 0.0064 
2026-09-08 19:16:04,660 - root - INFO - Baseline: CFinder skipped (disabled for channel-SNR benchmark).
