2026-09-08 19:13:16,912 - root - INFO - Create log file at log/school2/school2-60000-cou-1788865996.9119446.log
2026-09-08 19:13:16,912 - root - INFO - Command line executed: python main.py --dataset school2 --beta 60000 --features count --channel awgn --snr_db 8
2026-09-08 19:13:16,912 - root - INFO - Full args parsed:
2026-09-08 19:13:16,912 - root - INFO - Namespace(dataset='school2', beta=60000, features='count', model='mlp', epochs=2000, lr=0.0001, setting='f', label_rate=0.1, ablation=0, seed=123, use_c=1, jobs=1, save_features=0, data_dir='./data/', log_dir='log', downsample=0, max_child_size=1, ext=0, channel='awgn', snr_db=8.0, channel_seed=123, max_background_pairs=10000)
2026-09-08 19:13:16,936 - root - INFO - Finish loading graphs.
2026-09-08 19:13:16,936 - root - INFO - Nodes train: 327, test: 327
2026-09-08 19:13:16,936 - root - INFO - Simplicies train: 3909, test: 3909
2026-09-08 19:13:17,097 - root - INFO - Channel awgn at 8.0 dB: test projection edges 3806 -> 4204
2026-09-08 19:13:17,097 - root - INFO - Start computing cliques
2026-09-08 19:13:17,098 - root - INFO - Couldn't find cache for max cliques train
2026-09-08 19:13:17,120 - root - INFO - Number of maximum cliques:3513
2026-09-08 19:13:17,163 - root - INFO - Couldn't find cache for max cliques test
2026-09-08 19:13:17,184 - root - INFO - Number of maximum cliques:3694
2026-09-08 19:13:17,219 - root - INFO - test nodes 327 hyperedges 3909 avg size 2.3210539779994885 std 0.5232084288484576 avg degree 27.74617737003058 max cliques 3694
2026-09-08 19:13:17,220 - root - INFO - Breakdown of test hyperedges (max+small) 115 + 3794
2026-09-08 19:13:17,220 - root - INFO - Intersection 104 out of 1353 3694
2026-09-08 19:13:17,220 - root - INFO - support cliques train:970 - test: 1353
2026-09-08 19:13:17,220 - root - INFO - Optimizing clique sampler .. 
2026-09-08 19:13:17,225 - root - INFO - Found cache for rho.
2026-09-08 19:13:17,229 - root - INFO - [(2, 2), (3, 2), (4, 2), (11, 2), (5, 2), (4, 3), (3, 3), (11, 3), (5, 3), (9, 2), (6, 3), (4, 4), (6, 2), (9, 3)]
2026-09-08 19:13:17,229 - root - INFO - Optimize Clique Sampler: #hyperedges collected:3568, recall: 0.9127654131491431, efficiency:0.05946666666666667
2026-09-08 19:13:17,290 - root - INFO - Clique analysis done.
2026-09-08 19:13:17,298 - root - INFO - train: 14680 unique candidates out of 59994 sampled candidates
2026-09-08 19:13:17,443 - root - INFO - test: 14556 unique candidates out of 56427 sampled candidates
2026-09-08 19:13:17,575 - root - INFO - test max cliques 3694, nested cliques 12962
2026-09-08 19:13:17,575 - root - INFO - test real max cliques in search universe: 115
2026-09-08 19:13:17,576 - root - INFO - test real smaller cliques in search universe: 3242 3242
2026-09-08 19:13:20,128 - root - INFO - Our Performance: precision 0.6109, recall 0.6498, f1 0.6297 jaccard 0.4596
2026-09-08 19:13:20,128 - root - INFO - Baseline: Bayesian-MDL skipped (disabled for this runtime).
2026-09-08 19:13:20,128 - root - INFO - Baseline: Max Clique precision 0.0311, recall 0.0294, f1 0.0303, jaccard 0.0154 
2026-09-08 19:13:20,154 - root - INFO - Baseline: ECC precision 0.1956, recall 0.0678, f1 0.1007, jaccard 0.0530 
2026-09-08 19:13:20,781 - root - INFO - Baseline: Demon precision 0.1183, recall 0.0192, f1 0.0330, jaccard 0.0168 
2026-09-08 19:13:20,781 - root - INFO - Baseline: CFinder skipped (disabled for channel-SNR benchmark).
