2026-09-08 19:13:06,131 - root - INFO - Create log file at log/school2/school2-60000-cou-1788865986.131435.log
2026-09-08 19:13:06,131 - root - INFO - Command line executed: python main.py --dataset school2 --beta 60000 --features count --channel awgn --snr_db 2
2026-09-08 19:13:06,131 - root - INFO - Full args parsed:
2026-09-08 19:13:06,131 - root - INFO - Namespace(dataset='school2', beta=60000, features='count', model='mlp', epochs=2000, lr=0.0001, setting='f', label_rate=0.1, ablation=0, seed=123, use_c=1, jobs=1, save_features=0, data_dir='./data/', log_dir='log', downsample=0, max_child_size=1, ext=0, channel='awgn', snr_db=2.0, channel_seed=123, max_background_pairs=10000)
2026-09-08 19:13:06,156 - root - INFO - Finish loading graphs.
2026-09-08 19:13:06,156 - root - INFO - Nodes train: 327, test: 327
2026-09-08 19:13:06,156 - root - INFO - Simplicies train: 3909, test: 3909
2026-09-08 19:13:06,320 - root - INFO - Channel awgn at 2.0 dB: test projection edges 3806 -> 4823
2026-09-08 19:13:06,320 - root - INFO - Start computing cliques
2026-09-08 19:13:06,320 - root - INFO - Couldn't find cache for max cliques train
2026-09-08 19:13:06,342 - root - INFO - Number of maximum cliques:3513
2026-09-08 19:13:06,389 - root - INFO - Couldn't find cache for max cliques test
2026-09-08 19:13:06,410 - root - INFO - Number of maximum cliques:4238
2026-09-08 19:13:06,442 - root - INFO - test nodes 327 hyperedges 3909 avg size 2.3210539779994885 std 0.5232084288484576 avg degree 27.74617737003058 max cliques 4238
2026-09-08 19:13:06,442 - root - INFO - Breakdown of test hyperedges (max+small) 71 + 3838
2026-09-08 19:13:06,442 - root - INFO - Intersection 53 out of 1770 4238
2026-09-08 19:13:06,442 - root - INFO - support cliques train:970 - test: 1770
2026-09-08 19:13:06,442 - root - INFO - Optimizing clique sampler .. 
2026-09-08 19:13:06,447 - root - INFO - Found cache for rho.
2026-09-08 19:13:06,451 - root - INFO - [(2, 2), (3, 2), (4, 2), (11, 2), (5, 2), (4, 3), (3, 3), (11, 3), (5, 3), (9, 2), (6, 3), (4, 4), (6, 2), (9, 3)]
2026-09-08 19:13:06,451 - root - INFO - Optimize Clique Sampler: #hyperedges collected:3568, recall: 0.9127654131491431, efficiency:0.05946666666666667
2026-09-08 19:13:06,516 - root - INFO - Clique analysis done.
2026-09-08 19:13:06,524 - root - INFO - train: 14680 unique candidates out of 59994 sampled candidates
2026-09-08 19:13:06,674 - root - INFO - test: 15043 unique candidates out of 48215 sampled candidates
2026-09-08 19:13:06,933 - root - INFO - test max cliques 4238, nested cliques 12177
2026-09-08 19:13:06,933 - root - INFO - test real max cliques in search universe: 71
2026-09-08 19:13:06,934 - root - INFO - test real smaller cliques in search universe: 2781 2781
2026-09-08 19:13:09,494 - root - INFO - Our Performance: precision 0.4705, recall 0.5782, f1 0.5188 jaccard 0.3503
2026-09-08 19:13:09,494 - root - INFO - Baseline: Bayesian-MDL skipped (disabled for this runtime).
2026-09-08 19:13:09,495 - root - INFO - Baseline: Max Clique precision 0.0168, recall 0.0182, f1 0.0174, jaccard 0.0088 
2026-09-08 19:13:09,532 - root - INFO - Baseline: ECC precision 0.0995, recall 0.0450, f1 0.0620, jaccard 0.0320 
2026-09-08 19:13:10,251 - root - INFO - Baseline: Demon precision 0.0534, recall 0.0092, f1 0.0157, jaccard 0.0079 
2026-09-08 19:13:10,251 - root - INFO - Baseline: CFinder skipped (disabled for channel-SNR benchmark).
