2026-09-07 18:00:42,526 - root - INFO - Create log file at log/school2/school2-60000-cou-1788775242.5261364.log
2026-09-07 18:00:42,526 - root - INFO - Command line executed: python main.py --dataset school2 --beta 60000 --features count --channel awgn --snr_db 10
2026-09-07 18:00:42,526 - root - INFO - Full args parsed:
2026-09-07 18:00:42,527 - root - INFO - Namespace(dataset='school2', beta=60000, features='count', model='mlp', epochs=2000, lr=0.0001, setting='f', label_rate=0.1, ablation=0, seed=123, use_c=1, jobs=1, save_features=0, data_dir='./data/', log_dir='log', downsample=0, max_child_size=1, ext=0, channel='awgn', snr_db=10.0, channel_seed=123, max_background_pairs=10000)
2026-09-07 18:00:42,550 - root - INFO - Finish loading graphs.
2026-09-07 18:00:42,550 - root - INFO - Nodes train: 327, test: 327
2026-09-07 18:00:42,550 - root - INFO - Simplicies train: 3909, test: 3909
2026-09-07 18:00:42,705 - root - INFO - Channel awgn at 10.0 dB: test projection edges 3806 -> 4060
2026-09-07 18:00:42,705 - root - INFO - Start computing cliques
2026-09-07 18:00:42,705 - root - INFO - Couldn't find cache for max cliques train
2026-09-07 18:00:42,728 - root - INFO - Number of maximum cliques:3513
2026-09-07 18:00:42,770 - root - INFO - Couldn't find cache for max cliques test
2026-09-07 18:00:42,790 - root - INFO - Number of maximum cliques:3531
2026-09-07 18:00:42,825 - root - INFO - test nodes 327 hyperedges 3909 avg size 2.3210539779994885 std 0.5232084288484576 avg degree 27.74617737003058 max cliques 3531
2026-09-07 18:00:42,825 - root - INFO - Breakdown of test hyperedges (max+small) 133 + 3776
2026-09-07 18:00:42,825 - root - INFO - Intersection 116 out of 1222 3531
2026-09-07 18:00:42,825 - root - INFO - support cliques train:970 - test: 1222
2026-09-07 18:00:42,825 - root - INFO - Optimizing clique sampler .. 
2026-09-07 18:00:42,828 - root - INFO - Found cache for rho.
2026-09-07 18:00:42,833 - root - INFO - [(2, 2), (3, 2), (4, 2), (11, 2), (5, 2), (4, 3), (3, 3), (11, 3), (5, 3), (9, 2), (6, 3), (4, 4), (6, 2), (9, 3)]
2026-09-07 18:00:42,833 - root - INFO - Optimize Clique Sampler: #hyperedges collected:3568, recall: 0.9127654131491431, efficiency:0.05946666666666667
2026-09-07 18:00:42,892 - root - INFO - Clique analysis done.
2026-09-07 18:00:42,899 - root - INFO - train: 14680 unique candidates out of 59994 sampled candidates
2026-09-07 18:00:43,031 - root - INFO - test: 14656 unique candidates out of 56399 sampled candidates
2026-09-07 18:00:43,171 - root - INFO - test max cliques 3531, nested cliques 13284
2026-09-07 18:00:43,172 - root - INFO - test real max cliques in search universe: 133
2026-09-07 18:00:43,173 - root - INFO - test real smaller cliques in search universe: 3322 3322
2026-09-07 18:00:45,715 - root - INFO - Our Performance: precision 0.6496, recall 0.6677, f1 0.6585 jaccard 0.4909
2026-09-07 18:00:45,715 - root - INFO - Baseline: Bayesian-MDL skipped (disabled for this runtime).
2026-09-07 18:00:45,715 - root - INFO - Baseline: Max Clique precision 0.0377, recall 0.0340, f1 0.0358, jaccard 0.0182 
2026-09-07 18:00:45,740 - root - INFO - Baseline: ECC precision 0.2350, recall 0.0732, f1 0.1116, jaccard 0.0591 
2026-09-07 18:00:46,332 - root - INFO - Baseline: Demon precision 0.1560, recall 0.0238, f1 0.0413, jaccard 0.0211 
2026-09-07 18:00:49,696 - root - INFO - Baseline: CFinder (k=3) precision 0.0000, recall 0.0000, f1 0.0000, jaccard 0.0000 
