2026-09-08 19:13:28,335 - root - INFO - Create log file at log/school2/school2-60000-cou-1788866008.3353226.log
2026-09-08 19:13:28,335 - root - INFO - Command line executed: python main.py --dataset school2 --beta 60000 --features count --channel awgn --snr_db 16
2026-09-08 19:13:28,335 - root - INFO - Full args parsed:
2026-09-08 19:13:28,335 - root - INFO - Namespace(dataset='school2', beta=60000, features='count', model='mlp', epochs=2000, lr=0.0001, setting='f', label_rate=0.1, ablation=0, seed=123, use_c=1, jobs=1, save_features=0, data_dir='./data/', log_dir='log', downsample=0, max_child_size=1, ext=0, channel='awgn', snr_db=16.0, channel_seed=123, max_background_pairs=10000)
2026-09-08 19:13:28,360 - root - INFO - Finish loading graphs.
2026-09-08 19:13:28,360 - root - INFO - Nodes train: 327, test: 327
2026-09-08 19:13:28,360 - root - INFO - Simplicies train: 3909, test: 3909
2026-09-08 19:13:28,520 - root - INFO - Channel awgn at 16.0 dB: test projection edges 3806 -> 3812
2026-09-08 19:13:28,520 - root - INFO - Start computing cliques
2026-09-08 19:13:28,520 - root - INFO - Couldn't find cache for max cliques train
2026-09-08 19:13:28,542 - root - INFO - Number of maximum cliques:3513
2026-09-08 19:13:28,586 - root - INFO - Couldn't find cache for max cliques test
2026-09-08 19:13:28,607 - root - INFO - Number of maximum cliques:3288
2026-09-08 19:13:28,646 - root - INFO - test nodes 327 hyperedges 3909 avg size 2.3210539779994885 std 0.5232084288484576 avg degree 27.74617737003058 max cliques 3288
2026-09-08 19:13:28,646 - root - INFO - Breakdown of test hyperedges (max+small) 166 + 3743
2026-09-08 19:13:28,646 - root - INFO - Intersection 154 out of 966 3288
2026-09-08 19:13:28,647 - root - INFO - support cliques train:970 - test: 966
2026-09-08 19:13:28,647 - root - INFO - Optimizing clique sampler .. 
2026-09-08 19:13:28,651 - root - INFO - Found cache for rho.
2026-09-08 19:13:28,656 - root - INFO - [(2, 2), (3, 2), (4, 2), (11, 2), (5, 2), (4, 3), (3, 3), (11, 3), (5, 3), (9, 2), (6, 3), (4, 4), (6, 2), (9, 3)]
2026-09-08 19:13:28,656 - root - INFO - Optimize Clique Sampler: #hyperedges collected:3568, recall: 0.9127654131491431, efficiency:0.05946666666666667
2026-09-08 19:13:28,713 - root - INFO - Clique analysis done.
2026-09-08 19:13:28,721 - root - INFO - train: 14680 unique candidates out of 59994 sampled candidates
2026-09-08 19:13:28,871 - root - INFO - test: 14401 unique candidates out of 55176 sampled candidates
2026-09-08 19:13:29,002 - root - INFO - test max cliques 3288, nested cliques 13473
2026-09-08 19:13:29,002 - root - INFO - test real max cliques in search universe: 166
2026-09-08 19:13:29,003 - root - INFO - test real smaller cliques in search universe: 3443 3443
2026-09-08 19:13:31,541 - root - INFO - Our Performance: precision 0.7234, recall 0.6859, f1 0.7041 jaccard 0.5434
2026-09-08 19:13:31,541 - root - INFO - Baseline: Bayesian-MDL skipped (disabled for this runtime).
2026-09-08 19:13:31,542 - root - INFO - Baseline: Max Clique precision 0.0505, recall 0.0425, f1 0.0461, jaccard 0.0236 
2026-09-08 19:13:31,564 - root - INFO - Baseline: ECC precision 0.3215, recall 0.0785, f1 0.1262, jaccard 0.0674 
2026-09-08 19:13:32,101 - root - INFO - Baseline: Demon precision 0.2716, recall 0.0322, f1 0.0576, jaccard 0.0297 
2026-09-08 19:13:32,102 - root - INFO - Baseline: CFinder skipped (disabled for channel-SNR benchmark).
