2026-09-08 19:16:06,522 - root - INFO - Create log file at log/school2/school2-60000-cou-1788866166.522476.log
2026-09-08 19:16:06,522 - root - INFO - Command line executed: python main.py --dataset school2 --beta 60000 --features count --channel rayleigh --snr_db 8
2026-09-08 19:16:06,522 - root - INFO - Full args parsed:
2026-09-08 19:16:06,522 - root - INFO - Namespace(dataset='school2', beta=60000, features='count', model='mlp', epochs=2000, lr=0.0001, setting='f', label_rate=0.1, ablation=0, seed=123, use_c=1, jobs=1, save_features=0, data_dir='./data/', log_dir='log', downsample=0, max_child_size=1, ext=0, channel='rayleigh', snr_db=8.0, channel_seed=123, max_background_pairs=10000)
2026-09-08 19:16:06,546 - root - INFO - Finish loading graphs.
2026-09-08 19:16:06,546 - root - INFO - Nodes train: 327, test: 327
2026-09-08 19:16:06,546 - root - INFO - Simplicies train: 3909, test: 3909
2026-09-08 19:16:06,720 - root - INFO - Channel rayleigh at 8.0 dB: test projection edges 3806 -> 4509
2026-09-08 19:16:06,720 - root - INFO - Start computing cliques
2026-09-08 19:16:06,720 - root - INFO - Couldn't find cache for max cliques train
2026-09-08 19:16:06,742 - root - INFO - Number of maximum cliques:3513
2026-09-08 19:16:06,786 - root - INFO - Couldn't find cache for max cliques test
2026-09-08 19:16:06,807 - root - INFO - Number of maximum cliques:3829
2026-09-08 19:16:06,838 - root - INFO - test nodes 327 hyperedges 3909 avg size 2.3210539779994885 std 0.5232084288484576 avg degree 27.74617737003058 max cliques 3829
2026-09-08 19:16:06,838 - root - INFO - Breakdown of test hyperedges (max+small) 79 + 3830
2026-09-08 19:16:06,838 - root - INFO - Intersection 67 out of 1587 3829
2026-09-08 19:16:06,838 - root - INFO - support cliques train:970 - test: 1587
2026-09-08 19:16:06,838 - root - INFO - Optimizing clique sampler .. 
2026-09-08 19:16:06,843 - root - INFO - Found cache for rho.
2026-09-08 19:16:06,847 - root - INFO - [(2, 2), (3, 2), (4, 2), (11, 2), (5, 2), (4, 3), (3, 3), (11, 3), (5, 3), (9, 2), (6, 3), (4, 4), (6, 2), (9, 3)]
2026-09-08 19:16:06,848 - root - INFO - Optimize Clique Sampler: #hyperedges collected:3568, recall: 0.9127654131491431, efficiency:0.05946666666666667
2026-09-08 19:16:06,908 - root - INFO - Clique analysis done.
2026-09-08 19:16:06,916 - root - INFO - train: 14680 unique candidates out of 59994 sampled candidates
2026-09-08 19:16:07,059 - root - INFO - test: 14710 unique candidates out of 48481 sampled candidates
2026-09-08 19:16:07,190 - root - INFO - test max cliques 3829, nested cliques 12425
2026-09-08 19:16:07,190 - root - INFO - test real max cliques in search universe: 79
2026-09-08 19:16:07,191 - root - INFO - test real smaller cliques in search universe: 2996 2996
2026-09-08 19:16:09,730 - root - INFO - Our Performance: precision 0.5382, recall 0.6163, f1 0.5746 jaccard 0.4031
2026-09-08 19:16:09,731 - root - INFO - Baseline: Bayesian-MDL skipped (disabled for this runtime).
2026-09-08 19:16:09,731 - root - INFO - Baseline: Max Clique precision 0.0206, recall 0.0202, f1 0.0204, jaccard 0.0103 
2026-09-08 19:16:09,758 - root - INFO - Baseline: ECC precision 0.1280, recall 0.0514, f1 0.0734, jaccard 0.0381 
2026-09-08 19:16:10,430 - root - INFO - Baseline: Demon precision 0.0726, recall 0.0125, f1 0.0214, jaccard 0.0108 
2026-09-08 19:16:10,431 - root - INFO - Baseline: CFinder skipped (disabled for channel-SNR benchmark).
