2026-09-08 19:16:15,253 - root - INFO - Create log file at log/school2/school2-60000-cou-1788866175.2536662.log
2026-09-08 19:16:15,254 - root - INFO - Command line executed: python main.py --dataset school2 --beta 60000 --features count --channel rayleigh --snr_db 14
2026-09-08 19:16:15,254 - root - INFO - Full args parsed:
2026-09-08 19:16:15,254 - root - INFO - Namespace(dataset='school2', beta=60000, features='count', model='mlp', epochs=2000, lr=0.0001, setting='f', label_rate=0.1, ablation=0, seed=123, use_c=1, jobs=1, save_features=0, data_dir='./data/', log_dir='log', downsample=0, max_child_size=1, ext=0, channel='rayleigh', snr_db=14.0, channel_seed=123, max_background_pairs=10000)
2026-09-08 19:16:15,277 - root - INFO - Finish loading graphs.
2026-09-08 19:16:15,277 - root - INFO - Nodes train: 327, test: 327
2026-09-08 19:16:15,277 - root - INFO - Simplicies train: 3909, test: 3909
2026-09-08 19:16:15,451 - root - INFO - Channel rayleigh at 14.0 dB: test projection edges 3806 -> 4060
2026-09-08 19:16:15,451 - root - INFO - Start computing cliques
2026-09-08 19:16:15,452 - root - INFO - Couldn't find cache for max cliques train
2026-09-08 19:16:15,474 - root - INFO - Number of maximum cliques:3513
2026-09-08 19:16:15,517 - root - INFO - Couldn't find cache for max cliques test
2026-09-08 19:16:15,539 - root - INFO - Number of maximum cliques:3603
2026-09-08 19:16:15,575 - root - INFO - test nodes 327 hyperedges 3909 avg size 2.3210539779994885 std 0.5232084288484576 avg degree 27.74617737003058 max cliques 3603
2026-09-08 19:16:15,575 - root - INFO - Breakdown of test hyperedges (max+small) 124 + 3785
2026-09-08 19:16:15,575 - root - INFO - Intersection 110 out of 1238 3603
2026-09-08 19:16:15,575 - root - INFO - support cliques train:970 - test: 1238
2026-09-08 19:16:15,575 - root - INFO - Optimizing clique sampler .. 
2026-09-08 19:16:15,580 - root - INFO - Found cache for rho.
2026-09-08 19:16:15,585 - root - INFO - [(2, 2), (3, 2), (4, 2), (11, 2), (5, 2), (4, 3), (3, 3), (11, 3), (5, 3), (9, 2), (6, 3), (4, 4), (6, 2), (9, 3)]
2026-09-08 19:16:15,585 - root - INFO - Optimize Clique Sampler: #hyperedges collected:3568, recall: 0.9127654131491431, efficiency:0.05946666666666667
2026-09-08 19:16:15,645 - root - INFO - Clique analysis done.
2026-09-08 19:16:15,653 - root - INFO - train: 14680 unique candidates out of 59994 sampled candidates
2026-09-08 19:16:15,800 - root - INFO - test: 14620 unique candidates out of 56818 sampled candidates
2026-09-08 19:16:15,929 - root - INFO - test max cliques 3603, nested cliques 13247
2026-09-08 19:16:15,929 - root - INFO - test real max cliques in search universe: 124
2026-09-08 19:16:15,930 - root - INFO - test real smaller cliques in search universe: 3316 3316
2026-09-08 19:16:18,501 - root - INFO - Our Performance: precision 0.6501, recall 0.6679, f1 0.6589 jaccard 0.4913
2026-09-08 19:16:18,501 - root - INFO - Baseline: Bayesian-MDL skipped (disabled for this runtime).
2026-09-08 19:16:18,501 - root - INFO - Baseline: Max Clique precision 0.0344, recall 0.0317, f1 0.0330, jaccard 0.0168 
2026-09-08 19:16:18,526 - root - INFO - Baseline: ECC precision 0.2123, recall 0.0663, f1 0.1010, jaccard 0.0532 
2026-09-08 19:16:19,132 - root - INFO - Baseline: Demon precision 0.1522, recall 0.0233, f1 0.0404, jaccard 0.0206 
2026-09-08 19:16:19,132 - root - INFO - Baseline: CFinder skipped (disabled for channel-SNR benchmark).
