2026-09-08 19:13:22,630 - root - INFO - Create log file at log/school2/school2-60000-cou-1788866002.6300693.log
2026-09-08 19:13:22,630 - root - INFO - Command line executed: python main.py --dataset school2 --beta 60000 --features count --channel awgn --snr_db 12
2026-09-08 19:13:22,630 - root - INFO - Full args parsed:
2026-09-08 19:13:22,630 - root - INFO - Namespace(dataset='school2', beta=60000, features='count', model='mlp', epochs=2000, lr=0.0001, setting='f', label_rate=0.1, ablation=0, seed=123, use_c=1, jobs=1, save_features=0, data_dir='./data/', log_dir='log', downsample=0, max_child_size=1, ext=0, channel='awgn', snr_db=12.0, channel_seed=123, max_background_pairs=10000)
2026-09-08 19:13:22,654 - root - INFO - Finish loading graphs.
2026-09-08 19:13:22,654 - root - INFO - Nodes train: 327, test: 327
2026-09-08 19:13:22,654 - root - INFO - Simplicies train: 3909, test: 3909
2026-09-08 19:13:22,815 - root - INFO - Channel awgn at 12.0 dB: test projection edges 3806 -> 3890
2026-09-08 19:13:22,815 - root - INFO - Start computing cliques
2026-09-08 19:13:22,815 - root - INFO - Couldn't find cache for max cliques train
2026-09-08 19:13:22,837 - root - INFO - Number of maximum cliques:3513
2026-09-08 19:13:22,880 - root - INFO - Couldn't find cache for max cliques test
2026-09-08 19:13:22,901 - root - INFO - Number of maximum cliques:3456
2026-09-08 19:13:22,939 - root - INFO - test nodes 327 hyperedges 3909 avg size 2.3210539779994885 std 0.5232084288484576 avg degree 27.74617737003058 max cliques 3456
2026-09-08 19:13:22,939 - root - INFO - Breakdown of test hyperedges (max+small) 151 + 3758
2026-09-08 19:13:22,939 - root - INFO - Intersection 139 out of 1072 3456
2026-09-08 19:13:22,939 - root - INFO - support cliques train:970 - test: 1072
2026-09-08 19:13:22,939 - root - INFO - Optimizing clique sampler .. 
2026-09-08 19:13:22,944 - root - INFO - Found cache for rho.
2026-09-08 19:13:22,949 - root - INFO - [(2, 2), (3, 2), (4, 2), (11, 2), (5, 2), (4, 3), (3, 3), (11, 3), (5, 3), (9, 2), (6, 3), (4, 4), (6, 2), (9, 3)]
2026-09-08 19:13:22,949 - root - INFO - Optimize Clique Sampler: #hyperedges collected:3568, recall: 0.9127654131491431, efficiency:0.05946666666666667
2026-09-08 19:13:23,008 - root - INFO - Clique analysis done.
2026-09-08 19:13:23,016 - root - INFO - train: 14680 unique candidates out of 59994 sampled candidates
2026-09-08 19:13:23,150 - root - INFO - test: 14458 unique candidates out of 57728 sampled candidates
2026-09-08 19:13:23,293 - root - INFO - test max cliques 3456, nested cliques 13363
2026-09-08 19:13:23,294 - root - INFO - test real max cliques in search universe: 151
2026-09-08 19:13:23,294 - root - INFO - test real smaller cliques in search universe: 3397 3397
2026-09-08 19:13:25,859 - root - INFO - Our Performance: precision 0.6944, recall 0.6772, f1 0.6857 jaccard 0.5217
2026-09-08 19:13:25,859 - root - INFO - Baseline: Bayesian-MDL skipped (disabled for this runtime).
2026-09-08 19:13:25,859 - root - INFO - Baseline: Max Clique precision 0.0437, recall 0.0386, f1 0.0410, jaccard 0.0209 
2026-09-08 19:13:25,883 - root - INFO - Baseline: ECC precision 0.2888, recall 0.0796, f1 0.1247, jaccard 0.0665 
2026-09-08 19:13:26,448 - root - INFO - Baseline: Demon precision 0.2071, recall 0.0284, f1 0.0499, jaccard 0.0256 
2026-09-08 19:13:26,448 - root - INFO - Baseline: CFinder skipped (disabled for channel-SNR benchmark).
