2026-09-08 19:15:57,786 - root - INFO - Create log file at log/school2/school2-60000-cou-1788866157.7862964.log
2026-09-08 19:15:57,786 - root - INFO - Command line executed: python main.py --dataset school2 --beta 60000 --features count --channel rayleigh --snr_db 2
2026-09-08 19:15:57,786 - root - INFO - Full args parsed:
2026-09-08 19:15:57,786 - root - INFO - Namespace(dataset='school2', beta=60000, features='count', model='mlp', epochs=2000, lr=0.0001, setting='f', label_rate=0.1, ablation=0, seed=123, use_c=1, jobs=1, save_features=0, data_dir='./data/', log_dir='log', downsample=0, max_child_size=1, ext=0, channel='rayleigh', snr_db=2.0, channel_seed=123, max_background_pairs=10000)
2026-09-08 19:15:57,810 - root - INFO - Finish loading graphs.
2026-09-08 19:15:57,810 - root - INFO - Nodes train: 327, test: 327
2026-09-08 19:15:57,810 - root - INFO - Simplicies train: 3909, test: 3909
2026-09-08 19:15:57,985 - root - INFO - Channel rayleigh at 2.0 dB: test projection edges 3806 -> 5157
2026-09-08 19:15:57,985 - root - INFO - Start computing cliques
2026-09-08 19:15:57,985 - root - INFO - Couldn't find cache for max cliques train
2026-09-08 19:15:58,007 - root - INFO - Number of maximum cliques:3513
2026-09-08 19:15:58,051 - root - INFO - Couldn't find cache for max cliques test
2026-09-08 19:15:58,074 - root - INFO - Number of maximum cliques:4622
2026-09-08 19:15:58,103 - root - INFO - test nodes 327 hyperedges 3909 avg size 2.3210539779994885 std 0.5232084288484576 avg degree 27.74617737003058 max cliques 4622
2026-09-08 19:15:58,103 - root - INFO - Breakdown of test hyperedges (max+small) 63 + 3846
2026-09-08 19:15:58,103 - root - INFO - Intersection 46 out of 1946 4622
2026-09-08 19:15:58,103 - root - INFO - support cliques train:970 - test: 1946
2026-09-08 19:15:58,103 - root - INFO - Optimizing clique sampler .. 
2026-09-08 19:15:58,108 - root - INFO - Found cache for rho.
2026-09-08 19:15:58,112 - root - INFO - [(2, 2), (3, 2), (4, 2), (11, 2), (5, 2), (4, 3), (3, 3), (11, 3), (5, 3), (9, 2), (6, 3), (4, 4), (6, 2), (9, 3)]
2026-09-08 19:15:58,112 - root - INFO - Optimize Clique Sampler: #hyperedges collected:3568, recall: 0.9127654131491431, efficiency:0.05946666666666667
2026-09-08 19:15:58,175 - root - INFO - Clique analysis done.
2026-09-08 19:15:58,183 - root - INFO - train: 14680 unique candidates out of 59994 sampled candidates
2026-09-08 19:15:58,331 - root - INFO - test: 15630 unique candidates out of 43907 sampled candidates
2026-09-08 19:15:58,462 - root - INFO - test max cliques 4622, nested cliques 11948
2026-09-08 19:15:58,462 - root - INFO - test real max cliques in search universe: 63
2026-09-08 19:15:58,463 - root - INFO - test real smaller cliques in search universe: 2544 2544
2026-09-08 19:16:01,047 - root - INFO - Our Performance: precision 0.4161, recall 0.5477, f1 0.4729 jaccard 0.3097
2026-09-08 19:16:01,048 - root - INFO - Baseline: Bayesian-MDL skipped (disabled for this runtime).
2026-09-08 19:16:01,048 - root - INFO - Baseline: Max Clique precision 0.0136, recall 0.0161, f1 0.0148, jaccard 0.0074 
2026-09-08 19:16:01,086 - root - INFO - Baseline: ECC precision 0.0836, recall 0.0417, f1 0.0557, jaccard 0.0286 
2026-09-08 19:16:01,814 - root - INFO - Baseline: Demon precision 0.0387, recall 0.0067, f1 0.0114, jaccard 0.0057 
2026-09-08 19:16:01,814 - root - INFO - Baseline: CFinder skipped (disabled for channel-SNR benchmark).
