2026-09-08 19:13:23,524 - root - INFO - Create log file at log/school2/school2-60000-cou-1788866003.5247169.log
2026-09-08 19:13:23,525 - root - INFO - Command line executed: python main.py --dataset school2 --beta 60000 --features count --channel awgn --snr_db 14
2026-09-08 19:13:23,525 - root - INFO - Full args parsed:
2026-09-08 19:13:23,525 - root - INFO - Namespace(dataset='school2', beta=60000, features='count', model='mlp', epochs=2000, lr=0.0001, setting='f', label_rate=0.1, ablation=0, seed=123, use_c=1, jobs=1, save_features=0, data_dir='./data/', log_dir='log', downsample=0, max_child_size=1, ext=0, channel='awgn', snr_db=14.0, channel_seed=123, max_background_pairs=10000)
2026-09-08 19:13:23,549 - root - INFO - Finish loading graphs.
2026-09-08 19:13:23,549 - root - INFO - Nodes train: 327, test: 327
2026-09-08 19:13:23,549 - root - INFO - Simplicies train: 3909, test: 3909
2026-09-08 19:13:23,706 - root - INFO - Channel awgn at 14.0 dB: test projection edges 3806 -> 3837
2026-09-08 19:13:23,706 - root - INFO - Start computing cliques
2026-09-08 19:13:23,706 - root - INFO - Couldn't find cache for max cliques train
2026-09-08 19:13:23,728 - root - INFO - Number of maximum cliques:3513
2026-09-08 19:13:23,772 - root - INFO - Couldn't find cache for max cliques test
2026-09-08 19:13:23,793 - root - INFO - Number of maximum cliques:3350
2026-09-08 19:13:23,831 - root - INFO - test nodes 327 hyperedges 3909 avg size 2.3210539779994885 std 0.5232084288484576 avg degree 27.74617737003058 max cliques 3350
2026-09-08 19:13:23,832 - root - INFO - Breakdown of test hyperedges (max+small) 162 + 3747
2026-09-08 19:13:23,832 - root - INFO - Intersection 150 out of 1003 3350
2026-09-08 19:13:23,832 - root - INFO - support cliques train:970 - test: 1003
2026-09-08 19:13:23,832 - root - INFO - Optimizing clique sampler .. 
2026-09-08 19:13:23,837 - root - INFO - Found cache for rho.
2026-09-08 19:13:23,841 - root - INFO - [(2, 2), (3, 2), (4, 2), (11, 2), (5, 2), (4, 3), (3, 3), (11, 3), (5, 3), (9, 2), (6, 3), (4, 4), (6, 2), (9, 3)]
2026-09-08 19:13:23,841 - root - INFO - Optimize Clique Sampler: #hyperedges collected:3568, recall: 0.9127654131491431, efficiency:0.05946666666666667
2026-09-08 19:13:23,898 - root - INFO - Clique analysis done.
2026-09-08 19:13:23,906 - root - INFO - train: 14680 unique candidates out of 59994 sampled candidates
2026-09-08 19:13:24,040 - root - INFO - test: 14470 unique candidates out of 56125 sampled candidates
2026-09-08 19:13:24,182 - root - INFO - test max cliques 3350, nested cliques 13486
2026-09-08 19:13:24,182 - root - INFO - test real max cliques in search universe: 162
2026-09-08 19:13:24,183 - root - INFO - test real smaller cliques in search universe: 3430 3430
2026-09-08 19:13:26,741 - root - INFO - Our Performance: precision 0.7141, recall 0.6851, f1 0.6993 jaccard 0.5376
2026-09-08 19:13:26,741 - root - INFO - Baseline: Bayesian-MDL skipped (disabled for this runtime).
2026-09-08 19:13:26,742 - root - INFO - Baseline: Max Clique precision 0.0484, recall 0.0414, f1 0.0446, jaccard 0.0228 
2026-09-08 19:13:26,765 - root - INFO - Baseline: ECC precision 0.3076, recall 0.0785, f1 0.1251, jaccard 0.0667 
2026-09-08 19:13:27,309 - root - INFO - Baseline: Demon precision 0.2490, recall 0.0310, f1 0.0551, jaccard 0.0283 
2026-09-08 19:13:27,309 - root - INFO - Baseline: CFinder skipped (disabled for channel-SNR benchmark).
