2026-09-08 19:16:12,282 - root - INFO - Create log file at log/school2/school2-60000-cou-1788866172.2825034.log
2026-09-08 19:16:12,282 - root - INFO - Command line executed: python main.py --dataset school2 --beta 60000 --features count --channel rayleigh --snr_db 12
2026-09-08 19:16:12,282 - root - INFO - Full args parsed:
2026-09-08 19:16:12,282 - root - INFO - Namespace(dataset='school2', beta=60000, features='count', model='mlp', epochs=2000, lr=0.0001, setting='f', label_rate=0.1, ablation=0, seed=123, use_c=1, jobs=1, save_features=0, data_dir='./data/', log_dir='log', downsample=0, max_child_size=1, ext=0, channel='rayleigh', snr_db=12.0, channel_seed=123, max_background_pairs=10000)
2026-09-08 19:16:12,306 - root - INFO - Finish loading graphs.
2026-09-08 19:16:12,306 - root - INFO - Nodes train: 327, test: 327
2026-09-08 19:16:12,306 - root - INFO - Simplicies train: 3909, test: 3909
2026-09-08 19:16:12,478 - root - INFO - Channel rayleigh at 12.0 dB: test projection edges 3806 -> 4172
2026-09-08 19:16:12,478 - root - INFO - Start computing cliques
2026-09-08 19:16:12,478 - root - INFO - Couldn't find cache for max cliques train
2026-09-08 19:16:12,500 - root - INFO - Number of maximum cliques:3513
2026-09-08 19:16:12,543 - root - INFO - Couldn't find cache for max cliques test
2026-09-08 19:16:12,565 - root - INFO - Number of maximum cliques:3643
2026-09-08 19:16:12,599 - root - INFO - test nodes 327 hyperedges 3909 avg size 2.3210539779994885 std 0.5232084288484576 avg degree 27.74617737003058 max cliques 3643
2026-09-08 19:16:12,600 - root - INFO - Breakdown of test hyperedges (max+small) 113 + 3796
2026-09-08 19:16:12,600 - root - INFO - Intersection 100 out of 1343 3643
2026-09-08 19:16:12,600 - root - INFO - support cliques train:970 - test: 1343
2026-09-08 19:16:12,600 - root - INFO - Optimizing clique sampler .. 
2026-09-08 19:16:12,605 - root - INFO - Found cache for rho.
2026-09-08 19:16:12,609 - root - INFO - [(2, 2), (3, 2), (4, 2), (11, 2), (5, 2), (4, 3), (3, 3), (11, 3), (5, 3), (9, 2), (6, 3), (4, 4), (6, 2), (9, 3)]
2026-09-08 19:16:12,609 - root - INFO - Optimize Clique Sampler: #hyperedges collected:3568, recall: 0.9127654131491431, efficiency:0.05946666666666667
2026-09-08 19:16:12,669 - root - INFO - Clique analysis done.
2026-09-08 19:16:12,678 - root - INFO - train: 14680 unique candidates out of 59994 sampled candidates
2026-09-08 19:16:12,821 - root - INFO - test: 14575 unique candidates out of 55557 sampled candidates
2026-09-08 19:16:12,953 - root - INFO - test max cliques 3643, nested cliques 13000
2026-09-08 19:16:12,953 - root - INFO - test real max cliques in search universe: 113
2026-09-08 19:16:12,954 - root - INFO - test real smaller cliques in search universe: 3207 3207
2026-09-08 19:16:15,536 - root - INFO - Our Performance: precision 0.6206, recall 0.6557, f1 0.6376 jaccard 0.4680
2026-09-08 19:16:15,536 - root - INFO - Baseline: Bayesian-MDL skipped (disabled for this runtime).
2026-09-08 19:16:15,537 - root - INFO - Baseline: Max Clique precision 0.0310, recall 0.0289, f1 0.0299, jaccard 0.0152 
2026-09-08 19:16:15,562 - root - INFO - Baseline: ECC precision 0.1834, recall 0.0622, f1 0.0929, jaccard 0.0487 
2026-09-08 19:16:16,188 - root - INFO - Baseline: Demon precision 0.1275, recall 0.0210, f1 0.0360, jaccard 0.0183 
2026-09-08 19:16:16,188 - root - INFO - Baseline: CFinder skipped (disabled for channel-SNR benchmark).
