2026-09-08 19:16:09,470 - root - INFO - Create log file at log/school2/school2-60000-cou-1788866169.4700475.log
2026-09-08 19:16:09,470 - root - INFO - Command line executed: python main.py --dataset school2 --beta 60000 --features count --channel rayleigh --snr_db 10
2026-09-08 19:16:09,470 - root - INFO - Full args parsed:
2026-09-08 19:16:09,470 - root - INFO - Namespace(dataset='school2', beta=60000, features='count', model='mlp', epochs=2000, lr=0.0001, setting='f', label_rate=0.1, ablation=0, seed=123, use_c=1, jobs=1, save_features=0, data_dir='./data/', log_dir='log', downsample=0, max_child_size=1, ext=0, channel='rayleigh', snr_db=10.0, channel_seed=123, max_background_pairs=10000)
2026-09-08 19:16:09,494 - root - INFO - Finish loading graphs.
2026-09-08 19:16:09,494 - root - INFO - Nodes train: 327, test: 327
2026-09-08 19:16:09,494 - root - INFO - Simplicies train: 3909, test: 3909
2026-09-08 19:16:09,666 - root - INFO - Channel rayleigh at 10.0 dB: test projection edges 3806 -> 4341
2026-09-08 19:16:09,666 - root - INFO - Start computing cliques
2026-09-08 19:16:09,666 - root - INFO - Couldn't find cache for max cliques train
2026-09-08 19:16:09,688 - root - INFO - Number of maximum cliques:3513
2026-09-08 19:16:09,732 - root - INFO - Couldn't find cache for max cliques test
2026-09-08 19:16:09,753 - root - INFO - Number of maximum cliques:3756
2026-09-08 19:16:09,786 - root - INFO - test nodes 327 hyperedges 3909 avg size 2.3210539779994885 std 0.5232084288484576 avg degree 27.74617737003058 max cliques 3756
2026-09-08 19:16:09,786 - root - INFO - Breakdown of test hyperedges (max+small) 91 + 3818
2026-09-08 19:16:09,786 - root - INFO - Intersection 76 out of 1454 3756
2026-09-08 19:16:09,786 - root - INFO - support cliques train:970 - test: 1454
2026-09-08 19:16:09,786 - root - INFO - Optimizing clique sampler .. 
2026-09-08 19:16:09,791 - root - INFO - Found cache for rho.
2026-09-08 19:16:09,795 - root - INFO - [(2, 2), (3, 2), (4, 2), (11, 2), (5, 2), (4, 3), (3, 3), (11, 3), (5, 3), (9, 2), (6, 3), (4, 4), (6, 2), (9, 3)]
2026-09-08 19:16:09,796 - root - INFO - Optimize Clique Sampler: #hyperedges collected:3568, recall: 0.9127654131491431, efficiency:0.05946666666666667
2026-09-08 19:16:09,856 - root - INFO - Clique analysis done.
2026-09-08 19:16:09,864 - root - INFO - train: 14680 unique candidates out of 59994 sampled candidates
2026-09-08 19:16:10,013 - root - INFO - test: 14752 unique candidates out of 52596 sampled candidates
2026-09-08 19:16:10,139 - root - INFO - test max cliques 3756, nested cliques 12849
2026-09-08 19:16:10,140 - root - INFO - test real max cliques in search universe: 91
2026-09-08 19:16:10,140 - root - INFO - test real smaller cliques in search universe: 3143 3143
2026-09-08 19:16:12,702 - root - INFO - Our Performance: precision 0.5803, recall 0.6390, f1 0.6082 jaccard 0.4370
2026-09-08 19:16:12,702 - root - INFO - Baseline: Bayesian-MDL skipped (disabled for this runtime).
2026-09-08 19:16:12,702 - root - INFO - Baseline: Max Clique precision 0.0242, recall 0.0233, f1 0.0237, jaccard 0.0120 
2026-09-08 19:16:12,728 - root - INFO - Baseline: ECC precision 0.1516, recall 0.0555, f1 0.0813, jaccard 0.0424 
2026-09-08 19:16:13,381 - root - INFO - Baseline: Demon precision 0.0882, recall 0.0151, f1 0.0258, jaccard 0.0131 
2026-09-08 19:16:13,381 - root - INFO - Baseline: CFinder skipped (disabled for channel-SNR benchmark).
