2026-09-08 19:13:17,839 - root - INFO - Create log file at log/school2/school2-60000-cou-1788865997.8389475.log
2026-09-08 19:13:17,839 - root - INFO - Command line executed: python main.py --dataset school2 --beta 60000 --features count --channel awgn --snr_db 10
2026-09-08 19:13:17,839 - root - INFO - Full args parsed:
2026-09-08 19:13:17,839 - root - INFO - Namespace(dataset='school2', beta=60000, features='count', model='mlp', epochs=2000, lr=0.0001, setting='f', label_rate=0.1, ablation=0, seed=123, use_c=1, jobs=1, save_features=0, data_dir='./data/', log_dir='log', downsample=0, max_child_size=1, ext=0, channel='awgn', snr_db=10.0, channel_seed=123, max_background_pairs=10000)
2026-09-08 19:13:17,863 - root - INFO - Finish loading graphs.
2026-09-08 19:13:17,863 - root - INFO - Nodes train: 327, test: 327
2026-09-08 19:13:17,863 - root - INFO - Simplicies train: 3909, test: 3909
2026-09-08 19:13:18,024 - root - INFO - Channel awgn at 10.0 dB: test projection edges 3806 -> 4020
2026-09-08 19:13:18,024 - root - INFO - Start computing cliques
2026-09-08 19:13:18,024 - root - INFO - Couldn't find cache for max cliques train
2026-09-08 19:13:18,046 - root - INFO - Number of maximum cliques:3513
2026-09-08 19:13:18,090 - root - INFO - Couldn't find cache for max cliques test
2026-09-08 19:13:18,111 - root - INFO - Number of maximum cliques:3534
2026-09-08 19:13:18,147 - root - INFO - test nodes 327 hyperedges 3909 avg size 2.3210539779994885 std 0.5232084288484576 avg degree 27.74617737003058 max cliques 3534
2026-09-08 19:13:18,148 - root - INFO - Breakdown of test hyperedges (max+small) 134 + 3775
2026-09-08 19:13:18,148 - root - INFO - Intersection 122 out of 1216 3534
2026-09-08 19:13:18,148 - root - INFO - support cliques train:970 - test: 1216
2026-09-08 19:13:18,148 - root - INFO - Optimizing clique sampler .. 
2026-09-08 19:13:18,153 - root - INFO - Found cache for rho.
2026-09-08 19:13:18,157 - root - INFO - [(2, 2), (3, 2), (4, 2), (11, 2), (5, 2), (4, 3), (3, 3), (11, 3), (5, 3), (9, 2), (6, 3), (4, 4), (6, 2), (9, 3)]
2026-09-08 19:13:18,157 - root - INFO - Optimize Clique Sampler: #hyperedges collected:3568, recall: 0.9127654131491431, efficiency:0.05946666666666667
2026-09-08 19:13:18,218 - root - INFO - Clique analysis done.
2026-09-08 19:13:18,226 - root - INFO - train: 14680 unique candidates out of 59994 sampled candidates
2026-09-08 19:13:18,376 - root - INFO - test: 14530 unique candidates out of 58754 sampled candidates
2026-09-08 19:13:18,505 - root - INFO - test max cliques 3534, nested cliques 13215
2026-09-08 19:13:18,505 - root - INFO - test real max cliques in search universe: 134
2026-09-08 19:13:18,506 - root - INFO - test real smaller cliques in search universe: 3351 3351
2026-09-08 19:13:21,052 - root - INFO - Our Performance: precision 0.6564, recall 0.6646, f1 0.6605 jaccard 0.4931
2026-09-08 19:13:21,052 - root - INFO - Baseline: Bayesian-MDL skipped (disabled for this runtime).
2026-09-08 19:13:21,052 - root - INFO - Baseline: Max Clique precision 0.0379, recall 0.0343, f1 0.0360, jaccard 0.0183 
2026-09-08 19:13:21,076 - root - INFO - Baseline: ECC precision 0.2275, recall 0.0698, f1 0.1069, jaccard 0.0565 
2026-09-08 19:13:21,675 - root - INFO - Baseline: Demon precision 0.1568, recall 0.0238, f1 0.0413, jaccard 0.0211 
2026-09-08 19:13:21,675 - root - INFO - Baseline: CFinder skipped (disabled for channel-SNR benchmark).
