2026-09-08 19:15:54,716 - root - INFO - Create log file at log/school2/school2-60000-cou-1788866154.7162359.log
2026-09-08 19:15:54,716 - root - INFO - Command line executed: python main.py --dataset school2 --beta 60000 --features count --channel rayleigh --snr_db 0
2026-09-08 19:15:54,716 - root - INFO - Full args parsed:
2026-09-08 19:15:54,716 - root - INFO - Namespace(dataset='school2', beta=60000, features='count', model='mlp', epochs=2000, lr=0.0001, setting='f', label_rate=0.1, ablation=0, seed=123, use_c=1, jobs=1, save_features=0, data_dir='./data/', log_dir='log', downsample=0, max_child_size=1, ext=0, channel='rayleigh', snr_db=0.0, channel_seed=123, max_background_pairs=10000)
2026-09-08 19:15:54,740 - root - INFO - Finish loading graphs.
2026-09-08 19:15:54,740 - root - INFO - Nodes train: 327, test: 327
2026-09-08 19:15:54,740 - root - INFO - Simplicies train: 3909, test: 3909
2026-09-08 19:15:54,914 - root - INFO - Channel rayleigh at 0.0 dB: test projection edges 3806 -> 5408
2026-09-08 19:15:54,914 - root - INFO - Start computing cliques
2026-09-08 19:15:54,914 - root - INFO - Couldn't find cache for max cliques train
2026-09-08 19:15:54,936 - root - INFO - Number of maximum cliques:3513
2026-09-08 19:15:54,979 - root - INFO - Couldn't find cache for max cliques test
2026-09-08 19:15:55,003 - root - INFO - Number of maximum cliques:4988
2026-09-08 19:15:55,034 - root - INFO - test nodes 327 hyperedges 3909 avg size 2.3210539779994885 std 0.5232084288484576 avg degree 27.74617737003058 max cliques 4988
2026-09-08 19:15:55,034 - root - INFO - Breakdown of test hyperedges (max+small) 52 + 3857
2026-09-08 19:15:55,034 - root - INFO - Intersection 34 out of 2070 4988
2026-09-08 19:15:55,034 - root - INFO - support cliques train:970 - test: 2070
2026-09-08 19:15:55,034 - root - INFO - Optimizing clique sampler .. 
2026-09-08 19:15:55,039 - root - INFO - Found cache for rho.
2026-09-08 19:15:55,043 - root - INFO - [(2, 2), (3, 2), (4, 2), (11, 2), (5, 2), (4, 3), (3, 3), (11, 3), (5, 3), (9, 2), (6, 3), (4, 4), (6, 2), (9, 3)]
2026-09-08 19:15:55,043 - root - INFO - Optimize Clique Sampler: #hyperedges collected:3568, recall: 0.9127654131491431, efficiency:0.05946666666666667
2026-09-08 19:15:55,109 - root - INFO - Clique analysis done.
2026-09-08 19:15:55,117 - root - INFO - train: 14680 unique candidates out of 59994 sampled candidates
2026-09-08 19:15:55,264 - root - INFO - test: 16364 unique candidates out of 43221 sampled candidates
2026-09-08 19:15:55,402 - root - INFO - test max cliques 4988, nested cliques 12157
2026-09-08 19:15:55,402 - root - INFO - test real max cliques in search universe: 52
2026-09-08 19:15:55,403 - root - INFO - test real smaller cliques in search universe: 2403 2403
2026-09-08 19:15:57,986 - root - INFO - Our Performance: precision 0.3794, recall 0.5242, f1 0.4402 jaccard 0.2822
2026-09-08 19:15:57,986 - root - INFO - Baseline: Bayesian-MDL skipped (disabled for this runtime).
2026-09-08 19:15:57,986 - root - INFO - Baseline: Max Clique precision 0.0104, recall 0.0133, f1 0.0117, jaccard 0.0059 
2026-09-08 19:15:58,139 - root - INFO - Baseline: ECC precision 0.0757, recall 0.0399, f1 0.0523, jaccard 0.0268 
2026-09-08 19:15:58,884 - root - INFO - Baseline: Demon precision 0.0345, recall 0.0059, f1 0.0101, jaccard 0.0051 
2026-09-08 19:15:58,884 - root - INFO - Baseline: CFinder skipped (disabled for channel-SNR benchmark).
