2026-09-08 19:16:20,991 - root - INFO - Create log file at log/school2/school2-60000-cou-1788866180.9913557.log
2026-09-08 19:16:20,991 - root - INFO - Command line executed: python main.py --dataset school2 --beta 60000 --features count --channel rayleigh --snr_db 18
2026-09-08 19:16:20,991 - root - INFO - Full args parsed:
2026-09-08 19:16:20,991 - root - INFO - Namespace(dataset='school2', beta=60000, features='count', model='mlp', epochs=2000, lr=0.0001, setting='f', label_rate=0.1, ablation=0, seed=123, use_c=1, jobs=1, save_features=0, data_dir='./data/', log_dir='log', downsample=0, max_child_size=1, ext=0, channel='rayleigh', snr_db=18.0, channel_seed=123, max_background_pairs=10000)
2026-09-08 19:16:21,015 - root - INFO - Finish loading graphs.
2026-09-08 19:16:21,015 - root - INFO - Nodes train: 327, test: 327
2026-09-08 19:16:21,015 - root - INFO - Simplicies train: 3909, test: 3909
2026-09-08 19:16:21,187 - root - INFO - Channel rayleigh at 18.0 dB: test projection edges 3806 -> 3898
2026-09-08 19:16:21,187 - root - INFO - Start computing cliques
2026-09-08 19:16:21,187 - root - INFO - Couldn't find cache for max cliques train
2026-09-08 19:16:21,209 - root - INFO - Number of maximum cliques:3513
2026-09-08 19:16:21,254 - root - INFO - Couldn't find cache for max cliques test
2026-09-08 19:16:21,275 - root - INFO - Number of maximum cliques:3427
2026-09-08 19:16:21,313 - root - INFO - test nodes 327 hyperedges 3909 avg size 2.3210539779994885 std 0.5232084288484576 avg degree 27.74617737003058 max cliques 3427
2026-09-08 19:16:21,313 - root - INFO - Breakdown of test hyperedges (max+small) 152 + 3757
2026-09-08 19:16:21,313 - root - INFO - Intersection 141 out of 1086 3427
2026-09-08 19:16:21,313 - root - INFO - support cliques train:970 - test: 1086
2026-09-08 19:16:21,313 - root - INFO - Optimizing clique sampler .. 
2026-09-08 19:16:21,318 - root - INFO - Found cache for rho.
2026-09-08 19:16:21,323 - root - INFO - [(2, 2), (3, 2), (4, 2), (11, 2), (5, 2), (4, 3), (3, 3), (11, 3), (5, 3), (9, 2), (6, 3), (4, 4), (6, 2), (9, 3)]
2026-09-08 19:16:21,323 - root - INFO - Optimize Clique Sampler: #hyperedges collected:3568, recall: 0.9127654131491431, efficiency:0.05946666666666667
2026-09-08 19:16:21,380 - root - INFO - Clique analysis done.
2026-09-08 19:16:21,388 - root - INFO - train: 14680 unique candidates out of 59994 sampled candidates
2026-09-08 19:16:21,537 - root - INFO - test: 14371 unique candidates out of 54814 sampled candidates
2026-09-08 19:16:21,667 - root - INFO - test max cliques 3427, nested cliques 13270
2026-09-08 19:16:21,667 - root - INFO - test real max cliques in search universe: 152
2026-09-08 19:16:21,668 - root - INFO - test real smaller cliques in search universe: 3374 3374
2026-09-08 19:16:24,230 - root - INFO - Our Performance: precision 0.6930, recall 0.6766, f1 0.6847 jaccard 0.5206
2026-09-08 19:16:24,230 - root - INFO - Baseline: Bayesian-MDL skipped (disabled for this runtime).
2026-09-08 19:16:24,230 - root - INFO - Baseline: Max Clique precision 0.0444, recall 0.0389, f1 0.0414, jaccard 0.0212 
2026-09-08 19:16:24,254 - root - INFO - Baseline: ECC precision 0.2835, recall 0.0780, f1 0.1224, jaccard 0.0652 
2026-09-08 19:16:24,817 - root - INFO - Baseline: Demon precision 0.2172, recall 0.0297, f1 0.0522, jaccard 0.0268 
2026-09-08 19:16:24,817 - root - INFO - Baseline: CFinder skipped (disabled for channel-SNR benchmark).
