2026-09-08 04:38:45,924 - root - INFO - Create log file at log/foursquare/foursquare-20000-cou-1788813525.9245076.log
2026-09-08 04:38:45,924 - root - INFO - Command line executed: python main.py --dataset foursquare --beta 20000 --features count --channel awgn --snr_db 20
2026-09-08 04:38:45,924 - root - INFO - Full args parsed:
2026-09-08 04:38:45,924 - root - INFO - Namespace(dataset='foursquare', beta=20000, features='count', model='mlp', epochs=2000, lr=0.0001, setting='f', label_rate=0.1, ablation=0, seed=123, use_c=1, jobs=1, save_features=0, data_dir='./data/', log_dir='log', downsample=0, max_child_size=1, ext=0, channel='awgn', snr_db=20.0, channel_seed=123, max_background_pairs=10000)
2026-09-08 04:38:45,992 - root - INFO - Finish loading graphs.
2026-09-08 04:38:45,992 - root - INFO - Nodes train: 2356, test: 2334
2026-09-08 04:38:45,992 - root - INFO - Simplicies train: 1026, test: 1019
2026-09-08 04:38:46,561 - root - INFO - Channel awgn at 20.0 dB: test projection edges 38292 -> 38292
2026-09-08 04:38:46,561 - root - INFO - Start computing cliques
2026-09-08 04:38:46,561 - root - INFO - Couldn't find cache for max cliques train
2026-09-08 04:38:46,811 - root - INFO - Number of maximum cliques:9267
2026-09-08 04:38:46,925 - root - INFO - Couldn't find cache for max cliques test
2026-09-08 04:38:47,137 - root - INFO - Number of maximum cliques:8135
2026-09-08 04:38:47,236 - root - INFO - test nodes 2334 hyperedges 1019 avg size 6.426889106967615 std 6.4961151853204555 avg degree 2.8059125964010283 max cliques 8135
2026-09-08 04:38:47,237 - root - INFO - Breakdown of test hyperedges (max+small) 803 + 216
2026-09-08 04:38:47,237 - root - INFO - Intersection 794 out of 902 8135
2026-09-08 04:38:47,237 - root - INFO - support cliques train:930 - test: 902
2026-09-08 04:38:47,237 - root - INFO - Optimizing clique sampler .. 
2026-09-08 04:38:47,245 - root - INFO - Found cache for rho.
2026-09-08 04:38:47,250 - root - INFO - [(52, 52), (44, 44), (39, 39), (37, 37), (36, 36), (35, 35), (32, 32), (31, 31), (30, 30), (27, 27), (26, 26), (25, 25), (24, 24), (23, 23), (22, 22), (21, 21), (20, 20), (19, 19), (18, 18), (17, 17), (2, 2), (1, 1), (14, 14), (16, 16), (15, 15), (13, 13), (11, 11), (12, 12), (10, 10), (9, 9), (35, 1), (8, 8), (52, 1), (31, 1), (7, 7), (23, 1), (39, 1), (27, 1), (3, 3), (2, 1), (20, 1), (6, 6), (21, 1), (5, 5), (22, 1), (24, 1), (30, 1), (4, 4), (36, 1), (44, 1), (14, 1), (25, 1), (32, 1), (11, 1), (3, 2), (16, 1), (17, 1), (12, 1), (15, 1), (10, 1), (13, 1), (35, 2), (9, 1)]
2026-09-08 04:38:47,250 - root - INFO - Optimize Clique Sampler: #hyperedges collected:967, recall: 0.942495126705653, efficiency:0.04835
2026-09-08 04:38:47,315 - root - INFO - Clique analysis done.
2026-09-08 04:38:47,454 - root - INFO - train: 15502 unique candidates out of 19994 sampled candidates
2026-09-08 04:38:48,008 - root - INFO - test: 13104 unique candidates out of 16166 sampled candidates
2026-09-08 04:38:48,568 - root - INFO - test max cliques 8135, nested cliques 4976
2026-09-08 04:38:48,569 - root - INFO - test real max cliques in search universe: 803
2026-09-08 04:38:48,569 - root - INFO - test real smaller cliques in search universe: 141 141
2026-09-08 04:38:50,568 - root - INFO - Our Performance: precision 0.9688, recall 0.7605, f1 0.8521 jaccard 0.7423
2026-09-08 04:38:50,568 - root - INFO - Baseline: Bayesian-MDL skipped (disabled for this runtime).
2026-09-08 04:38:50,569 - root - INFO - Baseline: Max Clique precision 0.0987, recall 0.7880, f1 0.1754, jaccard 0.0962 
2026-09-08 04:38:50,737 - root - INFO - Baseline: ECC precision 0.9666, recall 0.8224, f1 0.8887, jaccard 0.7996 
2026-09-08 04:39:02,363 - root - INFO - Baseline: Demon precision 0.2684, recall 0.2797, f1 0.2739, jaccard 0.1587 
2026-09-08 04:39:29,040 - root - INFO - Baseline: CFinder (k=2) precision 0.8000, recall 0.0039, f1 0.0078, jaccard 0.0039 
