2026-09-08 13:52:03,111 - root - INFO - Create log file at log/foursquare/foursquare-20000-cou-1788846723.1116714.log
2026-09-08 13:52:03,112 - root - INFO - Command line executed: python main.py --dataset foursquare --beta 20000 --features count --channel rayleigh --snr_db 8
2026-09-08 13:52:03,112 - root - INFO - Full args parsed:
2026-09-08 13:52:03,112 - root - INFO - Namespace(dataset='foursquare', beta=20000, features='count', model='mlp', epochs=2000, lr=0.0001, setting='f', label_rate=0.1, ablation=0, seed=123, use_c=1, jobs=1, save_features=0, data_dir='./data/', log_dir='log', downsample=0, max_child_size=1, ext=0, channel='rayleigh', snr_db=8.0, channel_seed=123, max_background_pairs=10000)
2026-09-08 13:52:03,177 - root - INFO - Finish loading graphs.
2026-09-08 13:52:03,177 - root - INFO - Nodes train: 2356, test: 2334
2026-09-08 13:52:03,177 - root - INFO - Simplicies train: 1026, test: 1019
2026-09-08 13:52:03,783 - root - INFO - Channel rayleigh at 8.0 dB: test projection edges 38292 -> 35029
2026-09-08 13:52:03,784 - root - INFO - Start computing cliques
2026-09-08 13:52:03,784 - root - INFO - Couldn't find cache for max cliques train
2026-09-08 13:52:04,032 - root - INFO - Number of maximum cliques:9267
2026-09-08 13:52:04,152 - root - INFO - Couldn't find cache for max cliques test
2026-09-08 13:54:52,035 - root - INFO - Number of maximum cliques:28222821
2026-09-08 14:56:06,039 - root - INFO - test nodes 2334 hyperedges 1019 avg size 6.426889106967615 std 6.4961151853204555 avg degree 2.8059125964010283 max cliques 28222821
2026-09-08 14:56:06,041 - root - INFO - Breakdown of test hyperedges (max+small) 255 + 764
2026-09-08 14:56:06,041 - root - INFO - Intersection 252 out of 4340 28222821
2026-09-08 14:56:06,041 - root - INFO - support cliques train:930 - test: 4340
2026-09-08 14:56:06,041 - root - INFO - Optimizing clique sampler .. 
2026-09-08 14:56:06,049 - root - INFO - Found cache for rho.
2026-09-08 14:56:06,054 - root - INFO - [(52, 52), (44, 44), (39, 39), (37, 37), (36, 36), (35, 35), (32, 32), (31, 31), (30, 30), (27, 27), (26, 26), (25, 25), (24, 24), (23, 23), (22, 22), (21, 21), (20, 20), (19, 19), (18, 18), (17, 17), (2, 2), (1, 1), (14, 14), (16, 16), (15, 15), (13, 13), (11, 11), (12, 12), (10, 10), (9, 9), (35, 1), (8, 8), (52, 1), (31, 1), (7, 7), (23, 1), (39, 1), (27, 1), (3, 3), (2, 1), (20, 1), (6, 6), (21, 1), (5, 5), (22, 1), (24, 1), (30, 1), (4, 4), (36, 1), (44, 1), (14, 1), (25, 1), (32, 1), (11, 1), (3, 2), (16, 1), (17, 1), (12, 1), (15, 1), (10, 1), (13, 1), (35, 2), (9, 1)]
2026-09-08 14:56:06,054 - root - INFO - Optimize Clique Sampler: #hyperedges collected:967, recall: 0.942495126705653, efficiency:0.04835
2026-09-08 15:11:10,927 - root - INFO - Clique analysis done.
2026-09-08 15:11:10,934 - root - INFO - train: 15502 unique candidates out of 19994 sampled candidates
2026-09-08 15:13:16,932 - root - INFO - test: 28229513 unique candidates out of 403121921 sampled candidates
2026-09-08 15:50:26,300 - root - INFO - test max cliques 28222821, nested cliques 6692
2026-09-08 15:50:26,307 - root - INFO - test real max cliques in search universe: 255
2026-09-08 15:50:26,308 - root - INFO - test real smaller cliques in search universe: 157 157
2026-09-08 15:51:16,762 - root - INFO - Our Performance: precision 0.0000, recall 0.3749, f1 0.0001 jaccard 0.0000
2026-09-08 15:51:16,762 - root - INFO - Baseline: Bayesian-MDL skipped (disabled for this runtime).
2026-09-08 15:51:19,167 - root - INFO - Baseline: Max Clique precision 0.0000, recall 0.2502, f1 0.0000, jaccard 0.0000 
2026-09-08 15:51:25,045 - root - INFO - Baseline: ECC precision 0.0639, recall 0.2610, f1 0.1027, jaccard 0.0541 
2026-09-08 15:51:41,145 - root - INFO - Baseline: Demon precision 0.1154, recall 0.3405, f1 0.1723, jaccard 0.0943 
2026-09-08 15:51:41,145 - root - INFO - Baseline: CFinder skipped (disabled for channel-SNR benchmark).
