2026-09-07 20:02:27,229 - root - INFO - Create log file at log/foursquare/foursquare-20000-cou-1788782547.2288382.log
2026-09-07 20:02:27,229 - root - INFO - Command line executed: python main.py --dataset foursquare --beta 20000 --features count --channel rayleigh --snr_db 0
2026-09-07 20:02:27,229 - root - INFO - Full args parsed:
2026-09-07 20:02:27,229 - root - INFO - Namespace(dataset='foursquare', beta=20000, features='count', model='mlp', epochs=2000, lr=0.0001, setting='f', label_rate=0.1, ablation=0, seed=123, use_c=1, jobs=1, save_features=0, data_dir='./data/', log_dir='log', downsample=0, max_child_size=1, ext=0, channel='rayleigh', snr_db=0.0, channel_seed=123, max_background_pairs=10000)
2026-09-07 20:02:27,293 - root - INFO - Finish loading graphs.
2026-09-07 20:02:27,293 - root - INFO - Nodes train: 2356, test: 2334
2026-09-07 20:02:27,293 - root - INFO - Simplicies train: 1026, test: 1019
2026-09-07 20:02:28,335 - root - INFO - Channel rayleigh at 0.0 dB: test projection edges 38292 -> 31206
2026-09-07 20:02:28,335 - root - INFO - Start computing cliques
2026-09-07 20:02:28,335 - root - INFO - Couldn't find cache for max cliques train
2026-09-07 20:02:28,584 - root - INFO - Number of maximum cliques:9267
2026-09-07 20:02:28,695 - root - INFO - Couldn't find cache for max cliques test
2026-09-07 20:02:31,139 - root - INFO - Number of maximum cliques:400803
2026-09-07 20:02:44,969 - root - INFO - test nodes 2334 hyperedges 1019 avg size 6.426889106967615 std 6.4961151853204555 avg degree 2.8059125964010283 max cliques 400803
2026-09-07 20:02:44,971 - root - INFO - Breakdown of test hyperedges (max+small) 139 + 880
2026-09-07 20:02:44,971 - root - INFO - Intersection 139 out of 7216 400803
2026-09-07 20:02:44,971 - root - INFO - support cliques train:930 - test: 7216
2026-09-07 20:02:44,971 - root - INFO - Optimizing clique sampler .. 
2026-09-07 20:02:44,979 - root - INFO - Found cache for rho.
2026-09-07 20:02:44,984 - root - INFO - [(52, 52), (44, 44), (39, 39), (37, 37), (36, 36), (35, 35), (32, 32), (31, 31), (30, 30), (27, 27), (26, 26), (25, 25), (24, 24), (23, 23), (22, 22), (21, 21), (20, 20), (19, 19), (18, 18), (17, 17), (2, 2), (1, 1), (14, 14), (16, 16), (15, 15), (13, 13), (11, 11), (12, 12), (10, 10), (9, 9), (35, 1), (8, 8), (52, 1), (31, 1), (7, 7), (23, 1), (39, 1), (27, 1), (3, 3), (2, 1), (20, 1), (6, 6), (21, 1), (5, 5), (22, 1), (24, 1), (30, 1), (4, 4), (36, 1), (44, 1), (14, 1), (25, 1), (32, 1), (11, 1), (3, 2), (16, 1), (17, 1), (12, 1), (15, 1), (10, 1), (13, 1), (35, 2), (9, 1)]
2026-09-07 20:02:44,984 - root - INFO - Optimize Clique Sampler: #hyperedges collected:967, recall: 0.942495126705653, efficiency:0.04835
2026-09-07 20:02:49,971 - root - INFO - Clique analysis done.
2026-09-07 20:02:49,977 - root - INFO - train: 15502 unique candidates out of 19994 sampled candidates
2026-09-07 20:02:51,517 - root - INFO - test: 409461 unique candidates out of 4308297 sampled candidates
2026-09-07 20:03:01,656 - root - INFO - test max cliques 400803, nested cliques 8658
2026-09-07 20:03:01,656 - root - INFO - test real max cliques in search universe: 139
2026-09-07 20:03:01,657 - root - INFO - test real smaller cliques in search universe: 171 171
2026-09-07 20:03:04,328 - root - INFO - Our Performance: precision 0.0033, recall 0.1305, f1 0.0064 jaccard 0.0032
2026-09-07 20:03:04,328 - root - INFO - Baseline: Bayesian-MDL skipped (disabled for this runtime).
2026-09-07 20:03:04,342 - root - INFO - Baseline: Max Clique precision 0.0003, recall 0.1364, f1 0.0007, jaccard 0.0003 
2026-09-07 20:03:04,545 - root - INFO - Baseline: ECC precision 0.0217, recall 0.1492, f1 0.0379, jaccard 0.0193 
2026-09-07 20:03:26,734 - root - INFO - Baseline: Demon precision 0.0344, recall 0.1816, f1 0.0579, jaccard 0.0298 
