2026-09-07 22:35:08,427 - root - INFO - Create log file at log/foursquare/foursquare-20000-cou-1788791708.4276025.log
2026-09-07 22:35:08,428 - root - INFO - Command line executed: python main.py --dataset foursquare --beta 20000 --features count --channel rayleigh --snr_db 10
2026-09-07 22:35:08,428 - root - INFO - Full args parsed:
2026-09-07 22:35:08,428 - root - INFO - Namespace(dataset='foursquare', beta=20000, features='count', model='mlp', epochs=2000, lr=0.0001, setting='f', label_rate=0.1, ablation=0, seed=123, use_c=1, jobs=1, save_features=0, data_dir='./data/', log_dir='log', downsample=0, max_child_size=1, ext=0, channel='rayleigh', snr_db=10.0, channel_seed=123, max_background_pairs=10000)
2026-09-07 22:35:08,495 - root - INFO - Finish loading graphs.
2026-09-07 22:35:08,495 - root - INFO - Nodes train: 2356, test: 2334
2026-09-07 22:35:08,495 - root - INFO - Simplicies train: 1026, test: 1019
2026-09-07 22:35:09,106 - root - INFO - Channel rayleigh at 10.0 dB: test projection edges 38292 -> 35875
2026-09-07 22:35:09,106 - root - INFO - Start computing cliques
2026-09-07 22:35:09,106 - root - INFO - Couldn't find cache for max cliques train
2026-09-07 22:35:09,352 - root - INFO - Number of maximum cliques:9267
2026-09-07 22:35:09,469 - root - INFO - Couldn't find cache for max cliques test
2026-09-07 22:45:38,336 - root - INFO - Number of maximum cliques:101724859
2026-09-08 04:08:25,979 - root - INFO - test nodes 2334 hyperedges 1019 avg size 6.426889106967615 std 6.4961151853204555 avg degree 2.8059125964010283 max cliques 101724859
2026-09-08 04:08:25,997 - root - INFO - Breakdown of test hyperedges (max+small) 306 + 713
2026-09-08 04:08:25,998 - root - INFO - Intersection 302 out of 3663 101724859
2026-09-08 04:08:25,998 - root - INFO - support cliques train:930 - test: 3663
2026-09-08 04:08:25,998 - root - INFO - Optimizing clique sampler .. 
2026-09-08 04:08:26,009 - root - INFO - Found cache for rho.
2026-09-08 04:08:41,339 - root - INFO - [(52, 52), (44, 44), (39, 39), (37, 37), (36, 36), (35, 35), (32, 32), (31, 31), (30, 30), (27, 27), (26, 26), (25, 25), (24, 24), (23, 23), (22, 22), (21, 21), (20, 20), (19, 19), (18, 18), (17, 17), (2, 2), (1, 1), (14, 14), (16, 16), (15, 15), (13, 13), (11, 11), (12, 12), (10, 10), (9, 9), (35, 1), (8, 8), (52, 1), (31, 1), (7, 7), (23, 1), (39, 1), (27, 1), (3, 3), (2, 1), (20, 1), (6, 6), (21, 1), (5, 5), (22, 1), (24, 1), (30, 1), (4, 4), (36, 1), (44, 1), (14, 1), (25, 1), (32, 1), (11, 1), (3, 2), (16, 1), (17, 1), (12, 1), (15, 1), (10, 1), (13, 1), (35, 2), (9, 1)]
2026-09-08 04:08:41,340 - root - INFO - Optimize Clique Sampler: #hyperedges collected:967, recall: 0.942495126705653, efficiency:0.04835
