2026-09-08 13:49:31,047 - root - INFO - Create log file at log/foursquare/foursquare-20000-cou-1788846571.0469677.log
2026-09-08 13:49:31,047 - root - INFO - Command line executed: python main.py --dataset foursquare --beta 20000 --features count --channel rayleigh --snr_db 4
2026-09-08 13:49:31,047 - root - INFO - Full args parsed:
2026-09-08 13:49:31,047 - root - INFO - Namespace(dataset='foursquare', beta=20000, features='count', model='mlp', epochs=2000, lr=0.0001, setting='f', label_rate=0.1, ablation=0, seed=123, use_c=1, jobs=1, save_features=0, data_dir='./data/', log_dir='log', downsample=0, max_child_size=1, ext=0, channel='rayleigh', snr_db=4.0, channel_seed=123, max_background_pairs=10000)
2026-09-08 13:49:31,119 - root - INFO - Finish loading graphs.
2026-09-08 13:49:31,119 - root - INFO - Nodes train: 2356, test: 2334
2026-09-08 13:49:31,119 - root - INFO - Simplicies train: 1026, test: 1019
2026-09-08 13:49:31,721 - root - INFO - Channel rayleigh at 4.0 dB: test projection edges 38292 -> 33170
2026-09-08 13:49:31,721 - root - INFO - Start computing cliques
2026-09-08 13:49:31,721 - root - INFO - Couldn't find cache for max cliques train
2026-09-08 13:49:31,967 - root - INFO - Number of maximum cliques:9267
2026-09-08 13:49:32,085 - root - INFO - Couldn't find cache for max cliques test
2026-09-08 13:49:47,498 - root - INFO - Number of maximum cliques:2571559
2026-09-08 13:52:38,533 - root - INFO - test nodes 2334 hyperedges 1019 avg size 6.426889106967615 std 6.4961151853204555 avg degree 2.8059125964010283 max cliques 2571559
2026-09-08 13:52:38,534 - root - INFO - Breakdown of test hyperedges (max+small) 172 + 847
2026-09-08 13:52:38,534 - root - INFO - Intersection 170 out of 5753 2571559
2026-09-08 13:52:38,534 - root - INFO - support cliques train:930 - test: 5753
2026-09-08 13:52:38,534 - root - INFO - Optimizing clique sampler .. 
2026-09-08 13:52:38,542 - root - INFO - Found cache for rho.
2026-09-08 13:52:38,547 - root - INFO - [(52, 52), (44, 44), (39, 39), (37, 37), (36, 36), (35, 35), (32, 32), (31, 31), (30, 30), (27, 27), (26, 26), (25, 25), (24, 24), (23, 23), (22, 22), (21, 21), (20, 20), (19, 19), (18, 18), (17, 17), (2, 2), (1, 1), (14, 14), (16, 16), (15, 15), (13, 13), (11, 11), (12, 12), (10, 10), (9, 9), (35, 1), (8, 8), (52, 1), (31, 1), (7, 7), (23, 1), (39, 1), (27, 1), (3, 3), (2, 1), (20, 1), (6, 6), (21, 1), (5, 5), (22, 1), (24, 1), (30, 1), (4, 4), (36, 1), (44, 1), (14, 1), (25, 1), (32, 1), (11, 1), (3, 2), (16, 1), (17, 1), (12, 1), (15, 1), (10, 1), (13, 1), (35, 2), (9, 1)]
2026-09-08 13:52:38,547 - root - INFO - Optimize Clique Sampler: #hyperedges collected:967, recall: 0.942495126705653, efficiency:0.04835
2026-09-08 13:53:29,499 - root - INFO - Clique analysis done.
2026-09-08 13:53:29,506 - root - INFO - train: 15502 unique candidates out of 19994 sampled candidates
2026-09-08 13:53:39,194 - root - INFO - test: 2579267 unique candidates out of 38501822 sampled candidates
2026-09-08 13:55:31,160 - root - INFO - test max cliques 2571559, nested cliques 7708
2026-09-08 13:55:31,161 - root - INFO - test real max cliques in search universe: 172
2026-09-08 13:55:31,162 - root - INFO - test real smaller cliques in search universe: 174 174
2026-09-08 13:55:37,331 - root - INFO - Our Performance: precision 0.0004, recall 0.2071, f1 0.0008 jaccard 0.0004
2026-09-08 13:55:37,332 - root - INFO - Baseline: Bayesian-MDL skipped (disabled for this runtime).
2026-09-08 13:55:37,478 - root - INFO - Baseline: Max Clique precision 0.0001, recall 0.1688, f1 0.0001, jaccard 0.0001 
2026-09-08 13:55:37,760 - root - INFO - Baseline: ECC precision 0.0324, recall 0.1766, f1 0.0547, jaccard 0.0281 
2026-09-08 13:55:56,725 - root - INFO - Baseline: Demon precision 0.0673, recall 0.2777, f1 0.1083, jaccard 0.0572 
2026-09-08 13:55:56,725 - root - INFO - Baseline: CFinder skipped (disabled for channel-SNR benchmark).
