2026-09-07 20:02:29,564 - root - INFO - Create log file at log/foursquare/foursquare-20000-cou-1788782549.5644276.log
2026-09-07 20:02:29,564 - root - INFO - Command line executed: python main.py --dataset foursquare --beta 20000 --features count --channel rayleigh --snr_db 2
2026-09-07 20:02:29,564 - root - INFO - Full args parsed:
2026-09-07 20:02:29,564 - root - INFO - Namespace(dataset='foursquare', beta=20000, features='count', model='mlp', epochs=2000, lr=0.0001, setting='f', label_rate=0.1, ablation=0, seed=123, use_c=1, jobs=1, save_features=0, data_dir='./data/', log_dir='log', downsample=0, max_child_size=1, ext=0, channel='rayleigh', snr_db=2.0, channel_seed=123, max_background_pairs=10000)
2026-09-07 20:02:29,629 - root - INFO - Finish loading graphs.
2026-09-07 20:02:29,629 - root - INFO - Nodes train: 2356, test: 2334
2026-09-07 20:02:29,629 - root - INFO - Simplicies train: 1026, test: 1019
2026-09-07 20:02:30,662 - root - INFO - Channel rayleigh at 2.0 dB: test projection edges 38292 -> 32252
2026-09-07 20:02:30,662 - root - INFO - Start computing cliques
2026-09-07 20:02:30,662 - root - INFO - Couldn't find cache for max cliques train
2026-09-07 20:02:30,912 - root - INFO - Number of maximum cliques:9267
2026-09-07 20:02:31,020 - root - INFO - Couldn't find cache for max cliques test
2026-09-07 20:02:36,664 - root - INFO - Number of maximum cliques:956405
2026-09-07 20:03:19,111 - root - INFO - test nodes 2334 hyperedges 1019 avg size 6.426889106967615 std 6.4961151853204555 avg degree 2.8059125964010283 max cliques 956405
2026-09-07 20:03:19,113 - root - INFO - Breakdown of test hyperedges (max+small) 157 + 862
2026-09-07 20:03:19,113 - root - INFO - Intersection 156 out of 6509 956405
2026-09-07 20:03:19,113 - root - INFO - support cliques train:930 - test: 6509
2026-09-07 20:03:19,113 - root - INFO - Optimizing clique sampler .. 
2026-09-07 20:03:19,121 - root - INFO - Found cache for rho.
2026-09-07 20:03:19,127 - root - INFO - [(52, 52), (44, 44), (39, 39), (37, 37), (36, 36), (35, 35), (32, 32), (31, 31), (30, 30), (27, 27), (26, 26), (25, 25), (24, 24), (23, 23), (22, 22), (21, 21), (20, 20), (19, 19), (18, 18), (17, 17), (2, 2), (1, 1), (14, 14), (16, 16), (15, 15), (13, 13), (11, 11), (12, 12), (10, 10), (9, 9), (35, 1), (8, 8), (52, 1), (31, 1), (7, 7), (23, 1), (39, 1), (27, 1), (3, 3), (2, 1), (20, 1), (6, 6), (21, 1), (5, 5), (22, 1), (24, 1), (30, 1), (4, 4), (36, 1), (44, 1), (14, 1), (25, 1), (32, 1), (11, 1), (3, 2), (16, 1), (17, 1), (12, 1), (15, 1), (10, 1), (13, 1), (35, 2), (9, 1)]
2026-09-07 20:03:19,127 - root - INFO - Optimize Clique Sampler: #hyperedges collected:967, recall: 0.942495126705653, efficiency:0.04835
2026-09-07 20:03:32,877 - root - INFO - Clique analysis done.
2026-09-07 20:03:32,884 - root - INFO - train: 15502 unique candidates out of 19994 sampled candidates
2026-09-07 20:03:35,806 - root - INFO - test: 964635 unique candidates out of 12045127 sampled candidates
2026-09-07 20:04:05,005 - root - INFO - test max cliques 956405, nested cliques 8230
2026-09-07 20:04:05,006 - root - INFO - test real max cliques in search universe: 157
2026-09-07 20:04:05,007 - root - INFO - test real smaller cliques in search universe: 171 171
2026-09-07 20:04:08,387 - root - INFO - Our Performance: precision 0.0010, recall 0.1501, f1 0.0019 jaccard 0.0010
2026-09-07 20:04:08,387 - root - INFO - Baseline: Bayesian-MDL skipped (disabled for this runtime).
2026-09-07 20:04:08,418 - root - INFO - Baseline: Max Clique precision 0.0002, recall 0.1541, f1 0.0003, jaccard 0.0002 
2026-09-07 20:04:08,730 - root - INFO - Baseline: ECC precision 0.0272, recall 0.1678, f1 0.0468, jaccard 0.0239 
2026-09-07 20:04:29,750 - root - INFO - Baseline: Demon precision 0.0484, recall 0.2267, f1 0.0797, jaccard 0.0415 
