2026-09-07 19:38:49,517 - root - INFO - Create log file at log/foursquare/foursquare-20000-cou-1788781129.517721.log
2026-09-07 19:38:49,518 - root - INFO - Command line executed: python main.py --dataset foursquare --beta 20000 --features count --channel awgn --snr_db 4
2026-09-07 19:38:49,518 - root - INFO - Full args parsed:
2026-09-07 19:38:49,518 - root - INFO - Namespace(dataset='foursquare', beta=20000, features='count', model='mlp', epochs=2000, lr=0.0001, setting='f', label_rate=0.1, ablation=0, seed=123, use_c=1, jobs=1, save_features=0, data_dir='./data/', log_dir='log', downsample=0, max_child_size=1, ext=0, channel='awgn', snr_db=4.0, channel_seed=123, max_background_pairs=10000)
2026-09-07 19:38:49,583 - root - INFO - Finish loading graphs.
2026-09-07 19:38:49,583 - root - INFO - Nodes train: 2356, test: 2334
2026-09-07 19:38:49,583 - root - INFO - Simplicies train: 1026, test: 1019
2026-09-07 19:38:50,605 - root - INFO - Channel awgn at 4.0 dB: test projection edges 38292 -> 34709
2026-09-07 19:38:50,605 - root - INFO - Start computing cliques
2026-09-07 19:38:50,605 - root - INFO - Couldn't find cache for max cliques train
2026-09-07 19:38:50,856 - root - INFO - Number of maximum cliques:9267
2026-09-07 19:38:50,966 - root - INFO - Couldn't find cache for max cliques test
2026-09-07 19:40:14,809 - root - INFO - Number of maximum cliques:14838970
2026-09-07 20:03:46,771 - root - INFO - test nodes 2334 hyperedges 1019 avg size 6.426889106967615 std 6.4961151853204555 avg degree 2.8059125964010283 max cliques 14838970
2026-09-07 20:03:46,773 - root - INFO - Breakdown of test hyperedges (max+small) 239 + 780
2026-09-07 20:03:46,774 - root - INFO - Intersection 235 out of 4693 14838970
2026-09-07 20:03:46,774 - root - INFO - support cliques train:930 - test: 4693
2026-09-07 20:03:46,774 - root - INFO - Optimizing clique sampler .. 
2026-09-07 20:03:46,782 - root - INFO - Found cache for rho.
2026-09-07 20:03:46,787 - root - INFO - [(52, 52), (44, 44), (39, 39), (37, 37), (36, 36), (35, 35), (32, 32), (31, 31), (30, 30), (27, 27), (26, 26), (25, 25), (24, 24), (23, 23), (22, 22), (21, 21), (20, 20), (19, 19), (18, 18), (17, 17), (2, 2), (1, 1), (14, 14), (16, 16), (15, 15), (13, 13), (11, 11), (12, 12), (10, 10), (9, 9), (35, 1), (8, 8), (52, 1), (31, 1), (7, 7), (23, 1), (39, 1), (27, 1), (3, 3), (2, 1), (20, 1), (6, 6), (21, 1), (5, 5), (22, 1), (24, 1), (30, 1), (4, 4), (36, 1), (44, 1), (14, 1), (25, 1), (32, 1), (11, 1), (3, 2), (16, 1), (17, 1), (12, 1), (15, 1), (10, 1), (13, 1), (35, 2), (9, 1)]
2026-09-07 20:03:46,787 - root - INFO - Optimize Clique Sampler: #hyperedges collected:967, recall: 0.942495126705653, efficiency:0.04835
2026-09-07 20:09:12,105 - root - INFO - Clique analysis done.
2026-09-07 20:09:12,114 - root - INFO - train: 15502 unique candidates out of 19994 sampled candidates
2026-09-07 20:10:04,747 - root - INFO - test: 14845969 unique candidates out of 159732213 sampled candidates
