INFO:root:Create log file at log/crime/crime-1000-cou-1788866203.3460138.log
INFO:root:Command line executed: python main.py --dataset crime --beta 1000 --features count --channel rayleigh --snr_db 0
INFO:root:Full args parsed:
INFO:root:Namespace(dataset='crime', beta=1000, features='count', model='mlp', epochs=2000, lr=0.0001, setting='f', label_rate=0.1, ablation=0, seed=123, use_c=1, jobs=1, save_features=0, data_dir='./data/', log_dir='log', downsample=0, max_child_size=1, ext=0, channel='rayleigh', snr_db=0.0, channel_seed=123, max_background_pairs=10000)
INFO:root:Finish loading graphs.
INFO:root:Nodes train: 467, test: 510
INFO:root:Simplicies train: 243, test: 256
INFO:root:Channel rayleigh at 0.0 dB: test projection edges 1362 -> 3568
INFO:root:Start computing cliques
INFO:root:Couldn't find cache for max cliques train
INFO:root:Number of maximum cliques:200
INFO:root:Couldn't find cache for max cliques test
INFO:root:Number of maximum cliques:2502
INFO:root:test nodes 510 hyperedges 256 avg size 2.953125 std 2.278840765471559 avg degree 1.4823529411764707 max cliques 2502
INFO:root:Breakdown of test hyperedges (max+small) 71 + 185
INFO:root:Intersection 71 out of 2387 2502
INFO:root:support cliques train:200 - test: 2387
INFO:root:Optimizing clique sampler .. 
INFO:root:Found cache for rho.
INFO:root:[(15, 15), (12, 12), (9, 9), (8, 8), (7, 7), (6, 6), (5, 5), (4, 4), (3, 3), (2, 2), (1, 1), (6, 1), (2, 1), (12, 1), (15, 1), (4, 1), (7, 1), (3, 1), (12, 2), (5, 2), (3, 2)]
INFO:root:Optimize Clique Sampler: #hyperedges collected:242, recall: 0.9958847736625515, efficiency:0.242
INFO:root:Clique analysis done.
INFO:root:train: 880 unique candidates out of 1000 sampled candidates
Note: to be able to use all crisp methods, you need to install some additional packages:  {'wurlitzer', 'graph_tool', 'bayanpy', 'infomap', 'leidenalg'}
Note: to be able to use all crisp methods, you need to install some additional packages:  {'torch', 'pyclustering', 'hidef', 'ASLPAw'}
Note: to be able to use all crisp methods, you need to install some additional packages:  {'leidenalg', 'infomap', 'wurlitzer', 'scikit-network'}
Sanity check failed, reindexing the hypergraphs ...
Sanity check failed, reindexing the hypergraphs ...
number of nodes in construct graph 467
number of nodes in construct graph 510
(0, 0), (1, 1), (2, 2), (3, 3), (4, 4), (7, 7), (13, 13), (29, 29), (58, 58), (100, 100), (185, 185), (200, 200), (236, 208), (406, 227), (418, 228), (433, 229), (549, 235), (570, 236), (696, 239), (762, 240), (922, 242), 
(0, 0), (0, 0), (0, 0), (5, 0), (23, 0), (40, 0), (70, 0), (132, 1), (212, 5), (676, 24), (2500, 71), (2500, 71), (2680, 79), (6328, 121), (6328, 121), (6328, 121), (6648, 121), (6767, 121), (8159, 121), (8159, 121), (8779, 122), 

0it [00:00, ?it/s]
880it [00:00, 322469.64it/s]
INFO:root:test: 4051 unique candidates out of 9640 sampled candidates

0it [00:00, ?it/s]
4053it [00:00, 295289.38it/s]
INFO:root:test max cliques 2502, nested cliques 1551
INFO:root:test real max cliques in search universe: 71
INFO:root:test real smaller cliques in search universe: 73 73
INFO:root:Our Performance: precision 0.0284, recall 0.2773, f1 0.0515 jaccard 0.0264
INFO:root:Baseline: Bayesian-MDL skipped (disabled for this runtime).
INFO:root:Baseline: Max Clique precision 0.0284, recall 0.2773, f1 0.0515, jaccard 0.0264 
INFO:root:Baseline: ECC precision 0.0296, recall 0.2773, f1 0.0535, jaccard 0.0275 
INFO:root:Baseline: Demon precision 0.0297, recall 0.2500, f1 0.0530, jaccard 0.0272 
INFO:root:Baseline: CFinder skipped (disabled for channel-SNR benchmark).
(680, 9) (680,) 42
