INFO:root:Create log file at log/directors/directors-800-cou-1788866193.1458585.log
INFO:root:Command line executed: python main.py --dataset directors --beta 800 --features count --channel rayleigh --snr_db 6
INFO:root:Full args parsed:
INFO:root:Namespace(dataset='directors', beta=800, features='count', model='mlp', epochs=2000, lr=0.0001, setting='f', label_rate=0.1, ablation=0, seed=123, use_c=1, jobs=1, save_features=0, data_dir='./data/', log_dir='log', downsample=0, max_child_size=1, ext=0, channel='rayleigh', snr_db=6.0, channel_seed=123, max_background_pairs=10000)
INFO:root:Finish loading graphs.
INFO:root:Nodes train: 547, test: 522
INFO:root:Simplicies train: 102, test: 102
INFO:root:Channel rayleigh at 6.0 dB: test projection edges 1444 -> 2671
INFO:root:Start computing cliques
INFO:root:Couldn't find cache for max cliques train
INFO:root:Number of maximum cliques:102
INFO:root:Couldn't find cache for max cliques test
INFO:root:Number of maximum cliques:1688
INFO:root:test nodes 522 hyperedges 102 avg size 5.382352941176471 std 2.227476007868234 avg degree 1.0517241379310345 max cliques 1688
INFO:root:Breakdown of test hyperedges (max+small) 21 + 81
INFO:root:Intersection 21 out of 1628 1688
INFO:root:support cliques train:102 - test: 1628
INFO:root:Optimizing clique sampler .. 
INFO:root:Found cache for rho.
INFO:root:[(26, 26), (13, 13), (12, 12), (11, 11), (10, 10), (9, 9), (8, 8), (7, 7), (6, 6), (5, 5), (4, 4), (3, 3), (2, 2)]
INFO:root:Optimize Clique Sampler: #hyperedges collected:102, recall: 1.0, efficiency:0.1275
INFO:root:Clique analysis done.
INFO:root:train: 102 unique candidates out of 102 sampled candidates
Note: to be able to use all crisp methods, you need to install some additional packages:  {'wurlitzer', 'graph_tool', 'bayanpy', 'leidenalg', 'infomap'}
Note: to be able to use all crisp methods, you need to install some additional packages:  {'torch', 'pyclustering', 'hidef', 'ASLPAw'}
Note: to be able to use all crisp methods, you need to install some additional packages:  {'wurlitzer', 'infomap', 'leidenalg', 'scikit-network'}
Sanity check failed, reindexing the hypergraphs ...
Sanity check failed, reindexing the hypergraphs ...
number of nodes in construct graph 547
number of nodes in construct graph 522
(0, 0), (1, 1), (2, 2), (4, 4), (5, 5), (6, 6), (9, 9), (12, 12), (22, 22), (48, 48), (71, 71), (87, 87), (98, 98), 
(0, 0), (0, 0), (0, 0), (0, 0), (0, 0), (0, 0), (3, 0), (7, 0), (20, 0), (71, 0), (141, 4), (208, 8), (379, 20), 

0it [00:00, ?it/s]
102it [00:00, 152465.79it/s]
INFO:root:test: 1688 unique candidates out of 1688 sampled candidates

0it [00:00, ?it/s]
1688it [00:00, 271628.05it/s]
INFO:root:test max cliques 1688, nested cliques 0
INFO:root:test real max cliques in search universe: 21
INFO:root:test real smaller cliques in search universe: 0 0
INFO:root:Our Performance: precision 0.0124, recall 0.2059, f1 0.0235 jaccard 0.0119
INFO:root:Baseline: Bayesian-MDL skipped (disabled for this runtime).
INFO:root:Baseline: Max Clique precision 0.0124, recall 0.2059, f1 0.0235, jaccard 0.0119 
INFO:root:Baseline: ECC precision 0.0129, recall 0.2059, f1 0.0242, jaccard 0.0123 
INFO:root:Baseline: Demon precision 0.0366, recall 0.5392, f1 0.0686, jaccard 0.0355 
INFO:root:Baseline: CFinder skipped (disabled for channel-SNR benchmark).
(0, 9) (0,) 0
