INFO:root:Create log file at log/enron/enron-1000-cou-1788782529.2761834.log
INFO:root:Command line executed: python main.py --dataset enron --beta 1000 --features count --channel rayleigh --snr_db 8
INFO:root:Full args parsed:
INFO:root:Namespace(dataset='enron', beta=1000, features='count', model='mlp', epochs=2000, lr=0.0001, setting='f', label_rate=0.1, ablation=0, seed=123, use_c=1, jobs=1, save_features=0, data_dir='./data/', log_dir='log', downsample=0, max_child_size=1, ext=0, channel='rayleigh', snr_db=8.0, channel_seed=123, max_background_pairs=10000)
INFO:root:Finish loading graphs.
INFO:root:Nodes train: 141, test: 142
INFO:root:Simplicies train: 756, test: 756
INFO:root:Channel rayleigh at 8.0 dB: test projection edges 1388 -> 2194
INFO:root:Start computing cliques
INFO:root:Couldn't find cache for max cliques train
INFO:root:Number of maximum cliques:319
INFO:root:Couldn't find cache for max cliques test
INFO:root:Number of maximum cliques:2415
INFO:root:test nodes 142 hyperedges 756 avg size 3.0066137566137567 std 1.9568651812499842 avg degree 16.007042253521128 max cliques 2415
INFO:root:Breakdown of test hyperedges (max+small) 8 + 748
INFO:root:Intersection 5 out of 559 2415
INFO:root:support cliques train:155 - test: 559
INFO:root:Optimizing clique sampler .. 
INFO:root:Found cache for rho.
INFO:root:[(2, 2), (16, 16), (3, 2), (15, 1), (15, 2), (4, 2), (4, 4), (13, 13), (10, 10), (3, 3), (5, 2), (12, 12), (11, 11), (8, 8)]
INFO:root:Optimize Clique Sampler: #hyperedges collected:243, recall: 0.32142857142857145, efficiency:0.243
INFO:root:Clique analysis done.
INFO:root:train: 679 unique candidates out of 1000 sampled candidates
Note: to be able to use all crisp methods, you need to install some additional packages:  {'bayanpy', 'graph_tool', 'wurlitzer', 'leidenalg', 'infomap'}
Note: to be able to use all crisp methods, you need to install some additional packages:  {'pyclustering', 'ASLPAw', 'torch', 'hidef'}
Note: to be able to use all crisp methods, you need to install some additional packages:  {'leidenalg', 'wurlitzer', 'infomap', 'scikit-network'}
Sanity check failed, reindexing the hypergraphs ...
Sanity check failed, reindexing the hypergraphs ...
number of nodes in construct graph 141
number of nodes in construct graph 142
(0, 0), (11, 11), (15, 13), (123, 63), (138, 68), (243, 97), (483, 158), (523, 166), (534, 168), (546, 170), (582, 176), (972, 239), (985, 241), (999, 243), 
(0, 0), (10, 0), (10, 0), (1405, 138), (1405, 138), (1405, 138), (4729, 280), (5283, 281), (5283, 281), (5314, 281), (5779, 284), (10109, 342), (10109, 342), (10111, 342), 

0it [00:00, ?it/s]
856it [00:00, 217991.76it/s]
INFO:root:test: 3130 unique candidates out of 10116 sampled candidates

0it [00:00, ?it/s]
4478it [00:00, 232855.11it/s]
INFO:root:test max cliques 2415, nested cliques 2063
INFO:root:test real max cliques in search universe: 8
INFO:root:test real smaller cliques in search universe: 338 338
INFO:root:Our Performance: precision 0.1277, recall 0.1177, f1 0.1225 jaccard 0.0652
INFO:root:Baseline: Bayesian-MDL skipped (disabled for this runtime).
INFO:root:Baseline: Max Clique precision 0.0033, recall 0.0106, f1 0.0050, jaccard 0.0025 
INFO:root:Baseline: ECC precision 0.0217, recall 0.0159, f1 0.0183, jaccard 0.0093 
INFO:root:Baseline: Demon precision 0.0000, recall 0.0000, f1 0.0000, jaccard 0.0000 
INFO:root:Baseline: CFinder (k=3) precision 0.0000, recall 0.0000, f1 0.0000, jaccard 0.0000 
(537, 9) (537,) 208
