INFO:root:Create log file at log/enron/enron-1000-cou-1788782529.2931185.log
INFO:root:Command line executed: python main.py --dataset enron --beta 1000 --features count --channel rayleigh --snr_db 10
INFO:root:Full args parsed:
INFO:root:Namespace(dataset='enron', beta=1000, features='count', model='mlp', epochs=2000, lr=0.0001, setting='f', label_rate=0.1, ablation=0, seed=123, use_c=1, jobs=1, save_features=0, data_dir='./data/', log_dir='log', downsample=0, max_child_size=1, ext=0, channel='rayleigh', snr_db=10.0, channel_seed=123, max_background_pairs=10000)
INFO:root:Finish loading graphs.
INFO:root:Nodes train: 141, test: 142
INFO:root:Simplicies train: 756, test: 756
INFO:root:Channel rayleigh at 10.0 dB: test projection edges 1388 -> 1995
INFO:root:Start computing cliques
INFO:root:Couldn't find cache for max cliques train
INFO:root:Number of maximum cliques:319
INFO:root:Couldn't find cache for max cliques test
INFO:root:Number of maximum cliques:1855
INFO:root:test nodes 142 hyperedges 756 avg size 3.0066137566137567 std 1.9568651812499842 avg degree 16.007042253521128 max cliques 1855
INFO:root:Breakdown of test hyperedges (max+small) 10 + 746
INFO:root:Intersection 9 out of 522 1855
INFO:root:support cliques train:155 - test: 522
INFO:root:Optimizing clique sampler .. 
INFO:root:Found cache for rho.
INFO:root:[(2, 2), (16, 16), (3, 2), (15, 1), (15, 2), (4, 2), (4, 4), (13, 13), (10, 10), (3, 3), (5, 2), (12, 12), (11, 11), (8, 8)]
INFO:root:Optimize Clique Sampler: #hyperedges collected:243, recall: 0.32142857142857145, efficiency:0.243
INFO:root:Clique analysis done.
INFO:root:train: 679 unique candidates out of 1000 sampled candidates
Note: to be able to use all crisp methods, you need to install some additional packages:  {'infomap', 'leidenalg', 'graph_tool', 'bayanpy', 'wurlitzer'}
Note: to be able to use all crisp methods, you need to install some additional packages:  {'torch', 'pyclustering', 'ASLPAw', 'hidef'}
Note: to be able to use all crisp methods, you need to install some additional packages:  {'infomap', 'leidenalg', 'wurlitzer', 'scikit-network'}
Sanity check failed, reindexing the hypergraphs ...
Sanity check failed, reindexing the hypergraphs ...
number of nodes in construct graph 141
number of nodes in construct graph 142
(0, 0), (11, 11), (15, 13), (123, 63), (138, 68), (243, 97), (483, 158), (523, 166), (534, 168), (546, 170), (582, 176), (972, 239), (985, 241), (999, 243), 
(0, 0), (28, 3), (28, 3), (1159, 131), (1159, 131), (1159, 131), (3049, 257), (3364, 258), (3364, 258), (3411, 258), (3788, 262), (6658, 330), (6665, 330), (6689, 330), 

0it [00:00, ?it/s]
856it [00:00, 216872.50it/s]
INFO:root:test: 2520 unique candidates out of 6692 sampled candidates

0it [00:00, ?it/s]
3574it [00:00, 231799.02it/s]
INFO:root:test max cliques 1855, nested cliques 1719
INFO:root:test real max cliques in search universe: 10
INFO:root:test real smaller cliques in search universe: 322 322
INFO:root:Our Performance: precision 0.1438, recall 0.1204, f1 0.1310 jaccard 0.0701
INFO:root:Baseline: Bayesian-MDL skipped (disabled for this runtime).
INFO:root:Baseline: Max Clique precision 0.0054, recall 0.0132, f1 0.0077, jaccard 0.0038 
INFO:root:Baseline: ECC precision 0.0452, recall 0.0304, f1 0.0364, jaccard 0.0185 
INFO:root:Baseline: Demon precision 0.0151, recall 0.0040, f1 0.0063, jaccard 0.0032 
INFO:root:Baseline: CFinder (k=3) precision 0.0000, recall 0.0000, f1 0.0000, jaccard 0.0000 
(537, 9) (537,) 208
