INFO:root:Create log file at log/foursquare/foursquare-20000-cou-1788846571.0469677.log
INFO:root:Command line executed: python main.py --dataset foursquare --beta 20000 --features count --channel rayleigh --snr_db 4
INFO:root:Full args parsed:
INFO:root:Namespace(dataset='foursquare', beta=20000, features='count', model='mlp', epochs=2000, lr=0.0001, setting='f', label_rate=0.1, ablation=0, seed=123, use_c=1, jobs=1, save_features=0, data_dir='./data/', log_dir='log', downsample=0, max_child_size=1, ext=0, channel='rayleigh', snr_db=4.0, channel_seed=123, max_background_pairs=10000)
INFO:root:Finish loading graphs.
INFO:root:Nodes train: 2356, test: 2334
INFO:root:Simplicies train: 1026, test: 1019
INFO:root:Channel rayleigh at 4.0 dB: test projection edges 38292 -> 33170
INFO:root:Start computing cliques
INFO:root:Couldn't find cache for max cliques train
INFO:root:Number of maximum cliques:9267
INFO:root:Couldn't find cache for max cliques test
INFO:root:Number of maximum cliques:2571559
INFO:root:test nodes 2334 hyperedges 1019 avg size 6.426889106967615 std 6.4961151853204555 avg degree 2.8059125964010283 max cliques 2571559
INFO:root:Breakdown of test hyperedges (max+small) 172 + 847
INFO:root:Intersection 170 out of 5753 2571559
INFO:root:support cliques train:930 - test: 5753
INFO:root:Optimizing clique sampler .. 
INFO:root:Found cache for rho.
INFO:root:[(52, 52), (44, 44), (39, 39), (37, 37), (36, 36), (35, 35), (32, 32), (31, 31), (30, 30), (27, 27), (26, 26), (25, 25), (24, 24), (23, 23), (22, 22), (21, 21), (20, 20), (19, 19), (18, 18), (17, 17), (2, 2), (1, 1), (14, 14), (16, 16), (15, 15), (13, 13), (11, 11), (12, 12), (10, 10), (9, 9), (35, 1), (8, 8), (52, 1), (31, 1), (7, 7), (23, 1), (39, 1), (27, 1), (3, 3), (2, 1), (20, 1), (6, 6), (21, 1), (5, 5), (22, 1), (24, 1), (30, 1), (4, 4), (36, 1), (44, 1), (14, 1), (25, 1), (32, 1), (11, 1), (3, 2), (16, 1), (17, 1), (12, 1), (15, 1), (10, 1), (13, 1), (35, 2), (9, 1)]
INFO:root:Optimize Clique Sampler: #hyperedges collected:967, recall: 0.942495126705653, efficiency:0.04835
INFO:root:Clique analysis done.
INFO:root:train: 15502 unique candidates out of 19994 sampled candidates
Note: to be able to use all crisp methods, you need to install some additional packages:  {'wurlitzer', 'graph_tool', 'infomap', 'leidenalg', 'bayanpy'}
Note: to be able to use all crisp methods, you need to install some additional packages:  {'pyclustering', 'hidef', 'torch', 'ASLPAw'}
Note: to be able to use all crisp methods, you need to install some additional packages:  {'infomap', 'wurlitzer', 'scikit-network', 'leidenalg'}
Sanity check failed, reindexing the hypergraphs ...
Sanity check failed, reindexing the hypergraphs ...
number of nodes in construct graph 2356
number of nodes in construct graph 2334
(0, 0), (1, 1), (2, 2), (3, 3), (4, 4), (5, 5), (6, 6), (8, 8), (9, 9), (10, 10), (11, 11), (13, 13), (17, 17), (22, 22), (27, 27), (34, 34), (41, 41), (51, 51), (59, 59), (65, 65), (72, 72), (146, 146), (165, 165), (194, 191), (213, 208), (227, 219), (248, 235), (303, 273), (344, 301), (425, 332), (586, 377), (621, 383), (939, 432), (991, 439), (1022, 443), (1764, 505), (1879, 514), (1918, 517), (1945, 519), (3331, 611), (3479, 620), (3679, 631), (5001, 699), (5148, 706), (7355, 795), (7509, 801), (7629, 805), (7659, 806), (10365, 889), (10401, 890), (10445, 891), (10851, 900), (10951, 902), (11015, 903), (11620, 910), (15778, 952), (16082, 955), (16201, 956), (16693, 959), (16903, 960), (17713, 963), (17986, 964), (18581, 965), 
(0, 0), (0, 0), (0, 0), (0, 0), (0, 0), (0, 0), (0, 0), (0, 0), (0, 0), (0, 0), (0, 0), (0, 0), (0, 0), (0, 0), (0, 0), (0, 0), (62, 0), (846, 0), (5690, 0), (29983, 0), (134800, 0), (136289, 68), (136293, 71), (874387, 71), (1201716, 71), (1844807, 71), (2318862, 71), (2360087, 71), (2536843, 71), (2547286, 71), (2554420, 71), (2554420, 71), (2558553, 71), (2558553, 71), (2558553, 71), (2561611, 72), (2561611, 72), (2561611, 72), (2561611, 72), (2563912, 136), (2566890, 253), (2582570, 256), (2584936, 259), (2586238, 259), (2588441, 261), (2588441, 261), (2588441, 261), (2588441, 261), (2591519, 292), (2591519, 292), (2591519, 292), (12924835, 294), (12924835, 294), (12924835, 294), (13378310, 308), (13385213, 335), (18622477, 335), (20404366, 335), (22525438, 335), (32171803, 335), (32276233, 341), (38438948, 341), (38438948, 341), 

0it [00:00, ?it/s]
15502it [00:00, 189623.23it/s]
INFO:root:test: 2579267 unique candidates out of 38501822 sampled candidates

0it [00:00, ?it/s]
5813it [00:00, 58124.65it/s]
11706it [00:00, 58593.14it/s]
17602it [00:00, 58758.11it/s]
23515it [00:00, 58903.28it/s]
29444it [00:00, 59041.37it/s]
35403it [00:00, 59223.74it/s]
41326it [00:00, 59163.23it/s]
47243it [00:00, 59129.66it/s]
53176it [00:00, 59188.94it/s]
59095it [00:01, 58985.33it/s]
64994it [00:01, 58788.09it/s]
70911it [00:01, 58903.06it/s]
76831it [00:01, 58990.97it/s]
82744it [00:01, 59030.22it/s]
88649it [00:01, 59034.28it/s]
94585it [00:01, 59128.97it/s]
100498it [00:01, 59109.95it/s]
106436it [00:01, 59189.06it/s]
112355it [00:01, 59093.99it/s]
118265it [00:02, 57290.09it/s]
124043it [00:02, 57431.98it/s]
129795it [00:02, 57132.07it/s]
135612it [00:02, 57436.19it/s]
141483it [00:02, 57812.16it/s]
147308it [00:02, 57941.86it/s]
153163it [00:02, 58121.09it/s]
158978it [00:02, 58103.12it/s]
164790it [00:02, 58072.12it/s]
170662it [00:02, 58265.44it/s]
176518it [00:03, 58351.84it/s]
182354it [00:03, 58121.66it/s]
188208it [00:03, 58244.98it/s]
194062it [00:03, 58330.57it/s]
199912it [00:03, 58379.32it/s]
205751it [00:03, 58151.58it/s]
211584it [00:03, 58203.31it/s]
217405it [00:03, 58199.80it/s]
223226it [00:03, 58155.17it/s]
229042it [00:03, 57702.88it/s]
234814it [00:04, 57658.93it/s]
240581it [00:04, 57641.05it/s]
246377it [00:04, 57732.99it/s]
252151it [00:04, 57624.18it/s]
257917it [00:04, 57632.07it/s]
263685it [00:04, 57644.46it/s]
269462it [00:04, 57680.26it/s]
275268it [00:04, 57792.25it/s]
281066it [00:04, 57845.48it/s]
286874it [00:04, 57913.16it/s]
292666it [00:05, 57709.23it/s]
298448it [00:05, 57739.54it/s]
304235it [00:05, 57777.34it/s]
310040it [00:05, 57857.67it/s]
315826it [00:05, 57775.24it/s]
321604it [00:05, 57681.13it/s]
327373it [00:05, 57552.84it/s]
333130it [00:05, 57554.75it/s]
338886it [00:05, 56272.22it/s]
344612it [00:05, 56561.53it/s]
350346it [00:06, 56790.91it/s]
356100it [00:06, 57012.14it/s]
361906it [00:06, 57322.50it/s]
367641it [00:06, 56116.16it/s]
373456it [00:06, 56714.14it/s]
379278it [00:06, 57157.75it/s]
385081it [00:06, 57415.53it/s]
390827it [00:06, 57374.00it/s]
396590it [00:06, 57449.12it/s]
402338it [00:06, 57456.97it/s]
408164it [00:07, 57695.81it/s]
413935it [00:07, 56611.06it/s]
419821it [00:07, 57274.14it/s]
425664it [00:07, 57616.84it/s]
431543it [00:07, 57965.70it/s]
437452it [00:07, 58299.89it/s]
443319it [00:07, 58407.71it/s]
449190it [00:07, 58497.27it/s]
455072it [00:07, 58592.51it/s]
460940it [00:07, 58615.01it/s]
466803it [00:08, 58584.57it/s]
472704it [00:08, 58709.06it/s]
478591it [00:08, 58754.80it/s]
484467it [00:08, 58644.07it/s]
490332it [00:08, 58445.39it/s]
496177it [00:08, 58325.82it/s]
502042it [00:08, 58421.67it/s]
507885it [00:08, 58302.25it/s]
513731it [00:08, 58346.73it/s]
519582it [00:08, 58395.02it/s]
525422it [00:09, 57648.76it/s]
531301it [00:09, 57985.16it/s]
537135it [00:09, 58089.17it/s]
542980it [00:09, 58194.44it/s]
548837it [00:09, 58305.06it/s]
554669it [00:09, 56608.28it/s]
560341it [00:09, 56494.93it/s]
566048it [00:09, 56661.70it/s]
571830it [00:09, 57004.10it/s]
577643it [00:09, 57336.46it/s]
583450it [00:10, 57554.70it/s]
589208it [00:10, 55748.20it/s]
594999it [00:10, 56379.16it/s]
600794it [00:10, 56839.75it/s]
606612it [00:10, 57233.67it/s]
612473it [00:10, 57641.12it/s]
618272it [00:10, 57740.14it/s]
624072it [00:10, 57814.27it/s]
629969it [00:10, 58158.92it/s]
635864it [00:10, 58393.56it/s]
641759it [00:11, 58557.49it/s]
647655it [00:11, 58677.62it/s]
653576it [00:11, 58836.76it/s]
659461it [00:11, 57409.43it/s]
665315it [00:11, 57740.23it/s]
671148it [00:11, 57912.08it/s]
676976it [00:11, 58019.91it/s]
682817it [00:11, 58135.69it/s]
688676it [00:11, 58269.80it/s]
694538it [00:11, 58373.47it/s]
700377it [00:12, 58376.69it/s]
706216it [00:12, 58196.32it/s]
712037it [00:12, 58115.21it/s]
717850it [00:12, 58113.64it/s]
723668it [00:12, 58131.28it/s]
729482it [00:12, 58122.24it/s]
735320it [00:12, 58198.24it/s]
741140it [00:12, 58092.89it/s]
746950it [00:12, 57045.36it/s]
752754it [00:12, 57338.64it/s]
758560it [00:13, 57551.82it/s]
764370it [00:13, 57714.57it/s]
770144it [00:13, 56539.89it/s]
775910it [00:13, 56868.75it/s]
781714it [00:13, 57213.99it/s]
787559it [00:13, 57579.73it/s]
793407it [00:13, 57846.34it/s]
799252it [00:13, 58023.72it/s]
805096it [00:13, 58145.13it/s]
810922it [00:14, 58177.58it/s]
816804it [00:14, 58368.89it/s]
822661it [00:14, 58426.38it/s]
828521it [00:14, 58475.43it/s]
834369it [00:14, 58457.84it/s]
840216it [00:14, 56842.78it/s]
846071it [00:14, 57344.28it/s]
851934it [00:14, 57724.17it/s]
857803it [00:14, 58009.96it/s]
863649it [00:14, 58142.52it/s]
869520it [00:15, 58309.49it/s]
875394it [00:15, 58437.17it/s]
881263it [00:15, 58511.73it/s]
887145it [00:15, 58602.85it/s]
893007it [00:15, 58586.58it/s]
898869it [00:15, 58594.56it/s]
904745it [00:15, 58643.67it/s]
910610it [00:15, 58569.13it/s]
916499it [00:15, 58663.82it/s]
922385it [00:15, 58721.12it/s]
928264it [00:16, 58740.11it/s]
934152it [00:16, 58780.69it/s]
940031it [00:16, 57664.96it/s]
945877it [00:16, 57897.66it/s]
951735it [00:16, 58097.86it/s]
957566it [00:16, 58159.43it/s]
963420it [00:16, 58270.17it/s]
969249it [00:16, 58173.44it/s]
975068it [00:16, 58019.71it/s]
980871it [00:16, 58001.94it/s]
986672it [00:17, 56618.82it/s]
992463it [00:17, 56996.48it/s]
998258it [00:17, 57275.33it/s]
1004051it [00:17, 57467.55it/s]
1009869it [00:17, 57678.14it/s]
1015640it [00:17, 57666.74it/s]
1021409it [00:17, 57614.00it/s]
1027210it [00:17, 57729.35it/s]
1033065it [00:17, 57973.38it/s]
1038864it [00:17, 57959.38it/s]
1044694it [00:18, 58058.83it/s]
1050539it [00:18, 58174.79it/s]
1056357it [00:18, 56860.42it/s]
1062144it [00:18, 57156.84it/s]
1067961it [00:18, 57454.36it/s]
1073773it [00:18, 57648.19it/s]
1079612it [00:18, 57868.88it/s]
1085402it [00:18, 57796.55it/s]
1091246it [00:18, 57986.01it/s]
1097068it [00:18, 58053.01it/s]
1102913it [00:19, 58169.53it/s]
1108731it [00:19, 58143.24it/s]
1114564it [00:19, 58198.67it/s]
1120407it [00:19, 58266.31it/s]
1126254it [00:19, 58326.52it/s]
1132087it [00:19, 58209.81it/s]
1137909it [00:19, 58173.75it/s]
1143762it [00:19, 58277.67it/s]
1149642it [00:19, 58433.32it/s]
1155486it [00:19, 58341.70it/s]
1161321it [00:20, 58322.79it/s]
1167154it [00:20, 58284.26it/s]
1172983it [00:20, 58175.81it/s]
1178801it [00:20, 58006.39it/s]
1184602it [00:20, 57996.24it/s]
1190402it [00:20, 57069.98it/s]
1196165it [00:20, 57235.39it/s]
1201939it [00:20, 57382.99it/s]
1207680it [00:20, 56323.05it/s]
1213512it [00:20, 56909.91it/s]
1219329it [00:21, 57282.08it/s]
1225133it [00:21, 57505.20it/s]
1230958it [00:21, 57724.36it/s]
1236778it [00:21, 57864.39it/s]
1242600it [00:21, 57967.58it/s]
1248405it [00:21, 57991.31it/s]
1254211it [00:21, 58008.84it/s]
1260022it [00:21, 58037.59it/s]
1265835it [00:21, 58062.41it/s]
1271642it [00:21, 58000.73it/s]
1277480it [00:22, 58112.06it/s]
1283292it [00:22, 58030.73it/s]
1289127it [00:22, 58123.22it/s]
1294940it [00:22, 58000.67it/s]
1300741it [00:22, 57969.10it/s]
1306558it [00:22, 58026.78it/s]
1312401it [00:22, 58146.88it/s]
1318216it [00:22, 58029.04it/s]
1324019it [00:22, 57998.34it/s]
1329839it [00:22, 58056.79it/s]
1335659it [00:23, 58099.05it/s]
1341469it [00:23, 55065.49it/s]
1347162it [00:23, 55600.97it/s]
1352876it [00:23, 56048.77it/s]
1358612it [00:23, 56433.32it/s]
1364303it [00:23, 56572.84it/s]
1370006it [00:23, 56705.78it/s]
1375730it [00:23, 56862.66it/s]
1381442it [00:23, 56937.12it/s]
1387173it [00:23, 57045.05it/s]
1392894it [00:24, 57091.83it/s]
1398658it [00:24, 57255.53it/s]
1404455it [00:24, 57466.96it/s]
1410216it [00:24, 57508.21it/s]
1415983it [00:24, 57556.36it/s]
1421740it [00:24, 56207.40it/s]
1427530it [00:24, 56704.23it/s]
1433259it [00:24, 56876.48it/s]
1439033it [00:24, 57131.52it/s]
1444805it [00:24, 57305.16it/s]
1450578it [00:25, 57430.26it/s]
1456325it [00:25, 57441.26it/s]
1462093it [00:25, 57512.01it/s]
1467853it [00:25, 57535.35it/s]
1473615it [00:25, 57556.08it/s]
1479372it [00:25, 57439.05it/s]
1485147it [00:25, 57527.64it/s]
1490901it [00:25, 57496.66it/s]
1496658it [00:25, 57515.94it/s]
1502410it [00:25, 57489.16it/s]
1508160it [00:26, 54645.87it/s]
1513888it [00:26, 55407.32it/s]
1519644it [00:26, 56036.13it/s]
1525385it [00:26, 56439.84it/s]
1531158it [00:26, 56821.49it/s]
1536903it [00:26, 57007.50it/s]
1542654it [00:26, 57154.56it/s]
1548376it [00:26, 57170.86it/s]
1554114it [00:26, 57232.49it/s]
1559840it [00:27, 57206.08it/s]
1565602it [00:27, 57327.73it/s]
1571376it [00:27, 57449.49it/s]
1577146it [00:27, 57522.16it/s]
1582906it [00:27, 57543.08it/s]
1588688it [00:27, 57623.54it/s]
1594451it [00:27, 57572.02it/s]
1600222it [00:27, 57612.86it/s]
1605984it [00:27, 57574.44it/s]
1611766it [00:27, 57645.42it/s]
1617559it [00:28, 57727.49it/s]
1623332it [00:28, 57621.16it/s]
1629095it [00:28, 57565.54it/s]
1634852it [00:28, 56216.51it/s]
1640601it [00:28, 56588.82it/s]
1646409it [00:28, 57028.70it/s]
1652214it [00:28, 57331.05it/s]
1658005it [00:28, 57503.26it/s]
1663806it [00:28, 57651.51it/s]
1669606it [00:28, 57755.25it/s]
1675439it [00:29, 57924.30it/s]
1681270it [00:29, 58037.03it/s]
1687091it [00:29, 58088.25it/s]
1692901it [00:29, 56137.90it/s]
1698607it [00:29, 56405.69it/s]
1704327it [00:29, 56638.99it/s]
1710062it [00:29, 56847.00it/s]
1715812it [00:29, 57040.47it/s]
1721581it [00:29, 57233.44it/s]
1727393it [00:29, 57497.45it/s]
1733193it [00:30, 57644.95it/s]
1738991it [00:30, 57743.21it/s]
1744767it [00:30, 57746.77it/s]
1750555it [00:30, 57784.15it/s]
1756338it [00:30, 57794.57it/s]
1762145it [00:30, 57874.68it/s]
1767933it [00:30, 57784.21it/s]
1773712it [00:30, 57685.22it/s]
1779481it [00:30, 57680.17it/s]
1785254it [00:30, 57694.49it/s]
1791024it [00:31, 57633.82it/s]
1796788it [00:31, 57601.95it/s]
1802580it [00:31, 57695.84it/s]
1808350it [00:31, 57675.88it/s]
1814118it [00:31, 57594.50it/s]
1819878it [00:31, 57555.56it/s]
1825658it [00:31, 57626.03it/s]
1831421it [00:31, 57558.28it/s]
1837177it [00:31, 57508.14it/s]
1843001it [00:31, 57724.43it/s]
1848798it [00:32, 57796.99it/s]
1854578it [00:32, 56624.30it/s]
1860339it [00:32, 56914.93it/s]
1866108it [00:32, 57142.47it/s]
1871911it [00:32, 57405.59it/s]
1877708it [00:32, 57573.27it/s]
1883478it [00:32, 57608.37it/s]
1889241it [00:32, 57607.55it/s]
1895003it [00:32, 57584.90it/s]
1900763it [00:32, 57464.86it/s]
1906510it [00:33, 54699.62it/s]
1912247it [00:33, 55470.35it/s]
1918018it [00:33, 56124.06it/s]
1923787it [00:33, 56583.96it/s]
1929526it [00:33, 56822.16it/s]
1935246it [00:33, 56931.41it/s]
1940974it [00:33, 57033.56it/s]
1946714it [00:33, 57141.39it/s]
1952449it [00:33, 57203.47it/s]
1958201it [00:33, 57297.13it/s]
1963977it [00:34, 57435.05it/s]
1969730it [00:34, 57460.81it/s]
1975477it [00:34, 57441.09it/s]
1981266it [00:34, 57572.25it/s]
1987024it [00:34, 57530.67it/s]
1992778it [00:34, 57516.92it/s]
1998530it [00:34, 57515.97it/s]
2004282it [00:34, 57465.44it/s]
2010029it [00:34, 57441.91it/s]
2015793it [00:34, 57500.67it/s]
2021544it [00:35, 57466.03it/s]
2027327it [00:35, 57572.17it/s]
2033089it [00:35, 57585.91it/s]
2038848it [00:35, 57550.94it/s]
2044604it [00:35, 57489.62it/s]
2050409it [00:35, 57655.55it/s]
2056233it [00:35, 57828.63it/s]
2062032it [00:35, 57875.99it/s]
2067820it [00:35, 56630.71it/s]
2073659it [00:35, 57149.11it/s]
2079504it [00:36, 57534.64it/s]
2085365it [00:36, 57853.80it/s]
2091155it [00:36, 57866.78it/s]
2096971it [00:36, 57952.57it/s]
2102768it [00:36, 57950.57it/s]
2108576it [00:36, 57987.06it/s]
2114376it [00:36, 57903.03it/s]
2120167it [00:36, 57894.02it/s]
2125957it [00:36, 57837.46it/s]
2131762it [00:36, 57899.43it/s]
2137602it [00:37, 58047.39it/s]
2143407it [00:37, 53475.22it/s]
2149276it [00:37, 54947.70it/s]
2155092it [00:37, 55869.42it/s]
2160965it [00:37, 56700.98it/s]
2166804it [00:37, 57195.67it/s]
2172589it [00:37, 57388.31it/s]
2178394it [00:37, 57583.40it/s]
2184242it [00:37, 57849.24it/s]
2190072it [00:37, 57980.05it/s]
2195907it [00:38, 58089.46it/s]
2201721it [00:38, 58089.97it/s]
2207551it [00:38, 58151.01it/s]
2213369it [00:38, 58086.35it/s]
2219180it [00:38, 58015.83it/s]
2224983it [00:38, 57909.58it/s]
2230795it [00:38, 57971.30it/s]
2236636it [00:38, 58100.38it/s]
2242477it [00:38, 58190.03it/s]
2248336it [00:38, 58306.70it/s]
2254193it [00:39, 58384.85it/s]
2260032it [00:39, 58378.32it/s]
2265870it [00:39, 58325.72it/s]
2271712it [00:39, 58352.57it/s]
2277548it [00:39, 58293.32it/s]
2283378it [00:39, 56875.74it/s]
2289204it [00:39, 57282.06it/s]
2295037it [00:39, 57592.02it/s]
2300864it [00:39, 57792.79it/s]
2306677it [00:40, 57890.54it/s]
2312528it [00:40, 58072.05it/s]
2318380it [00:40, 58205.41it/s]
2324218it [00:40, 58256.31it/s]
2330045it [00:40, 58259.51it/s]
2335872it [00:40, 58198.64it/s]
2341693it [00:40, 58175.80it/s]
2347511it [00:40, 57995.56it/s]
2353311it [00:40, 57919.14it/s]
2359137it [00:40, 58019.81it/s]
2364970it [00:41, 58111.52it/s]
2370782it [00:41, 58045.43it/s]
2376587it [00:41, 57960.25it/s]
2382406it [00:41, 58027.70it/s]
2388219it [00:41, 58056.16it/s]
2394025it [00:41, 58022.72it/s]
2399829it [00:41, 58025.42it/s]
2405632it [00:41, 57918.75it/s]
2411424it [00:41, 52821.54it/s]
2417188it [00:41, 54170.97it/s]
2422973it [00:42, 55221.55it/s]
2428774it [00:42, 56027.46it/s]
2434584it [00:42, 56633.38it/s]
2440433it [00:42, 57178.04it/s]
2446250it [00:42, 57468.99it/s]
2452101it [00:42, 57776.47it/s]
2457975it [00:42, 58062.35it/s]
2463850it [00:42, 58265.13it/s]
2469716it [00:42, 58382.23it/s]
2475575it [00:42, 58443.74it/s]
2481469it [00:43, 58589.41it/s]
2487342it [00:43, 58629.80it/s]
2493207it [00:43, 58444.43it/s]
2499053it [00:43, 57149.18it/s]
2504933it [00:43, 57633.93it/s]
2510822it [00:43, 58003.51it/s]
2516692it [00:43, 58209.07it/s]
2522540it [00:43, 58289.33it/s]
2528439it [00:43, 58495.47it/s]
2534317it [00:43, 58576.24it/s]
2540176it [00:44, 58557.85it/s]
2546065it [00:44, 58655.74it/s]
2551977it [00:44, 58792.92it/s]
2557872it [00:44, 58838.59it/s]
2563757it [00:44, 58726.93it/s]
2569630it [00:44, 58629.12it/s]
2579267it [00:44, 57817.20it/s]
INFO:root:test max cliques 2571559, nested cliques 7708
INFO:root:test real max cliques in search universe: 172
INFO:root:test real smaller cliques in search universe: 174 174
INFO:root:Our Performance: precision 0.0004, recall 0.2071, f1 0.0008 jaccard 0.0004
INFO:root:Baseline: Bayesian-MDL skipped (disabled for this runtime).
INFO:root:Baseline: Max Clique precision 0.0001, recall 0.1688, f1 0.0001, jaccard 0.0001 
INFO:root:Baseline: ECC precision 0.0324, recall 0.1766, f1 0.0547, jaccard 0.0281 
INFO:root:Baseline: Demon precision 0.0673, recall 0.2777, f1 0.1083, jaccard 0.0572 
INFO:root:Baseline: CFinder skipped (disabled for channel-SNR benchmark).
(6235, 9) (6235,) 147
