INFO:root:Create log file at log/foursquare/foursquare-20000-cou-1788846644.3465369.log
INFO:root:Command line executed: python main.py --dataset foursquare --beta 20000 --features count --channel rayleigh --snr_db 6
INFO:root:Full args parsed:
INFO:root:Namespace(dataset='foursquare', beta=20000, features='count', model='mlp', epochs=2000, lr=0.0001, setting='f', label_rate=0.1, ablation=0, seed=123, use_c=1, jobs=1, save_features=0, data_dir='./data/', log_dir='log', downsample=0, max_child_size=1, ext=0, channel='rayleigh', snr_db=6.0, channel_seed=123, max_background_pairs=10000)
INFO:root:Finish loading graphs.
INFO:root:Nodes train: 2356, test: 2334
INFO:root:Simplicies train: 1026, test: 1019
INFO:root:Channel rayleigh at 6.0 dB: test projection edges 38292 -> 34175
INFO:root:Start computing cliques
INFO:root:Couldn't find cache for max cliques train
INFO:root:Number of maximum cliques:9267
INFO:root:Couldn't find cache for max cliques test
INFO:root:Number of maximum cliques:8102412
INFO:root:test nodes 2334 hyperedges 1019 avg size 6.426889106967615 std 6.4961151853204555 avg degree 2.8059125964010283 max cliques 8102412
INFO:root:Breakdown of test hyperedges (max+small) 202 + 817
INFO:root:Intersection 199 out of 5099 8102412
INFO:root:support cliques train:930 - test: 5099
INFO:root:Optimizing clique sampler .. 
INFO:root:Found cache for rho.
INFO:root:[(52, 52), (44, 44), (39, 39), (37, 37), (36, 36), (35, 35), (32, 32), (31, 31), (30, 30), (27, 27), (26, 26), (25, 25), (24, 24), (23, 23), (22, 22), (21, 21), (20, 20), (19, 19), (18, 18), (17, 17), (2, 2), (1, 1), (14, 14), (16, 16), (15, 15), (13, 13), (11, 11), (12, 12), (10, 10), (9, 9), (35, 1), (8, 8), (52, 1), (31, 1), (7, 7), (23, 1), (39, 1), (27, 1), (3, 3), (2, 1), (20, 1), (6, 6), (21, 1), (5, 5), (22, 1), (24, 1), (30, 1), (4, 4), (36, 1), (44, 1), (14, 1), (25, 1), (32, 1), (11, 1), (3, 2), (16, 1), (17, 1), (12, 1), (15, 1), (10, 1), (13, 1), (35, 2), (9, 1)]
INFO:root:Optimize Clique Sampler: #hyperedges collected:967, recall: 0.942495126705653, efficiency:0.04835
INFO:root:Clique analysis done.
INFO:root:train: 15502 unique candidates out of 19994 sampled candidates
Note: to be able to use all crisp methods, you need to install some additional packages:  {'leidenalg', 'bayanpy', 'infomap', 'graph_tool', 'wurlitzer'}
Note: to be able to use all crisp methods, you need to install some additional packages:  {'hidef', 'ASLPAw', 'torch', 'pyclustering'}
Note: to be able to use all crisp methods, you need to install some additional packages:  {'scikit-network', 'infomap', 'wurlitzer', 'leidenalg'}
Sanity check failed, reindexing the hypergraphs ...
Sanity check failed, reindexing the hypergraphs ...
number of nodes in construct graph 2356
number of nodes in construct graph 2334
(0, 0), (1, 1), (2, 2), (3, 3), (4, 4), (5, 5), (6, 6), (8, 8), (9, 9), (10, 10), (11, 11), (13, 13), (17, 17), (22, 22), (27, 27), (34, 34), (41, 41), (51, 51), (59, 59), (65, 65), (72, 72), (146, 146), (165, 165), (194, 191), (213, 208), (227, 219), (248, 235), (303, 273), (344, 301), (425, 332), (586, 377), (621, 383), (939, 432), (991, 439), (1022, 443), (1764, 505), (1879, 514), (1918, 517), (1945, 519), (3331, 611), (3479, 620), (3679, 631), (5001, 699), (5148, 706), (7355, 795), (7509, 801), (7629, 805), (7659, 806), (10365, 889), (10401, 890), (10445, 891), (10851, 900), (10951, 902), (11015, 903), (11620, 910), (15778, 952), (16082, 955), (16201, 956), (16693, 959), (16903, 960), (17713, 963), (17986, 964), (18581, 965), 
(0, 0), (0, 0), (0, 0), (0, 0), (0, 0), (0, 0), (0, 0), (0, 0), (0, 0), (0, 0), (0, 0), (0, 0), (0, 0), (24, 0), (882, 0), (14688, 0), (116406, 0), (544628, 0), (1669193, 0), (3539638, 0), (5586129, 0), (5587326, 68), (5587333, 73), (5801234, 73), (7306492, 73), (8015313, 73), (8059127, 73), (8067447, 73), (8078957, 73), (8085423, 73), (8089339, 73), (8089339, 73), (8091620, 73), (8091620, 73), (8091620, 73), (8093616, 75), (8113350, 81), (8113350, 81), (8113350, 81), (8115408, 155), (8117802, 259), (16682242, 259), (16684020, 264), (18820098, 264), (18822012, 273), (19125744, 273), (19126320, 273), (19126320, 273), (19129366, 312), (19129366, 312), (19129366, 312), (22123980, 317), (22123980, 317), (22123980, 317), (22215500, 340), (22221674, 368), (46305802, 368), (81096149, 368), (81234269, 368), (91866584, 368), (91931244, 373), (92500826, 373), (92500826, 373), 

0it [00:00, ?it/s]
15502it [00:00, 191227.72it/s]
INFO:root:test: 8109651 unique candidates out of 92535332 sampled candidates

0it [00:00, ?it/s]
4184it [00:00, 41831.16it/s]
8422it [00:00, 42130.90it/s]
12684it [00:00, 42352.42it/s]
16928it [00:00, 42385.41it/s]
21167it [00:00, 42352.75it/s]
25403it [00:00, 42302.66it/s]
29634it [00:00, 42291.34it/s]
33881it [00:00, 42344.80it/s]
38130it [00:00, 42387.23it/s]
42437it [00:01, 42595.33it/s]
46774it [00:01, 42830.67it/s]
51167it [00:01, 43162.61it/s]
55527it [00:01, 43291.93it/s]
59857it [00:01, 43247.24it/s]
64213it [00:01, 43338.61it/s]
68615it [00:01, 43542.73it/s]
72977it [00:01, 43563.41it/s]
77351it [00:01, 43613.75it/s]
81713it [00:01, 43468.80it/s]
86077it [00:02, 43518.18it/s]
90429it [00:02, 43399.54it/s]
94770it [00:02, 43386.74it/s]
99109it [00:02, 43312.96it/s]
103449it [00:02, 43336.38it/s]
107802it [00:02, 43392.54it/s]
112172it [00:02, 43480.90it/s]
116521it [00:02, 43452.65it/s]
120868it [00:02, 43454.45it/s]
125214it [00:02, 43395.07it/s]
129560it [00:03, 43412.20it/s]
133920it [00:03, 43465.48it/s]
138280it [00:03, 43504.69it/s]
142631it [00:03, 43272.95it/s]
146972it [00:03, 43312.85it/s]
151328it [00:03, 43382.98it/s]
155667it [00:03, 42874.43it/s]
159991it [00:03, 42982.44it/s]
164306it [00:03, 43031.30it/s]
168623it [00:03, 43071.44it/s]
172959it [00:04, 43155.11it/s]
177315it [00:04, 43273.98it/s]
181643it [00:04, 43184.89it/s]
186025it [00:04, 43372.39it/s]
190397it [00:04, 43474.37it/s]
194764it [00:04, 43532.18it/s]
199119it [00:04, 43534.27it/s]
203517it [00:04, 43667.31it/s]
207906it [00:04, 43733.69it/s]
212280it [00:04, 43703.16it/s]
216664it [00:05, 43743.25it/s]
221039it [00:05, 43470.77it/s]
225442it [00:05, 43637.31it/s]
229835it [00:05, 43724.09it/s]
234250it [00:05, 43849.16it/s]
238680it [00:05, 43983.41it/s]
243144it [00:05, 44178.49it/s]
247587it [00:05, 44250.54it/s]
252013it [00:05, 44244.66it/s]
256460it [00:05, 44308.94it/s]
260891it [00:06, 44050.75it/s]
265332it [00:06, 44154.73it/s]
269761it [00:06, 44192.80it/s]
274201it [00:06, 44253.79it/s]
278655it [00:06, 44338.29it/s]
283089it [00:06, 44140.30it/s]
287575it [00:06, 44354.11it/s]
292011it [00:06, 43791.06it/s]
296416it [00:06, 43867.38it/s]
300846it [00:06, 43994.78it/s]
305264it [00:07, 44049.53it/s]
309689it [00:07, 44107.57it/s]
314101it [00:07, 44040.40it/s]
318525it [00:07, 44098.63it/s]
322936it [00:07, 44094.81it/s]
327346it [00:07, 43570.89it/s]
331785it [00:07, 43812.35it/s]
336238it [00:07, 44024.56it/s]
340671it [00:07, 44114.26it/s]
345084it [00:07, 43790.30it/s]
349535it [00:08, 44003.22it/s]
353961it [00:08, 44077.63it/s]
358386it [00:08, 44126.61it/s]
362802it [00:08, 44133.78it/s]
367216it [00:08, 44122.52it/s]
371689it [00:08, 44303.04it/s]
376181it [00:08, 44485.39it/s]
380655it [00:08, 44558.13it/s]
385141it [00:08, 44644.85it/s]
389636it [00:08, 44735.56it/s]
394112it [00:09, 44742.52it/s]
398587it [00:09, 44679.25it/s]
403106it [00:09, 44830.44it/s]
407590it [00:09, 44703.43it/s]
412061it [00:09, 43027.26it/s]
416397it [00:09, 43116.32it/s]
420719it [00:09, 43144.57it/s]
425063it [00:09, 43230.85it/s]
429391it [00:09, 43084.29it/s]
433703it [00:09, 43043.75it/s]
438010it [00:10, 42999.93it/s]
442330it [00:10, 43058.49it/s]
446707it [00:10, 43268.53it/s]
451057it [00:10, 43335.89it/s]
455419it [00:10, 43418.19it/s]
459767it [00:10, 43436.06it/s]
464111it [00:10, 43169.26it/s]
468451it [00:10, 43236.33it/s]
472779it [00:10, 43074.69it/s]
477197it [00:10, 43403.44it/s]
481600it [00:11, 43588.10it/s]
486053it [00:11, 43867.27it/s]
490491it [00:11, 44017.85it/s]
494902it [00:11, 44045.12it/s]
499312it [00:11, 44059.60it/s]
503719it [00:11, 44052.02it/s]
508148it [00:11, 44122.59it/s]
512561it [00:11, 44117.60it/s]
516973it [00:11, 44108.24it/s]
521384it [00:11, 43377.14it/s]
525776it [00:12, 43535.75it/s]
530140it [00:12, 43563.68it/s]
534498it [00:12, 43564.29it/s]
538856it [00:12, 43426.41it/s]
543257it [00:12, 43597.79it/s]
547645it [00:12, 43679.78it/s]
552042it [00:12, 43765.44it/s]
556440it [00:12, 43826.79it/s]
560839it [00:12, 43872.38it/s]
565241it [00:12, 43915.03it/s]
569633it [00:13, 43790.71it/s]
574022it [00:13, 43818.59it/s]
578449it [00:13, 43952.62it/s]
582863it [00:13, 44007.83it/s]
587264it [00:13, 43122.88it/s]
591729it [00:13, 43573.29it/s]
596184it [00:13, 43861.46it/s]
600592it [00:13, 43925.21it/s]
605091it [00:13, 44239.74it/s]
609568it [00:13, 44395.87it/s]
614053it [00:14, 44529.51it/s]
618524it [00:14, 44581.63it/s]
623006it [00:14, 44652.29it/s]
627511it [00:14, 44769.55it/s]
632004it [00:14, 44816.83it/s]
636507it [00:14, 44880.28it/s]
640996it [00:14, 44789.15it/s]
645489it [00:14, 44830.77it/s]
649973it [00:14, 44788.53it/s]
654454it [00:14, 44791.68it/s]
658934it [00:15, 44758.08it/s]
663410it [00:15, 42033.92it/s]
667861it [00:15, 42741.08it/s]
672335it [00:15, 43319.27it/s]
676826it [00:15, 43785.00it/s]
681289it [00:15, 44032.51it/s]
685740it [00:15, 44173.49it/s]
690232it [00:15, 44394.51it/s]
694731it [00:15, 44571.30it/s]
699239it [00:15, 44721.04it/s]
703728it [00:16, 44767.74it/s]
708219it [00:16, 44806.99it/s]
712702it [00:16, 44800.33it/s]
717207it [00:16, 44874.64it/s]
721719it [00:16, 44947.68it/s]
726216it [00:16, 44952.33it/s]
730712it [00:16, 44953.55it/s]
735208it [00:16, 44935.13it/s]
739715it [00:16, 44971.69it/s]
744213it [00:17, 41840.96it/s]
748696it [00:17, 42690.74it/s]
753175it [00:17, 43296.38it/s]
757657it [00:17, 43740.20it/s]
762126it [00:17, 44018.52it/s]
766570it [00:17, 44140.36it/s]
771020it [00:17, 44246.87it/s]
775457it [00:17, 44281.14it/s]
779891it [00:17, 44203.10it/s]
784315it [00:17, 44072.87it/s]
788725it [00:18, 43988.70it/s]
793126it [00:18, 43987.06it/s]
797535it [00:18, 44015.98it/s]
801938it [00:18, 43985.49it/s]
806375it [00:18, 44099.69it/s]
810792it [00:18, 44118.40it/s]
815205it [00:18, 44103.49it/s]
819616it [00:18, 43939.74it/s]
824086it [00:18, 44165.18it/s]
828552it [00:18, 44310.05it/s]
833000it [00:19, 44359.28it/s]
837437it [00:19, 43890.42it/s]
841846it [00:19, 43947.72it/s]
846242it [00:19, 43939.11it/s]
850654it [00:19, 43991.18it/s]
855054it [00:19, 43953.50it/s]
859450it [00:19, 43876.93it/s]
863851it [00:19, 43915.02it/s]
868243it [00:19, 43911.51it/s]
872641it [00:19, 43930.24it/s]
877073it [00:20, 44044.94it/s]
881478it [00:20, 43403.90it/s]
885872it [00:20, 43562.19it/s]
890307it [00:20, 43795.19it/s]
894740it [00:20, 43952.37it/s]
899172it [00:20, 44060.40it/s]
903579it [00:20, 44043.46it/s]
908017it [00:20, 44142.48it/s]
912452it [00:20, 44203.36it/s]
916873it [00:20, 44106.07it/s]
921316it [00:21, 44200.82it/s]
925781it [00:21, 44333.59it/s]
930218it [00:21, 44342.93it/s]
934681it [00:21, 44425.34it/s]
939124it [00:21, 43553.37it/s]
943553it [00:21, 43768.89it/s]
947933it [00:21, 43184.66it/s]
952387it [00:21, 43581.99it/s]
956849it [00:21, 43889.39it/s]
961299it [00:21, 44068.73it/s]
965756it [00:22, 44216.49it/s]
970185it [00:22, 44236.04it/s]
974641it [00:22, 44332.48it/s]
979078it [00:22, 44341.51it/s]
983525it [00:22, 44379.48it/s]
987979it [00:22, 44426.93it/s]
992422it [00:22, 44345.52it/s]
996857it [00:22, 44316.97it/s]
1001289it [00:22, 44300.75it/s]
1005721it [00:22, 44304.66it/s]
1010169it [00:23, 44356.62it/s]
1014605it [00:23, 43614.29it/s]
1019046it [00:23, 43847.57it/s]
1023493it [00:23, 44031.09it/s]
1027900it [00:23, 44041.71it/s]
1032324it [00:23, 44099.35it/s]
1036735it [00:23, 44071.84it/s]
1041169it [00:23, 44149.16it/s]
1045585it [00:23, 44149.90it/s]
1050040it [00:23, 44266.81it/s]
1054479it [00:24, 44300.67it/s]
1058910it [00:24, 43805.82it/s]
1063331it [00:24, 43923.86it/s]
1067762it [00:24, 44038.43it/s]
1072181it [00:24, 44081.24it/s]
1076627it [00:24, 44194.17it/s]
1081047it [00:24, 43618.93it/s]
1085522it [00:24, 43952.29it/s]
1089989it [00:24, 44162.99it/s]
1094470it [00:24, 44353.39it/s]
1098967it [00:25, 44536.23it/s]
1103451it [00:25, 44624.97it/s]
1107949it [00:25, 44729.79it/s]
1112441it [00:25, 44784.96it/s]
1116938it [00:25, 44838.99it/s]
1121423it [00:25, 44788.84it/s]
1125903it [00:25, 44729.38it/s]
1130387it [00:25, 44761.97it/s]
1134878it [00:25, 44804.29it/s]
1139378it [00:25, 44862.57it/s]
1143875it [00:26, 44891.55it/s]
1148365it [00:26, 43941.17it/s]
1152890it [00:26, 44326.69it/s]
1157390it [00:26, 44524.22it/s]
1161862it [00:26, 44582.23it/s]
1166339it [00:26, 44637.67it/s]
1170832it [00:26, 44724.45it/s]
1175330it [00:26, 44797.12it/s]
1179814it [00:26, 44807.32it/s]
1184317it [00:26, 44872.41it/s]
1188805it [00:27, 43001.83it/s]
1193296it [00:27, 43555.85it/s]
1197781it [00:27, 43933.62it/s]
1202266it [00:27, 44201.78it/s]
1206711it [00:27, 44273.17it/s]
1211144it [00:27, 44247.20it/s]
1215601it [00:27, 44341.71it/s]
1220038it [00:27, 43934.08it/s]
1224456it [00:27, 44005.27it/s]
1228916it [00:27, 44180.24it/s]
1233363it [00:28, 44265.26it/s]
1237791it [00:28, 44139.44it/s]
1242250it [00:28, 44272.70it/s]
1246694it [00:28, 44320.44it/s]
1251142it [00:28, 44367.30it/s]
1255631it [00:28, 44522.19it/s]
1260139it [00:28, 44687.67it/s]
1264621it [00:28, 44723.96it/s]
1269094it [00:28, 44715.46it/s]
1273613it [00:28, 44854.86it/s]
1278128it [00:29, 44941.38it/s]
1282623it [00:29, 44102.36it/s]
1287163it [00:29, 44484.46it/s]
1291684it [00:29, 44698.05it/s]
1296212it [00:29, 44868.00it/s]
1300731it [00:29, 44962.08it/s]
1305249it [00:29, 45024.33it/s]
1309776it [00:29, 45096.35it/s]
1314289it [00:29, 45105.93it/s]
1318801it [00:29, 45038.73it/s]
1323306it [00:30, 44951.27it/s]
1327802it [00:30, 44922.69it/s]
1332295it [00:30, 44911.33it/s]
1336787it [00:30, 41658.07it/s]
1341221it [00:30, 42418.27it/s]
1345705it [00:30, 43115.26it/s]
1350046it [00:30, 42852.15it/s]
1354449it [00:30, 43196.15it/s]
1358884it [00:30, 43535.44it/s]
1363321it [00:31, 43781.62it/s]
1367762it [00:31, 43967.78it/s]
1372219it [00:31, 44146.27it/s]
1376661it [00:31, 44226.76it/s]
1381139it [00:31, 44390.03it/s]
1385637it [00:31, 44564.72it/s]
1390130it [00:31, 44671.98it/s]
1394607it [00:31, 44699.00it/s]
1399106it [00:31, 44785.41it/s]
1403605it [00:31, 44843.40it/s]
1408090it [00:32, 44844.20it/s]
1412585it [00:32, 44873.47it/s]
1417086it [00:32, 44911.09it/s]
1421578it [00:32, 43656.17it/s]
1426008it [00:32, 43842.75it/s]
1430422it [00:32, 43929.84it/s]
1434834it [00:32, 43983.25it/s]
1439278it [00:32, 44118.42it/s]
1443693it [00:32, 44097.48it/s]
1448105it [00:32, 44060.59it/s]
1452540it [00:33, 44146.46it/s]
1456956it [00:33, 44094.27it/s]
1461366it [00:33, 43929.59it/s]
1465760it [00:33, 43823.99it/s]
1470143it [00:33, 43754.35it/s]
1474519it [00:33, 43666.26it/s]
1478886it [00:33, 43584.45it/s]
1483245it [00:33, 43553.62it/s]
1487601it [00:33, 43529.89it/s]
1491955it [00:33, 42351.77it/s]
1496266it [00:34, 42574.15it/s]
1500571it [00:34, 42710.78it/s]
1504846it [00:34, 42104.54it/s]
1509146it [00:34, 42365.94it/s]
1513462it [00:34, 42598.54it/s]
1517784it [00:34, 42781.96it/s]
1522080it [00:34, 42834.66it/s]
1526374it [00:34, 42865.62it/s]
1530683it [00:34, 42929.56it/s]
1534982it [00:34, 42945.09it/s]
1539287it [00:35, 42974.35it/s]
1543590it [00:35, 42989.47it/s]
1547890it [00:35, 42969.48it/s]
1552196it [00:35, 42993.61it/s]
1556552it [00:35, 43161.35it/s]
1560869it [00:35, 41971.70it/s]
1565150it [00:35, 42217.67it/s]
1569458it [00:35, 42469.59it/s]
1573773it [00:35, 42671.25it/s]
1578071it [00:35, 42759.78it/s]
1582405it [00:36, 42929.67it/s]
1586700it [00:36, 42874.98it/s]
1590989it [00:36, 42850.62it/s]
1595276it [00:36, 42854.14it/s]
1599562it [00:36, 42799.05it/s]
1603843it [00:36, 42780.24it/s]
1608131it [00:36, 42806.45it/s]
1612412it [00:36, 42748.94it/s]
1616688it [00:36, 42751.65it/s]
1620964it [00:36, 42703.50it/s]
1625240it [00:37, 42717.32it/s]
1629512it [00:37, 41472.47it/s]
1633730it [00:37, 41677.55it/s]
1637938it [00:37, 41795.67it/s]
1642134it [00:37, 41841.11it/s]
1646360it [00:37, 41964.55it/s]
1650587it [00:37, 42053.14it/s]
1654831it [00:37, 42168.23it/s]
1659093it [00:37, 42300.94it/s]
1663355it [00:37, 42394.55it/s]
1667618it [00:38, 42461.76it/s]
1671884it [00:38, 42519.61it/s]
1676147it [00:38, 42551.34it/s]
1680448it [00:38, 42687.41it/s]
1684727it [00:38, 42717.73it/s]
1689001it [00:38, 42721.80it/s]
1693274it [00:38, 39110.79it/s]
1697245it [00:38, 38942.22it/s]
1701485it [00:38, 39927.09it/s]
1705725it [00:39, 40640.05it/s]
1709996it [00:39, 41244.38it/s]
1714284it [00:39, 41723.45it/s]
1718541it [00:39, 41971.67it/s]
1722784it [00:39, 42106.37it/s]
1727053it [00:39, 42278.40it/s]
1731341it [00:39, 42455.45it/s]
1735633it [00:39, 42593.03it/s]
1739924it [00:39, 42684.69it/s]
1744223it [00:39, 42773.59it/s]
1748534it [00:40, 42872.05it/s]
1752830it [00:40, 42896.31it/s]
1757121it [00:40, 42897.48it/s]
1761412it [00:40, 42839.17it/s]
1765697it [00:40, 42510.75it/s]
1769986it [00:40, 42623.08it/s]
1774292it [00:40, 42751.00it/s]
1778604it [00:40, 42858.73it/s]
1782891it [00:40, 42771.19it/s]
1787169it [00:40, 42723.57it/s]
1791442it [00:41, 42651.78it/s]
1795712it [00:41, 42664.84it/s]
1799983it [00:41, 42675.93it/s]
1804251it [00:41, 42588.03it/s]
1808510it [00:41, 42556.33it/s]
1812766it [00:41, 42497.67it/s]
1817016it [00:41, 42453.53it/s]
1821262it [00:41, 42414.90it/s]
1825504it [00:41, 42412.50it/s]
1829773it [00:41, 42493.82it/s]
1834065it [00:42, 42621.16it/s]
1838334it [00:42, 42640.89it/s]
1842599it [00:42, 42568.99it/s]
1846856it [00:42, 42542.42it/s]
1851164it [00:42, 42701.04it/s]
1855460it [00:42, 42775.16it/s]
1859745it [00:42, 42797.15it/s]
1864025it [00:42, 42727.80it/s]
1868298it [00:42, 42639.59it/s]
1872563it [00:42, 42622.13it/s]
1876836it [00:43, 42653.86it/s]
1881113it [00:43, 42688.17it/s]
1885384it [00:43, 42694.11it/s]
1889654it [00:43, 42687.29it/s]
1893923it [00:43, 42630.89it/s]
1898196it [00:43, 42658.21it/s]
1902462it [00:43, 42611.27it/s]
1906724it [00:43, 39437.64it/s]
1910967it [00:43, 40284.71it/s]
1915211it [00:43, 40903.76it/s]
1919490it [00:44, 41453.67it/s]
1923850it [00:44, 42083.50it/s]
1928185it [00:44, 42457.60it/s]
1932522it [00:44, 42726.52it/s]
1936877it [00:44, 42969.36it/s]
1941194it [00:44, 43028.08it/s]
1945502it [00:44, 43013.20it/s]
1949807it [00:44, 42979.07it/s]
1954122it [00:44, 43027.30it/s]
1958448it [00:44, 43096.22it/s]
1962799it [00:45, 43219.30it/s]
1967133it [00:45, 43255.11it/s]
1971493it [00:45, 43355.98it/s]
1975834it [00:45, 43371.54it/s]
1980210it [00:45, 43486.55it/s]
1984580it [00:45, 43550.14it/s]
1988937it [00:45, 43553.12it/s]
1993299it [00:45, 43572.20it/s]
1997663it [00:45, 43590.74it/s]
2002023it [00:45, 43518.74it/s]
2006383it [00:46, 43542.57it/s]
2010765it [00:46, 43623.46it/s]
2015150it [00:46, 43688.83it/s]
2019546it [00:46, 43768.52it/s]
2023939it [00:46, 43814.36it/s]
2028332it [00:46, 43846.70it/s]
2032717it [00:46, 43805.85it/s]
2037098it [00:46, 43764.45it/s]
2041475it [00:46, 43745.44it/s]
2045850it [00:46, 43683.06it/s]
2050239it [00:47, 43742.32it/s]
2054616it [00:47, 43747.88it/s]
2058993it [00:47, 43754.14it/s]
2063369it [00:47, 43642.90it/s]
2067734it [00:47, 43621.97it/s]
2072097it [00:47, 43586.64it/s]
2076460it [00:47, 43598.61it/s]
2080837it [00:47, 43648.50it/s]
2085246it [00:47, 43779.48it/s]
2089696it [00:47, 43993.73it/s]
2094123it [00:48, 44075.29it/s]
2098531it [00:48, 43995.31it/s]
2102931it [00:48, 43846.05it/s]
2107341it [00:48, 43921.04it/s]
2111734it [00:48, 43915.53it/s]
2116142it [00:48, 43962.31it/s]
2120539it [00:48, 43907.23it/s]
2124930it [00:48, 43708.61it/s]
2129302it [00:48, 43621.27it/s]
2133665it [00:48, 43603.99it/s]
2138026it [00:49, 43597.28it/s]
2142386it [00:49, 40216.23it/s]
2146687it [00:49, 41005.35it/s]
2150983it [00:49, 41566.45it/s]
2155289it [00:49, 42001.19it/s]
2159579it [00:49, 42262.18it/s]
2163890it [00:49, 42512.32it/s]
2168167it [00:49, 42588.55it/s]
2172497it [00:49, 42798.22it/s]
2176803it [00:49, 42875.15it/s]
2181101it [00:50, 42905.74it/s]
2185409it [00:50, 42956.34it/s]
2189719it [00:50, 42998.05it/s]
2194021it [00:50, 42979.13it/s]
2198350it [00:50, 43070.00it/s]
2202658it [00:50, 43026.52it/s]
2206967it [00:50, 43044.60it/s]
2211279it [00:50, 43064.90it/s]
2215601it [00:50, 43109.44it/s]
2219937it [00:50, 43183.09it/s]
2224264it [00:51, 43206.05it/s]
2228606it [00:51, 43268.52it/s]
2232944it [00:51, 43299.65it/s]
2237282it [00:51, 43321.25it/s]
2241615it [00:51, 43274.31it/s]
2245978it [00:51, 43379.72it/s]
2250317it [00:51, 43346.29it/s]
2254652it [00:51, 43302.24it/s]
2259028it [00:51, 43438.98it/s]
2263372it [00:51, 43373.47it/s]
2267740it [00:52, 43463.45it/s]
2272087it [00:52, 43391.03it/s]
2276427it [00:52, 43330.11it/s]
2280764it [00:52, 43340.30it/s]
2285115it [00:52, 43389.83it/s]
2289468it [00:52, 43428.89it/s]
2293835it [00:52, 43499.27it/s]
2298192it [00:52, 43518.84it/s]
2302580it [00:52, 43626.21it/s]
2306968it [00:52, 43700.61it/s]
2311339it [00:53, 43669.09it/s]
2315706it [00:53, 43633.20it/s]
2320103it [00:53, 43731.80it/s]
2324477it [00:53, 43668.54it/s]
2328844it [00:53, 43590.64it/s]
2333204it [00:53, 43542.10it/s]
2337559it [00:53, 43496.31it/s]
2341919it [00:53, 43525.05it/s]
2346272it [00:53, 43505.21it/s]
2350649it [00:53, 43583.07it/s]
2355016it [00:54, 43608.07it/s]
2359408it [00:54, 43698.84it/s]
2363838it [00:54, 43875.51it/s]
2368230it [00:54, 43885.41it/s]
2372657it [00:54, 43997.33it/s]
2377065it [00:54, 44021.41it/s]
2381468it [00:54, 43954.66it/s]
2385870it [00:54, 43973.40it/s]
2390279it [00:54, 44007.95it/s]
2394680it [00:54, 44004.21it/s]
2399097it [00:55, 44050.78it/s]
2403521it [00:55, 44105.24it/s]
2407940it [00:55, 44128.59it/s]
2412353it [00:55, 42472.54it/s]
2416729it [00:55, 42846.37it/s]
2421098it [00:55, 43093.23it/s]
2425482it [00:55, 43313.15it/s]
2429869it [00:55, 43477.33it/s]
2434291it [00:55, 43697.43it/s]
2438700it [00:56, 43812.20it/s]
2443112it [00:56, 43902.05it/s]
2447510it [00:56, 43922.70it/s]
2451927it [00:56, 43995.02it/s]
2456370it [00:56, 44123.73it/s]
2460802it [00:56, 44180.27it/s]
2465221it [00:56, 44145.52it/s]
2469636it [00:56, 44098.20it/s]
2474047it [00:56, 44003.85it/s]
2478448it [00:56, 43976.87it/s]
2482867it [00:57, 44039.95it/s]
2487296it [00:57, 44112.69it/s]
2491784it [00:57, 44341.20it/s]
2496224it [00:57, 44355.89it/s]
2500676it [00:57, 44404.28it/s]
2505169it [00:57, 44558.97it/s]
2509644it [00:57, 44614.58it/s]
2514129it [00:57, 44683.32it/s]
2518621it [00:57, 44751.63it/s]
2523114it [00:57, 44803.73it/s]
2527606it [00:58, 44837.50it/s]
2532090it [00:58, 44812.21it/s]
2536572it [00:58, 44700.09it/s]
2541044it [00:58, 44704.02it/s]
2545538it [00:58, 44774.34it/s]
2550023it [00:58, 44794.08it/s]
2554503it [00:58, 44758.47it/s]
2558979it [00:58, 44666.30it/s]
2563446it [00:58, 44528.11it/s]
2567899it [00:58, 44384.53it/s]
2572368it [00:59, 44474.95it/s]
2576847it [00:59, 44565.85it/s]
2581318it [00:59, 44607.09it/s]
2585800it [00:59, 44668.41it/s]
2590267it [00:59, 44554.45it/s]
2594723it [00:59, 44499.08it/s]
2599173it [00:59, 44402.23it/s]
2603614it [00:59, 44283.93it/s]
2608043it [00:59, 44270.81it/s]
2612471it [00:59, 44266.44it/s]
2616927it [01:00, 44352.85it/s]
2621363it [01:00, 44317.73it/s]
2625825it [01:00, 44405.66it/s]
2630266it [01:00, 44394.45it/s]
2634706it [01:00, 44388.77it/s]
2639145it [01:00, 44333.36it/s]
2643579it [01:00, 44256.97it/s]
2648005it [01:00, 44132.04it/s]
2652419it [01:00, 44058.32it/s]
2656843it [01:00, 44111.38it/s]
2661264it [01:01, 44139.10it/s]
2665699it [01:01, 44199.87it/s]
2670159it [01:01, 44318.84it/s]
2674591it [01:01, 44312.08it/s]
2679023it [01:01, 44311.11it/s]
2683467it [01:01, 44346.66it/s]
2687902it [01:01, 44342.47it/s]
2692369it [01:01, 44438.64it/s]
2696834it [01:01, 44498.79it/s]
2701291it [01:01, 44518.73it/s]
2705743it [01:02, 44510.47it/s]
2710195it [01:02, 39809.73it/s]
2714582it [01:02, 40932.65it/s]
2719019it [01:02, 41906.35it/s]
2723439it [01:02, 42567.15it/s]
2727844it [01:02, 42996.92it/s]
2732241it [01:02, 43281.25it/s]
2736612it [01:02, 43406.98it/s]
2741011it [01:02, 43579.67it/s]
2745402it [01:02, 43676.52it/s]
2749819it [01:03, 43823.05it/s]
2754228it [01:03, 43902.34it/s]
2758623it [01:03, 43883.49it/s]
2763017it [01:03, 43898.48it/s]
2767443it [01:03, 44006.49it/s]
2771857it [01:03, 44042.99it/s]
2776294it [01:03, 44139.32it/s]
2780715it [01:03, 44158.85it/s]
2785135it [01:03, 44170.32it/s]
2789554it [01:03, 44174.65it/s]
2793987it [01:04, 44219.99it/s]
2798412it [01:04, 44227.55it/s]
2802835it [01:04, 44126.37it/s]
2807248it [01:04, 44096.46it/s]
2811662it [01:04, 44108.94it/s]
2816073it [01:04, 44085.37it/s]
2820482it [01:04, 44066.09it/s]
2824889it [01:04, 44037.86it/s]
2829302it [01:04, 44064.31it/s]
2833738it [01:04, 44152.22it/s]
2838154it [01:05, 44096.89it/s]
2842585it [01:05, 44157.87it/s]
2847023it [01:05, 44223.86it/s]
2851485it [01:05, 44342.22it/s]
2855920it [01:05, 44306.17it/s]
2860357it [01:05, 44323.95it/s]
2864790it [01:05, 44247.50it/s]
2869218it [01:05, 44256.93it/s]
2873660it [01:05, 44303.59it/s]
2878091it [01:05, 44282.74it/s]
2882520it [01:06, 44191.96it/s]
2886940it [01:06, 44132.74it/s]
2891354it [01:06, 44111.73it/s]
2895784it [01:06, 44165.52it/s]
2900201it [01:06, 44023.44it/s]
2904604it [01:06, 43959.98it/s]
2909058it [01:06, 44131.24it/s]
2913485it [01:06, 44170.01it/s]
2917945it [01:06, 44295.76it/s]
2922412it [01:06, 44405.84it/s]
2926889it [01:07, 44512.78it/s]
2931367it [01:07, 44590.45it/s]
2935853it [01:07, 44668.60it/s]
2940348it [01:07, 44751.08it/s]
2944824it [01:07, 44630.55it/s]
2949288it [01:07, 44513.94it/s]
2953779it [01:07, 44631.48it/s]
2958243it [01:07, 44622.99it/s]
2962706it [01:07, 44592.85it/s]
2967166it [01:07, 44578.46it/s]
2971624it [01:08, 44535.23it/s]
2976078it [01:08, 44427.55it/s]
2980521it [01:08, 44316.38it/s]
2984953it [01:08, 44250.60it/s]
2989379it [01:08, 44181.14it/s]
2993804it [01:08, 44201.42it/s]
2998242it [01:08, 44254.11it/s]
3002687it [01:08, 44310.97it/s]
3007119it [01:08, 44253.60it/s]
3011545it [01:08, 44201.88it/s]
3015966it [01:09, 44166.69it/s]
3020383it [01:09, 44104.01it/s]
3024794it [01:09, 44089.36it/s]
3029203it [01:09, 44048.25it/s]
3033659it [01:09, 44199.07it/s]
3038120it [01:09, 44319.46it/s]
3042552it [01:09, 44305.10it/s]
3047009it [01:09, 44382.51it/s]
3051448it [01:09, 39304.29it/s]
3055861it [01:10, 40630.24it/s]
3060264it [01:10, 41588.21it/s]
3064698it [01:10, 42377.58it/s]
3069127it [01:10, 42933.27it/s]
3073541it [01:10, 43285.88it/s]
3077964it [01:10, 43564.44it/s]
3082377it [01:10, 43731.64it/s]
3086815it [01:10, 43922.40it/s]
3091277it [01:10, 44128.57it/s]
3095720it [01:10, 44217.29it/s]
3100154it [01:11, 44253.36it/s]
3104583it [01:11, 44261.12it/s]
3109012it [01:11, 44212.05it/s]
3113440it [01:11, 44228.91it/s]
3117890it [01:11, 44308.21it/s]
3122324it [01:11, 44314.36it/s]
3126758it [01:11, 44320.32it/s]
3131191it [01:11, 44304.07it/s]
3135622it [01:11, 44242.14it/s]
3140053it [01:11, 44259.57it/s]
3144480it [01:12, 44221.26it/s]
3148915it [01:12, 44257.56it/s]
3153341it [01:12, 44205.90it/s]
3157768it [01:12, 44221.99it/s]
3162197it [01:12, 44239.06it/s]
3166643it [01:12, 44302.13it/s]
3171074it [01:12, 44232.42it/s]
3175500it [01:12, 44238.07it/s]
3179927it [01:12, 44245.00it/s]
3184358it [01:12, 44262.18it/s]
3188785it [01:13, 44208.39it/s]
3193206it [01:13, 44138.64it/s]
3197620it [01:13, 44106.79it/s]
3202050it [01:13, 44162.82it/s]
3206487it [01:13, 44223.54it/s]
3210976it [01:13, 44420.25it/s]
3215447it [01:13, 44505.05it/s]
3219898it [01:13, 44460.21it/s]
3224353it [01:13, 44484.11it/s]
3228811it [01:13, 44511.66it/s]
3233263it [01:14, 44429.85it/s]
3237707it [01:14, 44398.92it/s]
3242147it [01:14, 44389.24it/s]
3246586it [01:14, 44364.67it/s]
3251023it [01:14, 44327.71it/s]
3255456it [01:14, 44320.12it/s]
3259889it [01:14, 44271.76it/s]
3264333it [01:14, 44320.10it/s]
3268766it [01:14, 44319.66it/s]
3273214it [01:14, 44365.10it/s]
3277665it [01:15, 44407.73it/s]
3282140it [01:15, 44508.85it/s]
3286591it [01:15, 44477.21it/s]
3291039it [01:15, 44420.00it/s]
3295482it [01:15, 44391.62it/s]
3299940it [01:15, 44446.69it/s]
3304392it [01:15, 44468.36it/s]
3308839it [01:15, 44394.46it/s]
3313279it [01:15, 44267.58it/s]
3317719it [01:15, 44305.99it/s]
3322153it [01:16, 44313.49it/s]
3326585it [01:16, 44300.40it/s]
3331016it [01:16, 44291.33it/s]
3335492it [01:16, 44429.18it/s]
3339970it [01:16, 44532.60it/s]
3344431it [01:16, 44555.21it/s]
3348913it [01:16, 44632.61it/s]
3353403it [01:16, 44711.44it/s]
3357891it [01:16, 44759.93it/s]
3362368it [01:16, 44729.34it/s]
3366841it [01:17, 44689.94it/s]
3371311it [01:17, 44622.19it/s]
3375797it [01:17, 44692.23it/s]
3380269it [01:17, 44697.76it/s]
3384739it [01:17, 44530.18it/s]
3389193it [01:17, 44426.94it/s]
3393642it [01:17, 44442.69it/s]
3398087it [01:17, 44414.80it/s]
3402529it [01:17, 44393.50it/s]
3406969it [01:17, 44367.81it/s]
3411406it [01:18, 44303.89it/s]
3415843it [01:18, 44322.87it/s]
3420300it [01:18, 44395.82it/s]
3424770it [01:18, 44486.47it/s]
3429230it [01:18, 44518.67it/s]
3433682it [01:18, 42671.52it/s]
3438169it [01:18, 43310.74it/s]
3442651it [01:18, 43749.88it/s]
3447131it [01:18, 44057.93it/s]
3451596it [01:18, 44231.75it/s]
3456051it [01:19, 44325.27it/s]
3460501it [01:19, 44375.16it/s]
3464952it [01:19, 44414.65it/s]
3469396it [01:19, 44391.78it/s]
3473881it [01:19, 44526.34it/s]
3478364it [01:19, 44615.61it/s]
3482827it [01:19, 44524.95it/s]
3487281it [01:19, 44448.46it/s]
3491727it [01:19, 44403.85it/s]
3496189it [01:19, 44467.93it/s]
3500637it [01:20, 44468.86it/s]
3505085it [01:20, 44439.32it/s]
3509576it [01:20, 44577.49it/s]
3514034it [01:20, 44574.12it/s]
3518492it [01:20, 44538.46it/s]
3522946it [01:20, 44490.84it/s]
3527414it [01:20, 44544.81it/s]
3531880it [01:20, 44577.97it/s]
3536342it [01:20, 44589.21it/s]
3540826it [01:20, 44661.80it/s]
3545308it [01:21, 44707.65it/s]
3549779it [01:21, 44680.22it/s]
3554248it [01:21, 44666.41it/s]
3558715it [01:21, 44593.71it/s]
3563175it [01:21, 44492.80it/s]
3567629it [01:21, 44505.38it/s]
3572124it [01:21, 44635.96it/s]
3576628it [01:21, 44755.32it/s]
3581115it [01:21, 44786.76it/s]
3585594it [01:21, 44715.04it/s]
3590066it [01:22, 44677.87it/s]
3594534it [01:22, 44659.20it/s]
3599027it [01:22, 44738.31it/s]
3603534it [01:22, 44834.61it/s]
3608033it [01:22, 44880.47it/s]
3612537it [01:22, 44927.80it/s]
3617035it [01:22, 44942.21it/s]
3621535it [01:22, 44958.94it/s]
3626031it [01:22, 44884.84it/s]
3630520it [01:22, 44841.11it/s]
3635009it [01:23, 44855.28it/s]
3639496it [01:23, 44857.88it/s]
3643991it [01:23, 44882.43it/s]
3648491it [01:23, 44915.38it/s]
3652983it [01:23, 44909.55it/s]
3657474it [01:23, 44903.44it/s]
3661965it [01:23, 44902.79it/s]
3666473it [01:23, 44954.40it/s]
3670969it [01:23, 44949.31it/s]
3675474it [01:23, 44976.56it/s]
3679972it [01:24, 44958.41it/s]
3684481it [01:24, 44994.41it/s]
3688981it [01:24, 44980.76it/s]
3693493it [01:24, 45019.95it/s]
3697997it [01:24, 45025.39it/s]
3702505it [01:24, 45039.40it/s]
3707009it [01:24, 45036.92it/s]
3711516it [01:24, 45045.70it/s]
3716021it [01:24, 45036.98it/s]
3720534it [01:24, 45062.64it/s]
3725041it [01:25, 44989.16it/s]
3729540it [01:25, 44971.27it/s]
3734045it [01:25, 44992.11it/s]
3738557it [01:25, 45027.91it/s]
3743060it [01:25, 44998.74it/s]
3747560it [01:25, 44952.10it/s]
3752079it [01:25, 45021.13it/s]
3756582it [01:25, 44968.41it/s]
3761079it [01:25, 44879.00it/s]
3765567it [01:25, 44878.29it/s]
3770069it [01:26, 44919.81it/s]
3774568it [01:26, 44939.92it/s]
3779068it [01:26, 44957.56it/s]
3783581it [01:26, 45007.28it/s]
3788097it [01:26, 45052.73it/s]
3792606it [01:26, 45063.53it/s]
3797113it [01:26, 45056.59it/s]
3801630it [01:26, 45089.20it/s]
3806139it [01:26, 45051.44it/s]
3810645it [01:26, 45006.99it/s]
3815146it [01:27, 44999.00it/s]
3819646it [01:27, 44924.42it/s]
3824139it [01:27, 44871.07it/s]
3828627it [01:27, 44784.13it/s]
3833106it [01:27, 44767.42it/s]
3837583it [01:27, 44748.37it/s]
3842058it [01:27, 44647.55it/s]
3846523it [01:27, 44580.32it/s]
3850982it [01:27, 44575.79it/s]
3855465it [01:27, 44651.51it/s]
3859931it [01:28, 38931.08it/s]
3864364it [01:28, 40395.67it/s]
3868837it [01:28, 41605.81it/s]
3873327it [01:28, 42545.03it/s]
3877805it [01:28, 43189.40it/s]
3882267it [01:28, 43606.80it/s]
3886722it [01:28, 43882.72it/s]
3891199it [01:28, 44143.11it/s]
3895664it [01:28, 44292.31it/s]
3900152it [01:29, 44466.17it/s]
3904638it [01:29, 44582.81it/s]
3909137it [01:29, 44701.01it/s]
3913612it [01:29, 44676.95it/s]
3918083it [01:29, 44627.13it/s]
3922553it [01:29, 44645.83it/s]
3927021it [01:29, 44654.90it/s]
3931488it [01:29, 44644.64it/s]
3935977it [01:29, 44715.17it/s]
3940463it [01:29, 44756.49it/s]
3944954it [01:30, 44801.60it/s]
3949435it [01:30, 44754.22it/s]
3953911it [01:30, 44742.06it/s]
3958394it [01:30, 44767.37it/s]
3962871it [01:30, 44669.67it/s]
3967353it [01:30, 44714.31it/s]
3971825it [01:30, 44713.86it/s]
3976297it [01:30, 44663.98it/s]
3980764it [01:30, 44528.04it/s]
3985217it [01:30, 44484.65it/s]
3989666it [01:31, 44329.49it/s]
3994117it [01:31, 44381.86it/s]
3998576it [01:31, 44441.07it/s]
4003045it [01:31, 44515.24it/s]
4007497it [01:31, 44458.96it/s]
4011962it [01:31, 44514.90it/s]
4016414it [01:31, 44471.75it/s]
4020870it [01:31, 44495.36it/s]
4025323it [01:31, 44502.32it/s]
4029784it [01:31, 44532.60it/s]
4034241it [01:32, 44539.59it/s]
4038709it [01:32, 44579.22it/s]
4043167it [01:32, 44513.65it/s]
4047619it [01:32, 44459.45it/s]
4052065it [01:32, 44316.55it/s]
4056497it [01:32, 44219.70it/s]
4060920it [01:32, 44177.35it/s]
4065341it [01:32, 44185.07it/s]
4069760it [01:32, 44176.38it/s]
4074216it [01:32, 44290.34it/s]
4078672it [01:33, 44369.97it/s]
4083154it [01:33, 44504.19it/s]
4087633it [01:33, 44586.35it/s]
4092094it [01:33, 44591.29it/s]
4096572it [01:33, 44645.62it/s]
4101037it [01:33, 44606.63it/s]
4105514it [01:33, 44653.96it/s]
4109986it [01:33, 44672.91it/s]
4114454it [01:33, 44657.04it/s]
4118920it [01:33, 44625.91it/s]
4123383it [01:34, 44601.02it/s]
4127844it [01:34, 44581.87it/s]
4132303it [01:34, 44529.40it/s]
4136756it [01:34, 44527.62it/s]
4141229it [01:34, 44585.54it/s]
4145688it [01:34, 44569.28it/s]
4150167it [01:34, 44632.96it/s]
4154631it [01:34, 44597.12it/s]
4159099it [01:34, 44620.69it/s]
4163569it [01:34, 44641.80it/s]
4168034it [01:35, 44533.49it/s]
4172488it [01:35, 44436.50it/s]
4176942it [01:35, 44466.86it/s]
4181389it [01:35, 44420.26it/s]
4185832it [01:35, 44408.89it/s]
4190292it [01:35, 44463.75it/s]
4194739it [01:35, 44437.64it/s]
4199183it [01:35, 44364.08it/s]
4203620it [01:35, 44322.53it/s]
4208053it [01:35, 44163.55it/s]
4212470it [01:36, 44113.67it/s]
4216882it [01:36, 44110.86it/s]
4221308it [01:36, 44154.80it/s]
4225763it [01:36, 44271.83it/s]
4230235it [01:36, 44405.03it/s]
4234709it [01:36, 44502.77it/s]
4239227it [01:36, 44704.56it/s]
4243759it [01:36, 44888.66it/s]
4248248it [01:36, 44801.88it/s]
4252729it [01:36, 44757.50it/s]
4257205it [01:37, 44643.05it/s]
4261670it [01:37, 44588.61it/s]
4266130it [01:37, 44590.03it/s]
4270590it [01:37, 44536.67it/s]
4275078it [01:37, 44636.22it/s]
4279542it [01:37, 44582.45it/s]
4284006it [01:37, 44595.90it/s]
4288466it [01:37, 44528.10it/s]
4292927it [01:37, 44549.39it/s]
4297384it [01:37, 44553.51it/s]
4301861it [01:38, 44616.96it/s]
4306350it [01:38, 44698.05it/s]
4310820it [01:38, 44662.57it/s]
4315287it [01:38, 44627.98it/s]
4319750it [01:38, 44552.98it/s]
4324250it [01:38, 44685.80it/s]
4328730it [01:38, 44718.71it/s]
4333202it [01:38, 44604.41it/s]
4337663it [01:38, 44526.90it/s]
4342116it [01:38, 41555.25it/s]
4346534it [01:39, 42301.40it/s]
4350956it [01:39, 42854.23it/s]
4355370it [01:39, 43227.83it/s]
4359787it [01:39, 43503.56it/s]
4364236it [01:39, 43794.63it/s]
4368713it [01:39, 44083.33it/s]
4373171it [01:39, 44229.10it/s]
4377635it [01:39, 44350.10it/s]
4382074it [01:39, 44331.64it/s]
4386533it [01:39, 44407.78it/s]
4391005it [01:40, 44500.52it/s]
4395502it [01:40, 44639.28it/s]
4399973it [01:40, 44657.30it/s]
4404467it [01:40, 44741.48it/s]
4408956it [01:40, 44784.43it/s]
4413435it [01:40, 44756.54it/s]
4417918it [01:40, 44778.00it/s]
4422396it [01:40, 44588.13it/s]
4426876it [01:40, 44650.44it/s]
4431364it [01:40, 44716.54it/s]
4435858it [01:41, 44782.04it/s]
4440337it [01:41, 44776.41it/s]
4444815it [01:41, 44731.47it/s]
4449290it [01:41, 44735.50it/s]
4453780it [01:41, 44784.14it/s]
4458259it [01:41, 44755.52it/s]
4462735it [01:41, 44694.50it/s]
4467217it [01:41, 44731.40it/s]
4471691it [01:41, 44695.61it/s]
4476161it [01:41, 44627.29it/s]
4480624it [01:42, 44576.25it/s]
4485082it [01:42, 44558.85it/s]
4489538it [01:42, 44509.67it/s]
4494023it [01:42, 44609.88it/s]
4498542it [01:42, 44782.16it/s]
4503058it [01:42, 44892.74it/s]
4507548it [01:42, 44883.48it/s]
4512054it [01:42, 44935.29it/s]
4516556it [01:42, 44958.58it/s]
4521052it [01:42, 44931.55it/s]
4525546it [01:43, 44870.40it/s]
4530053it [01:43, 44929.89it/s]
4534577it [01:43, 45020.10it/s]
4539080it [01:43, 45009.06it/s]
4543581it [01:43, 44997.93it/s]
4548108it [01:43, 45078.93it/s]
4552616it [01:43, 45070.08it/s]
4557124it [01:43, 45042.41it/s]
4561629it [01:43, 45001.48it/s]
4566130it [01:43, 44947.53it/s]
4570627it [01:44, 44953.18it/s]
4575123it [01:44, 44873.97it/s]
4579633it [01:44, 44938.19it/s]
4584127it [01:44, 44925.91it/s]
4588620it [01:44, 44901.13it/s]
4593114it [01:44, 44910.45it/s]
4597606it [01:44, 44804.37it/s]
4602087it [01:44, 44676.64it/s]
4606555it [01:44, 44654.59it/s]
4611021it [01:44, 44565.38it/s]
4615485it [01:45, 44584.97it/s]
4619944it [01:45, 44573.10it/s]
4624437it [01:45, 44678.51it/s]
4628905it [01:45, 44636.09it/s]
4633382it [01:45, 44673.88it/s]
4637850it [01:45, 44655.91it/s]
4642316it [01:45, 44654.63it/s]
4646786it [01:45, 44666.46it/s]
4651269it [01:45, 44714.29it/s]
4655749it [01:45, 44738.98it/s]
4660223it [01:46, 44726.06it/s]
4664730it [01:46, 44826.10it/s]
4669213it [01:46, 44801.82it/s]
4673694it [01:46, 44704.52it/s]
4678165it [01:46, 44567.85it/s]
4682622it [01:46, 44526.17it/s]
4687075it [01:46, 44520.09it/s]
4691548it [01:46, 44579.97it/s]
4696039it [01:46, 44677.30it/s]
4700507it [01:46, 44634.82it/s]
4705003it [01:47, 44731.60it/s]
4709487it [01:47, 44762.59it/s]
4713964it [01:47, 44608.16it/s]
4718434it [01:47, 44635.20it/s]
4722898it [01:47, 44620.02it/s]
4727361it [01:47, 44589.56it/s]
4731821it [01:47, 44548.46it/s]
4736276it [01:47, 44531.10it/s]
4740730it [01:47, 44456.38it/s]
4745224it [01:47, 44599.13it/s]
4749716it [01:48, 44691.99it/s]
4754186it [01:48, 44690.92it/s]
4758656it [01:48, 44598.81it/s]
4763116it [01:48, 44465.63it/s]
4767563it [01:48, 44375.64it/s]
4772001it [01:48, 44237.25it/s]
4776425it [01:48, 44075.06it/s]
4780833it [01:48, 44001.53it/s]
4785238it [01:48, 44013.60it/s]
4789648it [01:48, 44038.11it/s]
4794061it [01:49, 44065.36it/s]
4798475it [01:49, 44085.27it/s]
4802899it [01:49, 44128.55it/s]
4807349it [01:49, 44237.20it/s]
4811778it [01:49, 44251.46it/s]
4816204it [01:49, 44241.98it/s]
4820631it [01:49, 44248.75it/s]
4825058it [01:49, 44252.48it/s]
4829498it [01:49, 44296.07it/s]
4833960it [01:49, 44392.28it/s]
4838409it [01:50, 44419.92it/s]
4842851it [01:50, 44417.73it/s]
4847293it [01:50, 44416.08it/s]
4851735it [01:50, 44377.28it/s]
4856186it [01:50, 44413.62it/s]
4860645it [01:50, 44463.62it/s]
4865102it [01:50, 44494.77it/s]
4869553it [01:50, 44498.65it/s]
4874032it [01:50, 44585.35it/s]
4878494it [01:50, 44594.41it/s]
4883000it [01:51, 44730.18it/s]
4887474it [01:51, 40607.24it/s]
4891847it [01:51, 41481.36it/s]
4896190it [01:51, 42036.15it/s]
4900552it [01:51, 42492.92it/s]
4904944it [01:51, 42909.53it/s]
4909310it [01:51, 43130.49it/s]
4913682it [01:51, 43304.30it/s]
4918083it [01:51, 43512.49it/s]
4922459it [01:52, 43584.03it/s]
4926849it [01:52, 43676.01it/s]
4931256it [01:52, 43791.53it/s]
4935656it [01:52, 43853.04it/s]
4940077it [01:52, 43958.73it/s]
4944475it [01:52, 43884.09it/s]
4948903it [01:52, 44001.00it/s]
4953323it [01:52, 44060.28it/s]
4957732it [01:52, 44068.19it/s]
4962164it [01:52, 44143.03it/s]
4966604it [01:53, 44217.31it/s]
4971049it [01:53, 44285.61it/s]
4975510it [01:53, 44380.94it/s]
4979975it [01:53, 44458.79it/s]
4984448it [01:53, 44539.04it/s]
4988924it [01:53, 44603.95it/s]
4993387it [01:53, 44609.36it/s]
4997853it [01:53, 44623.98it/s]
5002316it [01:53, 44595.18it/s]
5006800it [01:53, 44667.68it/s]
5011308it [01:54, 44789.00it/s]
5015801it [01:54, 44828.77it/s]
5020284it [01:54, 44698.49it/s]
5024767it [01:54, 44735.47it/s]
5029241it [01:54, 44700.19it/s]
5033718it [01:54, 44720.70it/s]
5038191it [01:54, 44688.19it/s]
5042669it [01:54, 44714.08it/s]
5047141it [01:54, 44695.04it/s]
5051611it [01:54, 44545.10it/s]
5056074it [01:55, 44568.63it/s]
5060531it [01:55, 44524.98it/s]
5064984it [01:55, 44477.48it/s]
5069432it [01:55, 44471.40it/s]
5073880it [01:55, 44418.61it/s]
5078331it [01:55, 44442.62it/s]
5082783it [01:55, 44465.05it/s]
5087271it [01:55, 44588.84it/s]
5091741it [01:55, 44619.75it/s]
5096220it [01:55, 44670.24it/s]
5100688it [01:56, 44621.59it/s]
5105151it [01:56, 44534.55it/s]
5109605it [01:56, 44479.15it/s]
5114055it [01:56, 44483.72it/s]
5118504it [01:56, 44454.76it/s]
5122963it [01:56, 44492.67it/s]
5127420it [01:56, 44514.55it/s]
5131894it [01:56, 44580.55it/s]
5136354it [01:56, 44584.00it/s]
5140834it [01:56, 44647.35it/s]
5145302it [01:57, 44653.99it/s]
5149768it [01:57, 44556.91it/s]
5154224it [01:57, 44474.87it/s]
5158672it [01:57, 44393.88it/s]
5163114it [01:57, 44401.14it/s]
5167565it [01:57, 44432.22it/s]
5172009it [01:57, 44375.93it/s]
5176461it [01:57, 44418.06it/s]
5180903it [01:57, 44349.79it/s]
5185339it [01:57, 44272.56it/s]
5189780it [01:58, 44311.36it/s]
5194258it [01:58, 44451.21it/s]
5198704it [01:58, 44416.90it/s]
5203146it [01:58, 44406.01it/s]
5207622it [01:58, 44509.54it/s]
5212099it [01:58, 44585.64it/s]
5216558it [01:58, 44479.57it/s]
5221013it [01:58, 44499.01it/s]
5225482it [01:58, 44554.61it/s]
5229956it [01:58, 44609.29it/s]
5234417it [01:59, 44499.16it/s]
5238887it [01:59, 44556.20it/s]
5243356it [01:59, 44594.73it/s]
5247816it [01:59, 44587.85it/s]
5252295it [01:59, 44646.79it/s]
5256774it [01:59, 44687.95it/s]
5261254it [01:59, 44719.93it/s]
5265727it [01:59, 44716.60it/s]
5270238it [01:59, 44832.15it/s]
5274751it [01:59, 44917.86it/s]
5279243it [02:00, 44878.76it/s]
5283731it [02:00, 44840.53it/s]
5288216it [02:00, 44744.57it/s]
5292691it [02:00, 44719.40it/s]
5297163it [02:00, 44680.14it/s]
5301632it [02:00, 44639.65it/s]
5306096it [02:00, 44622.44it/s]
5310593it [02:00, 44724.37it/s]
5315066it [02:00, 44698.16it/s]
5319536it [02:00, 44652.86it/s]
5324002it [02:01, 44636.55it/s]
5328466it [02:01, 44595.71it/s]
5332926it [02:01, 44529.79it/s]
5337379it [02:01, 44516.81it/s]
5341831it [02:01, 44512.60it/s]
5346288it [02:01, 44528.41it/s]
5350741it [02:01, 44453.49it/s]
5355197it [02:01, 44482.63it/s]
5359646it [02:01, 44449.01it/s]
5364102it [02:01, 44480.08it/s]
5368579it [02:02, 44564.20it/s]
5373053it [02:02, 44614.23it/s]
5377522it [02:02, 44635.11it/s]
5382009it [02:02, 44704.92it/s]
5386480it [02:02, 44687.89it/s]
5390949it [02:02, 44657.54it/s]
5395415it [02:02, 44533.21it/s]
5399869it [02:02, 44473.32it/s]
5404317it [02:02, 44451.62it/s]
5408763it [02:02, 44400.94it/s]
5413204it [02:03, 44381.59it/s]
5417643it [02:03, 44242.08it/s]
5422068it [02:03, 44162.01it/s]
5426515it [02:03, 44251.95it/s]
5430999it [02:03, 44425.61it/s]
5435442it [02:03, 44419.83it/s]
5439885it [02:03, 44363.74it/s]
5444328it [02:03, 44382.48it/s]
5448767it [02:03, 44245.85it/s]
5453192it [02:03, 44216.84it/s]
5457629it [02:04, 44261.10it/s]
5462056it [02:04, 44118.49it/s]
5466468it [02:04, 44018.63it/s]
5470870it [02:04, 43968.29it/s]
5475267it [02:04, 43934.37it/s]
5479661it [02:04, 43861.26it/s]
5484069it [02:04, 43924.45it/s]
5488548it [02:04, 44183.19it/s]
5492997it [02:04, 44272.11it/s]
5497425it [02:04, 39882.16it/s]
5501858it [02:05, 41119.18it/s]
5506258it [02:05, 41937.77it/s]
5510707it [02:05, 42674.67it/s]
5515132it [02:05, 43133.71it/s]
5519598it [02:05, 43581.76it/s]
5524093it [02:05, 43984.65it/s]
5528557it [02:05, 44176.83it/s]
5533032it [02:05, 44344.28it/s]
5537475it [02:05, 44260.20it/s]
5541907it [02:05, 44210.13it/s]
5546338it [02:06, 44237.51it/s]
5550814it [02:06, 44392.18it/s]
5555309it [02:06, 44555.60it/s]
5559795it [02:06, 44644.74it/s]
5564261it [02:06, 44640.94it/s]
5568726it [02:06, 44542.55it/s]
5573181it [02:06, 44496.05it/s]
5577631it [02:06, 44381.97it/s]
5582070it [02:06, 44294.97it/s]
5586500it [02:06, 44225.30it/s]
5590963it [02:07, 44343.70it/s]
5595425it [02:07, 44424.95it/s]
5599869it [02:07, 44426.08it/s]
5604337it [02:07, 44500.98it/s]
5608788it [02:07, 44392.17it/s]
5613229it [02:07, 44394.70it/s]
5617669it [02:07, 44347.13it/s]
5622104it [02:07, 44312.26it/s]
5626542it [02:07, 44331.86it/s]
5630976it [02:07, 44315.63it/s]
5635437it [02:08, 44401.31it/s]
5639889it [02:08, 44434.80it/s]
5644348it [02:08, 44480.35it/s]
5648824it [02:08, 44563.49it/s]
5653300it [02:08, 44620.10it/s]
5657765it [02:08, 44627.65it/s]
5662228it [02:08, 44555.59it/s]
5666684it [02:08, 44490.66it/s]
5671134it [02:08, 44464.43it/s]
5675589it [02:08, 44487.49it/s]
5680051it [02:09, 44525.14it/s]
5684510it [02:09, 44543.41it/s]
5688974it [02:09, 44569.26it/s]
5693458it [02:09, 44649.02it/s]
5697966it [02:09, 44776.90it/s]
5702486it [02:09, 44901.30it/s]
5706977it [02:09, 44778.69it/s]
5711455it [02:09, 44761.52it/s]
5715945it [02:09, 44800.93it/s]
5720437it [02:09, 44834.60it/s]
5724934it [02:10, 44874.17it/s]
5729422it [02:10, 44789.30it/s]
5733921it [02:10, 44847.23it/s]
5738408it [02:10, 44851.92it/s]
5742910it [02:10, 44900.99it/s]
5747401it [02:10, 44780.41it/s]
5751880it [02:10, 44608.80it/s]
5756342it [02:10, 44480.30it/s]
5760791it [02:10, 44404.78it/s]
5765232it [02:10, 44353.09it/s]
5769668it [02:11, 44345.51it/s]
5774103it [02:11, 44293.55it/s]
5778554it [02:11, 44355.80it/s]
5782990it [02:11, 44299.62it/s]
5787420it [02:11, 44271.22it/s]
5791848it [02:11, 44210.28it/s]
5796270it [02:11, 44145.20it/s]
5800710it [02:11, 44220.11it/s]
5805158it [02:11, 44295.19it/s]
5809593it [02:11, 44310.07it/s]
5814057it [02:12, 44408.67it/s]
5818498it [02:12, 44350.44it/s]
5822964it [02:12, 44441.73it/s]
5827428it [02:12, 44500.49it/s]
5831885it [02:12, 44520.96it/s]
5836338it [02:12, 44466.66it/s]
5840785it [02:12, 44381.69it/s]
5845224it [02:12, 44377.66it/s]
5849662it [02:12, 44321.98it/s]
5854095it [02:12, 44224.04it/s]
5858518it [02:13, 44205.82it/s]
5862939it [02:13, 44200.68it/s]
5867360it [02:13, 44186.89it/s]
5871779it [02:13, 44155.54it/s]
5876195it [02:13, 44136.37it/s]
5880619it [02:13, 44165.03it/s]
5885039it [02:13, 44171.96it/s]
5889457it [02:13, 44146.17it/s]
5893872it [02:13, 44069.59it/s]
5898330it [02:13, 44220.88it/s]
5902753it [02:14, 44116.42it/s]
5907192it [02:14, 44196.02it/s]
5911612it [02:14, 44172.03it/s]
5916030it [02:14, 44049.53it/s]
5920436it [02:14, 43966.94it/s]
5924858it [02:14, 44040.31it/s]
5929273it [02:14, 44071.26it/s]
5933681it [02:14, 44024.26it/s]
5938094it [02:14, 44053.66it/s]
5942500it [02:14, 43966.71it/s]
5946908it [02:15, 44000.31it/s]
5951327it [02:15, 44055.43it/s]
5955737it [02:15, 44067.13it/s]
5960156it [02:15, 44100.98it/s]
5964567it [02:15, 44064.04it/s]
5969010it [02:15, 44172.14it/s]
5973445it [02:15, 44224.78it/s]
5977879it [02:15, 44257.03it/s]
5982333it [02:15, 44338.31it/s]
5986767it [02:15, 44275.04it/s]
5991195it [02:16, 44162.97it/s]
5995612it [02:16, 44113.70it/s]
6000024it [02:16, 44075.23it/s]
6004440it [02:16, 44097.18it/s]
6008850it [02:16, 44041.19it/s]
6013266it [02:16, 44075.29it/s]
6017674it [02:16, 44039.76it/s]
6022078it [02:16, 43980.08it/s]
6026477it [02:16, 43963.98it/s]
6030928it [02:16, 44124.74it/s]
6035398it [02:17, 44295.90it/s]
6039843it [02:17, 44339.69it/s]
6044278it [02:17, 44285.98it/s]
6048717it [02:17, 44315.03it/s]
6053161it [02:17, 44350.44it/s]
6057623it [02:17, 44430.53it/s]
6062083it [02:17, 44478.43it/s]
6066531it [02:17, 44398.73it/s]
6070971it [02:17, 44274.01it/s]
6075430it [02:17, 44367.80it/s]
6079867it [02:18, 44364.14it/s]
6084307it [02:18, 44373.40it/s]
6088745it [02:18, 44328.01it/s]
6093178it [02:18, 44139.77it/s]
6097627it [02:18, 44242.94it/s]
6102132it [02:18, 44483.55it/s]
6106593it [02:18, 44518.72it/s]
6111046it [02:18, 44518.14it/s]
6115519it [02:18, 44580.56it/s]
6119978it [02:18, 44578.27it/s]
6124437it [02:19, 44578.26it/s]
6128918it [02:19, 44645.72it/s]
6133383it [02:19, 44621.88it/s]
6137855it [02:19, 44650.73it/s]
6142321it [02:19, 44616.94it/s]
6146786it [02:19, 44625.81it/s]
6151249it [02:19, 44367.88it/s]
6155687it [02:19, 44362.48it/s]
6160124it [02:19, 44336.86it/s]
6164558it [02:20, 44230.08it/s]
6169005it [02:20, 44300.67it/s]
6173436it [02:20, 44255.67it/s]
6177862it [02:20, 44167.30it/s]
6182279it [02:20, 39894.84it/s]
6186744it [02:20, 41218.45it/s]
6191184it [02:20, 42122.82it/s]
6195602it [02:20, 42714.70it/s]
6200021it [02:20, 43145.28it/s]
6204444it [02:20, 43462.52it/s]
6208844it [02:21, 43620.03it/s]
6213245it [02:21, 43735.53it/s]
6217650it [02:21, 43827.23it/s]
6222088it [02:21, 43989.91it/s]
6226523it [02:21, 44093.83it/s]
6230936it [02:21, 44077.18it/s]
6235376it [02:21, 44171.22it/s]
6239811it [02:21, 44222.93it/s]
6244264it [02:21, 44310.50it/s]
6248718it [02:21, 44376.36it/s]
6253157it [02:22, 44355.73it/s]
6257596it [02:22, 44365.44it/s]
6262043it [02:22, 44395.34it/s]
6266494it [02:22, 44428.50it/s]
6270944it [02:22, 44449.29it/s]
6275390it [02:22, 44432.47it/s]
6279845it [02:22, 44467.15it/s]
6284297it [02:22, 44481.96it/s]
6288765it [02:22, 44538.41it/s]
6293230it [02:22, 44571.48it/s]
6297696it [02:23, 44595.01it/s]
6302161it [02:23, 44610.47it/s]
6306641it [02:23, 44665.29it/s]
6311141it [02:23, 44764.84it/s]
6315618it [02:23, 44748.16it/s]
6320093it [02:23, 44707.14it/s]
6324564it [02:23, 44693.16it/s]
6329056it [02:23, 44758.22it/s]
6333532it [02:23, 44655.00it/s]
6337998it [02:23, 44573.41it/s]
6342456it [02:24, 44485.25it/s]
6346930it [02:24, 44560.00it/s]
6351390it [02:24, 44571.09it/s]
6355848it [02:24, 44516.18it/s]
6360300it [02:24, 44459.64it/s]
6364746it [02:24, 44394.63it/s]
6369186it [02:24, 44300.50it/s]
6373617it [02:24, 44102.12it/s]
6378028it [02:24, 43892.31it/s]
6382418it [02:24, 43834.23it/s]
6386802it [02:25, 43781.62it/s]
6391186it [02:25, 43796.44it/s]
6395567it [02:25, 43798.26it/s]
6399952it [02:25, 43813.31it/s]
6404373it [02:25, 43931.43it/s]
6408778it [02:25, 43965.52it/s]
6413219it [02:25, 44096.42it/s]
6417643it [02:25, 44138.44it/s]
6422057it [02:25, 44080.56it/s]
6426466it [02:25, 44040.42it/s]
6430874it [02:26, 44050.69it/s]
6435280it [02:26, 43963.03it/s]
6439709it [02:26, 44058.02it/s]
6444143it [02:26, 44139.56it/s]
6448578it [02:26, 44201.62it/s]
6453016it [02:26, 44254.79it/s]
6457452it [02:26, 44285.52it/s]
6461893it [02:26, 44321.69it/s]
6466327it [02:26, 44324.78it/s]
6470760it [02:26, 44129.49it/s]
6475182it [02:27, 44153.32it/s]
6479655it [02:27, 44322.89it/s]
6484112it [02:27, 44393.77it/s]
6488573it [02:27, 44456.48it/s]
6493026it [02:27, 44475.54it/s]
6497517it [02:27, 44603.63it/s]
6502006it [02:27, 44688.24it/s]
6506489it [02:27, 44728.23it/s]
6510962it [02:27, 44685.26it/s]
6515431it [02:27, 44614.89it/s]
6519893it [02:28, 44509.94it/s]
6524345it [02:28, 44495.41it/s]
6528795it [02:28, 44374.25it/s]
6533233it [02:28, 44206.48it/s]
6537654it [02:28, 44195.94it/s]
6542074it [02:28, 44177.65it/s]
6546494it [02:28, 44182.42it/s]
6550913it [02:28, 44168.66it/s]
6555331it [02:28, 44171.03it/s]
6559781it [02:28, 44266.48it/s]
6564241it [02:29, 44362.75it/s]
6568687it [02:29, 44390.71it/s]
6573127it [02:29, 44384.40it/s]
6577566it [02:29, 44356.44it/s]
6582002it [02:29, 44254.42it/s]
6586428it [02:29, 44242.21it/s]
6590853it [02:29, 44155.08it/s]
6595269it [02:29, 44131.35it/s]
6599683it [02:29, 44063.76it/s]
6604110it [02:29, 44122.52it/s]
6608541it [02:30, 44176.21it/s]
6612959it [02:30, 44128.85it/s]
6617372it [02:30, 43970.32it/s]
6621779it [02:30, 43998.59it/s]
6626208it [02:30, 44082.80it/s]
6630620it [02:30, 44090.18it/s]
6635055it [02:30, 44167.55it/s]
6639480it [02:30, 44190.67it/s]
6643905it [02:30, 44206.89it/s]
6648329it [02:30, 44215.85it/s]
6652751it [02:31, 44146.75it/s]
6657166it [02:31, 44133.42it/s]
6661580it [02:31, 44118.04it/s]
6665992it [02:31, 44023.71it/s]
6670408it [02:31, 44063.98it/s]
6674831it [02:31, 44110.73it/s]
6679243it [02:31, 44004.71it/s]
6683644it [02:31, 43918.20it/s]
6688036it [02:31, 43908.01it/s]
6692440it [02:31, 43947.09it/s]
6696888it [02:32, 44105.70it/s]
6701332it [02:32, 44204.21it/s]
6705768it [02:32, 44249.87it/s]
6710194it [02:32, 44243.56it/s]
6714650it [02:32, 44335.41it/s]
6719084it [02:32, 44309.93it/s]
6723516it [02:32, 44216.77it/s]
6727985it [02:32, 44355.80it/s]
6732437it [02:32, 44402.87it/s]
6736884it [02:32, 44420.12it/s]
6741351it [02:33, 44494.11it/s]
6745831it [02:33, 44583.16it/s]
6750295it [02:33, 44599.87it/s]
6754761it [02:33, 44615.59it/s]
6759240it [02:33, 44666.34it/s]
6763707it [02:33, 44666.69it/s]
6768184it [02:33, 44697.15it/s]
6772663it [02:33, 44723.09it/s]
6777136it [02:33, 44603.35it/s]
6781597it [02:33, 44564.70it/s]
6786060it [02:34, 44583.66it/s]
6790519it [02:34, 44525.40it/s]
6795000it [02:34, 44607.83it/s]
6799470it [02:34, 44634.37it/s]
6803934it [02:34, 44621.78it/s]
6808407it [02:34, 44652.96it/s]
6812873it [02:34, 44639.51it/s]
6817338it [02:34, 44641.04it/s]
6821828it [02:34, 44716.01it/s]
6826317it [02:34, 44767.50it/s]
6830794it [02:35, 44692.04it/s]
6835264it [02:35, 44514.13it/s]
6839716it [02:35, 44326.43it/s]
6844149it [02:35, 44172.87it/s]
6848567it [02:35, 44106.74it/s]
6852978it [02:35, 44071.61it/s]
6857389it [02:35, 44081.55it/s]
6861801it [02:35, 44090.42it/s]
6866234it [02:35, 44159.06it/s]
6870659it [02:35, 44182.65it/s]
6875079it [02:36, 44186.79it/s]
6879498it [02:36, 44157.88it/s]
6883914it [02:36, 44129.27it/s]
6888327it [02:36, 44040.49it/s]
6892748it [02:36, 44090.71it/s]
6897158it [02:36, 43959.40it/s]
6901562it [02:36, 43980.66it/s]
6905982it [02:36, 44043.56it/s]
6910387it [02:36, 44012.03it/s]
6914789it [02:36, 43857.41it/s]
6919175it [02:37, 43739.81it/s]
6923550it [02:37, 43708.48it/s]
6927953it [02:37, 43803.87it/s]
6932360it [02:37, 43881.98it/s]
6936754it [02:37, 43897.05it/s]
6941182it [02:37, 44010.76it/s]
6945586it [02:37, 44018.18it/s]
6949996it [02:37, 44042.06it/s]
6954401it [02:37, 44009.94it/s]
6958822it [02:37, 44068.34it/s]
6963229it [02:38, 44036.21it/s]
6967633it [02:38, 44024.78it/s]
6972039it [02:38, 44032.83it/s]
6976443it [02:38, 44016.46it/s]
6980856it [02:38, 44049.06it/s]
6985261it [02:38, 44045.64it/s]
6989666it [02:38, 44038.96it/s]
6994087it [02:38, 44087.65it/s]
6998503it [02:38, 44108.73it/s]
7002919it [02:38, 44119.99it/s]
7007341it [02:39, 44146.43it/s]
7011772it [02:39, 44191.71it/s]
7016205it [02:39, 44230.64it/s]
7020631it [02:39, 44239.17it/s]
7025055it [02:39, 44111.39it/s]
7029467it [02:39, 44002.77it/s]
7033868it [02:39, 43910.21it/s]
7038260it [02:39, 43811.85it/s]
7042642it [02:39, 43772.83it/s]
7047026it [02:39, 43790.89it/s]
7051465it [02:40, 43968.20it/s]
7055877it [02:40, 44011.37it/s]
7060337it [02:40, 44187.14it/s]
7064773it [02:40, 44237.57it/s]
7069228it [02:40, 44328.46it/s]
7073661it [02:40, 44272.57it/s]
7078089it [02:40, 44259.12it/s]
7082550it [02:40, 44361.43it/s]
7087001it [02:40, 44402.71it/s]
7091457it [02:40, 44448.51it/s]
7095919it [02:41, 44498.13it/s]
7100403it [02:41, 44598.53it/s]
7104877it [02:41, 44639.63it/s]
7109344it [02:41, 44646.20it/s]
7113818it [02:41, 44670.00it/s]
7118286it [02:41, 44583.23it/s]
7122745it [02:41, 44465.59it/s]
7127192it [02:41, 44394.55it/s]
7131632it [02:41, 44321.02it/s]
7136065it [02:41, 44250.82it/s]
7140516it [02:42, 44325.47it/s]
7144949it [02:42, 44287.91it/s]
7149419it [02:42, 44410.68it/s]
7153864it [02:42, 44419.71it/s]
7158328it [02:42, 44485.48it/s]
7162777it [02:42, 44472.45it/s]
7167225it [02:42, 44472.66it/s]
7171673it [02:42, 44448.72it/s]
7176118it [02:42, 44401.49it/s]
7180572it [02:42, 44440.46it/s]
7185021it [02:43, 44452.97it/s]
7189506it [02:43, 44570.83it/s]
7193964it [02:43, 44516.59it/s]
7198416it [02:43, 44510.98it/s]
7202877it [02:43, 44538.06it/s]
7207355it [02:43, 44608.91it/s]
7211838it [02:43, 44673.97it/s]
7216327it [02:43, 44738.38it/s]
7220801it [02:43, 44733.06it/s]
7225275it [02:43, 44698.78it/s]
7229768it [02:44, 44767.02it/s]
7234252it [02:44, 44786.13it/s]
7238735it [02:44, 44797.98it/s]
7243215it [02:44, 44783.87it/s]
7247701it [02:44, 44804.79it/s]
7252189it [02:44, 44826.27it/s]
7256676it [02:44, 44838.92it/s]
7261160it [02:44, 44816.82it/s]
7265661it [02:44, 44874.12it/s]
7270150it [02:44, 44876.55it/s]
7274638it [02:45, 44858.10it/s]
7279124it [02:45, 44835.92it/s]
7283617it [02:45, 44860.71it/s]
7288104it [02:45, 44853.12it/s]
7292590it [02:45, 44806.73it/s]
7297090it [02:45, 44862.03it/s]
7301577it [02:45, 44852.99it/s]
7306076it [02:45, 44892.79it/s]
7310571it [02:45, 44909.35it/s]
7315069it [02:45, 44928.49it/s]
7319562it [02:46, 44846.96it/s]
7324047it [02:46, 44825.99it/s]
7328533it [02:46, 44833.98it/s]
7333017it [02:46, 44788.40it/s]
7337497it [02:46, 44790.61it/s]
7341977it [02:46, 44767.40it/s]
7346454it [02:46, 44664.39it/s]
7350921it [02:46, 44659.45it/s]
7355404it [02:46, 44708.84it/s]
7359875it [02:46, 44676.94it/s]
7364343it [02:47, 44631.45it/s]
7368807it [02:47, 44598.58it/s]
7373291it [02:47, 44670.51it/s]
7377759it [02:47, 44659.23it/s]
7382225it [02:47, 44586.97it/s]
7386700it [02:47, 44633.73it/s]
7391164it [02:47, 44632.75it/s]
7395628it [02:47, 44594.50it/s]
7400088it [02:47, 44588.64it/s]
7404547it [02:47, 44569.64it/s]
7409004it [02:48, 44569.19it/s]
7413465it [02:48, 44579.11it/s]
7417925it [02:48, 44583.82it/s]
7422384it [02:48, 44561.76it/s]
7426859it [02:48, 44617.86it/s]
7431321it [02:48, 44586.80it/s]
7435787it [02:48, 44608.40it/s]
7440249it [02:48, 44609.66it/s]
7444710it [02:48, 44598.87it/s]
7449170it [02:48, 44512.89it/s]
7453622it [02:49, 44490.15it/s]
7458109it [02:49, 44601.97it/s]
7462579it [02:49, 44629.44it/s]
7467042it [02:49, 44629.11it/s]
7471505it [02:49, 44591.01it/s]
7475965it [02:49, 44532.47it/s]
7480419it [02:49, 44527.07it/s]
7484872it [02:49, 44499.70it/s]
7489358it [02:49, 44604.89it/s]
7493819it [02:49, 44582.86it/s]
7498278it [02:50, 44510.62it/s]
7502734it [02:50, 44524.75it/s]
7507187it [02:50, 44515.75it/s]
7511639it [02:50, 44474.74it/s]
7516087it [02:50, 44458.23it/s]
7520536it [02:50, 44465.95it/s]
7524986it [02:50, 44473.75it/s]
7529434it [02:50, 44464.10it/s]
7533912it [02:50, 44558.28it/s]
7538397it [02:50, 44644.04it/s]
7542862it [02:51, 44553.91it/s]
7547318it [02:51, 44546.30it/s]
7551773it [02:51, 44495.20it/s]
7556243it [02:51, 44556.10it/s]
7560724it [02:51, 44630.88it/s]
7565188it [02:51, 44603.03it/s]
7569657it [02:51, 44628.40it/s]
7574120it [02:51, 44590.78it/s]
7578580it [02:51, 44504.56it/s]
7583031it [02:52, 44480.39it/s]
7587484it [02:52, 44492.56it/s]
7591934it [02:52, 44444.87it/s]
7596379it [02:52, 44420.12it/s]
7600822it [02:52, 44418.62it/s]
7605264it [02:52, 44398.69it/s]
7609704it [02:52, 44371.32it/s]
7614142it [02:52, 44310.72it/s]
7618576it [02:52, 44318.52it/s]
7623019it [02:52, 44350.03it/s]
7627486it [02:53, 44444.20it/s]
7631953it [02:53, 44509.58it/s]
7636404it [02:53, 44437.57it/s]
7640871it [02:53, 44504.48it/s]
7645322it [02:53, 44501.92it/s]
7649806it [02:53, 44600.88it/s]
7654287it [02:53, 44659.92it/s]
7658754it [02:53, 44552.11it/s]
7663210it [02:53, 44553.50it/s]
7667673it [02:53, 44573.50it/s]
7672133it [02:54, 44578.56it/s]
7676591it [02:54, 44571.01it/s]
7681049it [02:54, 44541.27it/s]
7685504it [02:54, 44539.73it/s]
7689963it [02:54, 44552.74it/s]
7694419it [02:54, 44527.94it/s]
7698904it [02:54, 44621.33it/s]
7703367it [02:54, 44601.18it/s]
7707828it [02:54, 44555.47it/s]
7712284it [02:54, 44515.53it/s]
7716736it [02:55, 44427.10it/s]
7721179it [02:55, 44391.08it/s]
7725619it [02:55, 44331.63it/s]
7730053it [02:55, 44327.29it/s]
7734486it [02:55, 44292.04it/s]
7738931it [02:55, 44338.14it/s]
7743402it [02:55, 44448.35it/s]
7747858it [02:55, 44478.74it/s]
7752306it [02:55, 44400.72it/s]
7756783it [02:55, 44508.52it/s]
7761269it [02:56, 44612.73it/s]
7765761it [02:56, 44702.76it/s]
7770239it [02:56, 44725.07it/s]
7774742it [02:56, 44815.27it/s]
7779224it [02:56, 44697.02it/s]
7783694it [02:56, 44662.16it/s]
7788161it [02:56, 44530.00it/s]
7792615it [02:56, 44410.73it/s]
7797057it [02:56, 44274.69it/s]
7801485it [02:56, 44252.93it/s]
7805918it [02:57, 44274.04it/s]
7810358it [02:57, 44309.05it/s]
7814789it [02:57, 44287.15it/s]
7819218it [02:57, 44287.45it/s]
7823647it [02:57, 44134.03it/s]
7828104it [02:57, 44262.50it/s]
7832559it [02:57, 44346.57it/s]
7836996it [02:57, 44353.19it/s]
7841444it [02:57, 44388.28it/s]
7845901it [02:57, 44441.78it/s]
7850381it [02:58, 44548.62it/s]
7854836it [02:58, 44462.20it/s]
7859283it [02:58, 44339.20it/s]
7863718it [02:58, 44207.29it/s]
7868144it [02:58, 44222.04it/s]
7872567it [02:58, 44186.06it/s]
7876987it [02:58, 44188.63it/s]
7881406it [02:58, 44149.44it/s]
7885824it [02:58, 44156.65it/s]
7890267it [02:58, 44235.52it/s]
7894736it [02:59, 44370.24it/s]
7899200it [02:59, 44448.23it/s]
7903681it [02:59, 44552.86it/s]
7908142it [02:59, 44568.16it/s]
7912599it [02:59, 44567.35it/s]
7917056it [02:59, 44487.01it/s]
7921505it [02:59, 44428.71it/s]
7925948it [02:59, 44226.86it/s]
7930371it [02:59, 44201.47it/s]
7934820it [02:59, 44286.81it/s]
7939289it [03:00, 44404.02it/s]
7943759it [03:00, 44491.11it/s]
7948209it [03:00, 44485.05it/s]
7952669it [03:00, 44518.14it/s]
7957121it [03:00, 44508.12it/s]
7961572it [03:00, 44497.25it/s]
7966022it [03:00, 44445.35it/s]
7970478it [03:00, 44477.39it/s]
7974926it [03:00, 44418.89it/s]
7979376it [03:00, 44440.85it/s]
7983822it [03:01, 44443.30it/s]
7988267it [03:01, 44397.51it/s]
7992707it [03:01, 44396.36it/s]
7997157it [03:01, 44426.90it/s]
8001608it [03:01, 44448.87it/s]
8006059it [03:01, 44466.10it/s]
8010534it [03:01, 44549.46it/s]
8015013it [03:01, 44618.55it/s]
8019475it [03:01, 44617.21it/s]
8023952it [03:01, 44662.29it/s]
8028440it [03:02, 44724.79it/s]
8032951it [03:02, 44838.68it/s]
8037441it [03:02, 44855.16it/s]
8041942it [03:02, 44898.54it/s]
8046432it [03:02, 44835.66it/s]
8050916it [03:02, 44829.83it/s]
8055402it [03:02, 44837.19it/s]
8059905it [03:02, 44894.14it/s]
8064409it [03:02, 44937.15it/s]
8068923it [03:02, 44995.65it/s]
8073423it [03:03, 44964.46it/s]
8077931it [03:03, 44998.08it/s]
8082443it [03:03, 45033.43it/s]
8086962it [03:03, 45079.98it/s]
8091481it [03:03, 45110.79it/s]
8095993it [03:03, 45069.87it/s]
8100515it [03:03, 45112.50it/s]
8109651it [03:03, 44147.71it/s]
INFO:root:test max cliques 8102412, nested cliques 7239
INFO:root:test real max cliques in search universe: 202
INFO:root:test real smaller cliques in search universe: 173 173
INFO:root:Our Performance: precision 0.0002, recall 0.3425, f1 0.0004 jaccard 0.0002
INFO:root:Baseline: Bayesian-MDL skipped (disabled for this runtime).
INFO:root:Baseline: Max Clique precision 0.0000, recall 0.1982, f1 0.0000, jaccard 0.0000 
INFO:root:Baseline: ECC precision 0.0433, recall 0.2061, f1 0.0715, jaccard 0.0371 
INFO:root:Baseline: Demon precision 0.0866, recall 0.3101, f1 0.1354, jaccard 0.0726 
INFO:root:Baseline: CFinder skipped (disabled for channel-SNR benchmark).
(6235, 9) (6235,) 147
