INFO:root:Create log file at log/hosts/hosts-6000-cou-1788865422.3314242.log
INFO:root:Command line executed: python main.py --dataset hosts --beta 6000 --features count --channel rayleigh --snr_db 16
INFO:root:Full args parsed:
INFO:root:Namespace(dataset='hosts', beta=6000, features='count', model='mlp', epochs=2000, lr=0.0001, setting='f', label_rate=0.1, ablation=0, seed=123, use_c=1, jobs=1, save_features=0, data_dir='./data/', log_dir='log', downsample=0, max_child_size=1, ext=0, channel='rayleigh', snr_db=16.0, channel_seed=123, max_background_pairs=10000)
INFO:root:Finish loading graphs.
INFO:root:Nodes train: 591, test: 466
INFO:root:Simplicies train: 204, test: 218
INFO:root:Channel rayleigh at 16.0 dB: test projection edges 9205 -> 9234
INFO:root:Start computing cliques
INFO:root:Couldn't find cache for max cliques train
INFO:root:Number of maximum cliques:383
INFO:root:Couldn't find cache for max cliques test
INFO:root:Number of maximum cliques:1005511
INFO:root:test nodes 466 hyperedges 218 avg size 5.564220183486238 std 8.957494150492446 avg degree 2.6030042918454934 max cliques 1005511
INFO:root:Breakdown of test hyperedges (max+small) 49 + 169
INFO:root:Intersection 49 out of 557 1005511
INFO:root:support cliques train:125 - test: 557
INFO:root:Optimizing clique sampler .. 
INFO:root:Found cache for rho.
INFO:root:[(140, 140), (50, 50), (44, 44), (37, 37), (35, 35), (27, 27), (26, 26), (2, 2), (1, 1), (3, 3), (23, 23), (22, 22), (20, 20), (5, 5), (25, 1), (4, 4), (24, 24), (8, 8), (15, 15), (10, 10), (13, 13), (6, 6), (35, 1), (12, 12), (18, 18), (17, 17), (16, 16), (9, 9), (7, 7), (14, 14), (3, 1), (11, 11), (5, 2), (22, 1), (50, 1), (26, 1), (27, 1), (2, 1), (4, 2), (24, 1), (6, 2), (5, 3), (6, 3), (18, 1), (16, 15), (6, 4), (140, 1), (25, 2), (7, 6), (6, 5), (8, 7), (7, 5), (27, 2), (11, 2)]
INFO:root:Optimize Clique Sampler: #hyperedges collected:179, recall: 0.8774509803921569, efficiency:0.029833333333333333
INFO:root:Clique analysis done.
INFO:root:train: 4497 unique candidates out of 5959 sampled candidates
Note: to be able to use all crisp methods, you need to install some additional packages:  {'wurlitzer', 'bayanpy', 'graph_tool', 'leidenalg', 'infomap'}
Note: to be able to use all crisp methods, you need to install some additional packages:  {'hidef', 'torch', 'pyclustering', 'ASLPAw'}
Note: to be able to use all crisp methods, you need to install some additional packages:  {'infomap', 'scikit-network', 'wurlitzer', 'leidenalg'}
Sanity check failed, reindexing the hypergraphs ...
Sanity check failed, reindexing the hypergraphs ...
number of nodes in construct graph 591
number of nodes in construct graph 466
(0, 0), (1, 1), (2, 2), (3, 3), (4, 4), (5, 5), (6, 6), (7, 7), (22, 22), (31, 31), (42, 41), (46, 44), (49, 46), (53, 48), (65, 54), (90, 64), (106, 70), (109, 71), (139, 79), (160, 84), (190, 91), (211, 95), (248, 102), (283, 108), (303, 111), (310, 112), (318, 113), (326, 114), (360, 118), (387, 120), (402, 121), (435, 123), (469, 125), (589, 131), (655, 134), (705, 136), (731, 137), (758, 138), (788, 139), (884, 142), (956, 144), (1511, 154), (1631, 156), (2371, 162), (2497, 163), (2625, 164), (3180, 168), (3320, 169), (3620, 171), (3809, 172), (4031, 173), (4271, 174), (4838, 176), (5189, 177), 
(0, 0), (0, 0), (0, 0), (0, 0), (66179, 0), (230714, 0), (233707, 0), (235353, 0), (235460, 10), (235462, 12), (235579, 23), (236586, 23), (237207, 23), (237542, 23), (237592, 31), (319992, 42), (320072, 49), (322030, 49), (322078, 51), (322246, 51), (322309, 52), (322427, 52), (322479, 56), (6081204, 68), (6081252, 69), (6081549, 69), (6081865, 69), (6082141, 69), (6082184, 69), (6082219, 71), (6082343, 71), (6082694, 87), (6082753, 88), (6083253, 97), (6096915, 98), (6096915, 98), (6139711, 98), (6220522, 98), (6220736, 108), (6221216, 118), (6268208, 118), (6268988, 119), (6269488, 124), (6270528, 126), (6275874, 128), (6280290, 128), (6281070, 130), (6281070, 130), (7269870, 132), (7270115, 132), (7270427, 133), (7270811, 135), (7271546, 135), (8322089, 138), 

0it [00:00, ?it/s]
4504it [00:00, 187958.50it/s]
INFO:root:test: 253242 unique candidates out of 8323464 sampled candidates

0it [00:00, ?it/s]
1536it [00:00, 15350.50it/s]
3109it [00:00, 15568.88it/s]
4676it [00:00, 15612.79it/s]
6243it [00:00, 15635.10it/s]
7825it [00:00, 15700.89it/s]
9403it [00:00, 15725.12it/s]
10979it [00:00, 15735.58it/s]
12560it [00:00, 15757.50it/s]
14136it [00:00, 15737.29it/s]
15710it [00:01, 15696.26it/s]
17285it [00:01, 15710.00it/s]
18857it [00:01, 15693.48it/s]
20427it [00:01, 15658.17it/s]
22001it [00:01, 15681.20it/s]
23570it [00:01, 15669.06it/s]
25137it [00:01, 15622.91it/s]
26708it [00:01, 15647.69it/s]
28273it [00:01, 15596.32it/s]
29838it [00:01, 15610.77it/s]
31400it [00:02, 15611.19it/s]
32962it [00:02, 15608.41it/s]
34523it [00:02, 15602.90it/s]
36084it [00:02, 15591.60it/s]
37646it [00:02, 15597.90it/s]
39206it [00:02, 15597.62it/s]
40773it [00:02, 15617.00it/s]
42336it [00:02, 15620.41it/s]
43899it [00:02, 15585.86it/s]
45466it [00:02, 15608.62it/s]
47032it [00:03, 15623.21it/s]
48599it [00:03, 15635.27it/s]
50163it [00:03, 15607.30it/s]
51732it [00:03, 15630.52it/s]
53307it [00:03, 15665.19it/s]
54874it [00:03, 15666.35it/s]
56441it [00:03, 15608.76it/s]
58002it [00:03, 15576.16it/s]
59560it [00:03, 15575.03it/s]
61124it [00:03, 15594.22it/s]
62684it [00:04, 15591.52it/s]
64262it [00:04, 15645.70it/s]
65842it [00:04, 15690.06it/s]
67414it [00:04, 15698.63it/s]
68984it [00:04, 15668.70it/s]
70553it [00:04, 15673.20it/s]
72121it [00:04, 15654.70it/s]
73687it [00:04, 15648.04it/s]
75252it [00:04, 15615.08it/s]
76827it [00:04, 15654.31it/s]
78393it [00:05, 15650.31it/s]
79959it [00:05, 15601.78it/s]
81520it [00:05, 15576.21it/s]
83085it [00:05, 15596.39it/s]
84653it [00:05, 15620.08it/s]
86219it [00:05, 15631.20it/s]
87796it [00:05, 15670.53it/s]
89364it [00:05, 15605.77it/s]
90925it [00:05, 15602.69it/s]
92488it [00:05, 15609.85it/s]
94050it [00:06, 15595.43it/s]
95610it [00:06, 15586.80it/s]
97169it [00:06, 15567.94it/s]
98735it [00:06, 15595.25it/s]
100295it [00:06, 15557.60it/s]
101851it [00:06, 15545.37it/s]
103407it [00:06, 15549.44it/s]
104962it [00:06, 15545.14it/s]
106517it [00:06, 15517.95it/s]
108069it [00:06, 15514.01it/s]
109621it [00:07, 15477.64it/s]
111179it [00:07, 15505.41it/s]
112730it [00:07, 15465.53it/s]
114291it [00:07, 15507.73it/s]
115842it [00:07, 15497.69it/s]
117402it [00:07, 15527.96it/s]
118955it [00:07, 15525.25it/s]
120522it [00:07, 15568.00it/s]
122081it [00:07, 15573.05it/s]
123639it [00:07, 15572.71it/s]
125198it [00:08, 15576.29it/s]
126756it [00:08, 15539.58it/s]
128315it [00:08, 15552.96it/s]
129871it [00:08, 15541.49it/s]
131426it [00:08, 15534.80it/s]
132980it [00:08, 15487.14it/s]
134529it [00:08, 15426.47it/s]
136090it [00:08, 15478.25it/s]
137640it [00:08, 15482.96it/s]
139199it [00:08, 15513.25it/s]
140751it [00:09, 15498.08it/s]
142305it [00:09, 15507.77it/s]
143856it [00:09, 15455.90it/s]
145411it [00:09, 15483.47it/s]
146960it [00:09, 15470.63it/s]
148518it [00:09, 15500.78it/s]
150079it [00:09, 15531.63it/s]
151633it [00:09, 15421.01it/s]
153181it [00:09, 15435.49it/s]
154725it [00:09, 15380.56it/s]
156291it [00:10, 15460.88it/s]
157838it [00:10, 15390.77it/s]
159388it [00:10, 15420.13it/s]
160931it [00:10, 15310.82it/s]
162477it [00:10, 15354.55it/s]
164013it [00:10, 15268.34it/s]
165553it [00:10, 15306.98it/s]
167084it [00:10, 15304.85it/s]
168635it [00:10, 15365.03it/s]
170172it [00:10, 15324.03it/s]
171730it [00:11, 15397.84it/s]
173270it [00:11, 15328.37it/s]
174827it [00:11, 15397.74it/s]
176367it [00:11, 15334.84it/s]
177927it [00:11, 15413.00it/s]
179469it [00:11, 15343.46it/s]
181010it [00:11, 15360.73it/s]
182547it [00:11, 15321.32it/s]
184111it [00:11, 15415.84it/s]
185653it [00:11, 15362.65it/s]
187221it [00:12, 15454.81it/s]
188767it [00:12, 15410.21it/s]
190323it [00:12, 15451.41it/s]
191869it [00:12, 15385.01it/s]
193428it [00:12, 15443.71it/s]
194973it [00:12, 15374.47it/s]
196529it [00:12, 15429.50it/s]
198073it [00:12, 15356.91it/s]
199636it [00:12, 15436.39it/s]
201180it [00:12, 15402.52it/s]
202746it [00:13, 15477.98it/s]
204294it [00:13, 15317.14it/s]
205847it [00:13, 15377.31it/s]
207386it [00:13, 15350.24it/s]
208947it [00:13, 15426.16it/s]
210490it [00:13, 15373.82it/s]
212059it [00:13, 15465.82it/s]
213606it [00:13, 15398.78it/s]
215158it [00:13, 15431.07it/s]
216702it [00:13, 15378.97it/s]
218252it [00:14, 15414.33it/s]
219794it [00:14, 15359.47it/s]
221353it [00:14, 15428.03it/s]
222896it [00:14, 15382.50it/s]
224464it [00:14, 15470.30it/s]
226012it [00:14, 15436.04it/s]
227583it [00:14, 15516.54it/s]
229135it [00:14, 15406.56it/s]
230697it [00:14, 15466.96it/s]
232244it [00:14, 15391.75it/s]
233799it [00:15, 15437.71it/s]
235343it [00:15, 15380.86it/s]
236903it [00:15, 15445.41it/s]
238448it [00:15, 15384.94it/s]
240011it [00:15, 15456.07it/s]
241557it [00:15, 15393.13it/s]
243114it [00:15, 15443.67it/s]
244659it [00:15, 15358.13it/s]
246213it [00:15, 15410.19it/s]
247755it [00:15, 15336.20it/s]
249303it [00:16, 15377.30it/s]
250841it [00:16, 15306.19it/s]
252405it [00:16, 15403.84it/s]
253946it [00:16, 15337.45it/s]
255488it [00:16, 15359.55it/s]
257025it [00:16, 15226.40it/s]
258585it [00:16, 15334.86it/s]
260119it [00:16, 15284.54it/s]
261671it [00:16, 15352.27it/s]
263207it [00:16, 15266.65it/s]
264751it [00:17, 15318.14it/s]
266284it [00:17, 15277.90it/s]
267845it [00:17, 15376.10it/s]
269383it [00:17, 15334.70it/s]
270932it [00:17, 15380.22it/s]
272471it [00:17, 15349.97it/s]
274014it [00:17, 15372.29it/s]
275552it [00:17, 15300.50it/s]
277110it [00:17, 15382.93it/s]
278649it [00:17, 15357.08it/s]
280197it [00:18, 15393.43it/s]
281737it [00:18, 15298.13it/s]
283295it [00:18, 15379.32it/s]
284834it [00:18, 15344.59it/s]
286387it [00:18, 15398.19it/s]
287927it [00:18, 15358.86it/s]
289463it [00:18, 15308.59it/s]
290994it [00:18, 15272.89it/s]
292568it [00:18, 15411.81it/s]
294110it [00:18, 15345.05it/s]
295677it [00:19, 15440.43it/s]
297222it [00:19, 15369.22it/s]
298794it [00:19, 15473.47it/s]
300342it [00:19, 15414.49it/s]
301913it [00:19, 15500.16it/s]
303464it [00:19, 15441.28it/s]
305027it [00:19, 15496.88it/s]
306577it [00:19, 15401.92it/s]
308142it [00:19, 15474.37it/s]
309690it [00:20, 15388.07it/s]
311262it [00:20, 15485.96it/s]
312811it [00:20, 15393.81it/s]
314353it [00:20, 15401.31it/s]
315894it [00:20, 15325.13it/s]
317442it [00:20, 15369.44it/s]
318980it [00:20, 15314.33it/s]
320543it [00:20, 15406.19it/s]
322084it [00:20, 15360.27it/s]
323648it [00:20, 15443.28it/s]
325193it [00:21, 15079.93it/s]
326755it [00:21, 15237.28it/s]
328281it [00:21, 15227.98it/s]
329851it [00:21, 15366.64it/s]
331389it [00:21, 15335.59it/s]
332953it [00:21, 15425.07it/s]
334497it [00:21, 15363.20it/s]
336066it [00:21, 15458.86it/s]
337613it [00:21, 15393.11it/s]
339189it [00:21, 15501.64it/s]
340740it [00:22, 15452.16it/s]
342309it [00:22, 15522.80it/s]
343862it [00:22, 15455.55it/s]
345432it [00:22, 15525.12it/s]
346985it [00:22, 15470.98it/s]
348567it [00:22, 15572.78it/s]
350125it [00:22, 15488.40it/s]
351692it [00:22, 15541.59it/s]
353247it [00:22, 15459.75it/s]
354816it [00:22, 15526.82it/s]
356369it [00:23, 15457.77it/s]
357939it [00:23, 15528.93it/s]
359493it [00:23, 15444.09it/s]
361058it [00:23, 15503.00it/s]
362609it [00:23, 15424.53it/s]
364165it [00:23, 15464.46it/s]
365712it [00:23, 15421.34it/s]
367255it [00:23, 15363.56it/s]
368792it [00:23, 15313.63it/s]
370362it [00:23, 15425.44it/s]
371905it [00:24, 15389.75it/s]
373460it [00:24, 15434.95it/s]
375004it [00:24, 15380.39it/s]
376577it [00:24, 15484.29it/s]
378126it [00:24, 15430.15it/s]
379691it [00:24, 15492.69it/s]
381241it [00:24, 15415.87it/s]
382796it [00:24, 15455.71it/s]
384342it [00:24, 15361.96it/s]
385889it [00:24, 15391.13it/s]
387429it [00:25, 15344.17it/s]
388977it [00:25, 15382.23it/s]
390516it [00:25, 15322.27it/s]
392077it [00:25, 15404.91it/s]
393618it [00:25, 15364.84it/s]
395166it [00:25, 15399.10it/s]
396706it [00:25, 15318.54it/s]
398265it [00:25, 15396.40it/s]
399805it [00:25, 15353.95it/s]
401367it [00:25, 15431.41it/s]
402911it [00:26, 15394.55it/s]
404465it [00:26, 15435.22it/s]
406009it [00:26, 15359.49it/s]
407560it [00:26, 15403.36it/s]
409101it [00:26, 15304.96it/s]
410661it [00:26, 15392.43it/s]
412201it [00:26, 15099.84it/s]
413759it [00:26, 15240.72it/s]
415285it [00:26, 15230.59it/s]
416842it [00:26, 15330.44it/s]
418376it [00:27, 15332.35it/s]
419930it [00:27, 15391.68it/s]
421470it [00:27, 15344.58it/s]
423031it [00:27, 15422.79it/s]
424574it [00:27, 15362.71it/s]
426137it [00:27, 15441.62it/s]
427682it [00:27, 15375.06it/s]
429235it [00:27, 15419.55it/s]
430778it [00:27, 15374.63it/s]
432336it [00:27, 15435.01it/s]
433880it [00:28, 15387.76it/s]
435429it [00:28, 15417.40it/s]
436971it [00:28, 15343.48it/s]
438548it [00:28, 15468.55it/s]
440096it [00:28, 15421.02it/s]
441674it [00:28, 15526.62it/s]
443227it [00:28, 15419.11it/s]
444798it [00:28, 15504.15it/s]
446349it [00:28, 15454.79it/s]
447922it [00:28, 15535.45it/s]
449476it [00:29, 15468.79it/s]
451052it [00:29, 15552.91it/s]
452608it [00:29, 15477.55it/s]
454183it [00:29, 15557.79it/s]
455739it [00:29, 15461.67it/s]
457317it [00:29, 15553.13it/s]
458873it [00:29, 15455.04it/s]
460454it [00:29, 15558.50it/s]
462011it [00:29, 15463.22it/s]
463558it [00:29, 15383.32it/s]
465097it [00:30, 15360.11it/s]
466677it [00:30, 15489.11it/s]
468227it [00:30, 15456.62it/s]
469801it [00:30, 15540.94it/s]
471356it [00:30, 15447.62it/s]
472928it [00:30, 15526.11it/s]
474481it [00:30, 15470.37it/s]
476043it [00:30, 15514.66it/s]
477595it [00:30, 15423.44it/s]
479161it [00:30, 15493.10it/s]
480711it [00:31, 15408.99it/s]
482270it [00:31, 15461.43it/s]
483817it [00:31, 15379.79it/s]
485377it [00:31, 15445.23it/s]
486922it [00:31, 15395.85it/s]
488498it [00:31, 15503.81it/s]
490049it [00:31, 15438.74it/s]
491594it [00:31, 15244.62it/s]
493120it [00:31, 15139.24it/s]
494660it [00:32, 15214.53it/s]
496182it [00:32, 15185.75it/s]
497732it [00:32, 15278.47it/s]
499261it [00:32, 15276.39it/s]
500819it [00:32, 15365.00it/s]
502356it [00:32, 15306.56it/s]
503920it [00:32, 15403.98it/s]
505461it [00:32, 15308.33it/s]
506993it [00:32, 14942.91it/s]
508505it [00:32, 14994.30it/s]
510057it [00:33, 15147.51it/s]
511573it [00:33, 15145.88it/s]
513103it [00:33, 15190.58it/s]
514623it [00:33, 15079.41it/s]
516179it [00:33, 15219.31it/s]
517705it [00:33, 15230.77it/s]
519256it [00:33, 15311.25it/s]
520788it [00:33, 15267.97it/s]
522316it [00:33, 14670.58it/s]
523835it [00:33, 14819.92it/s]
525390it [00:34, 15033.89it/s]
526915it [00:34, 15095.12it/s]
528474it [00:34, 15240.45it/s]
530000it [00:34, 15216.03it/s]
531554it [00:34, 15311.54it/s]
533087it [00:34, 15279.79it/s]
534635it [00:34, 15337.34it/s]
536170it [00:34, 15298.27it/s]
537719it [00:34, 15352.63it/s]
539255it [00:34, 15289.80it/s]
540792it [00:35, 15313.34it/s]
542324it [00:35, 15264.13it/s]
543879it [00:35, 15348.21it/s]
545414it [00:35, 15274.28it/s]
546962it [00:35, 15334.92it/s]
548496it [00:35, 15301.15it/s]
550037it [00:35, 15331.51it/s]
551571it [00:35, 15288.00it/s]
553119it [00:35, 15343.85it/s]
554654it [00:35, 15282.43it/s]
556215it [00:36, 15378.16it/s]
557753it [00:36, 15333.30it/s]
559293it [00:36, 15350.50it/s]
560829it [00:36, 15309.22it/s]
562367it [00:36, 15328.80it/s]
563900it [00:36, 15286.15it/s]
565442it [00:36, 15324.18it/s]
566975it [00:36, 15290.17it/s]
568537it [00:36, 15386.96it/s]
570076it [00:36, 15322.25it/s]
571640it [00:37, 15416.41it/s]
573182it [00:37, 15343.18it/s]
574744it [00:37, 15424.65it/s]
576287it [00:37, 15375.46it/s]
577878it [00:37, 15533.96it/s]
579432it [00:37, 15459.92it/s]
581004it [00:37, 15536.40it/s]
582558it [00:37, 15441.49it/s]
584126it [00:37, 15509.49it/s]
585678it [00:37, 15446.69it/s]
587223it [00:38, 15176.76it/s]
588752it [00:38, 15209.60it/s]
590307it [00:38, 15308.97it/s]
591839it [00:38, 15283.02it/s]
593387it [00:38, 15340.32it/s]
594922it [00:38, 15322.19it/s]
596475it [00:38, 15382.55it/s]
598014it [00:38, 15360.33it/s]
599567it [00:38, 15409.37it/s]
601109it [00:38, 15332.84it/s]
602662it [00:39, 15390.21it/s]
604202it [00:39, 15317.33it/s]
605749it [00:39, 15360.21it/s]
607286it [00:39, 15296.38it/s]
608835it [00:39, 15352.53it/s]
610371it [00:39, 15301.69it/s]
611919it [00:39, 15354.07it/s]
613455it [00:39, 15287.92it/s]
615002it [00:39, 15340.08it/s]
616537it [00:39, 15296.39it/s]
618089it [00:40, 15361.44it/s]
619626it [00:40, 15293.94it/s]
621177it [00:40, 15357.03it/s]
622713it [00:40, 15279.46it/s]
624256it [00:40, 15322.90it/s]
625789it [00:40, 15272.72it/s]
627340it [00:40, 15341.26it/s]
628875it [00:40, 15290.65it/s]
630424it [00:40, 15348.94it/s]
631959it [00:40, 15299.12it/s]
633500it [00:41, 15330.34it/s]
635034it [00:41, 15285.80it/s]
636591it [00:41, 15370.43it/s]
638129it [00:41, 15303.86it/s]
639671it [00:41, 15335.68it/s]
641205it [00:41, 15295.16it/s]
642765it [00:41, 15384.98it/s]
644304it [00:41, 15327.74it/s]
645880it [00:41, 15454.13it/s]
647426it [00:41, 15407.22it/s]
648989it [00:42, 15472.48it/s]
650537it [00:42, 15397.50it/s]
652094it [00:42, 15448.69it/s]
653639it [00:42, 15409.34it/s]
655196it [00:42, 15456.92it/s]
656742it [00:42, 15384.55it/s]
658300it [00:42, 15442.65it/s]
659845it [00:42, 14856.27it/s]
661409it [00:42, 15081.87it/s]
662929it [00:43, 15115.54it/s]
664485it [00:43, 15244.08it/s]
666012it [00:43, 15226.55it/s]
667557it [00:43, 15291.56it/s]
669088it [00:43, 15235.88it/s]
670650it [00:43, 15347.00it/s]
672186it [00:43, 15320.87it/s]
673735it [00:43, 15370.29it/s]
675273it [00:43, 15359.07it/s]
676827it [00:43, 15411.23it/s]
678369it [00:44, 15352.62it/s]
679923it [00:44, 15407.42it/s]
681464it [00:44, 15367.90it/s]
683013it [00:44, 15402.60it/s]
684554it [00:44, 15333.87it/s]
686102it [00:44, 15376.67it/s]
687640it [00:44, 15314.76it/s]
689188it [00:44, 15362.71it/s]
690725it [00:44, 15325.52it/s]
692297it [00:44, 15440.58it/s]
693842it [00:45, 15357.70it/s]
695386it [00:45, 15379.45it/s]
696925it [00:45, 15318.00it/s]
698480it [00:45, 15384.26it/s]
700019it [00:45, 15332.93it/s]
701575it [00:45, 15399.41it/s]
703116it [00:45, 15340.03it/s]
704668it [00:45, 15391.39it/s]
706208it [00:45, 15319.19it/s]
707768it [00:45, 15399.94it/s]
709309it [00:46, 15345.80it/s]
710872it [00:46, 15427.90it/s]
712415it [00:46, 15357.60it/s]
713970it [00:46, 15412.24it/s]
715512it [00:46, 15352.68it/s]
717074it [00:46, 15429.72it/s]
718618it [00:46, 15368.14it/s]
720179it [00:46, 15439.08it/s]
721724it [00:46, 15358.35it/s]
723288it [00:46, 15440.00it/s]
724833it [00:47, 15404.37it/s]
726387it [00:47, 15444.22it/s]
727932it [00:47, 15366.20it/s]
729486it [00:47, 15416.38it/s]
731028it [00:47, 15350.38it/s]
732583it [00:47, 15408.65it/s]
734124it [00:47, 15361.99it/s]
735687it [00:47, 15441.44it/s]
737232it [00:47, 15393.76it/s]
738787it [00:47, 15438.50it/s]
740331it [00:48, 15348.50it/s]
741867it [00:48, 15063.86it/s]
743389it [00:48, 15108.15it/s]
744956it [00:48, 15272.63it/s]
746485it [00:48, 15242.70it/s]
748038it [00:48, 15326.66it/s]
749572it [00:48, 15292.82it/s]
751127it [00:48, 15369.01it/s]
752665it [00:48, 15320.25it/s]
754223it [00:48, 15397.41it/s]
755763it [00:49, 15344.75it/s]
757322it [00:49, 15415.96it/s]
758864it [00:49, 15369.48it/s]
760417it [00:49, 15416.56it/s]
761959it [00:49, 15362.59it/s]
763503it [00:49, 15383.57it/s]
765042it [00:49, 15288.46it/s]
766586it [00:49, 15330.83it/s]
768120it [00:49, 15298.08it/s]
769668it [00:49, 15349.48it/s]
771204it [00:50, 15300.61it/s]
772740it [00:50, 15316.17it/s]
774272it [00:50, 15239.77it/s]
775818it [00:50, 15302.68it/s]
777349it [00:50, 15255.32it/s]
778908it [00:50, 15354.67it/s]
780444it [00:50, 15287.12it/s]
782010it [00:50, 15398.19it/s]
783550it [00:50, 15349.61it/s]
785102it [00:50, 15398.91it/s]
786643it [00:51, 15329.41it/s]
788181it [00:51, 15343.76it/s]
789716it [00:51, 15293.30it/s]
791265it [00:51, 15351.79it/s]
792801it [00:51, 15316.71it/s]
794355it [00:51, 15381.99it/s]
795894it [00:51, 15344.00it/s]
797441it [00:51, 15378.47it/s]
798979it [00:51, 15330.75it/s]
800513it [00:51, 15260.62it/s]
802040it [00:52, 15229.90it/s]
803595it [00:52, 15322.43it/s]
805128it [00:52, 15293.64it/s]
806675it [00:52, 15345.40it/s]
808210it [00:52, 15321.48it/s]
809766it [00:52, 15392.62it/s]
811306it [00:52, 15372.01it/s]
812875it [00:52, 15465.30it/s]
814422it [00:52, 15398.65it/s]
815982it [00:52, 15456.10it/s]
817528it [00:53, 15393.95it/s]
819086it [00:53, 15448.84it/s]
820631it [00:53, 15362.02it/s]
822185it [00:53, 15414.88it/s]
823727it [00:53, 15337.53it/s]
825289it [00:53, 15420.84it/s]
826832it [00:53, 15371.25it/s]
828376it [00:53, 15390.46it/s]
829916it [00:53, 15333.27it/s]
831465it [00:53, 15377.46it/s]
833003it [00:54, 15313.76it/s]
834535it [00:54, 15117.03it/s]
836066it [00:54, 15172.11it/s]
837629it [00:54, 15307.40it/s]
839161it [00:54, 15290.11it/s]
840724it [00:54, 15390.98it/s]
842264it [00:54, 15356.05it/s]
843829it [00:54, 15443.26it/s]
845374it [00:54, 15319.20it/s]
846916it [00:54, 15347.38it/s]
848451it [00:55, 15320.12it/s]
850004it [00:55, 15381.33it/s]
851543it [00:55, 15338.12it/s]
853108it [00:55, 15430.42it/s]
854652it [00:55, 15380.54it/s]
856215it [00:55, 15451.97it/s]
857761it [00:55, 15397.15it/s]
859327it [00:55, 15474.65it/s]
860875it [00:55, 15387.30it/s]
862438it [00:55, 15458.11it/s]
863984it [00:56, 15392.63it/s]
865536it [00:56, 15428.16it/s]
867079it [00:56, 15392.79it/s]
868642it [00:56, 15460.56it/s]
870189it [00:56, 15401.81it/s]
871750it [00:56, 15463.24it/s]
873297it [00:56, 15382.99it/s]
874854it [00:56, 15438.07it/s]
876398it [00:56, 15370.12it/s]
877954it [00:57, 15426.43it/s]
879497it [00:57, 15360.12it/s]
881053it [00:57, 15419.58it/s]
882596it [00:57, 15375.21it/s]
884153it [00:57, 15431.10it/s]
885697it [00:57, 15395.31it/s]
887260it [00:57, 15464.80it/s]
888807it [00:57, 15378.88it/s]
890373it [00:57, 15461.51it/s]
891920it [00:57, 15404.26it/s]
893468it [00:58, 15426.21it/s]
895011it [00:58, 15360.34it/s]
896558it [00:58, 15389.68it/s]
898098it [00:58, 15328.68it/s]
899658it [00:58, 15407.89it/s]
901199it [00:58, 15351.63it/s]
902746it [00:58, 15385.79it/s]
904285it [00:58, 15302.40it/s]
905816it [00:58, 15271.02it/s]
907344it [00:58, 15257.09it/s]
908914it [00:59, 15388.90it/s]
910453it [00:59, 15352.72it/s]
912018it [00:59, 15440.60it/s]
913563it [00:59, 15377.87it/s]
915129it [00:59, 15459.71it/s]
916676it [00:59, 15373.14it/s]
918225it [00:59, 15407.11it/s]
919766it [00:59, 15303.22it/s]
921319it [00:59, 15368.35it/s]
922857it [00:59, 15363.83it/s]
924420it [01:00, 15442.80it/s]
925965it [01:00, 15386.50it/s]
927526it [01:00, 15452.10it/s]
929072it [01:00, 15358.12it/s]
930635it [01:00, 15437.64it/s]
932179it [01:00, 15402.37it/s]
933731it [01:00, 15434.79it/s]
935275it [01:00, 15386.20it/s]
936827it [01:00, 15424.89it/s]
938370it [01:00, 15367.27it/s]
939907it [01:01, 14773.41it/s]
941437it [01:01, 14923.58it/s]
943004it [01:01, 15141.58it/s]
944533it [01:01, 15184.04it/s]
946091it [01:01, 15300.72it/s]
947623it [01:01, 15267.39it/s]
949176it [01:01, 15344.60it/s]
950712it [01:01, 15305.53it/s]
952273it [01:01, 15395.86it/s]
953814it [01:01, 15326.73it/s]
955348it [01:02, 15281.50it/s]
956877it [01:02, 15265.39it/s]
958421it [01:02, 15315.01it/s]
959953it [01:02, 15289.10it/s]
961504it [01:02, 15353.36it/s]
963040it [01:02, 15275.90it/s]
964602it [01:02, 15375.39it/s]
966140it [01:02, 15331.09it/s]
967696it [01:02, 15396.28it/s]
969236it [01:02, 15325.62it/s]
970788it [01:03, 15382.00it/s]
972327it [01:03, 15317.86it/s]
973886it [01:03, 15397.90it/s]
975426it [01:03, 15359.93it/s]
976987it [01:03, 15433.26it/s]
978531it [01:03, 15380.52it/s]
980074it [01:03, 15393.22it/s]
981614it [01:03, 15331.49it/s]
983166it [01:03, 15385.04it/s]
984705it [01:03, 15353.16it/s]
986244it [01:04, 15361.30it/s]
987781it [01:04, 15317.87it/s]
989343it [01:04, 15406.05it/s]
990884it [01:04, 15346.85it/s]
992446it [01:04, 15428.20it/s]
993989it [01:04, 15340.25it/s]
995548it [01:04, 15412.60it/s]
997090it [01:04, 15335.83it/s]
998650it [01:04, 15412.97it/s]
1000192it [01:04, 15354.49it/s]
1001749it [01:05, 15418.02it/s]
1003291it [01:05, 15370.40it/s]
1004854it [01:05, 15445.14it/s]
1011554it [01:05, 30852.29it/s]
1017476it [01:05, 15551.78it/s]
INFO:root:test max cliques 1005511, nested cliques 11965
INFO:root:test real max cliques in search universe: 49
INFO:root:test real smaller cliques in search universe: 90 90
INFO:root:Our Performance: precision 0.0002, recall 0.3028, f1 0.0003 jaccard 0.0002
INFO:root:Baseline: Bayesian-MDL skipped (disabled for this runtime).
INFO:root:Baseline: Max Clique precision 0.0000, recall 0.2248, f1 0.0001, jaccard 0.0000 
INFO:root:Baseline: ECC precision 0.0867, recall 0.2156, f1 0.1237, jaccard 0.0659 
INFO:root:Baseline: Demon precision 0.0370, recall 0.0642, f1 0.0470, jaccard 0.0241 
INFO:root:Baseline: CFinder skipped (disabled for channel-SNR benchmark).
(4121, 9) (4121,) 72
