INFO:root:Create log file at log/hosts/hosts-6000-cou-1788864914.7901282.log
INFO:root:Command line executed: python main.py --dataset hosts --beta 6000 --features count --channel rayleigh --snr_db 6
INFO:root:Full args parsed:
INFO:root:Namespace(dataset='hosts', beta=6000, features='count', model='mlp', epochs=2000, lr=0.0001, setting='f', label_rate=0.1, ablation=0, seed=123, use_c=1, jobs=1, save_features=0, data_dir='./data/', log_dir='log', downsample=0, max_child_size=1, ext=0, channel='rayleigh', snr_db=6.0, channel_seed=123, max_background_pairs=10000)
INFO:root:Finish loading graphs.
INFO:root:Nodes train: 591, test: 466
INFO:root:Simplicies train: 204, test: 218
INFO:root:Channel rayleigh at 6.0 dB: test projection edges 9205 -> 9365
INFO:root:Start computing cliques
INFO:root:Couldn't find cache for max cliques train
INFO:root:Number of maximum cliques:383
INFO:root:Couldn't find cache for max cliques test
INFO:root:Number of maximum cliques:650983
INFO:root:test nodes 466 hyperedges 218 avg size 5.564220183486238 std 8.957494150492446 avg degree 2.6030042918454934 max cliques 650983
INFO:root:Breakdown of test hyperedges (max+small) 18 + 200
INFO:root:Intersection 18 out of 1644 650983
INFO:root:support cliques train:125 - test: 1644
INFO:root:Optimizing clique sampler .. 
INFO:root:Found cache for rho.
INFO:root:[(140, 140), (50, 50), (44, 44), (37, 37), (35, 35), (27, 27), (26, 26), (2, 2), (1, 1), (3, 3), (23, 23), (22, 22), (20, 20), (5, 5), (25, 1), (4, 4), (24, 24), (8, 8), (15, 15), (10, 10), (13, 13), (6, 6), (35, 1), (12, 12), (18, 18), (17, 17), (16, 16), (9, 9), (7, 7), (14, 14), (3, 1), (11, 11), (5, 2), (22, 1), (50, 1), (26, 1), (27, 1), (2, 1), (4, 2), (24, 1), (6, 2), (5, 3), (6, 3), (18, 1), (16, 15), (6, 4), (140, 1), (25, 2), (7, 6), (6, 5), (8, 7), (7, 5), (27, 2), (11, 2)]
INFO:root:Optimize Clique Sampler: #hyperedges collected:179, recall: 0.8774509803921569, efficiency:0.029833333333333333
INFO:root:Clique analysis done.
INFO:root:train: 4497 unique candidates out of 5959 sampled candidates
Note: to be able to use all crisp methods, you need to install some additional packages:  {'leidenalg', 'infomap', 'wurlitzer', 'bayanpy', 'graph_tool'}
Note: to be able to use all crisp methods, you need to install some additional packages:  {'pyclustering', 'torch', 'hidef', 'ASLPAw'}
Note: to be able to use all crisp methods, you need to install some additional packages:  {'leidenalg', 'infomap', 'wurlitzer', 'scikit-network'}
Sanity check failed, reindexing the hypergraphs ...
Sanity check failed, reindexing the hypergraphs ...
number of nodes in construct graph 591
number of nodes in construct graph 466
(0, 0), (1, 1), (2, 2), (3, 3), (4, 4), (5, 5), (6, 6), (7, 7), (22, 22), (31, 31), (42, 41), (46, 44), (49, 46), (53, 48), (65, 54), (90, 64), (106, 70), (109, 71), (139, 79), (160, 84), (190, 91), (211, 95), (248, 102), (283, 108), (303, 111), (310, 112), (318, 113), (326, 114), (360, 118), (387, 120), (402, 121), (435, 123), (469, 125), (589, 131), (655, 134), (705, 136), (731, 137), (758, 138), (788, 139), (884, 142), (956, 144), (1511, 154), (1631, 156), (2371, 162), (2497, 163), (2625, 164), (3180, 168), (3320, 169), (3620, 171), (3809, 172), (4031, 173), (4271, 174), (4838, 176), (5189, 177), 
(0, 0), (0, 0), (0, 0), (0, 0), (0, 0), (0, 0), (0, 0), (0, 0), (349, 7), (349, 7), (852, 13), (852, 13), (852, 13), (1081, 13), (1338, 15), (1338, 15), (1656, 17), (1656, 17), (3107, 17), (132779, 17), (139266, 17), (275144, 17), (275468, 18), (275468, 18), (341597, 18), (350314, 18), (382698, 18), (459971, 18), (462885, 18), (463628, 18), (627736, 18), (629245, 66), (650884, 66), (653454, 83), (653454, 83), (653454, 83), (653454, 83), (653454, 83), (654152, 89), (656060, 96), (656060, 96), (660920, 98), (663490, 104), (669970, 104), (826876, 106), (2063244, 106), (2068104, 107), (2068104, 107), (2068104, 107), (2073305, 107), (2075249, 107), (2086857, 107), (2102460, 107), (2102460, 107), 

0it [00:00, ?it/s]
4504it [00:00, 189858.85it/s]
INFO:root:test: 1707168 unique candidates out of 2618580 sampled candidates

0it [00:00, ?it/s]
5926it [00:00, 59251.16it/s]
11918it [00:00, 59640.17it/s]
17892it [00:00, 59683.96it/s]
23914it [00:00, 59892.88it/s]
29913it [00:00, 59923.49it/s]
35906it [00:00, 59763.69it/s]
41883it [00:00, 59734.54it/s]
47857it [00:00, 59713.31it/s]
53829it [00:00, 59662.92it/s]
59796it [00:01, 59642.24it/s]
65872it [00:01, 59980.87it/s]
71920it [00:01, 60131.27it/s]
77986it [00:01, 60290.00it/s]
84016it [00:01, 60108.51it/s]
90031it [00:01, 60117.13it/s]
96074it [00:01, 60209.99it/s]
102096it [00:01, 60210.90it/s]
108134it [00:01, 60259.61it/s]
114161it [00:01, 60106.66it/s]
120237it [00:02, 60300.10it/s]
126292it [00:02, 60374.15it/s]
132330it [00:02, 60249.36it/s]
138374it [00:02, 60304.95it/s]
144405it [00:02, 60167.29it/s]
150441it [00:02, 60221.62it/s]
156480it [00:02, 60270.51it/s]
162508it [00:02, 60091.20it/s]
168552it [00:02, 60193.56it/s]
174609it [00:02, 60305.84it/s]
180640it [00:03, 60154.98it/s]
186745it [00:03, 60419.60it/s]
192835it [00:03, 60560.94it/s]
198894it [00:03, 60569.05it/s]
204952it [00:03, 60375.98it/s]
210990it [00:03, 60339.20it/s]
217025it [00:03, 60246.43it/s]
223050it [00:03, 60213.97it/s]
229072it [00:03, 60083.88it/s]
235111it [00:03, 60172.30it/s]
241180it [00:04, 60325.64it/s]
247262it [00:04, 60471.82it/s]
253359it [00:04, 60618.35it/s]
259421it [00:04, 60150.14it/s]
265523it [00:04, 60406.75it/s]
271608it [00:04, 60537.93it/s]
277682it [00:04, 60595.23it/s]
283742it [00:04, 60562.87it/s]
289799it [00:04, 60197.37it/s]
295834it [00:04, 60240.61it/s]
301859it [00:05, 60202.98it/s]
307880it [00:05, 60191.37it/s]
313941it [00:05, 60313.10it/s]
319973it [00:05, 60310.02it/s]
326005it [00:05, 60083.74it/s]
332018it [00:05, 60096.00it/s]
338033it [00:05, 60109.35it/s]
344078it [00:05, 60209.10it/s]
350111it [00:05, 60243.19it/s]
356165it [00:05, 60329.19it/s]
362209it [00:06, 60360.62it/s]
368246it [00:06, 60036.48it/s]
374268it [00:06, 60090.77it/s]
380321it [00:06, 60221.01it/s]
386424it [00:06, 60460.34it/s]
392535it [00:06, 60653.97it/s]
398618it [00:06, 60704.23it/s]
404689it [00:06, 60656.12it/s]
410755it [00:06, 60599.93it/s]
416816it [00:06, 60035.12it/s]
422854it [00:07, 60134.57it/s]
428916it [00:07, 60277.12it/s]
434947it [00:07, 60283.53it/s]
440976it [00:07, 60242.60it/s]
447061it [00:07, 60422.37it/s]
453129it [00:07, 60498.08it/s]
459203it [00:07, 60568.60it/s]
465261it [00:07, 59328.32it/s]
471244it [00:07, 59473.35it/s]
477244it [00:07, 59626.98it/s]
483242it [00:08, 59729.90it/s]
489238it [00:08, 59797.10it/s]
495280it [00:08, 59982.69it/s]
501318it [00:08, 60100.39it/s]
507350it [00:08, 60164.45it/s]
513394it [00:08, 60243.75it/s]
519453it [00:08, 60344.70it/s]
525488it [00:08, 59799.76it/s]
531506it [00:08, 59910.56it/s]
537499it [00:08, 59858.18it/s]
543486it [00:09, 59804.98it/s]
549509it [00:09, 59931.20it/s]
555503it [00:09, 59905.94it/s]
561502it [00:09, 59927.06it/s]
567513it [00:09, 59979.14it/s]
573517it [00:09, 59996.49it/s]
579548it [00:09, 60090.02it/s]
585627it [00:09, 60297.72it/s]
591657it [00:09, 59362.82it/s]
597783it [00:09, 59922.27it/s]
603923it [00:10, 60360.82it/s]
610079it [00:10, 60717.86it/s]
616174it [00:10, 60786.68it/s]
622255it [00:10, 59589.31it/s]
628276it [00:10, 59771.15it/s]
634290it [00:10, 59879.06it/s]
640352it [00:10, 60095.94it/s]
646389it [00:10, 60175.97it/s]
652409it [00:10, 60062.07it/s]
658417it [00:10, 59264.09it/s]
664347it [00:11, 54148.53it/s]
670089it [00:11, 55059.69it/s]
675877it [00:11, 55862.62it/s]
681712it [00:11, 56579.46it/s]
687491it [00:11, 56931.28it/s]
693274it [00:11, 57194.11it/s]
699058it [00:11, 57384.47it/s]
704846it [00:11, 57528.76it/s]
710617it [00:11, 57581.38it/s]
716390it [00:11, 57623.85it/s]
722158it [00:12, 57622.13it/s]
727940it [00:12, 57679.18it/s]
733711it [00:12, 57625.85it/s]
739494it [00:12, 57684.02it/s]
745264it [00:12, 56594.90it/s]
750998it [00:12, 56814.37it/s]
756738it [00:12, 56986.93it/s]
762493it [00:12, 57152.72it/s]
768239it [00:12, 57242.95it/s]
774030it [00:12, 57439.06it/s]
779795it [00:13, 57501.50it/s]
785615it [00:13, 57708.02it/s]
791442it [00:13, 57874.76it/s]
797263it [00:13, 57973.52it/s]
803061it [00:13, 57910.49it/s]
808853it [00:13, 57853.93it/s]
814639it [00:13, 57807.30it/s]
820435it [00:13, 57850.49it/s]
826221it [00:13, 57692.49it/s]
831991it [00:13, 57634.49it/s]
837755it [00:14, 55714.59it/s]
843570it [00:14, 56423.38it/s]
849396it [00:14, 56963.47it/s]
855219it [00:14, 57337.46it/s]
861062it [00:14, 57661.54it/s]
866861it [00:14, 57758.82it/s]
872662it [00:14, 57830.32it/s]
878478it [00:14, 57928.39it/s]
884302it [00:14, 58020.07it/s]
890137it [00:15, 58116.46it/s]
895958it [00:15, 58141.52it/s]
901773it [00:15, 58083.56it/s]
907596it [00:15, 58125.25it/s]
913409it [00:15, 54878.82it/s]
918935it [00:15, 54198.13it/s]
924412it [00:15, 54361.00it/s]
929925it [00:15, 54582.78it/s]
935497it [00:15, 54914.75it/s]
940999it [00:15, 54296.32it/s]
946708it [00:16, 55118.24it/s]
952465it [00:16, 55841.85it/s]
958254it [00:16, 56447.50it/s]
964027it [00:16, 56828.00it/s]
969819it [00:16, 57151.93it/s]
975648it [00:16, 57489.18it/s]
981480it [00:16, 57735.62it/s]
987308it [00:16, 57895.68it/s]
993099it [00:16, 57892.25it/s]
998922it [00:16, 57989.90it/s]
1004727it [00:17, 58006.02it/s]
1010569it [00:17, 58127.39it/s]
1016382it [00:17, 58089.56it/s]
1022192it [00:17, 58000.93it/s]
1027993it [00:17, 57926.68it/s]
1033786it [00:17, 57892.32it/s]
1039590it [00:17, 57933.83it/s]
1045384it [00:17, 57876.66it/s]
1051215it [00:17, 58003.73it/s]
1057016it [00:17, 56753.51it/s]
1062825it [00:18, 57147.04it/s]
1068627it [00:18, 57405.26it/s]
1074433it [00:18, 57598.46it/s]
1080230it [00:18, 57707.14it/s]
1086005it [00:18, 57718.85it/s]
1091779it [00:18, 57689.60it/s]
1097552it [00:18, 57700.39it/s]
1103323it [00:18, 57695.17it/s]
1109106it [00:18, 57732.33it/s]
1114893it [00:18, 57772.20it/s]
1120671it [00:19, 57762.67it/s]
1126484it [00:19, 57871.95it/s]
1132338it [00:19, 58070.92it/s]
1138203it [00:19, 58242.81it/s]
1144077it [00:19, 58390.66it/s]
1149945it [00:19, 58475.79it/s]
1155798it [00:19, 58490.98it/s]
1161648it [00:19, 58402.48it/s]
1167489it [00:19, 58303.12it/s]
1173320it [00:19, 58243.29it/s]
1179161it [00:20, 58291.13it/s]
1184991it [00:20, 58260.39it/s]
1190818it [00:20, 56820.63it/s]
1196651it [00:20, 57261.75it/s]
1202384it [00:20, 55090.89it/s]
1207913it [00:20, 54443.43it/s]
1213371it [00:20, 54220.62it/s]
1218802it [00:20, 54196.72it/s]
1224281it [00:20, 54369.11it/s]
1229789it [00:20, 54576.01it/s]
1235320it [00:21, 54793.20it/s]
1240901it [00:21, 55094.34it/s]
1246539it [00:21, 55477.11it/s]
1252156it [00:21, 55682.48it/s]
1257786it [00:21, 55864.62it/s]
1263376it [00:21, 55874.19it/s]
1268971it [00:21, 55895.65it/s]
1274588it [00:21, 55974.61it/s]
1280212it [00:21, 56052.99it/s]
1285891it [00:21, 56270.71it/s]
1291567it [00:22, 56415.44it/s]
1297230it [00:22, 56478.43it/s]
1302909it [00:22, 56571.29it/s]
1308579it [00:22, 56607.20it/s]
1314270it [00:22, 56696.46it/s]
1319949it [00:22, 56723.56it/s]
1325652it [00:22, 56812.94it/s]
1331366it [00:22, 56907.73it/s]
1337057it [00:22, 54504.66it/s]
1342779it [00:22, 55292.71it/s]
1348523it [00:23, 55922.72it/s]
1354289it [00:23, 56435.05it/s]
1360031it [00:23, 56724.99it/s]
1365792it [00:23, 56986.39it/s]
1371565it [00:23, 57206.00it/s]
1377316it [00:23, 57294.80it/s]
1383091it [00:23, 57429.83it/s]
1388858it [00:23, 57500.74it/s]
1394644it [00:23, 57605.43it/s]
1400411it [00:23, 57621.67it/s]
1406174it [00:24, 57581.83it/s]
1411933it [00:24, 57553.25it/s]
1417689it [00:24, 57533.30it/s]
1423443it [00:24, 57495.80it/s]
1429193it [00:24, 57380.78it/s]
1434932it [00:24, 57294.42it/s]
1440669it [00:24, 57315.29it/s]
1446401it [00:24, 57303.75it/s]
1452167it [00:24, 57407.57it/s]
1457951it [00:24, 57536.64it/s]
1463705it [00:25, 57512.63it/s]
1469466it [00:25, 57541.30it/s]
1475248it [00:25, 57622.36it/s]
1481022it [00:25, 57656.13it/s]
1486788it [00:25, 56191.18it/s]
1492416it [00:25, 56070.60it/s]
1498029it [00:25, 56079.95it/s]
1503641it [00:25, 56081.02it/s]
1509252it [00:25, 54026.00it/s]
1514811it [00:26, 54478.22it/s]
1520422it [00:26, 54955.36it/s]
1526060it [00:26, 55373.70it/s]
1531722it [00:26, 55742.32it/s]
1537404it [00:26, 56062.43it/s]
1543103it [00:26, 56335.40it/s]
1548811it [00:26, 56555.72it/s]
1554532it [00:26, 56749.58it/s]
1560241it [00:26, 56849.21it/s]
1565981it [00:26, 57013.59it/s]
1571730it [00:27, 57153.90it/s]
1577495it [00:27, 57300.75it/s]
1583254it [00:27, 57384.30it/s]
1589013it [00:27, 57443.58it/s]
1594782it [00:27, 57516.80it/s]
1600548it [00:27, 57556.27it/s]
1606310it [00:27, 57573.46it/s]
1612093it [00:27, 57649.69it/s]
1617863it [00:27, 57662.94it/s]
1623635it [00:27, 57678.05it/s]
1629403it [00:28, 57545.88it/s]
1635158it [00:28, 57529.80it/s]
1640914it [00:28, 57538.08it/s]
1646686it [00:28, 57591.18it/s]
1652479it [00:28, 57690.46it/s]
1658260it [00:28, 57724.38it/s]
1664033it [00:28, 57549.89it/s]
1669811it [00:28, 57616.02it/s]
1675573it [00:28, 57608.22it/s]
1681350it [00:28, 57654.44it/s]
1687120it [00:29, 57666.88it/s]
1692887it [00:29, 54054.10it/s]
1698627it [00:29, 55009.54it/s]
1704360it [00:29, 55680.97it/s]
1708776it [00:29, 58094.00it/s]
INFO:root:test max cliques 650983, nested cliques 1057793
INFO:root:test real max cliques in search universe: 18
INFO:root:test real smaller cliques in search universe: 91 91
INFO:root:Our Performance: precision 0.0002, recall 0.2844, f1 0.0003 jaccard 0.0002
INFO:root:Baseline: Bayesian-MDL skipped (disabled for this runtime).
INFO:root:Baseline: Max Clique precision 0.0000, recall 0.0826, f1 0.0001, jaccard 0.0000 
INFO:root:Baseline: ECC precision 0.0089, recall 0.0642, f1 0.0157, jaccard 0.0079 
INFO:root:Baseline: Demon precision 0.0101, recall 0.0367, f1 0.0159, jaccard 0.0080 
INFO:root:Baseline: CFinder skipped (disabled for channel-SNR benchmark).
(4121, 9) (4121,) 72
