INFO:root:Create log file at log/hosts/hosts-6000-cou-1788865031.2804925.log
INFO:root:Command line executed: python main.py --dataset hosts --beta 6000 --features count --channel rayleigh --snr_db 12
INFO:root:Full args parsed:
INFO:root:Namespace(dataset='hosts', beta=6000, features='count', model='mlp', epochs=2000, lr=0.0001, setting='f', label_rate=0.1, ablation=0, seed=123, use_c=1, jobs=1, save_features=0, data_dir='./data/', log_dir='log', downsample=0, max_child_size=1, ext=0, channel='rayleigh', snr_db=12.0, channel_seed=123, max_background_pairs=10000)
INFO:root:Finish loading graphs.
INFO:root:Nodes train: 591, test: 466
INFO:root:Simplicies train: 204, test: 218
INFO:root:Channel rayleigh at 12.0 dB: test projection edges 9205 -> 9271
INFO:root:Start computing cliques
INFO:root:Couldn't find cache for max cliques train
INFO:root:Number of maximum cliques:383
INFO:root:Couldn't find cache for max cliques test
INFO:root:Number of maximum cliques:2292502
INFO:root:test nodes 466 hyperedges 218 avg size 5.564220183486238 std 8.957494150492446 avg degree 2.6030042918454934 max cliques 2292502
INFO:root:Breakdown of test hyperedges (max+small) 40 + 178
INFO:root:Intersection 40 out of 910 2292502
INFO:root:support cliques train:125 - test: 910
INFO:root:Optimizing clique sampler .. 
INFO:root:Found cache for rho.
INFO:root:[(140, 140), (50, 50), (44, 44), (37, 37), (35, 35), (27, 27), (26, 26), (2, 2), (1, 1), (3, 3), (23, 23), (22, 22), (20, 20), (5, 5), (25, 1), (4, 4), (24, 24), (8, 8), (15, 15), (10, 10), (13, 13), (6, 6), (35, 1), (12, 12), (18, 18), (17, 17), (16, 16), (9, 9), (7, 7), (14, 14), (3, 1), (11, 11), (5, 2), (22, 1), (50, 1), (26, 1), (27, 1), (2, 1), (4, 2), (24, 1), (6, 2), (5, 3), (6, 3), (18, 1), (16, 15), (6, 4), (140, 1), (25, 2), (7, 6), (6, 5), (8, 7), (7, 5), (27, 2), (11, 2)]
INFO:root:Optimize Clique Sampler: #hyperedges collected:179, recall: 0.8774509803921569, efficiency:0.029833333333333333
INFO:root:Clique analysis done.
INFO:root:train: 4497 unique candidates out of 5959 sampled candidates
Note: to be able to use all crisp methods, you need to install some additional packages:  {'infomap', 'leidenalg', 'bayanpy', 'graph_tool', 'wurlitzer'}
Note: to be able to use all crisp methods, you need to install some additional packages:  {'hidef', 'torch', 'pyclustering', 'ASLPAw'}
Note: to be able to use all crisp methods, you need to install some additional packages:  {'infomap', 'wurlitzer', 'leidenalg', 'scikit-network'}
Sanity check failed, reindexing the hypergraphs ...
Sanity check failed, reindexing the hypergraphs ...
number of nodes in construct graph 591
number of nodes in construct graph 466
(0, 0), (1, 1), (2, 2), (3, 3), (4, 4), (5, 5), (6, 6), (7, 7), (22, 22), (31, 31), (42, 41), (46, 44), (49, 46), (53, 48), (65, 54), (90, 64), (106, 70), (109, 71), (139, 79), (160, 84), (190, 91), (211, 95), (248, 102), (283, 108), (303, 111), (310, 112), (318, 113), (326, 114), (360, 118), (387, 120), (402, 121), (435, 123), (469, 125), (589, 131), (655, 134), (705, 136), (731, 137), (758, 138), (788, 139), (884, 142), (956, 144), (1511, 154), (1631, 156), (2371, 162), (2497, 163), (2625, 164), (3180, 168), (3320, 169), (3620, 171), (3809, 172), (4031, 173), (4271, 174), (4838, 176), (5189, 177), 
(0, 0), (0, 0), (0, 0), (0, 0), (0, 0), (0, 0), (161270, 0), (474179, 0), (474368, 9), (474370, 11), (474596, 20), (849294, 20), (1115866, 20), (1181516, 20), (1181618, 27), (11390493, 48), (11390610, 54), (11809718, 54), (11809846, 55), (11811130, 55), (11811376, 55), (11812261, 55), (11812359, 59), (11812359, 59), (11813333, 59), (11824332, 59), (11829207, 59), (11831280, 59), (11831437, 59), (11831507, 61), (11832790, 61), (11833468, 86), (11834215, 86), (11835235, 98), (17699819, 98), (17699819, 98), (25835453, 98), (30189743, 98), (30190121, 107), (30190823, 114), (40249415, 114), (40250885, 115), (40251905, 119), (40253865, 123), (40451847, 124), (40485015, 124), (40486485, 126), (40486485, 126), (162992985, 130), (162993475, 130), (162994063, 131), (162995087, 132), (162996557, 132), (219602327, 132), 

0it [00:00, ?it/s]
4504it [00:00, 179865.99it/s]
INFO:root:test: 1666961 unique candidates out of 219620092 sampled candidates

0it [00:00, ?it/s]
2574it [00:00, 25732.29it/s]
5163it [00:00, 25817.72it/s]
7794it [00:00, 26038.19it/s]
10450it [00:00, 26242.47it/s]
13099it [00:00, 26330.57it/s]
15754it [00:00, 26402.80it/s]
18412it [00:00, 26458.63it/s]
21091it [00:00, 26560.24it/s]
23748it [00:00, 26530.36it/s]
26402it [00:01, 26524.92it/s]
29098it [00:01, 26655.34it/s]
31766it [00:01, 26661.90it/s]
34443it [00:01, 26693.07it/s]
37125it [00:01, 26728.44it/s]
39798it [00:01, 26599.03it/s]
42486it [00:01, 26681.85it/s]
45155it [00:01, 26583.12it/s]
47852it [00:01, 26698.41it/s]
50522it [00:01, 26554.85it/s]
53202it [00:02, 26626.71it/s]
55865it [00:02, 26586.65it/s]
58543it [00:02, 26642.91it/s]
61252it [00:02, 26775.47it/s]
63930it [00:02, 26632.50it/s]
66647it [00:02, 26790.33it/s]
69327it [00:02, 26788.17it/s]
72006it [00:02, 26567.63it/s]
74705it [00:02, 26692.28it/s]
77435it [00:02, 26871.06it/s]
80164it [00:03, 26995.40it/s]
82864it [00:03, 26795.80it/s]
85603it [00:03, 26970.85it/s]
88319it [00:03, 27023.95it/s]
91022it [00:03, 26937.00it/s]
93721it [00:03, 26951.35it/s]
96445it [00:03, 27035.63it/s]
99174it [00:03, 27109.15it/s]
101886it [00:03, 26990.73it/s]
104599it [00:03, 27029.30it/s]
107303it [00:04, 26961.74it/s]
110000it [00:04, 26163.19it/s]
112637it [00:04, 26179.64it/s]
115335it [00:04, 26413.42it/s]
118038it [00:04, 26594.69it/s]
120744it [00:04, 26730.45it/s]
123454it [00:04, 26837.45it/s]
126167it [00:04, 26924.12it/s]
128861it [00:04, 26662.55it/s]
131554it [00:04, 26740.10it/s]
134252it [00:05, 26811.33it/s]
136984it [00:05, 26962.19it/s]
139681it [00:05, 26494.99it/s]
142417it [00:05, 26750.00it/s]
145094it [00:05, 26606.97it/s]
147805it [00:05, 26755.82it/s]
150521it [00:05, 26875.91it/s]
153210it [00:05, 26817.46it/s]
155893it [00:05, 26770.51it/s]
158572it [00:05, 26774.20it/s]
161250it [00:06, 26685.42it/s]
163966it [00:06, 26823.03it/s]
166649it [00:06, 26616.23it/s]
169372it [00:06, 26797.35it/s]
172114it [00:06, 26979.49it/s]
174889it [00:06, 27209.22it/s]
177642it [00:06, 27304.08it/s]
180421it [00:06, 27446.04it/s]
183166it [00:06, 27378.19it/s]
185908it [00:06, 27389.28it/s]
188672it [00:07, 27462.18it/s]
191419it [00:07, 27327.26it/s]
194202it [00:07, 27475.63it/s]
196979it [00:07, 27561.35it/s]
199750it [00:07, 27604.80it/s]
202511it [00:07, 27572.19it/s]
205269it [00:07, 27391.70it/s]
208056it [00:07, 27532.12it/s]
210817it [00:07, 27554.09it/s]
213573it [00:07, 27551.35it/s]
216329it [00:08, 27345.31it/s]
219084it [00:08, 27406.03it/s]
221844it [00:08, 27462.66it/s]
224591it [00:08, 27437.66it/s]
227341it [00:08, 27455.35it/s]
230087it [00:08, 27289.06it/s]
232818it [00:08, 27294.91it/s]
235564it [00:08, 27342.12it/s]
238332it [00:08, 27440.87it/s]
241077it [00:08, 27216.48it/s]
243826it [00:09, 27295.51it/s]
246573it [00:09, 27345.84it/s]
249308it [00:09, 27332.19it/s]
252042it [00:09, 27230.54it/s]
254766it [00:09, 27206.69it/s]
257487it [00:09, 27092.63it/s]
260238it [00:09, 27214.40it/s]
262980it [00:09, 27275.08it/s]
265708it [00:09, 27092.04it/s]
268464it [00:09, 27230.69it/s]
271208it [00:10, 27290.92it/s]
273960it [00:10, 27358.48it/s]
276697it [00:10, 27360.37it/s]
279459it [00:10, 27435.41it/s]
282218it [00:10, 27479.73it/s]
284987it [00:10, 27542.37it/s]
287764it [00:10, 27610.03it/s]
290526it [00:10, 27413.54it/s]
293311it [00:10, 27542.19it/s]
296087it [00:10, 27605.58it/s]
298870it [00:11, 27672.12it/s]
301652it [00:11, 27714.68it/s]
304424it [00:11, 27684.39it/s]
307193it [00:11, 27645.77it/s]
309958it [00:11, 27641.92it/s]
312723it [00:11, 27631.30it/s]
315487it [00:11, 27349.42it/s]
318243it [00:11, 27409.97it/s]
320989it [00:11, 27424.04it/s]
323732it [00:11, 27425.42it/s]
326475it [00:12, 27210.42it/s]
329197it [00:12, 27211.12it/s]
331931it [00:12, 27247.51it/s]
334657it [00:12, 27214.62it/s]
337395it [00:12, 27262.28it/s]
340122it [00:12, 27107.52it/s]
342887it [00:12, 27266.09it/s]
345627it [00:12, 27302.60it/s]
348382it [00:12, 27374.93it/s]
351133it [00:12, 27413.61it/s]
353876it [00:13, 27416.78it/s]
356618it [00:13, 27381.09it/s]
359357it [00:13, 27342.83it/s]
362119it [00:13, 27422.26it/s]
364862it [00:13, 26934.29it/s]
367558it [00:13, 26080.91it/s]
370191it [00:13, 26151.01it/s]
372850it [00:13, 26276.23it/s]
375497it [00:13, 26332.36it/s]
378142it [00:13, 26364.85it/s]
380801it [00:14, 26429.95it/s]
383472it [00:14, 26513.21it/s]
386136it [00:14, 26550.21it/s]
388792it [00:14, 25922.93it/s]
391468it [00:14, 26168.50it/s]
394131it [00:14, 26302.35it/s]
396796it [00:14, 26403.11it/s]
399489it [00:14, 26558.72it/s]
402183it [00:14, 26670.15it/s]
404874it [00:15, 26741.49it/s]
407561it [00:15, 26778.49it/s]
410267it [00:15, 26860.18it/s]
412954it [00:15, 26472.15it/s]
415622it [00:15, 26531.89it/s]
418277it [00:15, 25969.49it/s]
420949it [00:15, 26187.57it/s]
423603it [00:15, 26290.14it/s]
426257it [00:15, 26362.45it/s]
428927it [00:15, 26462.61it/s]
431583it [00:16, 26489.14it/s]
434241it [00:16, 26513.15it/s]
436905it [00:16, 26550.32it/s]
439584it [00:16, 26621.53it/s]
442247it [00:16, 26622.29it/s]
444910it [00:16, 25789.23it/s]
447611it [00:16, 26143.90it/s]
450331it [00:16, 26452.28it/s]
452994it [00:16, 26503.27it/s]
455663it [00:16, 26556.20it/s]
458337it [00:17, 26607.97it/s]
461000it [00:17, 26611.05it/s]
463663it [00:17, 25372.04it/s]
466335it [00:17, 25760.55it/s]
469030it [00:17, 26106.82it/s]
471720it [00:17, 26339.19it/s]
474435it [00:17, 26578.30it/s]
477098it [00:17, 25541.52it/s]
479805it [00:17, 25983.27it/s]
482535it [00:17, 26366.63it/s]
485255it [00:18, 26609.31it/s]
487950it [00:18, 26710.04it/s]
490670it [00:18, 26853.81it/s]
493378it [00:18, 26918.64it/s]
496105it [00:18, 27022.07it/s]
498833it [00:18, 27098.85it/s]
501562it [00:18, 27155.36it/s]
504280it [00:18, 27161.49it/s]
506997it [00:18, 27161.97it/s]
509729it [00:18, 27207.72it/s]
512451it [00:19, 25921.68it/s]
515177it [00:19, 26307.76it/s]
517885it [00:19, 26532.73it/s]
520589it [00:19, 26681.65it/s]
523272it [00:19, 26725.19it/s]
525991it [00:19, 26860.47it/s]
528712it [00:19, 26963.35it/s]
531411it [00:19, 26855.66it/s]
534099it [00:19, 26836.42it/s]
536784it [00:19, 26793.24it/s]
539465it [00:20, 26728.42it/s]
542192it [00:20, 26888.97it/s]
544937it [00:20, 27053.46it/s]
547643it [00:20, 25775.74it/s]
550393it [00:20, 26273.39it/s]
553120it [00:20, 26562.94it/s]
555869it [00:20, 26835.48it/s]
558639it [00:20, 27089.65it/s]
561407it [00:20, 27264.93it/s]
564181it [00:20, 27404.51it/s]
566942it [00:21, 27462.41it/s]
569691it [00:21, 27448.48it/s]
572438it [00:21, 27436.53it/s]
575190it [00:21, 27459.64it/s]
577957it [00:21, 27521.17it/s]
580721it [00:21, 27556.17it/s]
583487it [00:21, 27586.31it/s]
586246it [00:21, 26428.79it/s]
589008it [00:21, 26772.79it/s]
591781it [00:22, 27053.09it/s]
594556it [00:22, 27255.94it/s]
597316it [00:22, 27356.09it/s]
600073it [00:22, 27417.22it/s]
602837it [00:22, 27480.51it/s]
605623it [00:22, 27592.81it/s]
608400it [00:22, 27643.58it/s]
611174it [00:22, 27671.41it/s]
613942it [00:22, 27657.75it/s]
616709it [00:22, 27005.64it/s]
619422it [00:23, 27041.58it/s]
622152it [00:23, 27116.29it/s]
624870it [00:23, 27132.45it/s]
627597it [00:23, 27173.00it/s]
630335it [00:23, 27232.32it/s]
633068it [00:23, 27259.36it/s]
635800it [00:23, 27276.39it/s]
638533it [00:23, 27289.71it/s]
641263it [00:23, 27200.52it/s]
643994it [00:23, 27232.70it/s]
646718it [00:24, 26402.24it/s]
649449it [00:24, 26667.23it/s]
652173it [00:24, 26835.35it/s]
654914it [00:24, 27004.35it/s]
657665it [00:24, 27154.03it/s]
660383it [00:24, 26596.29it/s]
663132it [00:24, 26858.28it/s]
665889it [00:24, 27066.89it/s]
668658it [00:24, 27249.43it/s]
671432it [00:24, 27393.44it/s]
674182it [00:25, 27424.02it/s]
676926it [00:25, 26714.82it/s]
679688it [00:25, 26979.54it/s]
682440it [00:25, 27138.52it/s]
685192it [00:25, 27250.60it/s]
687951it [00:25, 27349.03it/s]
690688it [00:25, 27340.14it/s]
693436it [00:25, 27379.27it/s]
696175it [00:25, 27356.26it/s]
698930it [00:25, 27412.44it/s]
701672it [00:26, 27393.45it/s]
704412it [00:26, 27348.62it/s]
707148it [00:26, 27095.54it/s]
709944it [00:26, 27352.47it/s]
712728it [00:26, 27495.36it/s]
715480it [00:26, 27500.38it/s]
718237it [00:26, 27520.45it/s]
720991it [00:26, 27525.21it/s]
723772it [00:26, 27608.61it/s]
726547it [00:26, 27649.78it/s]
729342it [00:27, 27738.28it/s]
732116it [00:27, 27133.59it/s]
734865it [00:27, 27236.06it/s]
737593it [00:27, 27247.29it/s]
740328it [00:27, 27277.58it/s]
743057it [00:27, 26568.28it/s]
745745it [00:27, 26659.01it/s]
748449it [00:27, 26768.88it/s]
751143it [00:27, 26816.50it/s]
753836it [00:27, 26847.59it/s]
756541it [00:28, 26907.23it/s]
759233it [00:28, 26130.07it/s]
761873it [00:28, 26207.10it/s]
764498it [00:28, 26206.03it/s]
767139it [00:28, 26264.74it/s]
769768it [00:28, 26266.63it/s]
772401it [00:28, 26284.58it/s]
775033it [00:28, 26293.43it/s]
777666it [00:28, 26302.59it/s]
780297it [00:28, 26241.16it/s]
782931it [00:29, 26268.51it/s]
785559it [00:29, 26242.50it/s]
788194it [00:29, 26272.15it/s]
790822it [00:29, 25887.42it/s]
793453it [00:29, 26011.21it/s]
796093it [00:29, 26124.42it/s]
798711it [00:29, 26140.22it/s]
801329it [00:29, 26151.83it/s]
803947it [00:29, 26158.55it/s]
806568it [00:29, 26173.05it/s]
809197it [00:30, 26206.97it/s]
811838it [00:30, 26266.77it/s]
814472it [00:30, 26286.66it/s]
817123it [00:30, 26350.33it/s]
819772it [00:30, 26389.28it/s]
822420it [00:30, 26414.58it/s]
825064it [00:30, 26419.61it/s]
827706it [00:30, 26380.85it/s]
830345it [00:30, 26372.28it/s]
832983it [00:30, 26296.28it/s]
835613it [00:31, 25259.68it/s]
838248it [00:31, 25576.77it/s]
840901it [00:31, 25855.27it/s]
843550it [00:31, 26042.35it/s]
846236it [00:31, 26282.95it/s]
848920it [00:31, 26447.08it/s]
851596it [00:31, 26538.22it/s]
854286it [00:31, 26642.83it/s]
856974it [00:31, 26712.93it/s]
859659it [00:31, 26750.83it/s]
862346it [00:32, 26783.67it/s]
865035it [00:32, 26814.85it/s]
867719it [00:32, 26820.56it/s]
870411it [00:32, 26848.60it/s]
873104it [00:32, 26869.92it/s]
875803it [00:32, 26904.03it/s]
878497it [00:32, 26914.21it/s]
881192it [00:32, 26922.59it/s]
883896it [00:32, 26956.07it/s]
886592it [00:32, 26922.22it/s]
889295it [00:33, 26953.10it/s]
891991it [00:33, 26953.12it/s]
894687it [00:33, 26918.55it/s]
897383it [00:33, 26929.84it/s]
900076it [00:33, 26916.07it/s]
902768it [00:33, 26867.46it/s]
905466it [00:33, 26898.78it/s]
908160it [00:33, 26910.15it/s]
910852it [00:33, 26870.15it/s]
913558it [00:34, 26925.91it/s]
916271it [00:34, 26984.69it/s]
918986it [00:34, 27032.25it/s]
921690it [00:34, 27026.59it/s]
924393it [00:34, 26943.21it/s]
927088it [00:34, 26897.07it/s]
929778it [00:34, 26855.08it/s]
932464it [00:34, 26836.78it/s]
935148it [00:34, 26772.94it/s]
937844it [00:34, 26826.91it/s]
940527it [00:35, 26050.55it/s]
943243it [00:35, 26375.08it/s]
945953it [00:35, 26588.73it/s]
948682it [00:35, 26796.45it/s]
951408it [00:35, 26932.20it/s]
954137it [00:35, 27036.73it/s]
956852it [00:35, 27068.25it/s]
959560it [00:35, 27061.89it/s]
962311it [00:35, 27195.27it/s]
965074it [00:35, 27323.09it/s]
967828it [00:36, 27386.02it/s]
970570it [00:36, 27394.10it/s]
973310it [00:36, 27367.61it/s]
976047it [00:36, 27313.23it/s]
978783it [00:36, 27326.77it/s]
981516it [00:36, 27324.54it/s]
984259it [00:36, 27353.57it/s]
986995it [00:36, 27341.44it/s]
989745it [00:36, 27386.48it/s]
992512it [00:36, 27467.34it/s]
995293it [00:37, 27568.07it/s]
998076it [00:37, 27645.35it/s]
1000841it [00:37, 27584.69it/s]
1003600it [00:37, 27492.11it/s]
1006350it [00:37, 27431.77it/s]
1009094it [00:37, 27328.23it/s]
1011836it [00:37, 27352.77it/s]
1014580it [00:37, 27377.57it/s]
1017332it [00:37, 27419.00it/s]
1020106it [00:37, 27514.17it/s]
1022875it [00:38, 27566.51it/s]
1025647it [00:38, 27610.67it/s]
1028413it [00:38, 27623.31it/s]
1031176it [00:38, 27560.07it/s]
1033933it [00:38, 27526.27it/s]
1036686it [00:38, 27524.04it/s]
1039439it [00:38, 27521.39it/s]
1042211it [00:38, 27580.68it/s]
1044972it [00:38, 27586.94it/s]
1047736it [00:38, 27601.19it/s]
1050497it [00:39, 27570.08it/s]
1053255it [00:39, 27505.37it/s]
1056015it [00:39, 27532.02it/s]
1058769it [00:39, 27237.93it/s]
1061525it [00:39, 27333.24it/s]
1064299it [00:39, 27452.87it/s]
1067070it [00:39, 27528.17it/s]
1069824it [00:39, 27515.92it/s]
1072576it [00:39, 27475.13it/s]
1075324it [00:39, 27396.37it/s]
1078064it [00:40, 27392.91it/s]
1080804it [00:40, 27326.44it/s]
1083561it [00:40, 27396.72it/s]
1086317it [00:40, 27442.66it/s]
1089077it [00:40, 27487.83it/s]
1091858it [00:40, 27581.73it/s]
1094617it [00:40, 27514.57it/s]
1097380it [00:40, 27547.94it/s]
1100144it [00:40, 27574.75it/s]
1102902it [00:40, 27550.06it/s]
1105672it [00:41, 27593.16it/s]
1108436it [00:41, 27604.66it/s]
1111197it [00:41, 27546.17it/s]
1113952it [00:41, 27485.51it/s]
1116701it [00:41, 27439.39it/s]
1119448it [00:41, 27447.42it/s]
1122193it [00:41, 27373.66it/s]
1124931it [00:41, 27370.30it/s]
1127681it [00:41, 27406.51it/s]
1130422it [00:41, 27401.44it/s]
1133163it [00:42, 27153.77it/s]
1135934it [00:42, 27316.53it/s]
1138696it [00:42, 27404.93it/s]
1141472it [00:42, 27509.18it/s]
1144237it [00:42, 27548.59it/s]
1147000it [00:42, 27571.36it/s]
1149767it [00:42, 27600.29it/s]
1152533it [00:42, 27617.26it/s]
1155309it [00:42, 27659.07it/s]
1158075it [00:42, 26878.36it/s]
1160858it [00:43, 27157.38it/s]
1163644it [00:43, 27364.05it/s]
1166403it [00:43, 27428.13it/s]
1169183it [00:43, 27537.20it/s]
1171939it [00:43, 27499.32it/s]
1174692it [00:43, 27507.68it/s]
1177456it [00:43, 27546.92it/s]
1180230it [00:43, 27604.11it/s]
1182991it [00:43, 27572.00it/s]
1185751it [00:43, 27579.38it/s]
1188510it [00:44, 25974.47it/s]
1191205it [00:44, 26253.77it/s]
1193893it [00:44, 26434.07it/s]
1196629it [00:44, 26703.91it/s]
1199353it [00:44, 26860.33it/s]
1202082it [00:44, 26984.79it/s]
1204809it [00:44, 27066.81it/s]
1207544it [00:44, 27148.50it/s]
1210288it [00:44, 27233.89it/s]
1213013it [00:44, 27209.97it/s]
1215736it [00:45, 26957.25it/s]
1218472it [00:45, 27074.12it/s]
1221181it [00:45, 27055.91it/s]
1223891it [00:45, 27068.10it/s]
1226613it [00:45, 27112.88it/s]
1229340it [00:45, 27159.56it/s]
1232057it [00:45, 27144.98it/s]
1234772it [00:45, 27075.90it/s]
1237480it [00:45, 27051.52it/s]
1240186it [00:45, 26839.06it/s]
1242879it [00:46, 26865.19it/s]
1245582it [00:46, 26911.30it/s]
1248280it [00:46, 26929.73it/s]
1250974it [00:46, 26927.89it/s]
1253676it [00:46, 26954.49it/s]
1256387it [00:46, 26999.08it/s]
1259107it [00:46, 27058.99it/s]
1261841it [00:46, 27142.50it/s]
1264556it [00:46, 26966.27it/s]
1267268it [00:46, 27009.53it/s]
1270010it [00:47, 27129.92it/s]
1272754it [00:47, 27220.85it/s]
1275511it [00:47, 27324.49it/s]
1278270it [00:47, 27401.99it/s]
1281017it [00:47, 27420.21it/s]
1283781it [00:47, 27484.81it/s]
1286570it [00:47, 27603.29it/s]
1289331it [00:47, 27460.36it/s]
1292123it [00:47, 27596.61it/s]
1294892it [00:47, 27620.50it/s]
1297655it [00:48, 27586.67it/s]
1300414it [00:48, 27526.06it/s]
1303181it [00:48, 27568.56it/s]
1305938it [00:48, 27499.68it/s]
1308689it [00:48, 27483.30it/s]
1311438it [00:48, 27483.00it/s]
1314187it [00:48, 27308.06it/s]
1316919it [00:48, 27275.65it/s]
1319673it [00:48, 27352.79it/s]
1322409it [00:48, 27332.55it/s]
1325177it [00:49, 27434.02it/s]
1327937it [00:49, 27483.46it/s]
1330686it [00:49, 27469.69it/s]
1333435it [00:49, 27472.41it/s]
1336183it [00:49, 27300.21it/s]
1338914it [00:49, 26495.35it/s]
1341619it [00:49, 26657.32it/s]
1344333it [00:49, 26797.21it/s]
1347072it [00:49, 26970.21it/s]
1349827it [00:49, 27141.45it/s]
1352600it [00:50, 27315.98it/s]
1355349it [00:50, 27366.31it/s]
1358095it [00:50, 27391.70it/s]
1360835it [00:50, 27165.77it/s]
1363554it [00:50, 27170.22it/s]
1366292it [00:50, 27231.12it/s]
1369050it [00:50, 27334.88it/s]
1371784it [00:50, 27229.27it/s]
1374508it [00:50, 27152.58it/s]
1377224it [00:51, 27100.35it/s]
1379941it [00:51, 27118.62it/s]
1382661it [00:51, 27141.75it/s]
1385376it [00:51, 26976.09it/s]
1388094it [00:51, 27034.43it/s]
1390824it [00:51, 27112.29it/s]
1393558it [00:51, 27178.37it/s]
1396276it [00:51, 27150.55it/s]
1398992it [00:51, 27149.42it/s]
1401712it [00:51, 27163.64it/s]
1404429it [00:52, 27138.47it/s]
1407153it [00:52, 27168.58it/s]
1409870it [00:52, 26532.82it/s]
1412527it [00:52, 26524.21it/s]
1415182it [00:52, 26498.17it/s]
1417845it [00:52, 26536.93it/s]
1420500it [00:52, 26525.29it/s]
1423169it [00:52, 26574.07it/s]
1425827it [00:52, 26563.30it/s]
1428500it [00:52, 26610.61it/s]
1431162it [00:53, 26567.99it/s]
1433849it [00:53, 26655.40it/s]
1436515it [00:53, 26433.40it/s]
1439240it [00:53, 26674.64it/s]
1441967it [00:53, 26850.18it/s]
1444733it [00:53, 27090.72it/s]
1447493it [00:53, 27241.27it/s]
1450274it [00:53, 27410.72it/s]
1453029it [00:53, 27451.85it/s]
1455801it [00:53, 27530.45it/s]
1458555it [00:54, 27457.53it/s]
1461301it [00:54, 26137.26it/s]
1463997it [00:54, 26374.37it/s]
1466722it [00:54, 26628.90it/s]
1469426it [00:54, 26747.65it/s]
1472129it [00:54, 26829.17it/s]
1474816it [00:54, 26819.78it/s]
1477501it [00:54, 26743.00it/s]
1480178it [00:54, 26706.27it/s]
1482851it [00:54, 26691.27it/s]
1485522it [00:55, 26646.28it/s]
1488215it [00:55, 26729.65it/s]
1490909it [00:55, 26790.49it/s]
1493599it [00:55, 26822.01it/s]
1496282it [00:55, 26082.19it/s]
1498982it [00:55, 26351.47it/s]
1501662it [00:55, 26483.60it/s]
1504314it [00:55, 22074.21it/s]
1507022it [00:55, 23380.28it/s]
1509735it [00:56, 24396.95it/s]
1512448it [00:56, 25160.64it/s]
1515171it [00:56, 25750.74it/s]
1517875it [00:56, 26121.95it/s]
1520597it [00:56, 26441.65it/s]
1523267it [00:56, 25443.20it/s]
1525984it [00:56, 25939.89it/s]
1528720it [00:56, 26352.81it/s]
1531454it [00:56, 26642.34it/s]
1534198it [00:56, 26877.33it/s]
1536968it [00:57, 27119.99it/s]
1539727it [00:57, 27258.67it/s]
1542481it [00:57, 27341.68it/s]
1545275it [00:57, 27518.84it/s]
1548075it [00:57, 27661.35it/s]
1550843it [00:57, 27661.39it/s]
1553625it [00:57, 27706.22it/s]
1556414it [00:57, 27759.72it/s]
1559191it [00:57, 26380.88it/s]
1561975it [00:57, 26802.39it/s]
1564715it [00:58, 26974.13it/s]
1567443it [00:58, 27063.52it/s]
1570188it [00:58, 27175.99it/s]
1572927it [00:58, 27238.31it/s]
1575655it [00:58, 27247.22it/s]
1578382it [00:58, 27226.45it/s]
1581136it [00:58, 27319.94it/s]
1583870it [00:58, 27312.55it/s]
1586603it [00:58, 27286.49it/s]
1589342it [00:58, 27315.27it/s]
1592074it [00:59, 27292.92it/s]
1594804it [00:59, 25932.48it/s]
1597530it [00:59, 26313.29it/s]
1600253it [00:59, 26578.98it/s]
1602997it [00:59, 26830.44it/s]
1605730it [00:59, 26976.99it/s]
1608469it [00:59, 27098.86it/s]
1611205it [00:59, 27176.31it/s]
1613951it [00:59, 27259.89it/s]
1616700it [00:59, 27327.80it/s]
1619469it [01:00, 27433.42it/s]
1622239it [01:00, 27511.26it/s]
1624994it [01:00, 27521.74it/s]
1627747it [01:00, 27522.12it/s]
1630500it [01:00, 26472.18it/s]
1633259it [01:00, 26797.14it/s]
1636030it [01:00, 27064.80it/s]
1638802it [01:00, 27257.86it/s]
1641575it [01:00, 27396.84it/s]
1644354it [01:00, 27511.98it/s]
1647108it [01:01, 27474.96it/s]
1649858it [01:01, 27475.58it/s]
1652607it [01:01, 27450.65it/s]
1655353it [01:01, 27434.34it/s]
1658100it [01:01, 27444.06it/s]
1660857it [01:01, 27481.54it/s]
1663606it [01:01, 27075.56it/s]
1666352it [01:01, 27187.26it/s]
1669087it [01:01, 27232.05it/s]
1671824it [01:01, 27272.10it/s]
1674552it [01:02, 27269.59it/s]
1677290it [01:02, 27300.85it/s]
1680081it [01:02, 27481.51it/s]
1682865it [01:02, 27587.99it/s]
1685648it [01:02, 27658.31it/s]
1688421it [01:02, 27679.59it/s]
1691190it [01:02, 26774.47it/s]
1693874it [01:02, 25943.49it/s]
1696626it [01:02, 26397.37it/s]
1699378it [01:03, 26724.54it/s]
1702115it [01:03, 26911.31it/s]
1704863it [01:03, 27077.38it/s]
1707633it [01:03, 27260.79it/s]
1710408it [01:03, 27405.03it/s]
1713178it [01:03, 27491.81it/s]
1715944it [01:03, 27540.26it/s]
1718713it [01:03, 27582.87it/s]
1721473it [01:03, 27383.31it/s]
1724251it [01:03, 27499.45it/s]
1727002it [01:04, 27492.19it/s]
1729760it [01:04, 27517.00it/s]
1732513it [01:04, 27519.13it/s]
1735266it [01:04, 27505.90it/s]
1738022it [01:04, 27521.15it/s]
1740775it [01:04, 27521.80it/s]
1743561it [01:04, 27620.28it/s]
1746324it [01:04, 27151.99it/s]
1749084it [01:04, 27283.80it/s]
1751843it [01:04, 27374.53it/s]
1754601it [01:05, 27432.87it/s]
1757373it [01:05, 27516.17it/s]
1760126it [01:05, 27498.83it/s]
1762879it [01:05, 27506.77it/s]
1765636it [01:05, 27523.37it/s]
1768389it [01:05, 27523.91it/s]
1771142it [01:05, 27162.10it/s]
1773904it [01:05, 27296.13it/s]
1776666it [01:05, 27391.43it/s]
1779435it [01:05, 27477.64it/s]
1782212it [01:06, 27562.26it/s]
1784998it [01:06, 27648.77it/s]
1787782it [01:06, 27704.89it/s]
1790556it [01:06, 27712.33it/s]
1793328it [01:06, 27705.45it/s]
1796099it [01:06, 27695.74it/s]
1798869it [01:06, 27179.28it/s]
1801628it [01:06, 27298.59it/s]
1804364it [01:06, 27316.37it/s]
1807097it [01:06, 27298.95it/s]
1809828it [01:07, 27285.91it/s]
1812558it [01:07, 27266.69it/s]
1815286it [01:07, 27227.38it/s]
1818019it [01:07, 27254.72it/s]
1820745it [01:07, 27235.02it/s]
1823469it [01:07, 27194.23it/s]
1826189it [01:07, 26375.84it/s]
1828859it [01:07, 26469.64it/s]
1831510it [01:07, 26355.34it/s]
1834179it [01:07, 26451.37it/s]
1836848it [01:08, 26521.05it/s]
1839535it [01:08, 26622.96it/s]
1842246it [01:08, 26766.10it/s]
1844931it [01:08, 26788.44it/s]
1847623it [01:08, 26827.02it/s]
1850307it [01:08, 26807.11it/s]
1852989it [01:08, 26034.21it/s]
1855603it [01:08, 26063.64it/s]
1858227it [01:08, 26113.86it/s]
1860873it [01:08, 26215.88it/s]
1863517it [01:09, 26280.27it/s]
1866185it [01:09, 26396.13it/s]
1868838it [01:09, 26432.47it/s]
1871502it [01:09, 26493.97it/s]
1874152it [01:09, 26482.21it/s]
1876820it [01:09, 26537.64it/s]
1879503it [01:09, 26623.89it/s]
1882170it [01:09, 26635.80it/s]
1884834it [01:09, 26630.14it/s]
1887498it [01:09, 26615.98it/s]
1890160it [01:10, 26610.95it/s]
1892827it [01:10, 26625.81it/s]
1895490it [01:10, 26585.49it/s]
1898149it [01:10, 26521.34it/s]
1900806it [01:10, 26533.59it/s]
1903460it [01:10, 24603.64it/s]
1906095it [01:10, 25099.27it/s]
1908739it [01:10, 25485.94it/s]
1911410it [01:10, 25842.32it/s]
1914068it [01:10, 26059.09it/s]
1916742it [01:11, 26259.03it/s]
1919423it [01:11, 26421.89it/s]
1922106it [01:11, 26541.06it/s]
1924764it [01:11, 26305.79it/s]
1927443it [01:11, 26448.38it/s]
1930121it [01:11, 26544.92it/s]
1932797it [01:11, 26607.98it/s]
1935459it [01:11, 26597.02it/s]
1938124it [01:11, 26612.04it/s]
1940793it [01:11, 26632.65it/s]
1943472it [01:12, 26677.68it/s]
1946156it [01:12, 26725.22it/s]
1948829it [01:12, 25919.07it/s]
1951513it [01:12, 26188.44it/s]
1954198it [01:12, 26382.29it/s]
1956892it [01:12, 26547.41it/s]
1959583it [01:12, 26654.30it/s]
1962265it [01:12, 26700.75it/s]
1964949it [01:12, 26740.31it/s]
1967626it [01:13, 26747.54it/s]
1970309it [01:13, 26768.74it/s]
1972991it [01:13, 26781.62it/s]
1975670it [01:13, 26756.19it/s]
1978349it [01:13, 26764.28it/s]
1981026it [01:13, 26327.74it/s]
1983737it [01:13, 26559.04it/s]
1986439it [01:13, 26693.47it/s]
1989146it [01:13, 26803.21it/s]
1991853it [01:13, 26881.24it/s]
1994572it [01:14, 26971.86it/s]
1997278it [01:14, 26995.07it/s]
1999991it [01:14, 27034.85it/s]
2002706it [01:14, 27067.93it/s]
2005432it [01:14, 27123.59it/s]
2008145it [01:14, 26815.20it/s]
2010836it [01:14, 26843.14it/s]
2013527it [01:14, 26861.35it/s]
2016238it [01:14, 26932.13it/s]
2018932it [01:14, 26914.40it/s]
2021636it [01:15, 26949.72it/s]
2024357it [01:15, 27026.37it/s]
2027083it [01:15, 27095.46it/s]
2029813it [01:15, 27155.76it/s]
2032529it [01:15, 27009.64it/s]
2035243it [01:15, 27046.14it/s]
2037970it [01:15, 27112.85it/s]
2040682it [01:15, 27069.08it/s]
2043390it [01:15, 27027.39it/s]
2046117it [01:15, 27099.48it/s]
2048854it [01:16, 27179.50it/s]
2051574it [01:16, 27185.22it/s]
2054308it [01:16, 27230.83it/s]
2057032it [01:16, 27078.09it/s]
2059774it [01:16, 27178.71it/s]
2062498it [01:16, 27196.49it/s]
2065251it [01:16, 27293.01it/s]
2067981it [01:16, 27269.47it/s]
2070709it [01:16, 27208.14it/s]
2073430it [01:16, 27195.18it/s]
2076150it [01:17, 27186.33it/s]
2078869it [01:17, 26996.46it/s]
2081587it [01:17, 27049.35it/s]
2084293it [01:17, 27041.70it/s]
2087029it [01:17, 27135.09it/s]
2089747it [01:17, 27145.77it/s]
2092485it [01:17, 27213.65it/s]
2095207it [01:17, 27185.29it/s]
2097940it [01:17, 27225.82it/s]
2100664it [01:17, 27228.58it/s]
2103387it [01:18, 26978.92it/s]
2106117it [01:18, 27071.40it/s]
2108864it [01:18, 27189.24it/s]
2111626it [01:18, 27316.20it/s]
2114374it [01:18, 27364.29it/s]
2117111it [01:18, 27325.39it/s]
2119871it [01:18, 27406.18it/s]
2122635it [01:18, 27474.22it/s]
2125383it [01:18, 27438.05it/s]
2128127it [01:18, 27254.58it/s]
2130866it [01:19, 27293.69it/s]
2133596it [01:19, 27284.91it/s]
2136325it [01:19, 27153.99it/s]
2139054it [01:19, 27194.30it/s]
2141774it [01:19, 25544.85it/s]
2144472it [01:19, 25954.19it/s]
2147182it [01:19, 26284.71it/s]
2149895it [01:19, 26531.85it/s]
2152558it [01:19, 26543.55it/s]
2155280it [01:19, 26742.27it/s]
2157991it [01:20, 26849.29it/s]
2160708it [01:20, 26942.84it/s]
2163424it [01:20, 27006.61it/s]
2166133it [01:20, 27031.19it/s]
2168854it [01:20, 27081.89it/s]
2171602it [01:20, 27199.70it/s]
2174335it [01:20, 27238.45it/s]
2177060it [01:20, 26989.44it/s]
2179777it [01:20, 27040.74it/s]
2182508it [01:20, 27117.99it/s]
2185240it [01:21, 27177.18it/s]
2187959it [01:21, 27174.45it/s]
2190700it [01:21, 27242.50it/s]
2193425it [01:21, 27231.22it/s]
2196149it [01:21, 27221.37it/s]
2198872it [01:21, 26599.78it/s]
2201562it [01:21, 26686.03it/s]
2204250it [01:21, 26743.32it/s]
2206948it [01:21, 26812.86it/s]
2209649it [01:21, 26869.21it/s]
2212337it [01:22, 26842.29it/s]
2215047it [01:22, 26917.38it/s]
2217754it [01:22, 26959.80it/s]
2220459it [01:22, 26983.66it/s]
2223169it [01:22, 27016.14it/s]
2225904it [01:22, 27114.73it/s]
2228616it [01:22, 26793.77it/s]
2231303it [01:22, 26815.97it/s]
2233992it [01:22, 26835.97it/s]
2236703it [01:22, 26915.54it/s]
2239401it [01:23, 26932.29it/s]
2242101it [01:23, 26950.45it/s]
2244816it [01:23, 27008.81it/s]
2247530it [01:23, 27047.32it/s]
2250238it [01:23, 27056.91it/s]
2252944it [01:23, 25839.68it/s]
2255658it [01:23, 26215.82it/s]
2258373it [01:23, 26487.29it/s]
2261074it [01:23, 26639.15it/s]
2263783it [01:23, 26770.04it/s]
2266499it [01:24, 26884.73it/s]
2269227it [01:24, 27002.06it/s]
2271959it [01:24, 27095.08it/s]
2274691it [01:24, 27161.11it/s]
2277436it [01:24, 27244.92it/s]
2280179it [01:24, 27298.38it/s]
2282910it [01:24, 27293.72it/s]
2285640it [01:24, 27235.07it/s]
2288364it [01:24, 26265.44it/s]
2291101it [01:24, 26585.91it/s]
2295620it [01:25, 32059.44it/s]
2302615it [01:25, 43273.54it/s]
2309688it [01:25, 51431.19it/s]
2316776it [01:25, 57223.72it/s]
2323894it [01:25, 61389.91it/s]
2331032it [01:25, 64374.40it/s]
2334801it [01:25, 27260.06it/s]
INFO:root:test max cliques 2292502, nested cliques 42299
INFO:root:test real max cliques in search universe: 40
INFO:root:test real smaller cliques in search universe: 95 95
INFO:root:Our Performance: precision 0.0001, recall 0.2661, f1 0.0001 jaccard 0.0001
INFO:root:Baseline: Bayesian-MDL skipped (disabled for this runtime).
INFO:root:Baseline: Max Clique precision 0.0000, recall 0.1835, f1 0.0000, jaccard 0.0000 
INFO:root:Baseline: ECC precision 0.0401, recall 0.1606, f1 0.0642, jaccard 0.0332 
INFO:root:Baseline: Demon precision 0.0180, recall 0.0459, f1 0.0258, jaccard 0.0131 
INFO:root:Baseline: CFinder skipped (disabled for channel-SNR benchmark).
(4121, 9) (4121,) 72
