INFO:root:Create log file at log/hosts/hosts-6000-cou-1788865924.3947082.log
INFO:root:Command line executed: python main.py --dataset hosts --beta 6000 --features count --channel rayleigh --snr_db 18
INFO:root:Full args parsed:
INFO:root:Namespace(dataset='hosts', beta=6000, features='count', model='mlp', epochs=2000, lr=0.0001, setting='f', label_rate=0.1, ablation=0, seed=123, use_c=1, jobs=1, save_features=0, data_dir='./data/', log_dir='log', downsample=0, max_child_size=1, ext=0, channel='rayleigh', snr_db=18.0, channel_seed=123, max_background_pairs=10000)
INFO:root:Finish loading graphs.
INFO:root:Nodes train: 591, test: 466
INFO:root:Simplicies train: 204, test: 218
INFO:root:Channel rayleigh at 18.0 dB: test projection edges 9205 -> 9205
INFO:root:Start computing cliques
INFO:root:Couldn't find cache for max cliques train
INFO:root:Number of maximum cliques:383
INFO:root:Couldn't find cache for max cliques test
INFO:root:Number of maximum cliques:325405
INFO:root:test nodes 466 hyperedges 218 avg size 5.564220183486238 std 8.957494150492446 avg degree 2.6030042918454934 max cliques 325405
INFO:root:Breakdown of test hyperedges (max+small) 63 + 155
INFO:root:Intersection 63 out of 416 325405
INFO:root:support cliques train:125 - test: 416
INFO:root:Optimizing clique sampler .. 
INFO:root:Found cache for rho.
INFO:root:[(140, 140), (50, 50), (44, 44), (37, 37), (35, 35), (27, 27), (26, 26), (2, 2), (1, 1), (3, 3), (23, 23), (22, 22), (20, 20), (5, 5), (25, 1), (4, 4), (24, 24), (8, 8), (15, 15), (10, 10), (13, 13), (6, 6), (35, 1), (12, 12), (18, 18), (17, 17), (16, 16), (9, 9), (7, 7), (14, 14), (3, 1), (11, 11), (5, 2), (22, 1), (50, 1), (26, 1), (27, 1), (2, 1), (4, 2), (24, 1), (6, 2), (5, 3), (6, 3), (18, 1), (16, 15), (6, 4), (140, 1), (25, 2), (7, 6), (6, 5), (8, 7), (7, 5), (27, 2), (11, 2)]
INFO:root:Optimize Clique Sampler: #hyperedges collected:179, recall: 0.8774509803921569, efficiency:0.029833333333333333
INFO:root:Clique analysis done.
INFO:root:train: 4497 unique candidates out of 5959 sampled candidates
Note: to be able to use all crisp methods, you need to install some additional packages:  {'bayanpy', 'infomap', 'wurlitzer', 'leidenalg', 'graph_tool'}
Note: to be able to use all crisp methods, you need to install some additional packages:  {'torch', 'ASLPAw', 'pyclustering', 'hidef'}
Note: to be able to use all crisp methods, you need to install some additional packages:  {'leidenalg', 'infomap', 'scikit-network', 'wurlitzer'}
Sanity check failed, reindexing the hypergraphs ...
Sanity check failed, reindexing the hypergraphs ...
number of nodes in construct graph 591
number of nodes in construct graph 466
(0, 0), (1, 1), (2, 2), (3, 3), (4, 4), (5, 5), (6, 6), (7, 7), (22, 22), (31, 31), (42, 41), (46, 44), (49, 46), (53, 48), (65, 54), (90, 64), (106, 70), (109, 71), (139, 79), (160, 84), (190, 91), (211, 95), (248, 102), (283, 108), (303, 111), (310, 112), (318, 113), (326, 114), (360, 118), (387, 120), (402, 121), (435, 123), (469, 125), (589, 131), (655, 134), (705, 136), (731, 137), (758, 138), (788, 139), (884, 142), (956, 144), (1511, 154), (1631, 156), (2371, 162), (2497, 163), (2625, 164), (3180, 168), (3320, 169), (3620, 171), (3809, 172), (4031, 173), (4271, 174), (4838, 176), (5189, 177), 
(0, 0), (0, 0), (0, 0), (112, 0), (76688, 0), (100160, 0), (101720, 0), (102000, 0), (102065, 11), (102070, 16), (102152, 28), (102333, 28), (102441, 28), (102499, 28), (102543, 37), (106243, 53), (106302, 64), (106500, 64), (106535, 66), (106590, 66), (106628, 67), (106699, 68), (106746, 72), (928266, 74), (928304, 75), (928481, 76), (928689, 76), (928813, 76), (928851, 78), (928876, 80), (928967, 80), (929213, 92), (929260, 93), (929700, 103), (932076, 104), (932076, 104), (939356, 105), (981476, 105), (981606, 113), (981960, 119), (986712, 119), (987417, 120), (987857, 124), (988797, 126), (991983, 132), (993967, 132), (994672, 134), (994672, 134), (1039072, 140), (1039247, 140), (1039529, 141), (1039809, 143), (1040334, 143), (1587894, 143), 

0it [00:00, ?it/s]
4504it [00:00, 185866.95it/s]
INFO:root:test: 112001 unique candidates out of 1588994 sampled candidates

0it [00:00, ?it/s]
1281it [00:00, 12803.60it/s]
2562it [00:00, 12786.59it/s]
3851it [00:00, 12833.52it/s]
5144it [00:00, 12868.03it/s]
6441it [00:00, 12903.16it/s]
7733it [00:00, 12906.31it/s]
9024it [00:00, 12895.96it/s]
10318it [00:00, 12907.51it/s]
11609it [00:00, 12889.39it/s]
12898it [00:01, 12887.41it/s]
14199it [00:01, 12923.23it/s]
15497it [00:01, 12939.53it/s]
16791it [00:01, 12923.24it/s]
18084it [00:01, 12911.52it/s]
19382it [00:01, 12931.30it/s]
20681it [00:01, 12947.16it/s]
21976it [00:01, 12933.82it/s]
23282it [00:01, 12971.45it/s]
24583it [00:01, 12982.66it/s]
25882it [00:02, 12969.77it/s]
27190it [00:02, 13001.18it/s]
28491it [00:02, 13003.44it/s]
29794it [00:02, 13009.94it/s]
31096it [00:02, 13011.83it/s]
32413it [00:02, 13058.58it/s]
33720it [00:02, 13059.23it/s]
35026it [00:02, 13046.48it/s]
36333it [00:02, 13053.19it/s]
37641it [00:02, 13060.75it/s]
38948it [00:03, 13029.25it/s]
40253it [00:03, 13033.38it/s]
41559it [00:03, 13039.13it/s]
42864it [00:03, 13041.09it/s]
44181it [00:03, 13079.16it/s]
45506it [00:03, 13128.10it/s]
46820it [00:03, 13128.62it/s]
48133it [00:03, 13117.37it/s]
49445it [00:03, 13059.53it/s]
50752it [00:03, 13043.65it/s]
52057it [00:04, 13026.35it/s]
53360it [00:04, 13003.42it/s]
54661it [00:04, 12964.93it/s]
55958it [00:04, 12941.24it/s]
57256it [00:04, 12950.50it/s]
58552it [00:04, 12946.98it/s]
59851it [00:04, 12958.80it/s]
61148it [00:04, 12960.20it/s]
62445it [00:04, 12960.89it/s]
63742it [00:04, 12937.24it/s]
65036it [00:05, 12936.43it/s]
66332it [00:05, 12941.60it/s]
67636it [00:05, 12968.23it/s]
68937it [00:05, 12980.01it/s]
70237it [00:05, 12985.63it/s]
71536it [00:05, 12945.85it/s]
72835it [00:05, 12958.44it/s]
74133it [00:05, 12964.24it/s]
75432it [00:05, 12970.28it/s]
76734it [00:05, 12982.31it/s]
78046it [00:06, 13020.76it/s]
79349it [00:06, 13018.32it/s]
80674it [00:06, 13086.13it/s]
81984it [00:06, 13088.57it/s]
83302it [00:06, 13114.24it/s]
84614it [00:06, 13112.93it/s]
85926it [00:06, 13111.60it/s]
87241it [00:06, 13122.17it/s]
88556it [00:06, 13128.60it/s]
89869it [00:06, 13089.95it/s]
91183it [00:07, 13102.24it/s]
92494it [00:07, 13099.04it/s]
93810it [00:07, 13117.20it/s]
95124it [00:07, 13122.88it/s]
96440it [00:07, 13132.58it/s]
97754it [00:07, 13105.77it/s]
99072it [00:07, 13127.84it/s]
100385it [00:07, 13110.18it/s]
101697it [00:07, 13093.91it/s]
103007it [00:07, 13056.32it/s]
104313it [00:08, 13025.53it/s]
105616it [00:08, 13001.91it/s]
106917it [00:08, 13000.07it/s]
108218it [00:08, 12994.60it/s]
109518it [00:08, 12985.01it/s]
110828it [00:08, 13016.98it/s]
112131it [00:08, 13020.62it/s]
113434it [00:08, 12992.43it/s]
114746it [00:08, 13029.79it/s]
116065it [00:08, 13077.19it/s]
117383it [00:09, 13105.79it/s]
118696it [00:09, 13111.73it/s]
120008it [00:09, 13111.27it/s]
121320it [00:09, 13107.45it/s]
122640it [00:09, 13133.54it/s]
123954it [00:09, 13108.42it/s]
125269it [00:09, 13120.33it/s]
126588it [00:09, 13139.89it/s]
127903it [00:09, 13051.31it/s]
129209it [00:09, 12773.58it/s]
130488it [00:10, 12766.13it/s]
131766it [00:10, 12765.31it/s]
133044it [00:10, 12763.93it/s]
134327it [00:10, 12782.60it/s]
135609it [00:10, 12793.33it/s]
136892it [00:10, 12802.23it/s]
138173it [00:10, 12795.17it/s]
139453it [00:10, 12791.24it/s]
140745it [00:10, 12827.61it/s]
142036it [00:10, 12850.20it/s]
143322it [00:11, 12846.00it/s]
144617it [00:11, 12874.79it/s]
145908it [00:11, 12884.29it/s]
147206it [00:11, 12911.36it/s]
148498it [00:11, 12905.06it/s]
149795it [00:11, 12923.42it/s]
151088it [00:11, 12923.10it/s]
152386it [00:11, 12939.70it/s]
153680it [00:11, 12929.53it/s]
154980it [00:11, 12949.29it/s]
156280it [00:12, 12964.13it/s]
157582it [00:12, 12978.08it/s]
158885it [00:12, 12993.48it/s]
160190it [00:12, 13009.14it/s]
161491it [00:12, 13003.45it/s]
162802it [00:12, 13035.04it/s]
164106it [00:12, 13036.22it/s]
165415it [00:12, 13049.37it/s]
166724it [00:12, 13061.29it/s]
168031it [00:12, 13054.50it/s]
169337it [00:13, 13019.65it/s]
170646it [00:13, 13040.17it/s]
171951it [00:13, 13031.23it/s]
173259it [00:13, 13043.09it/s]
174564it [00:13, 13018.82it/s]
175866it [00:13, 13001.69it/s]
177167it [00:13, 12979.47it/s]
178465it [00:13, 12950.97it/s]
179761it [00:13, 12920.55it/s]
181054it [00:13, 12829.13it/s]
182351it [00:14, 12869.38it/s]
183650it [00:14, 12902.05it/s]
184942it [00:14, 12907.13it/s]
186240it [00:14, 12927.07it/s]
187534it [00:14, 12929.21it/s]
188848it [00:14, 12988.51it/s]
190155it [00:14, 13012.77it/s]
191467it [00:14, 13044.14it/s]
192783it [00:14, 13078.20it/s]
194097it [00:14, 13096.46it/s]
195408it [00:15, 13097.81it/s]
196720it [00:15, 13104.23it/s]
198031it [00:15, 13058.65it/s]
199341it [00:15, 13069.15it/s]
200655it [00:15, 13087.26it/s]
201970it [00:15, 13104.21it/s]
203281it [00:15, 13034.30it/s]
204599it [00:15, 13077.18it/s]
205908it [00:15, 13078.69it/s]
207216it [00:15, 13077.29it/s]
208527it [00:16, 13084.64it/s]
209840it [00:16, 13097.20it/s]
211150it [00:16, 13086.37it/s]
212466it [00:16, 13106.42it/s]
213780it [00:16, 13116.40it/s]
215095it [00:16, 13124.09it/s]
216408it [00:16, 13088.18it/s]
217719it [00:16, 13091.37it/s]
219036it [00:16, 13113.53it/s]
220348it [00:16, 13112.07it/s]
221669it [00:17, 13138.84it/s]
222983it [00:17, 13125.79it/s]
224298it [00:17, 13131.92it/s]
225612it [00:17, 13108.32it/s]
226923it [00:17, 13102.01it/s]
228234it [00:17, 13094.32it/s]
229544it [00:17, 13079.89it/s]
230860it [00:17, 13102.66it/s]
232173it [00:17, 13110.67it/s]
233491it [00:17, 13131.20it/s]
234807it [00:18, 13138.01it/s]
236121it [00:18, 13124.16it/s]
237434it [00:18, 13121.51it/s]
238747it [00:18, 13099.41it/s]
240057it [00:18, 13048.13it/s]
241376it [00:18, 13088.67it/s]
242694it [00:18, 13113.92it/s]
244015it [00:18, 13141.82it/s]
245330it [00:18, 13139.39it/s]
246644it [00:18, 13138.83it/s]
247960it [00:19, 13143.08it/s]
249275it [00:19, 13133.18it/s]
250589it [00:19, 13119.29it/s]
251901it [00:19, 13089.29it/s]
253210it [00:19, 13085.76it/s]
254519it [00:19, 13063.21it/s]
255826it [00:19, 13045.61it/s]
257131it [00:19, 12879.30it/s]
258441it [00:19, 12943.97it/s]
259752it [00:19, 12991.96it/s]
261066it [00:20, 13033.72it/s]
262382it [00:20, 13070.21it/s]
263704it [00:20, 13114.66it/s]
265019it [00:20, 13123.00it/s]
266333it [00:20, 13125.77it/s]
267649it [00:20, 13133.40it/s]
268966it [00:20, 13142.15it/s]
270281it [00:20, 13143.42it/s]
271598it [00:20, 13149.59it/s]
272914it [00:20, 13149.55it/s]
274229it [00:21, 13139.26it/s]
275543it [00:21, 13117.78it/s]
276863it [00:21, 13141.24it/s]
278182it [00:21, 13153.22it/s]
279504it [00:21, 13172.35it/s]
280822it [00:21, 13166.08it/s]
282142it [00:21, 13175.70it/s]
283460it [00:21, 13161.07it/s]
284777it [00:21, 13149.79it/s]
286092it [00:21, 13144.02it/s]
287408it [00:22, 13148.11it/s]
288723it [00:22, 13139.22it/s]
290037it [00:22, 13071.29it/s]
291350it [00:22, 13086.37it/s]
292667it [00:22, 13109.19it/s]
293981it [00:22, 13117.14it/s]
295298it [00:22, 13132.43it/s]
296621it [00:22, 13159.21it/s]
297940it [00:22, 13166.12it/s]
299257it [00:22, 13158.62it/s]
300573it [00:23, 13154.46it/s]
301895it [00:23, 13173.02it/s]
303213it [00:23, 13166.62it/s]
304530it [00:23, 13145.46it/s]
305845it [00:23, 13142.10it/s]
307166it [00:23, 13161.58it/s]
308491it [00:23, 13186.28it/s]
309810it [00:23, 13185.86it/s]
311129it [00:23, 13172.30it/s]
312447it [00:23, 13151.66it/s]
313764it [00:24, 13157.04it/s]
315080it [00:24, 13152.10it/s]
316402it [00:24, 13170.82it/s]
317720it [00:24, 13128.37it/s]
319033it [00:24, 13078.91it/s]
320346it [00:24, 13093.71it/s]
321656it [00:24, 13081.33it/s]
322965it [00:24, 13058.69it/s]
324271it [00:24, 13036.39it/s]
326691it [00:24, 16372.62it/s]
333612it [00:25, 13333.75it/s]
INFO:root:test max cliques 325405, nested cliques 8207
INFO:root:test real max cliques in search universe: 63
INFO:root:test real smaller cliques in search universe: 82 82
INFO:root:Our Performance: precision 0.0007, recall 0.3670, f1 0.0015 jaccard 0.0007
INFO:root:Baseline: Bayesian-MDL skipped (disabled for this runtime).
INFO:root:Baseline: Max Clique precision 0.0002, recall 0.2890, f1 0.0004, jaccard 0.0002 
INFO:root:Baseline: ECC precision 0.1467, recall 0.2752, f1 0.1914, jaccard 0.1058 
INFO:root:Baseline: Demon precision 0.0538, recall 0.0688, f1 0.0604, jaccard 0.0311 
INFO:root:Baseline: CFinder skipped (disabled for channel-SNR benchmark).
(4121, 9) (4121,) 72
