INFO:root:Create log file at log/hosts/hosts-6000-cou-1788864944.6029844.log
INFO:root:Command line executed: python main.py --dataset hosts --beta 6000 --features count --channel rayleigh --snr_db 10
INFO:root:Full args parsed:
INFO:root:Namespace(dataset='hosts', beta=6000, features='count', model='mlp', epochs=2000, lr=0.0001, setting='f', label_rate=0.1, ablation=0, seed=123, use_c=1, jobs=1, save_features=0, data_dir='./data/', log_dir='log', downsample=0, max_child_size=1, ext=0, channel='rayleigh', snr_db=10.0, channel_seed=123, max_background_pairs=10000)
INFO:root:Finish loading graphs.
INFO:root:Nodes train: 591, test: 466
INFO:root:Simplicies train: 204, test: 218
INFO:root:Channel rayleigh at 10.0 dB: test projection edges 9205 -> 9302
INFO:root:Start computing cliques
INFO:root:Couldn't find cache for max cliques train
INFO:root:Number of maximum cliques:383
INFO:root:Couldn't find cache for max cliques test
INFO:root:Number of maximum cliques:1940857
INFO:root:test nodes 466 hyperedges 218 avg size 5.564220183486238 std 8.957494150492446 avg degree 2.6030042918454934 max cliques 1940857
INFO:root:Breakdown of test hyperedges (max+small) 31 + 187
INFO:root:Intersection 31 out of 1127 1940857
INFO:root:support cliques train:125 - test: 1127
INFO:root:Optimizing clique sampler .. 
INFO:root:Found cache for rho.
INFO:root:[(140, 140), (50, 50), (44, 44), (37, 37), (35, 35), (27, 27), (26, 26), (2, 2), (1, 1), (3, 3), (23, 23), (22, 22), (20, 20), (5, 5), (25, 1), (4, 4), (24, 24), (8, 8), (15, 15), (10, 10), (13, 13), (6, 6), (35, 1), (12, 12), (18, 18), (17, 17), (16, 16), (9, 9), (7, 7), (14, 14), (3, 1), (11, 11), (5, 2), (22, 1), (50, 1), (26, 1), (27, 1), (2, 1), (4, 2), (24, 1), (6, 2), (5, 3), (6, 3), (18, 1), (16, 15), (6, 4), (140, 1), (25, 2), (7, 6), (6, 5), (8, 7), (7, 5), (27, 2), (11, 2)]
INFO:root:Optimize Clique Sampler: #hyperedges collected:179, recall: 0.8774509803921569, efficiency:0.029833333333333333
INFO:root:Clique analysis done.
INFO:root:train: 4497 unique candidates out of 5959 sampled candidates
Note: to be able to use all crisp methods, you need to install some additional packages:  {'wurlitzer', 'infomap', 'bayanpy', 'leidenalg', 'graph_tool'}
Note: to be able to use all crisp methods, you need to install some additional packages:  {'ASLPAw', 'pyclustering', 'hidef', 'torch'}
Note: to be able to use all crisp methods, you need to install some additional packages:  {'wurlitzer', 'leidenalg', 'infomap', 'scikit-network'}
Sanity check failed, reindexing the hypergraphs ...
Sanity check failed, reindexing the hypergraphs ...
number of nodes in construct graph 591
number of nodes in construct graph 466
(0, 0), (1, 1), (2, 2), (3, 3), (4, 4), (5, 5), (6, 6), (7, 7), (22, 22), (31, 31), (42, 41), (46, 44), (49, 46), (53, 48), (65, 54), (90, 64), (106, 70), (109, 71), (139, 79), (160, 84), (190, 91), (211, 95), (248, 102), (283, 108), (303, 111), (310, 112), (318, 113), (326, 114), (360, 118), (387, 120), (402, 121), (435, 123), (469, 125), (589, 131), (655, 134), (705, 136), (731, 137), (758, 138), (788, 139), (884, 142), (956, 144), (1511, 154), (1631, 156), (2371, 162), (2497, 163), (2625, 164), (3180, 168), (3320, 169), (3620, 171), (3809, 172), (4031, 173), (4271, 174), (4838, 176), (5189, 177), 
(0, 0), (0, 0), (0, 0), (0, 0), (0, 0), (0, 0), (0, 0), (590, 0), (838, 8), (838, 8), (1137, 17), (167072, 17), (407148, 17), (690169, 17), (690304, 21), (961554, 37), (961722, 41), (1024815, 41), (1025016, 42), (1080986, 42), (1081796, 42), (1085376, 42), (1085473, 46), (1085473, 46), (1087011, 46), (1330299, 46), (1513572, 46), (1620472, 46), (1620821, 46), (1620950, 47), (1636930, 47), (1637827, 79), (1639049, 79), (1640399, 93), (6922071, 93), (6922071, 93), (6937411, 93), (6937411, 93), (6937907, 102), (6938915, 107), (8453147, 107), (8454602, 107), (8455952, 112), (8457892, 115), (12837076, 116), (14547476, 116), (14548931, 117), (14548931, 117), (17803931, 120), (17804834, 120), (17805416, 120), (17807024, 121), (17809733, 121), (17809733, 121), 

0it [00:00, ?it/s]
4504it [00:00, 186415.35it/s]
INFO:root:test: 2735988 unique candidates out of 17838828 sampled candidates

0it [00:00, ?it/s]
3557it [00:00, 35564.69it/s]
7178it [00:00, 35941.21it/s]
10799it [00:00, 36061.87it/s]
14434it [00:00, 36171.61it/s]
18052it [00:00, 36162.06it/s]
21670it [00:00, 36166.11it/s]
25295it [00:00, 36192.64it/s]
28962it [00:00, 36342.91it/s]
32623it [00:00, 36423.17it/s]
36266it [00:01, 36417.95it/s]
39908it [00:01, 36402.12it/s]
43553it [00:01, 36416.06it/s]
47195it [00:01, 36406.17it/s]
50857it [00:01, 36468.24it/s]
54543it [00:01, 36584.09it/s]
58202it [00:01, 36566.18it/s]
61866it [00:01, 36585.86it/s]
65525it [00:01, 36525.25it/s]
69210it [00:01, 36621.06it/s]
72900it [00:02, 36700.76it/s]
76597it [00:02, 36780.55it/s]
80276it [00:02, 36738.21it/s]
83983it [00:02, 36835.84it/s]
87667it [00:02, 36819.23it/s]
91349it [00:02, 36713.53it/s]
95049it [00:02, 36798.89it/s]
98753it [00:02, 36868.20it/s]
102440it [00:02, 36852.35it/s]
106126it [00:02, 36846.18it/s]
109816it [00:03, 36860.08it/s]
113503it [00:03, 36840.71it/s]
117198it [00:03, 36870.71it/s]
120886it [00:03, 36864.05it/s]
124573it [00:03, 36855.59it/s]
128259it [00:03, 36775.10it/s]
131963it [00:03, 36852.10it/s]
135649it [00:03, 36816.04it/s]
139336it [00:03, 36829.00it/s]
143019it [00:03, 36693.20it/s]
146692it [00:04, 36701.41it/s]
150370it [00:04, 36723.37it/s]
154051it [00:04, 36747.75it/s]
157743it [00:04, 36798.60it/s]
161423it [00:04, 36693.86it/s]
165140it [00:04, 36833.92it/s]
168847it [00:04, 36902.83it/s]
172572it [00:04, 37004.60it/s]
176280it [00:04, 37026.36it/s]
180002it [00:04, 37080.82it/s]
183711it [00:05, 36913.43it/s]
187456it [00:05, 37071.32it/s]
191205it [00:05, 37195.68it/s]
194942it [00:05, 37247.04it/s]
198669it [00:05, 37252.79it/s]
202409it [00:05, 37294.84it/s]
206143it [00:05, 37305.83it/s]
209891it [00:05, 37357.72it/s]
213642it [00:05, 37401.93it/s]
217383it [00:05, 37392.62it/s]
221123it [00:06, 37366.55it/s]
224862it [00:06, 37373.22it/s]
228600it [00:06, 37121.97it/s]
232345it [00:06, 37218.67it/s]
236082it [00:06, 37261.44it/s]
239809it [00:06, 37254.55it/s]
243563it [00:06, 37338.80it/s]
247298it [00:06, 37294.22it/s]
251028it [00:06, 37266.35it/s]
254755it [00:06, 37231.44it/s]
258479it [00:07, 37146.11it/s]
262214it [00:07, 37205.32it/s]
265944it [00:07, 37231.98it/s]
269679it [00:07, 37265.72it/s]
273406it [00:07, 37264.11it/s]
277142it [00:07, 37291.48it/s]
280872it [00:07, 37269.40it/s]
284599it [00:07, 37222.48it/s]
288357it [00:07, 37328.07it/s]
292090it [00:07, 36954.10it/s]
295793it [00:08, 36975.13it/s]
299492it [00:08, 36958.91it/s]
303214it [00:08, 37033.78it/s]
306934it [00:08, 37081.26it/s]
310664it [00:08, 37144.55it/s]
314379it [00:08, 37095.75it/s]
318095it [00:08, 37113.49it/s]
321808it [00:08, 37117.81it/s]
325520it [00:08, 36723.47it/s]
329244it [00:08, 36874.50it/s]
332971it [00:09, 36990.60it/s]
336696it [00:09, 37066.00it/s]
340413it [00:09, 37096.70it/s]
344129it [00:09, 37113.38it/s]
347841it [00:09, 37114.29it/s]
351553it [00:09, 37081.01it/s]
355282it [00:09, 37141.30it/s]
358997it [00:09, 37140.55it/s]
362712it [00:09, 37082.38it/s]
366421it [00:09, 36876.03it/s]
370130it [00:10, 36937.95it/s]
373870it [00:10, 37074.75it/s]
377581it [00:10, 37083.88it/s]
381306it [00:10, 37129.98it/s]
385036it [00:10, 37177.58it/s]
388760it [00:10, 37194.39it/s]
392480it [00:10, 37186.54it/s]
396205it [00:10, 37202.62it/s]
399940it [00:10, 37245.89it/s]
403678it [00:10, 37285.13it/s]
407407it [00:11, 37280.82it/s]
411136it [00:11, 37254.36it/s]
414862it [00:11, 36490.25it/s]
418633it [00:11, 36850.25it/s]
422380it [00:11, 37033.41it/s]
426141it [00:11, 37202.82it/s]
429901it [00:11, 37320.29it/s]
433650it [00:11, 37369.40it/s]
437397it [00:11, 37398.69it/s]
441138it [00:11, 37394.13it/s]
444878it [00:12, 37368.86it/s]
448616it [00:12, 37307.04it/s]
452364it [00:12, 37356.07it/s]
456100it [00:12, 37354.03it/s]
459855it [00:12, 37411.29it/s]
463597it [00:12, 37192.64it/s]
467317it [00:12, 37194.06it/s]
471055it [00:12, 37248.42it/s]
474785it [00:12, 37259.90it/s]
478512it [00:12, 37197.26it/s]
482244it [00:13, 37233.47it/s]
485983it [00:13, 37278.15it/s]
489732it [00:13, 37341.13it/s]
493467it [00:13, 37272.25it/s]
497197it [00:13, 37277.96it/s]
500925it [00:13, 37209.65it/s]
504647it [00:13, 37160.14it/s]
508364it [00:13, 37085.80it/s]
512073it [00:13, 37044.25it/s]
515778it [00:13, 37014.79it/s]
519482it [00:14, 37021.23it/s]
523185it [00:14, 36685.70it/s]
526895it [00:14, 36805.71it/s]
530609it [00:14, 36904.64it/s]
534362it [00:14, 37089.74it/s]
538121it [00:14, 37237.63it/s]
541859it [00:14, 37279.02it/s]
545600it [00:14, 37315.68it/s]
549343it [00:14, 37347.61it/s]
553097it [00:14, 37404.01it/s]
556853it [00:15, 37450.41it/s]
560599it [00:15, 37428.09it/s]
564342it [00:15, 37401.68it/s]
568083it [00:15, 37392.96it/s]
571823it [00:15, 37384.47it/s]
575562it [00:15, 37373.13it/s]
579314it [00:15, 37416.29it/s]
583079it [00:15, 37485.19it/s]
586828it [00:15, 36576.70it/s]
590561it [00:15, 36797.83it/s]
594303it [00:16, 36981.39it/s]
598029it [00:16, 37063.50it/s]
601762it [00:16, 37142.42it/s]
605509it [00:16, 37237.42it/s]
609249it [00:16, 37282.79it/s]
612990it [00:16, 37320.53it/s]
616734it [00:16, 37355.71it/s]
620485it [00:16, 37399.66it/s]
624226it [00:16, 37372.51it/s]
627967it [00:16, 37381.03it/s]
631709it [00:17, 37388.85it/s]
635466it [00:17, 37440.73it/s]
639218it [00:17, 37463.39it/s]
642965it [00:17, 37443.03it/s]
646726it [00:17, 37489.16it/s]
650496it [00:17, 37550.64it/s]
654255it [00:17, 37561.17it/s]
658012it [00:17, 37559.18it/s]
661768it [00:17, 36546.81it/s]
665499it [00:17, 36770.32it/s]
669243it [00:18, 36968.09it/s]
672964it [00:18, 37037.88it/s]
676698it [00:18, 37124.78it/s]
680434it [00:18, 37194.59it/s]
684156it [00:18, 37200.72it/s]
687899it [00:18, 37265.39it/s]
691627it [00:18, 37254.74it/s]
695368it [00:18, 37299.96it/s]
699099it [00:18, 37273.23it/s]
702857it [00:18, 37363.92it/s]
706594it [00:19, 37334.86it/s]
710345it [00:19, 37385.93it/s]
714084it [00:19, 37363.67it/s]
717851it [00:19, 37454.78it/s]
721600it [00:19, 37461.92it/s]
725368it [00:19, 37526.08it/s]
729138it [00:19, 37576.64it/s]
732896it [00:19, 37538.28it/s]
736653it [00:19, 37546.08it/s]
740408it [00:19, 37479.57it/s]
744156it [00:20, 36342.37it/s]
747842it [00:20, 36491.50it/s]
751517it [00:20, 36564.01it/s]
755226it [00:20, 36719.69it/s]
758956it [00:20, 36891.38it/s]
762671it [00:20, 36966.31it/s]
766376it [00:20, 36989.56it/s]
770081it [00:20, 37006.10it/s]
773790it [00:20, 37029.30it/s]
777509it [00:20, 37075.09it/s]
781217it [00:21, 37049.20it/s]
784925it [00:21, 37056.16it/s]
788633it [00:21, 37060.59it/s]
792340it [00:21, 37047.43it/s]
796045it [00:21, 36968.21it/s]
799742it [00:21, 36896.49it/s]
803445it [00:21, 36933.62it/s]
807165it [00:21, 37012.51it/s]
810897it [00:21, 37101.22it/s]
814608it [00:21, 37089.10it/s]
818343it [00:22, 37165.95it/s]
822060it [00:22, 37158.01it/s]
825776it [00:22, 37100.17it/s]
829487it [00:22, 37071.44it/s]
833195it [00:22, 37059.62it/s]
836901it [00:22, 36586.52it/s]
840614it [00:22, 36747.61it/s]
844298it [00:22, 36772.29it/s]
847998it [00:22, 36838.23it/s]
851726it [00:22, 36968.43it/s]
855439it [00:23, 37013.81it/s]
859162it [00:23, 37077.21it/s]
862870it [00:23, 37067.73it/s]
866583it [00:23, 37084.28it/s]
870301it [00:23, 37110.97it/s]
874013it [00:23, 37102.39it/s]
877738it [00:23, 37145.75it/s]
881459it [00:23, 37162.40it/s]
885191it [00:23, 37207.52it/s]
888924it [00:23, 37242.77it/s]
892657it [00:24, 37267.18it/s]
896384it [00:24, 37206.05it/s]
900105it [00:24, 37141.60it/s]
903820it [00:24, 37053.02it/s]
907530it [00:24, 37065.28it/s]
911237it [00:24, 37052.16it/s]
914951it [00:24, 37076.38it/s]
918659it [00:24, 37069.93it/s]
922374it [00:24, 37092.66it/s]
926092it [00:24, 37118.06it/s]
929805it [00:25, 37118.63it/s]
933535it [00:25, 37171.75it/s]
937291it [00:25, 37287.10it/s]
941020it [00:25, 36478.62it/s]
944728it [00:25, 36654.37it/s]
948465it [00:25, 36865.21it/s]
952180it [00:25, 36948.98it/s]
955905it [00:25, 37038.25it/s]
959611it [00:25, 37027.09it/s]
963326it [00:25, 37061.35it/s]
967085it [00:26, 37219.27it/s]
970839it [00:26, 37314.66it/s]
974590it [00:26, 37372.81it/s]
978334it [00:26, 37391.36it/s]
982108it [00:26, 37494.54it/s]
985904it [00:26, 37632.81it/s]
989679it [00:26, 37665.92it/s]
993461it [00:26, 37708.77it/s]
997232it [00:26, 37699.93it/s]
1001003it [00:26, 37648.45it/s]
1004768it [00:27, 37617.38it/s]
1008530it [00:27, 37566.79it/s]
1012287it [00:27, 37519.80it/s]
1016040it [00:27, 37431.19it/s]
1019784it [00:27, 37373.06it/s]
1023522it [00:27, 37234.93it/s]
1027246it [00:27, 37216.17it/s]
1030985it [00:27, 37267.17it/s]
1034716it [00:27, 37279.33it/s]
1038444it [00:27, 37220.29it/s]
1042167it [00:28, 37134.58it/s]
1045881it [00:28, 37090.89it/s]
1049599it [00:28, 37116.36it/s]
1053311it [00:28, 37068.15it/s]
1057018it [00:28, 36166.22it/s]
1060668it [00:28, 36261.49it/s]
1064307it [00:28, 36298.80it/s]
1067952it [00:28, 36340.68it/s]
1071588it [00:28, 36282.31it/s]
1075231it [00:29, 36325.82it/s]
1078877it [00:29, 36364.78it/s]
1082515it [00:29, 36298.28it/s]
1086146it [00:29, 36257.86it/s]
1089773it [00:29, 36227.98it/s]
1093397it [00:29, 36202.05it/s]
1097022it [00:29, 36214.47it/s]
1100644it [00:29, 36177.86it/s]
1104268it [00:29, 36194.77it/s]
1107914it [00:29, 36272.99it/s]
1111573it [00:30, 36366.52it/s]
1115240it [00:30, 36456.28it/s]
1118908it [00:30, 36522.64it/s]
1122590it [00:30, 36610.04it/s]
1126259it [00:30, 36631.20it/s]
1129929it [00:30, 36651.17it/s]
1133604it [00:30, 36679.85it/s]
1137273it [00:30, 36680.05it/s]
1140959it [00:30, 36731.51it/s]
1144648it [00:30, 36778.17it/s]
1148326it [00:31, 36774.65it/s]
1152005it [00:31, 36777.03it/s]
1155694it [00:31, 36808.77it/s]
1159375it [00:31, 36801.04it/s]
1163056it [00:31, 36743.54it/s]
1166731it [00:31, 36714.02it/s]
1170403it [00:31, 36714.01it/s]
1174078it [00:31, 36724.33it/s]
1177774it [00:31, 36794.70it/s]
1181454it [00:31, 36764.29it/s]
1185131it [00:32, 36717.61it/s]
1188803it [00:32, 34957.75it/s]
1192456it [00:32, 35411.36it/s]
1196134it [00:32, 35810.33it/s]
1199799it [00:32, 36056.32it/s]
1203469it [00:32, 36245.86it/s]
1207141it [00:32, 36385.76it/s]
1210827it [00:32, 36525.87it/s]
1214497it [00:32, 36575.91it/s]
1218166it [00:32, 36609.36it/s]
1221839it [00:33, 36643.68it/s]
1225513it [00:33, 36672.05it/s]
1229183it [00:33, 36678.78it/s]
1232872it [00:33, 36741.00it/s]
1236547it [00:33, 36725.15it/s]
1240222it [00:33, 36732.14it/s]
1243908it [00:33, 36767.88it/s]
1247585it [00:33, 36751.98it/s]
1251284it [00:33, 36821.38it/s]
1254967it [00:33, 36785.26it/s]
1258646it [00:34, 36749.07it/s]
1262321it [00:34, 36718.62it/s]
1265993it [00:34, 36685.69it/s]
1269674it [00:34, 36719.50it/s]
1273346it [00:34, 36710.93it/s]
1277018it [00:34, 36670.29it/s]
1280686it [00:34, 36634.15it/s]
1284368it [00:34, 36687.35it/s]
1288071it [00:34, 36788.23it/s]
1291750it [00:34, 36775.34it/s]
1295428it [00:35, 36752.54it/s]
1299107it [00:35, 36762.30it/s]
1302793it [00:35, 36789.23it/s]
1306487it [00:35, 36832.42it/s]
1310171it [00:35, 36830.46it/s]
1313855it [00:35, 36778.38it/s]
1317533it [00:35, 36705.15it/s]
1321207it [00:35, 36711.34it/s]
1324890it [00:35, 36746.21it/s]
1328573it [00:35, 36770.46it/s]
1332269it [00:36, 36824.49it/s]
1335967it [00:36, 36870.04it/s]
1339655it [00:36, 35880.69it/s]
1343373it [00:36, 36261.23it/s]
1347129it [00:36, 36642.94it/s]
1350875it [00:36, 36884.17it/s]
1354615it [00:36, 37037.43it/s]
1358380it [00:36, 37216.60it/s]
1362133it [00:36, 37309.75it/s]
1365889it [00:36, 37381.93it/s]
1369629it [00:37, 37373.88it/s]
1373367it [00:37, 37353.21it/s]
1377103it [00:37, 37353.89it/s]
1380857it [00:37, 37407.16it/s]
1384598it [00:37, 37363.72it/s]
1388335it [00:37, 37244.31it/s]
1392060it [00:37, 37175.04it/s]
1395778it [00:37, 37172.08it/s]
1399496it [00:37, 37079.90it/s]
1403205it [00:37, 37081.42it/s]
1406928it [00:38, 37123.22it/s]
1410648it [00:38, 37145.00it/s]
1414378it [00:38, 37190.33it/s]
1418098it [00:38, 37152.86it/s]
1421842it [00:38, 37237.27it/s]
1425574it [00:38, 37260.77it/s]
1429310it [00:38, 37288.02it/s]
1433067it [00:38, 37372.07it/s]
1436805it [00:38, 36829.39it/s]
1440559it [00:38, 37038.53it/s]
1444265it [00:39, 36999.99it/s]
1447967it [00:39, 36466.29it/s]
1451684it [00:39, 36672.52it/s]
1455371it [00:39, 36728.60it/s]
1459084it [00:39, 36845.10it/s]
1462839it [00:39, 37054.28it/s]
1466568it [00:39, 37123.72it/s]
1470298it [00:39, 37174.33it/s]
1474043it [00:39, 37256.41it/s]
1477796it [00:39, 37335.14it/s]
1481562it [00:40, 37431.79it/s]
1485320it [00:40, 37475.51it/s]
1489068it [00:40, 37476.04it/s]
1492816it [00:40, 37402.30it/s]
1496557it [00:40, 37350.48it/s]
1500293it [00:40, 37264.64it/s]
1504020it [00:40, 35940.18it/s]
1507734it [00:40, 36289.90it/s]
1511422it [00:40, 36461.48it/s]
1515148it [00:40, 36695.99it/s]
1518895it [00:41, 36923.33it/s]
1522615it [00:41, 37005.51it/s]
1526396it [00:41, 37245.45it/s]
1530142it [00:41, 37307.27it/s]
1533901it [00:41, 37390.91it/s]
1537641it [00:41, 37355.39it/s]
1541378it [00:41, 37322.85it/s]
1545111it [00:41, 37316.32it/s]
1548843it [00:41, 37297.29it/s]
1552573it [00:41, 37241.70it/s]
1556298it [00:42, 37211.63it/s]
1560021it [00:42, 37216.19it/s]
1563743it [00:42, 37208.60it/s]
1567476it [00:42, 37241.55it/s]
1571235it [00:42, 37344.96it/s]
1574996it [00:42, 37423.66it/s]
1578753it [00:42, 37463.40it/s]
1582502it [00:42, 37470.07it/s]
1586250it [00:42, 37457.21it/s]
1590007it [00:42, 37489.03it/s]
1593762it [00:43, 37504.78it/s]
1597513it [00:43, 37417.53it/s]
1601255it [00:43, 37409.65it/s]
1605008it [00:43, 37442.37it/s]
1608753it [00:43, 37441.40it/s]
1612499it [00:43, 37444.02it/s]
1616250it [00:43, 37461.54it/s]
1619997it [00:43, 37433.58it/s]
1623762it [00:43, 37496.93it/s]
1627512it [00:43, 37472.01it/s]
1631260it [00:44, 37388.90it/s]
1634999it [00:44, 37291.59it/s]
1638729it [00:44, 37233.21it/s]
1642465it [00:44, 37270.03it/s]
1646193it [00:44, 37218.96it/s]
1649915it [00:44, 37193.44it/s]
1653635it [00:44, 37165.82it/s]
1657352it [00:44, 37125.20it/s]
1661065it [00:44, 37079.84it/s]
1664773it [00:44, 37037.46it/s]
1668477it [00:45, 36999.48it/s]
1672177it [00:45, 36950.17it/s]
1675873it [00:45, 36782.84it/s]
1679552it [00:45, 36649.03it/s]
1683218it [00:45, 36612.60it/s]
1686880it [00:45, 36535.52it/s]
1690555it [00:45, 36596.97it/s]
1694215it [00:45, 34841.45it/s]
1697887it [00:45, 35380.76it/s]
1701564it [00:46, 35785.35it/s]
1705244it [00:46, 36081.87it/s]
1708942it [00:46, 36345.73it/s]
1712626it [00:46, 36490.10it/s]
1716312it [00:46, 36597.76it/s]
1720025it [00:46, 36754.57it/s]
1723752it [00:46, 36907.28it/s]
1727454it [00:46, 36938.87it/s]
1731150it [00:46, 36943.71it/s]
1734853it [00:46, 36967.41it/s]
1738551it [00:47, 36965.22it/s]
1742270it [00:47, 37031.90it/s]
1746000it [00:47, 37108.80it/s]
1749743it [00:47, 37203.64it/s]
1753467it [00:47, 37212.11it/s]
1757189it [00:47, 37201.26it/s]
1760910it [00:47, 37187.20it/s]
1764629it [00:47, 37149.97it/s]
1768360it [00:47, 37195.20it/s]
1772102it [00:47, 37261.05it/s]
1775829it [00:48, 37252.42it/s]
1779577it [00:48, 37319.49it/s]
1783309it [00:48, 37302.83it/s]
1787046it [00:48, 37319.80it/s]
1790782it [00:48, 37328.64it/s]
1794515it [00:48, 37300.65it/s]
1798246it [00:48, 37284.97it/s]
1801975it [00:48, 37194.55it/s]
1805695it [00:48, 37157.22it/s]
1809411it [00:48, 37135.35it/s]
1813147it [00:49, 37201.58it/s]
1816868it [00:49, 37160.27it/s]
1820585it [00:49, 37099.47it/s]
1824295it [00:49, 37071.42it/s]
1828003it [00:49, 37004.60it/s]
1831715it [00:49, 37037.60it/s]
1835419it [00:49, 37031.40it/s]
1839124it [00:49, 37034.23it/s]
1842833it [00:49, 37049.79it/s]
1846538it [00:49, 37035.78it/s]
1850258it [00:50, 37082.34it/s]
1853998it [00:50, 37175.54it/s]
1857729it [00:50, 37214.09it/s]
1861451it [00:50, 37058.64it/s]
1865158it [00:50, 37000.87it/s]
1868859it [00:50, 36836.09it/s]
1872543it [00:50, 36748.71it/s]
1876219it [00:50, 36628.42it/s]
1879882it [00:50, 36604.63it/s]
1883545it [00:50, 36610.23it/s]
1887219it [00:51, 36647.39it/s]
1890887it [00:51, 36656.72it/s]
1894553it [00:51, 36604.16it/s]
1898214it [00:51, 36568.99it/s]
1901873it [00:51, 36574.35it/s]
1905531it [00:51, 33962.15it/s]
1909193it [00:51, 34716.52it/s]
1912839it [00:51, 35218.15it/s]
1916457it [00:51, 35496.79it/s]
1920110it [00:51, 35800.49it/s]
1923760it [00:52, 36004.62it/s]
1927403it [00:52, 36129.70it/s]
1931046it [00:52, 36216.67it/s]
1934681it [00:52, 36255.02it/s]
1938346it [00:52, 36372.59it/s]
1942593it [00:52, 38196.68it/s]
1948112it [00:52, 43285.40it/s]
1953632it [00:52, 46854.35it/s]
1959152it [00:52, 49354.21it/s]
1964682it [00:52, 51133.67it/s]
1970208it [00:53, 52369.92it/s]
1975690it [00:53, 53102.58it/s]
1981190it [00:53, 53668.79it/s]
1986715it [00:53, 54141.86it/s]
1992229it [00:53, 54439.90it/s]
1997741it [00:53, 54641.50it/s]
2003249it [00:53, 54770.07it/s]
2008758it [00:53, 54864.56it/s]
2014265it [00:53, 54924.12it/s]
2019759it [00:53, 54925.64it/s]
2025252it [00:54, 54904.38it/s]
2030751it [00:54, 54927.13it/s]
2036274it [00:54, 55016.56it/s]
2041790it [00:54, 55057.91it/s]
2047296it [00:54, 55011.19it/s]
2052798it [00:54, 54971.69it/s]
2058296it [00:54, 54938.55it/s]
2063790it [00:54, 54850.56it/s]
2069279it [00:54, 54859.33it/s]
2074765it [00:54, 54818.63it/s]
2080247it [00:55, 54815.73it/s]
2085736it [00:55, 54836.51it/s]
2091226it [00:55, 54853.01it/s]
2096712it [00:55, 54844.50it/s]
2102206it [00:55, 54870.95it/s]
2107700it [00:55, 54890.93it/s]
2113190it [00:55, 54845.35it/s]
2118675it [00:55, 54844.37it/s]
2124163it [00:55, 54853.07it/s]
2129653it [00:55, 54865.86it/s]
2135151it [00:56, 54899.20it/s]
2140641it [00:56, 54896.24it/s]
2146131it [00:56, 51513.90it/s]
2151614it [00:56, 52462.61it/s]
2157084it [00:56, 53111.98it/s]
2162591it [00:56, 53683.28it/s]
2168079it [00:56, 54034.11it/s]
2173571it [00:56, 54293.62it/s]
2179091it [00:56, 54562.00it/s]
2184604it [00:56, 54729.38it/s]
2190129it [00:57, 54884.31it/s]
2195639it [00:57, 54947.56it/s]
2201161it [00:57, 55027.15it/s]
2206699it [00:57, 55132.21it/s]
2212241it [00:57, 55216.38it/s]
2217780it [00:57, 55265.05it/s]
2223327it [00:57, 55325.85it/s]
2228872it [00:57, 55360.76it/s]
2234409it [00:57, 55339.57it/s]
2239944it [00:57, 55294.48it/s]
2245474it [00:58, 55238.37it/s]
2250998it [00:58, 55174.95it/s]
2256516it [00:58, 55120.56it/s]
2262029it [00:58, 55101.49it/s]
2267540it [00:58, 55091.15it/s]
2273050it [00:58, 55050.13it/s]
2278556it [00:58, 55042.06it/s]
2284061it [00:58, 54960.78it/s]
2289558it [00:58, 54869.07it/s]
2295045it [00:58, 54827.00it/s]
2300530it [00:59, 54833.47it/s]
2306014it [00:59, 54787.87it/s]
2311493it [00:59, 54704.27it/s]
2316964it [00:59, 54643.96it/s]
2322429it [00:59, 54590.86it/s]
2327889it [00:59, 54552.97it/s]
2333345it [00:59, 54525.91it/s]
2338804it [00:59, 54541.80it/s]
2344272it [00:59, 54579.79it/s]
2349734it [00:59, 54588.62it/s]
2355209it [01:00, 54635.33it/s]
2360673it [01:00, 54633.27it/s]
2366137it [01:00, 54622.73it/s]
2371623it [01:00, 54693.15it/s]
2377104it [01:00, 54726.96it/s]
2382584it [01:00, 54746.96it/s]
2388075it [01:00, 54792.35it/s]
2393555it [01:00, 54792.31it/s]
2399035it [01:00, 54780.30it/s]
2404516it [01:00, 54786.40it/s]
2409995it [01:01, 49682.56it/s]
2415488it [01:01, 51149.21it/s]
2421004it [01:01, 52292.98it/s]
2426530it [01:01, 53150.30it/s]
2432042it [01:01, 53726.33it/s]
2437548it [01:01, 54117.11it/s]
2443055it [01:01, 54398.93it/s]
2448571it [01:01, 54623.75it/s]
2454090it [01:01, 54789.31it/s]
2459654it [01:02, 55041.62it/s]
2465195it [01:02, 55150.79it/s]
2470733it [01:02, 55217.02it/s]
2476292it [01:02, 55325.13it/s]
2481846it [01:02, 55388.74it/s]
2487396it [01:02, 55419.38it/s]
2492939it [01:02, 55369.11it/s]
2498484it [01:02, 55391.31it/s]
2504032it [01:02, 55414.86it/s]
2509596it [01:02, 55479.28it/s]
2515161it [01:03, 55529.98it/s]
2520727it [01:03, 55566.96it/s]
2526284it [01:03, 55527.43it/s]
2531837it [01:03, 55505.44it/s]
2537408it [01:03, 55563.56it/s]
2542971it [01:03, 55581.95it/s]
2548531it [01:03, 55586.30it/s]
2554098it [01:03, 55610.23it/s]
2559660it [01:03, 55593.06it/s]
2565226it [01:03, 55610.84it/s]
2570795it [01:04, 55632.17it/s]
2576359it [01:04, 55543.38it/s]
2581914it [01:04, 55443.64it/s]
2587459it [01:04, 55425.78it/s]
2593004it [01:04, 55432.02it/s]
2598551it [01:04, 55441.83it/s]
2604096it [01:04, 55437.48it/s]
2609646it [01:04, 55453.82it/s]
2615198it [01:04, 55473.16it/s]
2620749it [01:04, 55483.79it/s]
2626298it [01:05, 55417.79it/s]
2631840it [01:05, 55390.72it/s]
2637380it [01:05, 55353.85it/s]
2642929it [01:05, 55391.81it/s]
2648480it [01:05, 55424.80it/s]
2654023it [01:05, 55408.95it/s]
2659564it [01:05, 55357.80it/s]
2665108it [01:05, 55380.79it/s]
2670655it [01:05, 55406.28it/s]
2676217it [01:05, 55467.60it/s]
2681764it [01:06, 55387.16it/s]
2687303it [01:06, 55355.56it/s]
2692839it [01:06, 55325.96it/s]
2698372it [01:06, 55235.38it/s]
2703896it [01:06, 55212.19it/s]
2709420it [01:06, 55219.27it/s]
2714942it [01:06, 53985.06it/s]
2720455it [01:06, 54320.78it/s]
2725989it [01:06, 54620.85it/s]
2731513it [01:06, 54804.61it/s]
2737062it [01:07, 55006.08it/s]
2742601it [01:07, 55119.58it/s]
2748156it [01:07, 55246.50it/s]
2753694it [01:07, 55283.56it/s]
2759228it [01:07, 55299.93it/s]
2764768it [01:07, 55328.75it/s]
2770302it [01:07, 55321.58it/s]
2775835it [01:07, 55299.14it/s]
2781366it [01:07, 55282.70it/s]
2786895it [01:07, 55240.21it/s]
2792420it [01:08, 55225.05it/s]
2797948it [01:08, 55237.94it/s]
2803477it [01:08, 55252.69it/s]
2809012it [01:08, 55278.76it/s]
2814540it [01:08, 55258.84it/s]
2820066it [01:08, 55250.36it/s]
2825608it [01:08, 55298.36it/s]
2831141it [01:08, 55305.37it/s]
2836672it [01:08, 55299.50it/s]
2842202it [01:08, 55275.63it/s]
2847730it [01:09, 55248.72it/s]
2853255it [01:09, 55210.53it/s]
2858781it [01:09, 55223.40it/s]
2864306it [01:09, 55229.49it/s]
2869829it [01:09, 55214.66it/s]
2875357it [01:09, 55233.28it/s]
2880881it [01:09, 55163.77it/s]
2886414it [01:09, 55212.92it/s]
2891940it [01:09, 55226.42it/s]
2897463it [01:09, 55174.50it/s]
2902990it [01:10, 55201.79it/s]
2908511it [01:10, 55154.88it/s]
2914027it [01:10, 55132.56it/s]
2919541it [01:10, 55095.09it/s]
2925071it [01:10, 55155.99it/s]
2930607it [01:10, 55213.72it/s]
2936155it [01:10, 55292.69it/s]
2941706it [01:10, 55355.22it/s]
2947244it [01:10, 55360.25it/s]
2952793it [01:10, 55398.15it/s]
2958339it [01:11, 55413.98it/s]
2963881it [01:11, 55394.33it/s]
2969429it [01:11, 55418.53it/s]
2974971it [01:11, 55404.96it/s]
2980515it [01:11, 55414.34it/s]
2986057it [01:11, 55374.67it/s]
2991595it [01:11, 55373.67it/s]
2997159it [01:11, 55452.20it/s]
3002738it [01:11, 55551.17it/s]
3008322it [01:11, 55636.73it/s]
3013917it [01:12, 55728.24it/s]
3019495it [01:12, 55742.38it/s]
3025070it [01:12, 55719.42it/s]
3030655it [01:12, 55756.36it/s]
3036237it [01:12, 55774.87it/s]
3041815it [01:12, 55599.65it/s]
3047376it [01:12, 55474.99it/s]
3052924it [01:12, 50325.77it/s]
3058469it [01:12, 51754.21it/s]
3064000it [01:12, 52766.47it/s]
3069572it [01:13, 53618.87it/s]
3075139it [01:13, 54215.74it/s]
3080717it [01:13, 54676.43it/s]
3086277it [01:13, 54948.38it/s]
3091810it [01:13, 55058.92it/s]
3097362it [01:13, 55195.97it/s]
3102934it [01:13, 55351.49it/s]
3108513it [01:13, 55479.42it/s]
3114099it [01:13, 55591.89it/s]
3119673it [01:13, 55634.09it/s]
3125268it [01:14, 55726.94it/s]
3130843it [01:14, 55654.87it/s]
3136420it [01:14, 55688.62it/s]
3142023it [01:14, 55788.70it/s]
3147623it [01:14, 55851.22it/s]
3153245it [01:14, 55960.65it/s]
3158862it [01:14, 56021.64it/s]
3164475it [01:14, 56053.11it/s]
3170095it [01:14, 56096.66it/s]
3175709it [01:14, 56107.03it/s]
3181320it [01:15, 56105.29it/s]
3186931it [01:15, 56080.77it/s]
3192555it [01:15, 56125.81it/s]
3198216it [01:15, 56269.99it/s]
3203857it [01:15, 56308.98it/s]
3209501it [01:15, 56345.03it/s]
3215145it [01:15, 56372.28it/s]
3220783it [01:15, 56366.39it/s]
3226435it [01:15, 56410.34it/s]
3232077it [01:15, 56349.30it/s]
3237712it [01:16, 56313.91it/s]
3243352it [01:16, 56337.23it/s]
3248989it [01:16, 56345.46it/s]
3254639it [01:16, 56389.88it/s]
3260283it [01:16, 56394.92it/s]
3265923it [01:16, 56295.88it/s]
3271559it [01:16, 56312.69it/s]
3277191it [01:16, 56286.14it/s]
3282841it [01:16, 56347.83it/s]
3288492it [01:16, 56395.00it/s]
3294153it [01:17, 56457.99it/s]
3299809it [01:17, 56486.90it/s]
3305458it [01:17, 56474.24it/s]
3309943it [01:17, 42798.47it/s]
INFO:root:test max cliques 1940857, nested cliques 1369086
INFO:root:test real max cliques in search universe: 31
INFO:root:test real smaller cliques in search universe: 92 92
INFO:root:Our Performance: precision 0.0001, recall 0.2615, f1 0.0002 jaccard 0.0001
INFO:root:Baseline: Bayesian-MDL skipped (disabled for this runtime).
INFO:root:Baseline: Max Clique precision 0.0000, recall 0.1422, f1 0.0000, jaccard 0.0000 
INFO:root:Baseline: ECC precision 0.0252, recall 0.1239, f1 0.0419, jaccard 0.0214 
INFO:root:Baseline: Demon precision 0.0154, recall 0.0459, f1 0.0230, jaccard 0.0116 
INFO:root:Baseline: CFinder skipped (disabled for channel-SNR benchmark).
(4121, 9) (4121,) 72
