INFO:root:Create log file at log/hosts/hosts-6000-cou-1788864897.7336328.log
INFO:root:Command line executed: python main.py --dataset hosts --beta 6000 --features count --channel rayleigh --snr_db 4
INFO:root:Full args parsed:
INFO:root:Namespace(dataset='hosts', beta=6000, features='count', model='mlp', epochs=2000, lr=0.0001, setting='f', label_rate=0.1, ablation=0, seed=123, use_c=1, jobs=1, save_features=0, data_dir='./data/', log_dir='log', downsample=0, max_child_size=1, ext=0, channel='rayleigh', snr_db=4.0, channel_seed=123, max_background_pairs=10000)
INFO:root:Finish loading graphs.
INFO:root:Nodes train: 591, test: 466
INFO:root:Simplicies train: 204, test: 218
INFO:root:Channel rayleigh at 4.0 dB: test projection edges 9205 -> 9381
INFO:root:Start computing cliques
INFO:root:Couldn't find cache for max cliques train
INFO:root:Number of maximum cliques:383
INFO:root:Couldn't find cache for max cliques test
INFO:root:Number of maximum cliques:361875
INFO:root:test nodes 466 hyperedges 218 avg size 5.564220183486238 std 8.957494150492446 avg degree 2.6030042918454934 max cliques 361875
INFO:root:Breakdown of test hyperedges (max+small) 15 + 203
INFO:root:Intersection 15 out of 1893 361875
INFO:root:support cliques train:125 - test: 1893
INFO:root:Optimizing clique sampler .. 
INFO:root:Found cache for rho.
INFO:root:[(140, 140), (50, 50), (44, 44), (37, 37), (35, 35), (27, 27), (26, 26), (2, 2), (1, 1), (3, 3), (23, 23), (22, 22), (20, 20), (5, 5), (25, 1), (4, 4), (24, 24), (8, 8), (15, 15), (10, 10), (13, 13), (6, 6), (35, 1), (12, 12), (18, 18), (17, 17), (16, 16), (9, 9), (7, 7), (14, 14), (3, 1), (11, 11), (5, 2), (22, 1), (50, 1), (26, 1), (27, 1), (2, 1), (4, 2), (24, 1), (6, 2), (5, 3), (6, 3), (18, 1), (16, 15), (6, 4), (140, 1), (25, 2), (7, 6), (6, 5), (8, 7), (7, 5), (27, 2), (11, 2)]
INFO:root:Optimize Clique Sampler: #hyperedges collected:179, recall: 0.8774509803921569, efficiency:0.029833333333333333
INFO:root:Clique analysis done.
INFO:root:train: 4497 unique candidates out of 5959 sampled candidates
Note: to be able to use all crisp methods, you need to install some additional packages:  {'bayanpy', 'graph_tool', 'wurlitzer', 'infomap', 'leidenalg'}
Note: to be able to use all crisp methods, you need to install some additional packages:  {'hidef', 'torch', 'pyclustering', 'ASLPAw'}
Note: to be able to use all crisp methods, you need to install some additional packages:  {'infomap', 'leidenalg', 'scikit-network', 'wurlitzer'}
Sanity check failed, reindexing the hypergraphs ...
Sanity check failed, reindexing the hypergraphs ...
number of nodes in construct graph 591
number of nodes in construct graph 466
(0, 0), (1, 1), (2, 2), (3, 3), (4, 4), (5, 5), (6, 6), (7, 7), (22, 22), (31, 31), (42, 41), (46, 44), (49, 46), (53, 48), (65, 54), (90, 64), (106, 70), (109, 71), (139, 79), (160, 84), (190, 91), (211, 95), (248, 102), (283, 108), (303, 111), (310, 112), (318, 113), (326, 114), (360, 118), (387, 120), (402, 121), (435, 123), (469, 125), (589, 131), (655, 134), (705, 136), (731, 137), (758, 138), (788, 139), (884, 142), (956, 144), (1511, 154), (1631, 156), (2371, 162), (2497, 163), (2625, 164), (3180, 168), (3320, 169), (3620, 171), (3809, 172), (4031, 173), (4271, 174), (4838, 176), (5189, 177), 
(0, 0), (0, 0), (0, 0), (0, 0), (0, 0), (0, 0), (0, 0), (0, 0), (376, 7), (376, 7), (1000, 12), (1000, 12), (1000, 12), (1000, 12), (1387, 13), (1387, 13), (1862, 15), (1862, 15), (5002, 15), (20922, 15), (43510, 15), (138683, 15), (139349, 15), (139349, 15), (239131, 15), (239139, 15), (239434, 15), (243170, 15), (250750, 15), (252179, 15), (301994, 15), (303866, 69), (363747, 69), (367617, 90), (367617, 90), (367617, 90), (367617, 90), (367617, 90), (368369, 93), (371219, 100), (371219, 100), (381209, 101), (385079, 103), (398399, 103), (398543, 103), (458319, 103), (468309, 103), (468309, 103), (468309, 103), (478312, 103), (482308, 103), (507428, 103), (537437, 103), (537437, 103), 

0it [00:00, ?it/s]
4504it [00:00, 182225.60it/s]
INFO:root:test: 486077 unique candidates out of 1965732 sampled candidates

0it [00:00, ?it/s]
6919it [00:00, 69175.06it/s]
13852it [00:00, 69259.92it/s]
20870it [00:00, 69673.21it/s]
27843it [00:00, 69691.32it/s]
34897it [00:00, 69992.24it/s]
41974it [00:00, 70254.73it/s]
49016it [00:00, 70307.08it/s]
56047it [00:00, 70214.61it/s]
63077it [00:00, 70239.47it/s]
70153it [00:01, 70397.54it/s]
77193it [00:01, 70310.88it/s]
84264it [00:01, 70430.08it/s]
91394it [00:01, 70692.18it/s]
98512it [00:01, 70836.80it/s]
105596it [00:01, 70664.99it/s]
112663it [00:01, 70272.50it/s]
119733it [00:01, 70398.43it/s]
126774it [00:01, 70206.54it/s]
133874it [00:01, 70442.62it/s]
141007it [00:02, 70705.59it/s]
148078it [00:02, 70432.39it/s]
155165it [00:02, 70561.17it/s]
162222it [00:02, 70535.41it/s]
169343it [00:02, 70734.38it/s]
176483it [00:02, 70929.97it/s]
183577it [00:02, 70753.60it/s]
190702it [00:02, 70900.18it/s]
197832it [00:02, 71016.38it/s]
204934it [00:02, 70776.93it/s]
212089it [00:03, 71006.54it/s]
219229it [00:03, 71123.31it/s]
226367it [00:03, 71199.25it/s]
233488it [00:03, 70516.23it/s]
240556it [00:03, 70562.65it/s]
247616it [00:03, 70569.95it/s]
254701it [00:03, 70652.91it/s]
261775it [00:03, 70678.44it/s]
268864it [00:03, 70738.52it/s]
275980it [00:03, 70862.69it/s]
283067it [00:04, 70842.73it/s]
290152it [00:04, 70490.35it/s]
297259it [00:04, 70660.88it/s]
304396it [00:04, 70870.79it/s]
311522it [00:04, 70984.95it/s]
318689it [00:04, 71188.51it/s]
325809it [00:04, 69498.61it/s]
332917it [00:04, 69963.81it/s]
340035it [00:04, 70322.06it/s]
347197it [00:04, 70707.38it/s]
354337it [00:05, 70910.09it/s]
361484it [00:05, 71076.14it/s]
370348it [00:05, 76327.04it/s]
379655it [00:05, 81337.95it/s]
388881it [00:05, 84608.18it/s]
398103it [00:05, 86887.94it/s]
407363it [00:05, 88599.01it/s]
416225it [00:05, 88218.99it/s]
425458it [00:05, 89443.56it/s]
434656it [00:05, 90201.95it/s]
443807it [00:06, 90592.81it/s]
453046it [00:06, 91130.50it/s]
462200it [00:06, 91248.38it/s]
471326it [00:06, 90302.45it/s]
480573it [00:06, 90944.54it/s]
486077it [00:06, 74928.71it/s]
INFO:root:test max cliques 361875, nested cliques 124202
INFO:root:test real max cliques in search universe: 15
INFO:root:test real smaller cliques in search universe: 88 88
INFO:root:Our Performance: precision 0.0002, recall 0.1193, f1 0.0004 jaccard 0.0002
INFO:root:Baseline: Bayesian-MDL skipped (disabled for this runtime).
INFO:root:Baseline: Max Clique precision 0.0000, recall 0.0688, f1 0.0001, jaccard 0.0000 
INFO:root:Baseline: ECC precision 0.0061, recall 0.0505, f1 0.0109, jaccard 0.0055 
INFO:root:Baseline: Demon precision 0.0097, recall 0.0367, f1 0.0153, jaccard 0.0077 
INFO:root:Baseline: CFinder skipped (disabled for channel-SNR benchmark).
(4121, 9) (4121,) 72
