INFO:root:Create log file at log/hosts/hosts-6000-cou-1788864897.7336044.log
INFO:root:Command line executed: python main.py --dataset hosts --beta 6000 --features count --channel rayleigh --snr_db 0
INFO:root:Full args parsed:
INFO:root:Namespace(dataset='hosts', beta=6000, features='count', model='mlp', epochs=2000, lr=0.0001, setting='f', label_rate=0.1, ablation=0, seed=123, use_c=1, jobs=1, save_features=0, data_dir='./data/', log_dir='log', downsample=0, max_child_size=1, ext=0, channel='rayleigh', snr_db=0.0, channel_seed=123, max_background_pairs=10000)
INFO:root:Finish loading graphs.
INFO:root:Nodes train: 591, test: 466
INFO:root:Simplicies train: 204, test: 218
INFO:root:Channel rayleigh at 0.0 dB: test projection edges 9205 -> 9478
INFO:root:Start computing cliques
INFO:root:Couldn't find cache for max cliques train
INFO:root:Number of maximum cliques:383
INFO:root:Couldn't find cache for max cliques test
INFO:root:Number of maximum cliques:106186
INFO:root:test nodes 466 hyperedges 218 avg size 5.564220183486238 std 8.957494150492446 avg degree 2.6030042918454934 max cliques 106186
INFO:root:Breakdown of test hyperedges (max+small) 13 + 205
INFO:root:Intersection 12 out of 2322 106186
INFO:root:support cliques train:125 - test: 2322
INFO:root:Optimizing clique sampler .. 
INFO:root:Found cache for rho.
INFO:root:[(140, 140), (50, 50), (44, 44), (37, 37), (35, 35), (27, 27), (26, 26), (2, 2), (1, 1), (3, 3), (23, 23), (22, 22), (20, 20), (5, 5), (25, 1), (4, 4), (24, 24), (8, 8), (15, 15), (10, 10), (13, 13), (6, 6), (35, 1), (12, 12), (18, 18), (17, 17), (16, 16), (9, 9), (7, 7), (14, 14), (3, 1), (11, 11), (5, 2), (22, 1), (50, 1), (26, 1), (27, 1), (2, 1), (4, 2), (24, 1), (6, 2), (5, 3), (6, 3), (18, 1), (16, 15), (6, 4), (140, 1), (25, 2), (7, 6), (6, 5), (8, 7), (7, 5), (27, 2), (11, 2)]
INFO:root:Optimize Clique Sampler: #hyperedges collected:179, recall: 0.8774509803921569, efficiency:0.029833333333333333
INFO:root:Clique analysis done.
INFO:root:train: 4497 unique candidates out of 5959 sampled candidates
Note: to be able to use all crisp methods, you need to install some additional packages:  {'graph_tool', 'wurlitzer', 'infomap', 'leidenalg', 'bayanpy'}
Note: to be able to use all crisp methods, you need to install some additional packages:  {'ASLPAw', 'torch', 'pyclustering', 'hidef'}
Note: to be able to use all crisp methods, you need to install some additional packages:  {'scikit-network', 'leidenalg', 'infomap', 'wurlitzer'}
Sanity check failed, reindexing the hypergraphs ...
Sanity check failed, reindexing the hypergraphs ...
number of nodes in construct graph 591
number of nodes in construct graph 466
(0, 0), (1, 1), (2, 2), (3, 3), (4, 4), (5, 5), (6, 6), (7, 7), (22, 22), (31, 31), (42, 41), (46, 44), (49, 46), (53, 48), (65, 54), (90, 64), (106, 70), (109, 71), (139, 79), (160, 84), (190, 91), (211, 95), (248, 102), (283, 108), (303, 111), (310, 112), (318, 113), (326, 114), (360, 118), (387, 120), (402, 121), (435, 123), (469, 125), (589, 131), (655, 134), (705, 136), (731, 137), (758, 138), (788, 139), (884, 142), (956, 144), (1511, 154), (1631, 156), (2371, 162), (2497, 163), (2625, 164), (3180, 168), (3320, 169), (3620, 171), (3809, 172), (4031, 173), (4271, 174), (4838, 176), (5189, 177), 
(0, 0), (0, 0), (0, 0), (0, 0), (0, 0), (0, 0), (0, 0), (0, 0), (407, 6), (407, 6), (1439, 10), (1439, 10), (1439, 10), (1439, 10), (2325, 11), (2325, 11), (3153, 13), (3153, 13), (16914, 13), (16914, 13), (47153, 13), (48015, 13), (49985, 13), (49985, 13), (55925, 13), (55925, 13), (55925, 13), (55925, 13), (82390, 13), (87566, 13), (87622, 13), (90718, 69), (109282, 69), (118142, 89), (118142, 89), (118142, 89), (118142, 89), (118142, 89), (118956, 91), (123924, 96), (123924, 96), (153474, 97), (162334, 99), (201734, 99), (201734, 99), (201734, 99), (231284, 100), (231284, 100), (231284, 100), (267516, 100), (279336, 100), (389424, 100), (498120, 100), (498120, 100), 

0it [00:00, ?it/s]
4504it [00:00, 185024.10it/s]
INFO:root:test: 338155 unique candidates out of 940925 sampled candidates

0it [00:00, ?it/s]
9833it [00:00, 98316.50it/s]
19811it [00:00, 99172.94it/s]
29770it [00:00, 99360.27it/s]
39707it [00:00, 95968.36it/s]
49321it [00:00, 93868.90it/s]
59145it [00:00, 95308.67it/s]
69017it [00:00, 96399.59it/s]
78860it [00:00, 97033.44it/s]
88730it [00:00, 97546.45it/s]
98613it [00:01, 97939.31it/s]
109990it [00:01, 102760.72it/s]
126263it [00:01, 120943.45it/s]
142509it [00:01, 133489.12it/s]
158984it [00:01, 142913.51it/s]
175117it [00:01, 148457.20it/s]
191598it [00:01, 153371.45it/s]
207695it [00:01, 155653.83it/s]
224280it [00:01, 158714.20it/s]
240297it [00:01, 159149.42it/s]
256904it [00:02, 161225.23it/s]
273040it [00:02, 161264.69it/s]
289168it [00:02, 160868.69it/s]
305745it [00:02, 162335.23it/s]
322379it [00:02, 163530.96it/s]
338155it [00:02, 134571.39it/s]
INFO:root:test max cliques 106186, nested cliques 231969
INFO:root:test real max cliques in search universe: 13
INFO:root:test real smaller cliques in search universe: 87 87
INFO:root:Our Performance: precision 0.0021, recall 0.1101, f1 0.0041 jaccard 0.0020
INFO:root:Baseline: Bayesian-MDL skipped (disabled for this runtime).
INFO:root:Baseline: Max Clique precision 0.0001, recall 0.0596, f1 0.0002, jaccard 0.0001 
INFO:root:Baseline: ECC precision 0.0044, recall 0.0459, f1 0.0081, jaccard 0.0040 
INFO:root:Baseline: Demon precision 0.0065, recall 0.0275, f1 0.0105, jaccard 0.0053 
INFO:root:Baseline: CFinder skipped (disabled for channel-SNR benchmark).
(4121, 9) (4121,) 72
