INFO:root:Create log file at log/hosts/hosts-6000-cou-1788864923.4699895.log
INFO:root:Command line executed: python main.py --dataset hosts --beta 6000 --features count --channel rayleigh --snr_db 8
INFO:root:Full args parsed:
INFO:root:Namespace(dataset='hosts', beta=6000, features='count', model='mlp', epochs=2000, lr=0.0001, setting='f', label_rate=0.1, ablation=0, seed=123, use_c=1, jobs=1, save_features=0, data_dir='./data/', log_dir='log', downsample=0, max_child_size=1, ext=0, channel='rayleigh', snr_db=8.0, channel_seed=123, max_background_pairs=10000)
INFO:root:Finish loading graphs.
INFO:root:Nodes train: 591, test: 466
INFO:root:Simplicies train: 204, test: 218
INFO:root:Channel rayleigh at 8.0 dB: test projection edges 9205 -> 9342
INFO:root:Start computing cliques
INFO:root:Couldn't find cache for max cliques train
INFO:root:Number of maximum cliques:383
INFO:root:Couldn't find cache for max cliques test
INFO:root:Number of maximum cliques:1095693
INFO:root:test nodes 466 hyperedges 218 avg size 5.564220183486238 std 8.957494150492446 avg degree 2.6030042918454934 max cliques 1095693
INFO:root:Breakdown of test hyperedges (max+small) 25 + 193
INFO:root:Intersection 25 out of 1390 1095693
INFO:root:support cliques train:125 - test: 1390
INFO:root:Optimizing clique sampler .. 
INFO:root:Found cache for rho.
INFO:root:[(140, 140), (50, 50), (44, 44), (37, 37), (35, 35), (27, 27), (26, 26), (2, 2), (1, 1), (3, 3), (23, 23), (22, 22), (20, 20), (5, 5), (25, 1), (4, 4), (24, 24), (8, 8), (15, 15), (10, 10), (13, 13), (6, 6), (35, 1), (12, 12), (18, 18), (17, 17), (16, 16), (9, 9), (7, 7), (14, 14), (3, 1), (11, 11), (5, 2), (22, 1), (50, 1), (26, 1), (27, 1), (2, 1), (4, 2), (24, 1), (6, 2), (5, 3), (6, 3), (18, 1), (16, 15), (6, 4), (140, 1), (25, 2), (7, 6), (6, 5), (8, 7), (7, 5), (27, 2), (11, 2)]
INFO:root:Optimize Clique Sampler: #hyperedges collected:179, recall: 0.8774509803921569, efficiency:0.029833333333333333
INFO:root:Clique analysis done.
INFO:root:train: 4497 unique candidates out of 5959 sampled candidates
Note: to be able to use all crisp methods, you need to install some additional packages:  {'infomap', 'bayanpy', 'leidenalg', 'graph_tool', 'wurlitzer'}
Note: to be able to use all crisp methods, you need to install some additional packages:  {'hidef', 'ASLPAw', 'pyclustering', 'torch'}
Note: to be able to use all crisp methods, you need to install some additional packages:  {'scikit-network', 'leidenalg', 'infomap', 'wurlitzer'}
Sanity check failed, reindexing the hypergraphs ...
Sanity check failed, reindexing the hypergraphs ...
number of nodes in construct graph 591
number of nodes in construct graph 466
(0, 0), (1, 1), (2, 2), (3, 3), (4, 4), (5, 5), (6, 6), (7, 7), (22, 22), (31, 31), (42, 41), (46, 44), (49, 46), (53, 48), (65, 54), (90, 64), (106, 70), (109, 71), (139, 79), (160, 84), (190, 91), (211, 95), (248, 102), (283, 108), (303, 111), (310, 112), (318, 113), (326, 114), (360, 118), (387, 120), (402, 121), (435, 123), (469, 125), (589, 131), (655, 134), (705, 136), (731, 137), (758, 138), (788, 139), (884, 142), (956, 144), (1511, 154), (1631, 156), (2371, 162), (2497, 163), (2625, 164), (3180, 168), (3320, 169), (3620, 171), (3809, 172), (4031, 173), (4271, 174), (4838, 176), (5189, 177), 
(0, 0), (0, 0), (0, 0), (0, 0), (0, 0), (0, 0), (0, 0), (0, 0), (292, 7), (292, 7), (669, 14), (979, 14), (3404, 14), (48167, 14), (48354, 17), (48354, 17), (48609, 21), (48609, 21), (49418, 21), (206333, 21), (208835, 21), (236046, 21), (236212, 24), (236212, 24), (245438, 24), (429554, 24), (669496, 24), (892508, 24), (893817, 24), (894128, 25), (972029, 25), (973160, 71), (977161, 71), (979031, 86), (1032381, 88), (1032381, 88), (1032381, 88), (1032381, 88), (1032965, 96), (1034495, 102), (1034495, 102), (1036985, 105), (1038855, 110), (1042175, 112), (4356263, 112), (7924455, 112), (7926945, 113), (7926945, 113), (7926945, 113), (7929122, 113), (7930118, 113), (7936590, 113), (7943121, 113), (7943121, 113), 

0it [00:00, ?it/s]
4504it [00:00, 188907.67it/s]
INFO:root:test: 3884085 unique candidates out of 8038546 sampled candidates

0it [00:00, ?it/s]
4490it [00:00, 44896.40it/s]
9056it [00:00, 45342.73it/s]
13607it [00:00, 45417.94it/s]
18174it [00:00, 45514.72it/s]
22726it [00:00, 45495.71it/s]
27281it [00:00, 45510.38it/s]
31833it [00:00, 45501.24it/s]
36431it [00:00, 45651.84it/s]
41019it [00:00, 45719.79it/s]
45608it [00:01, 45770.79it/s]
50187it [00:01, 45774.07it/s]
54813it [00:01, 45920.49it/s]
59448it [00:01, 46049.03it/s]
64098it [00:01, 46184.58it/s]
68769it [00:01, 46341.62it/s]
73404it [00:01, 46339.17it/s]
78079it [00:01, 46461.97it/s]
82759it [00:01, 46560.61it/s]
87432it [00:01, 46610.03it/s]
92094it [00:02, 46414.44it/s]
96736it [00:02, 45214.50it/s]
101325it [00:02, 45411.84it/s]
105987it [00:02, 45768.19it/s]
110651it [00:02, 46026.33it/s]
115257it [00:02, 45985.36it/s]
119879it [00:02, 46055.07it/s]
124530it [00:02, 46189.54it/s]
129152it [00:02, 46196.72it/s]
133836it [00:02, 46386.52it/s]
138533it [00:03, 46558.80it/s]
143190it [00:03, 46405.83it/s]
147842it [00:03, 46437.27it/s]
152487it [00:03, 46353.00it/s]
157123it [00:03, 46345.13it/s]
161758it [00:03, 46169.12it/s]
166450it [00:03, 46391.47it/s]
171135it [00:03, 46527.67it/s]
175797it [00:03, 46554.10it/s]
180453it [00:03, 46454.12it/s]
185129it [00:04, 46544.57it/s]
189784it [00:04, 46505.20it/s]
194440it [00:04, 46520.10it/s]
199093it [00:04, 46521.38it/s]
203746it [00:04, 46439.06it/s]
208412it [00:04, 46504.63it/s]
213063it [00:04, 46496.75it/s]
217713it [00:04, 46480.80it/s]
222400it [00:04, 46594.99it/s]
227085it [00:04, 46668.21it/s]
231752it [00:05, 46350.39it/s]
236465it [00:05, 46580.29it/s]
241151it [00:05, 46660.75it/s]
245823it [00:05, 46677.99it/s]
250492it [00:05, 46623.45it/s]
255195it [00:05, 46742.06it/s]
259870it [00:05, 46536.91it/s]
264546it [00:05, 46602.54it/s]
269250it [00:05, 46731.27it/s]
273924it [00:05, 46706.36it/s]
278595it [00:06, 46706.83it/s]
283271it [00:06, 46720.10it/s]
287944it [00:06, 46717.21it/s]
292616it [00:06, 46527.35it/s]
297310it [00:06, 46647.35it/s]
302024it [00:06, 46790.82it/s]
306704it [00:06, 46788.24it/s]
311416it [00:06, 46885.88it/s]
316123it [00:06, 46940.40it/s]
320839it [00:06, 47003.93it/s]
325540it [00:07, 46961.99it/s]
330264it [00:07, 47044.21it/s]
334969it [00:07, 47001.98it/s]
339670it [00:07, 46978.12it/s]
344382it [00:07, 47016.92it/s]
349085it [00:07, 47019.98it/s]
353788it [00:07, 46995.95it/s]
358490it [00:07, 47000.72it/s]
363191it [00:07, 46945.97it/s]
367886it [00:07, 46719.59it/s]
372579it [00:08, 46780.19it/s]
377295it [00:08, 46890.69it/s]
381985it [00:08, 46825.58it/s]
386668it [00:08, 45597.35it/s]
391330it [00:08, 45896.68it/s]
395998it [00:08, 46126.47it/s]
400643it [00:08, 46220.96it/s]
405284it [00:08, 46275.44it/s]
409966it [00:08, 46435.96it/s]
414612it [00:08, 45760.86it/s]
419302it [00:09, 46097.07it/s]
423996it [00:09, 46346.79it/s]
428700it [00:09, 46552.76it/s]
433424it [00:09, 46756.09it/s]
438113it [00:09, 46794.25it/s]
442838it [00:09, 46927.94it/s]
447561it [00:09, 47017.68it/s]
452283it [00:09, 47076.54it/s]
456993it [00:09, 47082.48it/s]
461708it [00:09, 47102.03it/s]
466419it [00:10, 46314.07it/s]
471059it [00:10, 46337.69it/s]
475720it [00:10, 46418.40it/s]
480405it [00:10, 46543.78it/s]
485128it [00:10, 46745.65it/s]
489842it [00:10, 46862.78it/s]
494535it [00:10, 46880.67it/s]
499268it [00:10, 47014.81it/s]
503975it [00:10, 47029.95it/s]
508705it [00:10, 47110.14it/s]
513425it [00:11, 47135.72it/s]
518169it [00:11, 47225.86it/s]
522892it [00:11, 46398.04it/s]
527585it [00:11, 46555.27it/s]
532263it [00:11, 46619.30it/s]
536949it [00:11, 46688.25it/s]
541627it [00:11, 46713.94it/s]
546300it [00:11, 46710.59it/s]
550972it [00:11, 46710.56it/s]
555644it [00:11, 46692.29it/s]
560314it [00:12, 46622.89it/s]
564992it [00:12, 46667.37it/s]
569721it [00:12, 46851.95it/s]
574447it [00:12, 46971.66it/s]
579213it [00:12, 47175.08it/s]
583975it [00:12, 47307.54it/s]
588706it [00:12, 47070.20it/s]
593458it [00:12, 47201.54it/s]
598205it [00:12, 47280.25it/s]
602956it [00:12, 47347.57it/s]
607704it [00:13, 47384.92it/s]
612489it [00:13, 47521.43it/s]
617248it [00:13, 47540.98it/s]
622019it [00:13, 47590.38it/s]
626779it [00:13, 47546.71it/s]
631534it [00:13, 47521.15it/s]
636308it [00:13, 47584.54it/s]
641067it [00:13, 47574.46it/s]
645825it [00:13, 47532.48it/s]
650579it [00:13, 47524.97it/s]
655332it [00:14, 47449.49it/s]
660077it [00:14, 46495.33it/s]
664773it [00:14, 46629.70it/s]
669471it [00:14, 46731.28it/s]
674156it [00:14, 46764.28it/s]
678881it [00:14, 46906.82it/s]
683573it [00:14, 45708.02it/s]
688287it [00:14, 46124.93it/s]
692980it [00:14, 46361.85it/s]
697668it [00:14, 46514.48it/s]
702323it [00:15, 46470.40it/s]
707029it [00:15, 46645.48it/s]
711696it [00:15, 46593.21it/s]
716372it [00:15, 46640.78it/s]
721060it [00:15, 46711.37it/s]
725753it [00:15, 46775.07it/s]
730452it [00:15, 46837.07it/s]
735143it [00:15, 46856.06it/s]
739829it [00:15, 46840.92it/s]
744514it [00:15, 46021.77it/s]
749221it [00:16, 46331.03it/s]
753944it [00:16, 46596.21it/s]
758628it [00:16, 46666.83it/s]
763350it [00:16, 46830.31it/s]
768065it [00:16, 46925.02it/s]
772788it [00:16, 47013.27it/s]
777490it [00:16, 46963.99it/s]
782218it [00:16, 47057.85it/s]
786926it [00:16, 47061.85it/s]
791644it [00:16, 47095.49it/s]
796372it [00:17, 47147.45it/s]
801113it [00:17, 47224.63it/s]
805836it [00:17, 47131.13it/s]
810550it [00:17, 47054.94it/s]
815256it [00:17, 44144.67it/s]
819976it [00:17, 45016.78it/s]
824508it [00:17, 44072.07it/s]
829059it [00:17, 44484.54it/s]
833780it [00:17, 45277.69it/s]
838323it [00:18, 44663.28it/s]
842975it [00:18, 45205.06it/s]
847511it [00:18, 45248.41it/s]
852177it [00:18, 45664.57it/s]
856869it [00:18, 46037.33it/s]
861577it [00:18, 46347.94it/s]
866305it [00:18, 46624.25it/s]
871031it [00:18, 46813.53it/s]
875787it [00:18, 47035.44it/s]
880536it [00:18, 47170.85it/s]
885254it [00:19, 47145.75it/s]
889995it [00:19, 47221.84it/s]
894718it [00:19, 47160.87it/s]
899435it [00:19, 47106.26it/s]
904156it [00:19, 47134.48it/s]
908870it [00:19, 47048.27it/s]
913575it [00:19, 46977.83it/s]
918273it [00:19, 46966.80it/s]
922970it [00:19, 46941.67it/s]
927665it [00:19, 46866.81it/s]
932363it [00:20, 46899.70it/s]
937054it [00:20, 46777.61it/s]
941732it [00:20, 45713.31it/s]
946381it [00:20, 45939.39it/s]
951089it [00:20, 46275.04it/s]
955830it [00:20, 46610.81it/s]
960631it [00:20, 47027.57it/s]
965403it [00:20, 47231.99it/s]
970179it [00:20, 47388.35it/s]
974919it [00:20, 46308.79it/s]
979697it [00:21, 46739.55it/s]
984461it [00:21, 47004.87it/s]
989239it [00:21, 47232.16it/s]
993994it [00:21, 47325.49it/s]
998738it [00:21, 47355.42it/s]
1003490it [00:21, 47402.36it/s]
1008254it [00:21, 47472.76it/s]
1013015it [00:21, 47511.91it/s]
1017778it [00:21, 47545.82it/s]
1022533it [00:21, 47501.02it/s]
1027284it [00:22, 47408.96it/s]
1032026it [00:22, 47357.39it/s]
1036762it [00:22, 47274.43it/s]
1041493it [00:22, 47281.58it/s]
1046222it [00:22, 47273.31it/s]
1050950it [00:22, 47170.14it/s]
1055668it [00:22, 47036.24it/s]
1060372it [00:22, 45290.86it/s]
1065095it [00:22, 45853.94it/s]
1069823it [00:22, 46269.95it/s]
1074550it [00:23, 46565.01it/s]
1079249it [00:23, 46689.24it/s]
1083934it [00:23, 46736.37it/s]
1088611it [00:23, 46704.74it/s]
1093301it [00:23, 46762.02it/s]
1098050it [00:23, 46978.42it/s]
1102923it [00:23, 47500.44it/s]
1107850it [00:23, 48027.89it/s]
1112791it [00:23, 48439.01it/s]
1117759it [00:23, 48810.50it/s]
1122765it [00:24, 49183.74it/s]
1127765it [00:24, 49427.75it/s]
1132810it [00:24, 49731.79it/s]
1137842it [00:24, 49905.44it/s]
1142891it [00:24, 50078.60it/s]
1147966it [00:24, 50278.60it/s]
1153094it [00:24, 50577.90it/s]
1158211it [00:24, 50752.62it/s]
1163365it [00:24, 50987.55it/s]
1168519it [00:24, 51151.30it/s]
1173712it [00:25, 51382.30it/s]
1178938it [00:25, 51644.41it/s]
1184170it [00:25, 51846.23it/s]
1189355it [00:25, 50351.35it/s]
1194599it [00:25, 50963.56it/s]
1199834it [00:25, 51370.87it/s]
1205084it [00:25, 51703.40it/s]
1210320it [00:25, 51897.36it/s]
1215571it [00:25, 52077.35it/s]
1220824it [00:25, 52209.36it/s]
1226071it [00:26, 52285.09it/s]
1231301it [00:26, 52275.28it/s]
1236558it [00:26, 52362.64it/s]
1241834it [00:26, 52479.08it/s]
1247126it [00:26, 52610.44it/s]
1252426it [00:26, 52724.59it/s]
1257729it [00:26, 52812.86it/s]
1263044it [00:26, 52911.98it/s]
1268358it [00:26, 52978.60it/s]
1273685it [00:26, 53064.24it/s]
1279045it [00:27, 53224.00it/s]
1284368it [00:27, 51842.59it/s]
1289719it [00:27, 52332.10it/s]
1295088it [00:27, 52732.22it/s]
1300448it [00:27, 52988.95it/s]
1305799it [00:27, 53142.57it/s]
1311172it [00:27, 53316.31it/s]
1316523it [00:27, 53373.67it/s]
1321879it [00:27, 53426.18it/s]
1327256it [00:27, 53526.81it/s]
1332623it [00:28, 53567.51it/s]
1337981it [00:28, 51144.05it/s]
1343330it [00:28, 51823.66it/s]
1348656it [00:28, 52242.92it/s]
1354003it [00:28, 52603.23it/s]
1359354it [00:28, 52869.08it/s]
1364711it [00:28, 53075.62it/s]
1370067it [00:28, 53219.29it/s]
1375439it [00:28, 53368.42it/s]
1380797it [00:28, 53429.75it/s]
1386179it [00:29, 53544.81it/s]
1391570it [00:29, 53652.23it/s]
1396985it [00:29, 53800.38it/s]
1402407it [00:29, 53924.03it/s]
1407832it [00:29, 54019.78it/s]
1413235it [00:29, 53944.91it/s]
1418656it [00:29, 54023.00it/s]
1424079it [00:29, 54082.86it/s]
1429514it [00:29, 54160.99it/s]
1434937it [00:29, 54179.45it/s]
1440370it [00:30, 54222.13it/s]
1445793it [00:30, 54215.86it/s]
1451218it [00:30, 54222.86it/s]
1456641it [00:30, 54164.32it/s]
1462085it [00:30, 54244.99it/s]
1467517it [00:30, 54266.87it/s]
1472944it [00:30, 54258.40it/s]
1478386it [00:30, 54302.91it/s]
1483818it [00:30, 54306.19it/s]
1489261it [00:30, 54342.29it/s]
1494729it [00:31, 54441.96it/s]
1500185it [00:31, 54475.36it/s]
1505633it [00:31, 52210.40it/s]
1511098it [00:31, 52919.28it/s]
1516583it [00:31, 53483.85it/s]
1522054it [00:31, 53845.44it/s]
1527546it [00:31, 54161.45it/s]
1533005it [00:31, 54287.35it/s]
1538439it [00:31, 54299.76it/s]
1543882it [00:32, 54336.61it/s]
1549319it [00:32, 54337.31it/s]
1554772it [00:32, 54392.03it/s]
1560262it [00:32, 54541.65it/s]
1565744it [00:32, 54622.01it/s]
1571236it [00:32, 54708.26it/s]
1576718it [00:32, 54740.22it/s]
1582219it [00:32, 54819.84it/s]
1587702it [00:32, 54809.73it/s]
1593215it [00:32, 54904.18it/s]
1598711it [00:33, 54917.84it/s]
1604222it [00:33, 54974.90it/s]
1609729it [00:33, 55001.00it/s]
1615237it [00:33, 55022.12it/s]
1620753it [00:33, 55062.27it/s]
1626260it [00:33, 53572.37it/s]
1631799it [00:33, 54105.49it/s]
1637356it [00:33, 54538.14it/s]
1642893it [00:33, 54784.75it/s]
1648434it [00:33, 54968.04it/s]
1653965it [00:34, 55067.73it/s]
1659559it [00:34, 55325.16it/s]
1665116it [00:34, 55397.22it/s]
1670668it [00:34, 55432.19it/s]
1676227it [00:34, 55478.07it/s]
1681802it [00:34, 55557.88it/s]
1687366it [00:34, 55580.61it/s]
1692925it [00:34, 53008.56it/s]
1698475it [00:34, 53730.22it/s]
1704034it [00:34, 54272.53it/s]
1709585it [00:35, 54635.90it/s]
1715152it [00:35, 54942.13it/s]
1720707it [00:35, 55120.43it/s]
1726295it [00:35, 55345.85it/s]
1731867it [00:35, 55456.86it/s]
1737450it [00:35, 55567.07it/s]
1743009it [00:35, 55567.92it/s]
1748568it [00:35, 55497.11it/s]
1754119it [00:35, 55419.81it/s]
1759662it [00:35, 55371.43it/s]
1765200it [00:36, 55342.66it/s]
1770735it [00:36, 55327.69it/s]
1776269it [00:36, 55324.52it/s]
1781802it [00:36, 55315.27it/s]
1787334it [00:36, 55268.64it/s]
1792861it [00:36, 55263.26it/s]
1798409it [00:36, 55325.23it/s]
1803950it [00:36, 55347.30it/s]
1809485it [00:36, 55323.76it/s]
1815018it [00:36, 55301.22it/s]
1820551it [00:37, 55308.95it/s]
1826097it [00:37, 55353.70it/s]
1831633it [00:37, 55300.33it/s]
1837164it [00:37, 55294.40it/s]
1842694it [00:37, 55293.84it/s]
1848224it [00:37, 55290.33it/s]
1853754it [00:37, 55274.24it/s]
1859293it [00:37, 55307.30it/s]
1864829it [00:37, 55320.27it/s]
1870381it [00:37, 55377.34it/s]
1875927it [00:38, 55401.51it/s]
1881483it [00:38, 55446.96it/s]
1887065it [00:38, 55557.76it/s]
1892654it [00:38, 55656.48it/s]
1898220it [00:38, 55637.10it/s]
1903784it [00:38, 52152.16it/s]
1909357it [00:38, 53175.13it/s]
1914937it [00:38, 53935.81it/s]
1920505it [00:38, 54446.70it/s]
1926092it [00:38, 54865.91it/s]
1931668it [00:39, 55128.06it/s]
1937246it [00:39, 55321.68it/s]
1942807it [00:39, 55407.16it/s]
1948378it [00:39, 55495.10it/s]
1953951it [00:39, 55562.34it/s]
1959531it [00:39, 55630.70it/s]
1965100it [00:39, 55646.45it/s]
1970666it [00:39, 54098.65it/s]
1976212it [00:39, 54496.07it/s]
1981787it [00:39, 54864.95it/s]
1987393it [00:40, 55218.01it/s]
1992973it [00:40, 55389.13it/s]
1998538it [00:40, 55465.95it/s]
2004129it [00:40, 55597.95it/s]
2009692it [00:40, 55604.86it/s]
2015257it [00:40, 55615.85it/s]
2020820it [00:40, 55612.92it/s]
2026417it [00:40, 55717.56it/s]
2032003it [00:40, 55758.92it/s]
2037608it [00:40, 55845.62it/s]
2043205it [00:41, 55882.18it/s]
2048810it [00:41, 55932.13it/s]
2054404it [00:41, 55921.19it/s]
2059997it [00:41, 55898.78it/s]
2065587it [00:41, 55814.06it/s]
2071174it [00:41, 55827.56it/s]
2076765it [00:41, 55849.77it/s]
2082351it [00:41, 55793.60it/s]
2087931it [00:41, 55743.88it/s]
2093506it [00:41, 55715.93it/s]
2099101it [00:42, 55784.87it/s]
2104691it [00:42, 55817.43it/s]
2110281it [00:42, 55840.61it/s]
2115873it [00:42, 55863.07it/s]
2121467it [00:42, 55883.32it/s]
2127056it [00:42, 55873.27it/s]
2132644it [00:42, 55800.62it/s]
2138225it [00:42, 55749.60it/s]
2143800it [00:42, 54275.38it/s]
2149365it [00:42, 54678.16it/s]
2154938it [00:43, 54987.36it/s]
2160490it [00:43, 55143.26it/s]
2166041it [00:43, 55250.89it/s]
2171599it [00:43, 55347.62it/s]
2177158it [00:43, 55419.04it/s]
2182728it [00:43, 55500.80it/s]
2188293it [00:43, 55544.51it/s]
2193865it [00:43, 55594.57it/s]
2199438it [00:43, 55632.43it/s]
2205021it [00:43, 55691.12it/s]
2210591it [00:44, 55690.18it/s]
2216161it [00:44, 55670.97it/s]
2221729it [00:44, 55636.90it/s]
2227296it [00:44, 55645.13it/s]
2232861it [00:44, 55638.93it/s]
2238431it [00:44, 55655.19it/s]
2243997it [00:44, 55627.57it/s]
2249584it [00:44, 55698.96it/s]
2255154it [00:44, 55688.34it/s]
2260736it [00:44, 55725.20it/s]
2266309it [00:45, 55702.56it/s]
2271885it [00:45, 55719.36it/s]
2277457it [00:45, 55670.81it/s]
2283041it [00:45, 55719.27it/s]
2288617it [00:45, 55729.07it/s]
2294199it [00:45, 55753.88it/s]
2299775it [00:45, 55681.28it/s]
2305344it [00:45, 55664.46it/s]
2310911it [00:45, 55629.29it/s]
2316474it [00:45, 55571.20it/s]
2322032it [00:46, 55432.22it/s]
2327588it [00:46, 55469.71it/s]
2333142it [00:46, 55487.64it/s]
2338711it [00:46, 55544.90it/s]
2344283it [00:46, 55596.68it/s]
2349862it [00:46, 55651.50it/s]
2355428it [00:46, 55640.30it/s]
2360993it [00:46, 55641.64it/s]
2366558it [00:46, 55586.93it/s]
2372120it [00:46, 55596.10it/s]
2377680it [00:47, 55592.80it/s]
2383249it [00:47, 55618.90it/s]
2388815it [00:47, 55628.93it/s]
2394396it [00:47, 55682.02it/s]
2399965it [00:47, 55675.47it/s]
2405533it [00:47, 55652.41it/s]
2411099it [00:47, 49576.80it/s]
2416637it [00:47, 51179.25it/s]
2422137it [00:47, 52258.70it/s]
2427654it [00:48, 53095.15it/s]
2433165it [00:48, 53680.75it/s]
2438693it [00:48, 54149.23it/s]
2444195it [00:48, 54405.58it/s]
2449736it [00:48, 54702.33it/s]
2455278it [00:48, 54912.34it/s]
2460814it [00:48, 55045.23it/s]
2466356it [00:48, 55156.10it/s]
2471884it [00:48, 55191.26it/s]
2477407it [00:48, 55163.49it/s]
2482944it [00:49, 55224.45it/s]
2488469it [00:49, 55168.51it/s]
2493992it [00:49, 55185.52it/s]
2499512it [00:49, 55143.71it/s]
2505029it [00:49, 55149.51it/s]
2510545it [00:49, 55132.70it/s]
2516059it [00:49, 55129.58it/s]
2521573it [00:49, 55095.12it/s]
2527093it [00:49, 55125.34it/s]
2532606it [00:49, 55100.09it/s]
2538118it [00:50, 55103.24it/s]
2543629it [00:50, 55026.97it/s]
2549132it [00:50, 54997.25it/s]
2554632it [00:50, 54974.61it/s]
2560134it [00:50, 54987.36it/s]
2565633it [00:50, 54934.94it/s]
2571127it [00:50, 54932.70it/s]
2576621it [00:50, 54897.32it/s]
2582111it [00:50, 54895.79it/s]
2587604it [00:50, 54903.90it/s]
2593095it [00:51, 54863.43it/s]
2598590it [00:51, 54886.37it/s]
2604126it [00:51, 55025.15it/s]
2609652it [00:51, 55094.44it/s]
2615187it [00:51, 55168.14it/s]
2620727it [00:51, 55235.44it/s]
2626256it [00:51, 55249.05it/s]
2631793it [00:51, 55282.22it/s]
2637328it [00:51, 55299.68it/s]
2642858it [00:51, 55296.00it/s]
2648388it [00:52, 54114.10it/s]
2653883it [00:52, 54358.82it/s]
2659432it [00:52, 54691.81it/s]
2664972it [00:52, 54901.82it/s]
2670480it [00:52, 54951.80it/s]
2675986it [00:52, 54980.94it/s]
2681503it [00:52, 55036.82it/s]
2687029it [00:52, 55102.32it/s]
2692565it [00:52, 55177.73it/s]
2698111it [00:52, 55260.84it/s]
2703662it [00:53, 55332.86it/s]
2709202it [00:53, 55350.16it/s]
2714738it [00:53, 46038.47it/s]
2720268it [00:53, 48470.84it/s]
2725807it [00:53, 50356.83it/s]
2731345it [00:53, 51763.28it/s]
2736888it [00:53, 52809.54it/s]
2742403it [00:53, 53486.94it/s]
2747922it [00:53, 53983.33it/s]
2753456it [00:54, 54381.18it/s]
2759012it [00:54, 54730.06it/s]
2764511it [00:54, 54737.95it/s]
2770003it [00:54, 54773.11it/s]
2775493it [00:54, 54752.79it/s]
2780980it [00:54, 54785.40it/s]
2786473it [00:54, 54825.34it/s]
2791976it [00:54, 54884.67it/s]
2797476it [00:54, 54917.23it/s]
2802998it [00:54, 55004.68it/s]
2808500it [00:55, 55004.57it/s]
2814007it [00:55, 55021.76it/s]
2819512it [00:55, 55028.63it/s]
2825049it [00:55, 55130.51it/s]
2830563it [00:55, 55128.05it/s]
2836077it [00:55, 55130.90it/s]
2841591it [00:55, 55061.55it/s]
2847119it [00:55, 55123.72it/s]
2852632it [00:55, 55061.99it/s]
2858183it [00:55, 55193.27it/s]
2863725it [00:56, 55259.62it/s]
2869284it [00:56, 55355.87it/s]
2874840it [00:56, 55415.23it/s]
2880407it [00:56, 55490.34it/s]
2885957it [00:56, 55439.77it/s]
2891502it [00:56, 55367.08it/s]
2897039it [00:56, 55253.43it/s]
2902571it [00:56, 55272.02it/s]
2908101it [00:56, 55279.27it/s]
2913666it [00:56, 55387.83it/s]
2919205it [00:57, 55354.12it/s]
2924748it [00:57, 55374.03it/s]
2930290it [00:57, 55387.07it/s]
2935829it [00:57, 55372.29it/s]
2941367it [00:57, 55225.59it/s]
2946890it [00:57, 55181.41it/s]
2952409it [00:57, 55077.43it/s]
2957917it [00:57, 55034.69it/s]
2963421it [00:57, 55005.06it/s]
2968929it [00:57, 55023.85it/s]
2974432it [00:58, 54972.40it/s]
2979953it [00:58, 55040.58it/s]
2985481it [00:58, 55110.56it/s]
2991013it [00:58, 55172.68it/s]
2996547it [00:58, 55221.44it/s]
3002095it [00:58, 55295.82it/s]
3007625it [00:58, 55294.56it/s]
3013163it [00:58, 55317.12it/s]
3018695it [00:58, 55302.85it/s]
3024242it [00:58, 55350.93it/s]
3029780it [00:59, 55357.97it/s]
3035332it [00:59, 55404.12it/s]
3040888it [00:59, 55448.36it/s]
3046433it [00:59, 55435.66it/s]
3051977it [00:59, 48648.30it/s]
3057607it [00:59, 50738.06it/s]
3063230it [00:59, 52277.41it/s]
3068865it [00:59, 53440.23it/s]
3074495it [00:59, 54268.59it/s]
3080141it [00:59, 54910.11it/s]
3085760it [01:00, 55286.11it/s]
3091400it [01:00, 55613.55it/s]
3097022it [01:00, 55792.45it/s]
3102671it [01:00, 55999.86it/s]
3108302it [01:00, 56090.39it/s]
3113931it [01:00, 56148.40it/s]
3119560it [01:00, 56187.60it/s]
3125198it [01:00, 56242.96it/s]
3130825it [01:00, 56231.11it/s]
3136450it [01:00, 56168.00it/s]
3142069it [01:01, 56097.64it/s]
3147680it [01:01, 56038.48it/s]
3153285it [01:01, 55976.71it/s]
3158901it [01:01, 56029.26it/s]
3164516it [01:01, 56064.60it/s]
3170139it [01:01, 56112.61it/s]
3175751it [01:01, 56085.86it/s]
3181367it [01:01, 56107.50it/s]
3186979it [01:01, 56108.86it/s]
3192599it [01:01, 56133.23it/s]
3198213it [01:02, 56130.86it/s]
3203844it [01:02, 56182.31it/s]
3209463it [01:02, 54274.36it/s]
3214905it [01:02, 54295.03it/s]
3220345it [01:02, 54307.56it/s]
3225818it [01:02, 54432.00it/s]
3231310it [01:02, 54575.97it/s]
3236815it [01:02, 54715.18it/s]
3242320it [01:02, 54814.15it/s]
3247852it [01:02, 54964.28it/s]
3253378it [01:03, 55051.64it/s]
3258921it [01:03, 55164.60it/s]
3264467it [01:03, 55250.81it/s]
3270017it [01:03, 55324.30it/s]
3275570it [01:03, 55382.90it/s]
3281155it [01:03, 55521.84it/s]
3286746it [01:03, 55635.24it/s]
3292329it [01:03, 55692.71it/s]
3297908it [01:03, 55720.91it/s]
3303513it [01:03, 55816.85it/s]
3309099it [01:04, 55829.29it/s]
3314702it [01:04, 55888.55it/s]
3320307it [01:04, 55934.80it/s]
3325912it [01:04, 55967.09it/s]
3331509it [01:04, 55945.09it/s]
3337125it [01:04, 56006.39it/s]
3342747it [01:04, 56067.19it/s]
3348362it [01:04, 56090.96it/s]
3353972it [01:04, 56012.57it/s]
3359574it [01:04, 55932.70it/s]
3365168it [01:05, 55838.10it/s]
3370752it [01:05, 55834.58it/s]
3376336it [01:05, 55803.59it/s]
3381917it [01:05, 55804.93it/s]
3387498it [01:05, 55670.48it/s]
3393066it [01:05, 55622.63it/s]
3398629it [01:05, 55588.76it/s]
3404188it [01:05, 55500.02it/s]
3409744it [01:05, 55514.97it/s]
3415323it [01:05, 55595.08it/s]
3420890it [01:06, 55615.71it/s]
3426468it [01:06, 55662.62it/s]
3432035it [01:06, 50894.31it/s]
3437638it [01:06, 52336.98it/s]
3443242it [01:06, 53397.06it/s]
3448847it [01:06, 54165.79it/s]
3454423it [01:06, 54632.93it/s]
3460015it [01:06, 55010.42it/s]
3465582it [01:06, 55203.15it/s]
3471171it [01:07, 55405.10it/s]
3476764it [01:07, 55561.12it/s]
3482369it [01:07, 55706.44it/s]
3487951it [01:07, 55739.20it/s]
3493545it [01:07, 55797.91it/s]
3499128it [01:07, 53257.15it/s]
3504480it [01:07, 52246.42it/s]
3509725it [01:07, 51778.35it/s]
3514916it [01:07, 51714.06it/s]
3520121it [01:07, 51810.65it/s]
3525410it [01:08, 52127.32it/s]
3530730it [01:08, 52444.48it/s]
3536098it [01:08, 52809.82it/s]
3541468it [01:08, 53074.66it/s]
3546847it [01:08, 53285.50it/s]
3552263it [01:08, 53545.03it/s]
3557704it [01:08, 53800.66it/s]
3563124it [01:08, 53917.21it/s]
3568556it [01:08, 54034.83it/s]
3574001it [01:08, 54158.37it/s]
3579457it [01:09, 54276.43it/s]
3584913it [01:09, 54359.23it/s]
3590365it [01:09, 54406.72it/s]
3595834it [01:09, 54489.63it/s]
3601310it [01:09, 54569.06it/s]
3606767it [01:09, 54518.60it/s]
3612229it [01:09, 54547.80it/s]
3617684it [01:09, 54544.58it/s]
3623139it [01:09, 54526.69it/s]
3628595it [01:09, 54535.05it/s]
3634056it [01:10, 54555.83it/s]
3639512it [01:10, 54544.54it/s]
3644982it [01:10, 54588.05it/s]
3650481it [01:10, 54707.64it/s]
3655976it [01:10, 54776.23it/s]
3661490it [01:10, 54882.22it/s]
3667016it [01:10, 54994.25it/s]
3672543it [01:10, 55076.35it/s]
3678051it [01:10, 55057.65it/s]
3683566it [01:10, 55084.73it/s]
3689086it [01:11, 55116.56it/s]
3694598it [01:11, 55114.89it/s]
3700110it [01:11, 55022.40it/s]
3705613it [01:11, 54929.19it/s]
3711106it [01:11, 54905.82it/s]
3716651it [01:11, 55066.59it/s]
3722158it [01:11, 55049.07it/s]
3727663it [01:11, 55017.80it/s]
3733170it [01:11, 55030.70it/s]
3738674it [01:11, 55001.71it/s]
3744216it [01:12, 55126.37it/s]
3749750it [01:12, 55189.49it/s]
3755318it [01:12, 55335.83it/s]
3760900it [01:12, 55480.25it/s]
3766498it [01:12, 55627.92it/s]
3772121it [01:12, 55806.81it/s]
3777728it [01:12, 55882.73it/s]
3783317it [01:12, 53872.38it/s]
3788720it [01:12, 53632.93it/s]
3794094it [01:12, 53449.73it/s]
3799447it [01:13, 53291.57it/s]
3804782it [01:13, 53259.02it/s]
3810112it [01:13, 53263.96it/s]
3815449it [01:13, 53294.13it/s]
3820798it [01:13, 53351.17it/s]
3826171it [01:13, 53462.02it/s]
3831557it [01:13, 53579.22it/s]
3836949it [01:13, 53680.27it/s]
3842346it [01:13, 53765.43it/s]
3847741it [01:13, 53818.30it/s]
3853172it [01:14, 53962.86it/s]
3858569it [01:14, 49818.50it/s]
3863974it [01:14, 51015.36it/s]
3869374it [01:14, 51874.41it/s]
3874796it [01:14, 52557.06it/s]
3880224it [01:14, 53063.10it/s]
3885666it [01:14, 53462.03it/s]
3891090it [01:14, 53690.33it/s]
3896571it [01:14, 54021.38it/s]
3902032it [01:14, 54196.12it/s]
3907503it [01:15, 54349.11it/s]
3913004it [01:15, 54544.34it/s]
3918579it [01:15, 54902.25it/s]
3924172it [01:15, 55209.14it/s]
3929762it [01:15, 55415.68it/s]
3935353it [01:15, 55563.18it/s]
3940911it [01:15, 55494.09it/s]
3946482it [01:15, 55556.10it/s]
3952038it [01:15, 55533.35it/s]
3957627it [01:15, 55638.99it/s]
3963229it [01:16, 55750.01it/s]
3968805it [01:16, 55702.17it/s]
3974391it [01:16, 55746.82it/s]
3979966it [01:16, 55654.55it/s]
3985557it [01:16, 55730.11it/s]
3991136it [01:16, 55745.25it/s]
3996729it [01:16, 55798.49it/s]
4002309it [01:16, 55690.60it/s]
4003748it [01:16, 52127.63it/s]
INFO:root:test max cliques 1095693, nested cliques 2908055
INFO:root:test real max cliques in search universe: 25
INFO:root:test real smaller cliques in search universe: 90 90
INFO:root:Our Performance: precision 0.0002, recall 0.3486, f1 0.0004 jaccard 0.0002
INFO:root:Baseline: Bayesian-MDL skipped (disabled for this runtime).
INFO:root:Baseline: Max Clique precision 0.0000, recall 0.1147, f1 0.0000, jaccard 0.0000 
INFO:root:Baseline: ECC precision 0.0167, recall 0.1009, f1 0.0287, jaccard 0.0146 
INFO:root:Baseline: Demon precision 0.0128, recall 0.0413, f1 0.0196, jaccard 0.0099 
INFO:root:Baseline: CFinder skipped (disabled for channel-SNR benchmark).
(4121, 9) (4121,) 72
