INFO:root:Create log file at log/hosts/hosts-6000-cou-1788864897.7336178.log
INFO:root:Command line executed: python main.py --dataset hosts --beta 6000 --features count --channel rayleigh --snr_db 2
INFO:root:Full args parsed:
INFO:root:Namespace(dataset='hosts', beta=6000, features='count', model='mlp', epochs=2000, lr=0.0001, setting='f', label_rate=0.1, ablation=0, seed=123, use_c=1, jobs=1, save_features=0, data_dir='./data/', log_dir='log', downsample=0, max_child_size=1, ext=0, channel='rayleigh', snr_db=2.0, channel_seed=123, max_background_pairs=10000)
INFO:root:Finish loading graphs.
INFO:root:Nodes train: 591, test: 466
INFO:root:Simplicies train: 204, test: 218
INFO:root:Channel rayleigh at 2.0 dB: test projection edges 9205 -> 9425
INFO:root:Start computing cliques
INFO:root:Couldn't find cache for max cliques train
INFO:root:Number of maximum cliques:383
INFO:root:Couldn't find cache for max cliques test
INFO:root:Number of maximum cliques:195416
INFO:root:test nodes 466 hyperedges 218 avg size 5.564220183486238 std 8.957494150492446 avg degree 2.6030042918454934 max cliques 195416
INFO:root:Breakdown of test hyperedges (max+small) 15 + 203
INFO:root:Intersection 14 out of 2123 195416
INFO:root:support cliques train:125 - test: 2123
INFO:root:Optimizing clique sampler .. 
INFO:root:Found cache for rho.
INFO:root:[(140, 140), (50, 50), (44, 44), (37, 37), (35, 35), (27, 27), (26, 26), (2, 2), (1, 1), (3, 3), (23, 23), (22, 22), (20, 20), (5, 5), (25, 1), (4, 4), (24, 24), (8, 8), (15, 15), (10, 10), (13, 13), (6, 6), (35, 1), (12, 12), (18, 18), (17, 17), (16, 16), (9, 9), (7, 7), (14, 14), (3, 1), (11, 11), (5, 2), (22, 1), (50, 1), (26, 1), (27, 1), (2, 1), (4, 2), (24, 1), (6, 2), (5, 3), (6, 3), (18, 1), (16, 15), (6, 4), (140, 1), (25, 2), (7, 6), (6, 5), (8, 7), (7, 5), (27, 2), (11, 2)]
INFO:root:Optimize Clique Sampler: #hyperedges collected:179, recall: 0.8774509803921569, efficiency:0.029833333333333333
INFO:root:Clique analysis done.
INFO:root:train: 4497 unique candidates out of 5959 sampled candidates
Note: to be able to use all crisp methods, you need to install some additional packages:  {'infomap', 'leidenalg', 'bayanpy', 'graph_tool', 'wurlitzer'}
Note: to be able to use all crisp methods, you need to install some additional packages:  {'hidef', 'ASLPAw', 'pyclustering', 'torch'}
Note: to be able to use all crisp methods, you need to install some additional packages:  {'infomap', 'scikit-network', 'leidenalg', 'wurlitzer'}
Sanity check failed, reindexing the hypergraphs ...
Sanity check failed, reindexing the hypergraphs ...
number of nodes in construct graph 591
number of nodes in construct graph 466
(0, 0), (1, 1), (2, 2), (3, 3), (4, 4), (5, 5), (6, 6), (7, 7), (22, 22), (31, 31), (42, 41), (46, 44), (49, 46), (53, 48), (65, 54), (90, 64), (106, 70), (109, 71), (139, 79), (160, 84), (190, 91), (211, 95), (248, 102), (283, 108), (303, 111), (310, 112), (318, 113), (326, 114), (360, 118), (387, 120), (402, 121), (435, 123), (469, 125), (589, 131), (655, 134), (705, 136), (731, 137), (758, 138), (788, 139), (884, 142), (956, 144), (1511, 154), (1631, 156), (2371, 162), (2497, 163), (2625, 164), (3180, 168), (3320, 169), (3620, 171), (3809, 172), (4031, 173), (4271, 174), (4838, 176), (5189, 177), 
(0, 0), (0, 0), (0, 0), (0, 0), (0, 0), (0, 0), (0, 0), (0, 0), (393, 7), (393, 7), (1215, 12), (1215, 12), (1215, 12), (1215, 12), (1842, 13), (1842, 13), (2459, 15), (2459, 15), (10355, 15), (10531, 15), (58664, 15), (71963, 15), (73114, 15), (73114, 15), (111012, 15), (111012, 15), (111012, 15), (111017, 15), (134035, 15), (136902, 15), (139472, 15), (141938, 68), (197882, 68), (204152, 90), (204152, 90), (204152, 90), (204152, 90), (204152, 90), (204938, 93), (208640, 98), (208640, 98), (225905, 99), (232175, 101), (255195, 101), (255195, 101), (255275, 101), (272540, 103), (272540, 103), (272540, 103), (292609, 103), (299515, 103), (362683, 103), (422890, 103), (422890, 103), 

0it [00:00, ?it/s]
4504it [00:00, 189155.46it/s]
INFO:root:test: 336204 unique candidates out of 1757300 sampled candidates

0it [00:00, ?it/s]
8519it [00:00, 85167.34it/s]
17124it [00:00, 85680.41it/s]
25693it [00:00, 85518.47it/s]
34264it [00:00, 85589.28it/s]
42862it [00:00, 85728.10it/s]
51444it [00:00, 85755.95it/s]
60025it [00:00, 85771.03it/s]
68661it [00:00, 85954.85it/s]
77291it [00:00, 86061.85it/s]
85898it [00:01, 85854.56it/s]
94527it [00:01, 85984.04it/s]
103136it [00:01, 86014.70it/s]
111833it [00:01, 86301.12it/s]
120464it [00:01, 86264.77it/s]
129091it [00:01, 81664.45it/s]
137571it [00:01, 82570.93it/s]
145867it [00:01, 82658.53it/s]
154401it [00:01, 83446.10it/s]
162853it [00:01, 83762.89it/s]
171436it [00:02, 84373.98it/s]
180033it [00:02, 84848.02it/s]
188539it [00:02, 84908.16it/s]
198453it [00:02, 89162.48it/s]
214545it [00:02, 110639.88it/s]
230699it [00:02, 125884.15it/s]
247200it [00:02, 137608.19it/s]
263031it [00:02, 143812.44it/s]
279629it [00:02, 150455.13it/s]
295304it [00:02, 152341.57it/s]
311901it [00:03, 156426.06it/s]
328059it [00:03, 157967.78it/s]
336204it [00:03, 106072.82it/s]
INFO:root:test max cliques 195416, nested cliques 140788
INFO:root:test real max cliques in search universe: 15
INFO:root:test real smaller cliques in search universe: 88 88
INFO:root:Our Performance: precision 0.0006, recall 0.1009, f1 0.0012 jaccard 0.0006
INFO:root:Baseline: Bayesian-MDL skipped (disabled for this runtime).
INFO:root:Baseline: Max Clique precision 0.0001, recall 0.0688, f1 0.0002, jaccard 0.0001 
INFO:root:Baseline: ECC precision 0.0049, recall 0.0459, f1 0.0089, jaccard 0.0045 
INFO:root:Baseline: Demon precision 0.0080, recall 0.0321, f1 0.0128, jaccard 0.0064 
INFO:root:Baseline: CFinder skipped (disabled for channel-SNR benchmark).
(4121, 9) (4121,) 72
