INFO:root:Create log file at log/hosts/hosts-6000-cou-1788865197.524757.log
INFO:root:Command line executed: python main.py --dataset hosts --beta 6000 --features count --channel rayleigh --snr_db 14
INFO:root:Full args parsed:
INFO:root:Namespace(dataset='hosts', beta=6000, features='count', model='mlp', epochs=2000, lr=0.0001, setting='f', label_rate=0.1, ablation=0, seed=123, use_c=1, jobs=1, save_features=0, data_dir='./data/', log_dir='log', downsample=0, max_child_size=1, ext=0, channel='rayleigh', snr_db=14.0, channel_seed=123, max_background_pairs=10000)
INFO:root:Finish loading graphs.
INFO:root:Nodes train: 591, test: 466
INFO:root:Simplicies train: 204, test: 218
INFO:root:Channel rayleigh at 14.0 dB: test projection edges 9205 -> 9255
INFO:root:Start computing cliques
INFO:root:Couldn't find cache for max cliques train
INFO:root:Number of maximum cliques:383
INFO:root:Couldn't find cache for max cliques test
INFO:root:Number of maximum cliques:2916612
INFO:root:test nodes 466 hyperedges 218 avg size 5.564220183486238 std 8.957494150492446 avg degree 2.6030042918454934 max cliques 2916612
INFO:root:Breakdown of test hyperedges (max+small) 41 + 177
INFO:root:Intersection 41 out of 718 2916612
INFO:root:support cliques train:125 - test: 718
INFO:root:Optimizing clique sampler .. 
INFO:root:Found cache for rho.
INFO:root:[(140, 140), (50, 50), (44, 44), (37, 37), (35, 35), (27, 27), (26, 26), (2, 2), (1, 1), (3, 3), (23, 23), (22, 22), (20, 20), (5, 5), (25, 1), (4, 4), (24, 24), (8, 8), (15, 15), (10, 10), (13, 13), (6, 6), (35, 1), (12, 12), (18, 18), (17, 17), (16, 16), (9, 9), (7, 7), (14, 14), (3, 1), (11, 11), (5, 2), (22, 1), (50, 1), (26, 1), (27, 1), (2, 1), (4, 2), (24, 1), (6, 2), (5, 3), (6, 3), (18, 1), (16, 15), (6, 4), (140, 1), (25, 2), (7, 6), (6, 5), (8, 7), (7, 5), (27, 2), (11, 2)]
INFO:root:Optimize Clique Sampler: #hyperedges collected:179, recall: 0.8774509803921569, efficiency:0.029833333333333333
INFO:root:Clique analysis done.
INFO:root:train: 4497 unique candidates out of 5959 sampled candidates
Note: to be able to use all crisp methods, you need to install some additional packages:  {'bayanpy', 'wurlitzer', 'leidenalg', 'infomap', 'graph_tool'}
Note: to be able to use all crisp methods, you need to install some additional packages:  {'hidef', 'pyclustering', 'ASLPAw', 'torch'}
Note: to be able to use all crisp methods, you need to install some additional packages:  {'scikit-network', 'wurlitzer', 'leidenalg', 'infomap'}
Sanity check failed, reindexing the hypergraphs ...
Sanity check failed, reindexing the hypergraphs ...
number of nodes in construct graph 591
number of nodes in construct graph 466
(0, 0), (1, 1), (2, 2), (3, 3), (4, 4), (5, 5), (6, 6), (7, 7), (22, 22), (31, 31), (42, 41), (46, 44), (49, 46), (53, 48), (65, 54), (90, 64), (106, 70), (109, 71), (139, 79), (160, 84), (190, 91), (211, 95), (248, 102), (283, 108), (303, 111), (310, 112), (318, 113), (326, 114), (360, 118), (387, 120), (402, 121), (435, 123), (469, 125), (589, 131), (655, 134), (705, 136), (731, 137), (758, 138), (788, 139), (884, 142), (956, 144), (1511, 154), (1631, 156), (2371, 162), (2497, 163), (2625, 164), (3180, 168), (3320, 169), (3620, 171), (3809, 172), (4031, 173), (4271, 174), (4838, 176), (5189, 177), 
(0, 0), (0, 0), (0, 0), (0, 0), (0, 0), (128, 0), (481137, 0), (734740, 0), (734877, 9), (734879, 11), (735043, 20), (743100, 20), (748349, 20), (751352, 20), (751432, 27), (3281782, 48), (3281878, 55), (3307865, 55), (3307926, 56), (3308479, 56), (3308580, 56), (3308900, 56), (3308970, 60), (3313450, 60), (3313652, 60), (3314358, 60), (3314798, 60), (3315432, 60), (3315494, 60), (3315536, 62), (3315847, 62), (3316339, 84), (3316553, 84), (3317353, 94), (3432831, 94), (3432831, 94), (10026509, 94), (23013752, 94), (23014026, 103), (23014602, 114), (23638290, 114), (23639340, 114), (23640140, 118), (23641540, 121), (23654248, 123), (23664392, 123), (23665442, 125), (23665442, 125), (54029642, 130), (54029936, 130), (54030356, 131), (54030844, 132), (54031726, 132), (222865885, 132), 

0it [00:00, ?it/s]
4504it [00:00, 180863.05it/s]
INFO:root:test: 801284 unique candidates out of 222870945 sampled candidates

0it [00:00, ?it/s]
1962it [00:00, 19613.52it/s]
3965it [00:00, 19854.98it/s]
5954it [00:00, 19870.61it/s]
7992it [00:00, 20070.03it/s]
10035it [00:00, 20197.95it/s]
12075it [00:00, 20265.07it/s]
14138it [00:00, 20382.30it/s]
16214it [00:00, 20500.10it/s]
18265it [00:00, 20461.54it/s]
20312it [00:01, 20431.12it/s]
22356it [00:01, 20409.94it/s]
24403it [00:01, 20427.35it/s]
26463it [00:01, 20477.84it/s]
28513it [00:01, 20482.75it/s]
30585it [00:01, 20552.70it/s]
32641it [00:01, 20502.07it/s]
34692it [00:01, 20463.12it/s]
36769it [00:01, 20553.22it/s]
38842it [00:01, 20605.55it/s]
40903it [00:02, 20553.85it/s]
42959it [00:02, 20375.34it/s]
44997it [00:02, 20371.78it/s]
47072it [00:02, 20483.07it/s]
49149it [00:02, 20568.25it/s]
51207it [00:02, 20535.16it/s]
53295it [00:02, 20636.91it/s]
55381it [00:02, 20702.51it/s]
57452it [00:02, 20476.66it/s]
59501it [00:02, 20455.43it/s]
61569it [00:03, 20520.68it/s]
63622it [00:03, 20244.79it/s]
65697it [00:03, 20392.44it/s]
67780it [00:03, 20522.18it/s]
69850it [00:03, 20574.25it/s]
71908it [00:03, 20499.87it/s]
73986it [00:03, 20582.33it/s]
76046it [00:03, 20585.15it/s]
78116it [00:03, 20618.26it/s]
80180it [00:03, 20622.54it/s]
82243it [00:04, 20284.15it/s]
84341it [00:04, 20488.71it/s]
86437it [00:04, 20626.01it/s]
88539it [00:04, 20741.91it/s]
90614it [00:04, 20683.80it/s]
92691it [00:04, 20707.50it/s]
94763it [00:04, 20674.68it/s]
96845it [00:04, 20714.98it/s]
98938it [00:04, 20776.56it/s]
101016it [00:04, 20703.13it/s]
103087it [00:05, 20267.51it/s]
105138it [00:05, 20337.99it/s]
107188it [00:05, 20385.79it/s]
109255it [00:05, 20468.49it/s]
111324it [00:05, 20532.23it/s]
113378it [00:05, 20500.73it/s]
115456it [00:05, 20582.55it/s]
117527it [00:05, 20618.19it/s]
119593it [00:05, 20627.96it/s]
121663it [00:05, 20646.33it/s]
123728it [00:06, 20643.81it/s]
125793it [00:06, 20227.73it/s]
127846it [00:06, 20315.11it/s]
129908it [00:06, 20402.54it/s]
131990it [00:06, 20525.71it/s]
134055it [00:06, 20562.19it/s]
136119it [00:06, 20585.05it/s]
138178it [00:06, 20555.70it/s]
140240it [00:06, 20572.87it/s]
142309it [00:06, 20604.97it/s]
144370it [00:07, 20531.97it/s]
146424it [00:07, 20364.04it/s]
148489it [00:07, 20448.23it/s]
150559it [00:07, 20522.64it/s]
152616it [00:07, 20534.47it/s]
154675it [00:07, 20548.21it/s]
156733it [00:07, 20554.86it/s]
158789it [00:07, 20553.04it/s]
160845it [00:07, 20400.14it/s]
162886it [00:07, 20310.93it/s]
164961it [00:08, 20440.84it/s]
167037it [00:08, 20533.65it/s]
169102it [00:08, 20568.31it/s]
171162it [00:08, 20577.46it/s]
173248it [00:08, 20659.33it/s]
175327it [00:08, 20697.49it/s]
177419it [00:08, 20762.37it/s]
179498it [00:08, 20770.21it/s]
181576it [00:08, 20592.73it/s]
183664it [00:08, 20676.70it/s]
185767it [00:09, 20780.77it/s]
187851it [00:09, 20796.37it/s]
189931it [00:09, 20772.35it/s]
192009it [00:09, 20753.03it/s]
194090it [00:09, 20769.82it/s]
196168it [00:09, 20747.20it/s]
198243it [00:09, 20671.87it/s]
200311it [00:09, 20527.12it/s]
202385it [00:09, 20588.65it/s]
204445it [00:09, 20555.26it/s]
206543it [00:10, 20680.57it/s]
208613it [00:10, 20683.28it/s]
210682it [00:10, 20666.23it/s]
212757it [00:10, 20690.02it/s]
214851it [00:10, 20762.90it/s]
216931it [00:10, 20771.14it/s]
219009it [00:10, 20618.90it/s]
221078it [00:10, 20638.51it/s]
223155it [00:10, 20674.88it/s]
225229it [00:10, 20693.91it/s]
227315it [00:11, 20743.37it/s]
229390it [00:11, 20711.75it/s]
231471it [00:11, 20738.00it/s]
233563it [00:11, 20789.41it/s]
235644it [00:11, 20795.16it/s]
237724it [00:11, 20646.05it/s]
239820it [00:11, 20737.67it/s]
241894it [00:11, 20695.74it/s]
243984it [00:11, 20754.47it/s]
246065it [00:11, 20769.27it/s]
248143it [00:12, 20766.84it/s]
250220it [00:12, 20704.66it/s]
252291it [00:12, 20664.95it/s]
254366it [00:12, 20688.82it/s]
256435it [00:12, 20323.76it/s]
258469it [00:12, 19988.42it/s]
260531it [00:12, 20171.49it/s]
262603it [00:12, 20332.55it/s]
264675it [00:12, 20445.88it/s]
266746it [00:12, 20522.93it/s]
268815it [00:13, 20569.93it/s]
270873it [00:13, 20538.00it/s]
272929it [00:13, 20542.68it/s]
274984it [00:13, 19387.74it/s]
277065it [00:13, 19794.90it/s]
279143it [00:13, 20081.32it/s]
281224it [00:13, 20294.85it/s]
283306it [00:13, 20449.09it/s]
285405it [00:13, 20607.09it/s]
287486it [00:14, 20667.34it/s]
289556it [00:14, 20514.10it/s]
291633it [00:14, 20587.80it/s]
293728it [00:14, 20694.19it/s]
295820it [00:14, 20760.62it/s]
297905it [00:14, 20785.63it/s]
300001it [00:14, 20835.62it/s]
302085it [00:14, 20825.61it/s]
304168it [00:14, 19384.41it/s]
306227it [00:14, 19727.46it/s]
308321it [00:15, 20075.64it/s]
310387it [00:15, 20243.12it/s]
312443it [00:15, 20334.35it/s]
314521it [00:15, 20464.17it/s]
316586it [00:15, 20516.65it/s]
318664it [00:15, 20594.42it/s]
320728it [00:15, 20606.79it/s]
322792it [00:15, 20615.93it/s]
324855it [00:15, 20527.29it/s]
326909it [00:15, 20276.84it/s]
328982it [00:16, 20410.49it/s]
331061it [00:16, 20520.84it/s]
333157it [00:16, 20648.98it/s]
335223it [00:16, 19252.08it/s]
337321it [00:16, 19741.43it/s]
339414it [00:16, 20084.57it/s]
341506it [00:16, 20328.52it/s]
343607it [00:16, 20527.20it/s]
345707it [00:16, 20664.03it/s]
347796it [00:16, 20730.73it/s]
349879it [00:17, 20758.44it/s]
351962it [00:17, 20777.16it/s]
354053it [00:17, 20815.78it/s]
356136it [00:17, 20796.89it/s]
358217it [00:17, 20766.18it/s]
360295it [00:17, 20703.53it/s]
362366it [00:17, 20665.36it/s]
364433it [00:17, 20617.36it/s]
366495it [00:17, 20434.23it/s]
368539it [00:17, 19044.58it/s]
370612it [00:18, 19519.95it/s]
372704it [00:18, 19921.07it/s]
374778it [00:18, 20159.05it/s]
376863it [00:18, 20360.47it/s]
378945it [00:18, 20494.29it/s]
381024it [00:18, 20580.26it/s]
383104it [00:18, 20644.03it/s]
385178it [00:18, 20671.39it/s]
387247it [00:18, 20667.10it/s]
389331it [00:18, 20716.85it/s]
391416it [00:19, 20755.83it/s]
393497it [00:19, 20769.88it/s]
395575it [00:19, 20771.07it/s]
397653it [00:19, 20772.04it/s]
399736it [00:19, 20788.70it/s]
401816it [00:19, 19250.01it/s]
403891it [00:19, 19673.94it/s]
405965it [00:19, 19978.92it/s]
408045it [00:19, 20218.08it/s]
410115it [00:20, 20358.11it/s]
412159it [00:20, 20142.59it/s]
414250it [00:20, 20368.42it/s]
416338it [00:20, 20518.93it/s]
418438it [00:20, 20661.36it/s]
420524it [00:20, 20717.86it/s]
422617it [00:20, 20780.47it/s]
424709it [00:20, 20818.94it/s]
426801it [00:20, 20848.84it/s]
428893it [00:20, 20869.11it/s]
430986it [00:21, 20886.20it/s]
433075it [00:21, 20882.69it/s]
435164it [00:21, 20550.87it/s]
437231it [00:21, 20583.81it/s]
439311it [00:21, 20646.47it/s]
441377it [00:21, 20610.40it/s]
443462it [00:21, 20679.45it/s]
445552it [00:21, 20743.25it/s]
447627it [00:21, 20703.68it/s]
449703it [00:21, 20718.91it/s]
451779it [00:22, 20730.31it/s]
453853it [00:22, 20731.96it/s]
455927it [00:22, 19324.75it/s]
458005it [00:22, 19739.00it/s]
460076it [00:22, 20019.20it/s]
462150it [00:22, 20229.59it/s]
464182it [00:22, 19897.19it/s]
466241it [00:22, 20098.01it/s]
468311it [00:22, 20273.94it/s]
470386it [00:22, 20412.92it/s]
472469it [00:23, 20535.47it/s]
474545it [00:23, 20601.67it/s]
476611it [00:23, 20616.28it/s]
478692it [00:23, 20672.60it/s]
480768it [00:23, 20696.33it/s]
482840it [00:23, 20703.02it/s]
484916it [00:23, 20718.75it/s]
486989it [00:23, 20241.44it/s]
489050it [00:23, 20348.14it/s]
491119it [00:23, 20447.84it/s]
493194it [00:24, 20536.46it/s]
495250it [00:24, 20540.74it/s]
497308it [00:24, 20550.98it/s]
499374it [00:24, 20581.93it/s]
501438it [00:24, 20596.34it/s]
503498it [00:24, 20587.62it/s]
505560it [00:24, 20596.27it/s]
507620it [00:24, 20422.84it/s]
509666it [00:24, 20432.73it/s]
511713it [00:24, 20442.45it/s]
513807it [00:25, 20588.06it/s]
515902it [00:25, 20695.82it/s]
517976it [00:25, 20708.79it/s]
520063it [00:25, 20754.21it/s]
522139it [00:25, 20643.91it/s]
524218it [00:25, 20684.40it/s]
526287it [00:25, 20529.22it/s]
528369it [00:25, 20615.42it/s]
530449it [00:25, 20669.61it/s]
532540it [00:25, 20739.61it/s]
534640it [00:26, 20814.75it/s]
536729it [00:26, 20835.86it/s]
538813it [00:26, 20804.35it/s]
540896it [00:26, 20810.09it/s]
542980it [00:26, 20817.41it/s]
545062it [00:26, 20503.74it/s]
547146it [00:26, 20603.09it/s]
549225it [00:26, 20657.62it/s]
551305it [00:26, 20698.08it/s]
553381it [00:26, 20714.64it/s]
555453it [00:27, 20700.38it/s]
557524it [00:27, 20680.78it/s]
559594it [00:27, 20685.41it/s]
561666it [00:27, 20694.17it/s]
563736it [00:27, 20223.50it/s]
565802it [00:27, 20351.59it/s]
567856it [00:27, 20405.91it/s]
569921it [00:27, 20476.95it/s]
571973it [00:27, 20488.78it/s]
574039it [00:27, 20537.49it/s]
576094it [00:28, 20540.49it/s]
578149it [00:28, 20523.99it/s]
580208it [00:28, 20542.32it/s]
582274it [00:28, 20575.33it/s]
584354it [00:28, 20639.29it/s]
586419it [00:28, 19665.14it/s]
588439it [00:28, 19816.94it/s]
590461it [00:28, 19933.04it/s]
592500it [00:28, 20065.46it/s]
594534it [00:29, 20145.90it/s]
596552it [00:29, 20139.49it/s]
598574it [00:29, 20161.83it/s]
600592it [00:29, 20158.65it/s]
602627it [00:29, 20213.23it/s]
604650it [00:29, 20164.96it/s]
606668it [00:29, 20139.81it/s]
608683it [00:29, 19503.82it/s]
610676it [00:29, 19626.09it/s]
612677it [00:29, 19738.28it/s]
614667it [00:30, 19783.22it/s]
616663it [00:30, 19833.43it/s]
618670it [00:30, 19901.13it/s]
620695it [00:30, 20003.61it/s]
622721it [00:30, 20078.81it/s]
624747it [00:30, 20131.80it/s]
626768it [00:30, 20154.10it/s]
628784it [00:30, 20138.67it/s]
630799it [00:30, 19761.34it/s]
632795it [00:30, 19819.28it/s]
634807it [00:31, 19907.90it/s]
636807it [00:31, 19935.16it/s]
638805it [00:31, 19946.49it/s]
640822it [00:31, 20011.36it/s]
642836it [00:31, 20047.41it/s]
644847it [00:31, 20065.38it/s]
646861it [00:31, 20085.68it/s]
648870it [00:31, 20084.65it/s]
650879it [00:31, 20074.02it/s]
652912it [00:31, 20148.31it/s]
654927it [00:32, 20138.19it/s]
656941it [00:32, 20115.08it/s]
658959it [00:32, 20132.85it/s]
660973it [00:32, 20036.25it/s]
663000it [00:32, 20104.97it/s]
665039it [00:32, 20189.48it/s]
667059it [00:32, 19995.46it/s]
669082it [00:32, 20064.46it/s]
671113it [00:32, 20137.31it/s]
673142it [00:32, 20180.57it/s]
675175it [00:33, 20225.13it/s]
677211it [00:33, 20265.35it/s]
679238it [00:33, 20243.33it/s]
681263it [00:33, 20238.35it/s]
683287it [00:33, 20220.80it/s]
685310it [00:33, 20037.34it/s]
687341it [00:33, 20116.06it/s]
689369it [00:33, 20162.44it/s]
691391it [00:33, 20176.89it/s]
693432it [00:33, 20245.17it/s]
695461it [00:34, 20258.12it/s]
697504it [00:34, 20308.28it/s]
699535it [00:34, 20308.28it/s]
701576it [00:34, 20335.80it/s]
703610it [00:34, 19927.05it/s]
705658it [00:34, 20088.29it/s]
707692it [00:34, 20162.54it/s]
709728it [00:34, 20219.69it/s]
711767it [00:34, 20269.80it/s]
713808it [00:34, 20311.58it/s]
715853it [00:35, 20350.02it/s]
717899it [00:35, 20382.11it/s]
719949it [00:35, 20417.03it/s]
721998it [00:35, 20438.76it/s]
724042it [00:35, 20432.51it/s]
726086it [00:35, 19974.95it/s]
728127it [00:35, 20101.06it/s]
730178it [00:35, 20220.17it/s]
732217it [00:35, 20270.27it/s]
734262it [00:35, 20321.60it/s]
736308it [00:36, 20361.19it/s]
738354it [00:36, 20390.44it/s]
740404it [00:36, 20420.64it/s]
742447it [00:36, 19904.72it/s]
744488it [00:36, 20052.39it/s]
746496it [00:36, 19762.68it/s]
748539it [00:36, 19958.19it/s]
750583it [00:36, 20100.07it/s]
752613it [00:36, 20159.06it/s]
754646it [00:36, 20208.90it/s]
756685it [00:37, 20260.32it/s]
758721it [00:37, 20289.36it/s]
760751it [00:37, 20247.85it/s]
762777it [00:37, 20242.28it/s]
764802it [00:37, 20232.30it/s]
766826it [00:37, 20045.11it/s]
768848it [00:37, 20096.93it/s]
770889it [00:37, 20189.70it/s]
772916it [00:37, 20211.86it/s]
774944it [00:37, 20231.86it/s]
776969it [00:38, 20236.79it/s]
779006it [00:38, 20275.96it/s]
781048it [00:38, 20318.58it/s]
783086it [00:38, 20335.43it/s]
785120it [00:38, 20216.07it/s]
787166it [00:38, 20288.11it/s]
789216it [00:38, 20349.63it/s]
791269it [00:38, 20401.80it/s]
793318it [00:38, 20426.46it/s]
795370it [00:38, 20453.98it/s]
797422it [00:39, 20471.81it/s]
799478it [00:39, 20496.13it/s]
801530it [00:39, 20501.05it/s]
803581it [00:39, 20345.98it/s]
805617it [00:39, 20349.05it/s]
807673it [00:39, 20408.87it/s]
809721it [00:39, 20429.02it/s]
811776it [00:39, 20464.44it/s]
813828it [00:39, 20478.54it/s]
815876it [00:39, 20477.32it/s]
817924it [00:40, 20460.54it/s]
819976it [00:40, 20476.08it/s]
822024it [00:40, 20313.82it/s]
824066it [00:40, 20342.84it/s]
826104it [00:40, 20352.12it/s]
828140it [00:40, 20321.81it/s]
830184it [00:40, 20355.41it/s]
832228it [00:40, 20379.34it/s]
834281it [00:40, 20421.23it/s]
836324it [00:40, 20248.24it/s]
838379it [00:41, 20337.48it/s]
840414it [00:41, 20275.26it/s]
842468it [00:41, 20352.95it/s]
844535it [00:41, 20447.31it/s]
846595it [00:41, 20490.01it/s]
848656it [00:41, 20524.18it/s]
850721it [00:41, 20560.92it/s]
852778it [00:41, 20554.07it/s]
854836it [00:41, 20560.70it/s]
856893it [00:41, 20450.82it/s]
858952it [00:42, 20490.59it/s]
861015it [00:42, 20529.33it/s]
863069it [00:42, 20524.74it/s]
865133it [00:42, 20557.48it/s]
867209it [00:42, 20615.80it/s]
869271it [00:42, 20612.84it/s]
871335it [00:42, 20618.17it/s]
873397it [00:42, 20610.62it/s]
875459it [00:42, 20310.39it/s]
877518it [00:42, 20393.21it/s]
879584it [00:43, 20471.45it/s]
881649it [00:43, 20521.49it/s]
883706it [00:43, 20534.50it/s]
885765it [00:43, 20549.31it/s]
887834it [00:43, 20591.05it/s]
889897it [00:43, 20602.43it/s]
891960it [00:43, 20610.23it/s]
894029it [00:43, 20633.32it/s]
896093it [00:43, 19047.31it/s]
898123it [00:44, 19400.34it/s]
900156it [00:44, 19667.31it/s]
902195it [00:44, 19877.62it/s]
904242it [00:44, 20051.33it/s]
906293it [00:44, 20186.13it/s]
908331it [00:44, 20240.75it/s]
910368it [00:44, 20277.06it/s]
912419it [00:44, 20345.22it/s]
914472it [00:44, 20398.70it/s]
916518it [00:44, 20415.39it/s]
918569it [00:45, 20440.69it/s]
920619it [00:45, 20455.66it/s]
922688it [00:45, 20523.36it/s]
924761it [00:45, 20584.82it/s]
926820it [00:45, 20563.74it/s]
928877it [00:45, 20154.18it/s]
930925it [00:45, 20247.80it/s]
932992it [00:45, 20370.26it/s]
935055it [00:45, 20446.00it/s]
937125it [00:45, 20521.34it/s]
939178it [00:46, 18407.48it/s]
941220it [00:46, 18964.30it/s]
943263it [00:46, 19379.43it/s]
945299it [00:46, 19661.09it/s]
947345it [00:46, 19891.09it/s]
949349it [00:46, 19852.98it/s]
951388it [00:46, 20010.67it/s]
953427it [00:46, 20120.41it/s]
955479it [00:46, 20236.53it/s]
957549it [00:46, 20374.22it/s]
959625it [00:47, 20487.33it/s]
961707it [00:47, 20584.40it/s]
963776it [00:47, 20613.98it/s]
965853it [00:47, 20657.78it/s]
967920it [00:47, 20504.19it/s]
969998it [00:47, 20585.59it/s]
972065it [00:47, 20608.89it/s]
974144it [00:47, 20660.98it/s]
976215it [00:47, 20675.16it/s]
978287it [00:47, 20687.49it/s]
980357it [00:48, 20690.10it/s]
982433it [00:48, 20710.71it/s]
984505it [00:48, 20480.84it/s]
986568it [00:48, 20522.47it/s]
988637it [00:48, 20570.96it/s]
990695it [00:48, 20562.52it/s]
992752it [00:48, 20562.81it/s]
994814it [00:48, 20576.97it/s]
996882it [00:48, 20606.05it/s]
998943it [00:48, 20564.37it/s]
1001000it [00:49, 20565.32it/s]
1003057it [00:49, 20553.02it/s]
1005113it [00:49, 20024.64it/s]
1007150it [00:49, 20124.94it/s]
1009192it [00:49, 20212.10it/s]
1011246it [00:49, 20309.31it/s]
1013301it [00:49, 20379.04it/s]
1015368it [00:49, 20465.52it/s]
1017440it [00:49, 20540.21it/s]
1019495it [00:49, 20527.31it/s]
1021554it [00:50, 20544.97it/s]
1023609it [00:50, 20527.69it/s]
1025662it [00:50, 19930.96it/s]
1027684it [00:50, 20014.96it/s]
1029705it [00:50, 20070.42it/s]
1031715it [00:50, 20039.94it/s]
1033728it [00:50, 20064.79it/s]
1035740it [00:50, 20079.81it/s]
1037764it [00:50, 20126.21it/s]
1039780it [00:50, 20134.97it/s]
1041794it [00:51, 20134.60it/s]
1043816it [00:51, 20157.95it/s]
1045832it [00:51, 20143.06it/s]
1047847it [00:51, 19513.91it/s]
1049854it [00:51, 19674.93it/s]
1051854it [00:51, 19769.53it/s]
1053874it [00:51, 19896.55it/s]
1055877it [00:51, 19935.94it/s]
1057872it [00:51, 18993.37it/s]
1059868it [00:52, 19269.92it/s]
1061884it [00:52, 19526.83it/s]
1063884it [00:52, 19664.70it/s]
1065893it [00:52, 19787.72it/s]
1067903it [00:52, 19879.18it/s]
1069894it [00:52, 19751.72it/s]
1071890it [00:52, 19811.85it/s]
1073900it [00:52, 19896.16it/s]
1075903it [00:52, 19932.10it/s]
1077910it [00:52, 19971.19it/s]
1079916it [00:53, 19996.86it/s]
1081917it [00:53, 19996.36it/s]
1083929it [00:53, 20030.86it/s]
1085938it [00:53, 20045.94it/s]
1087943it [00:53, 20003.89it/s]
1089944it [00:53, 19984.61it/s]
1091951it [00:53, 20007.41it/s]
1093952it [00:53, 19949.90it/s]
1095948it [00:53, 19917.45it/s]
1097949it [00:53, 19944.33it/s]
1099944it [00:54, 19938.28it/s]
1101939it [00:54, 19938.70it/s]
1103933it [00:54, 19912.93it/s]
1105926it [00:54, 19915.93it/s]
1107924it [00:54, 19935.00it/s]
1109932it [00:54, 19976.38it/s]
1111935it [00:54, 19990.33it/s]
1113935it [00:54, 19990.38it/s]
1115948it [00:54, 20031.49it/s]
1117952it [00:54, 20002.60it/s]
1119953it [00:55, 19998.26it/s]
1121968it [00:55, 20040.93it/s]
1123973it [00:55, 20009.35it/s]
1125974it [00:55, 19968.51it/s]
1127971it [00:55, 19948.71it/s]
1129969it [00:55, 19955.22it/s]
1131965it [00:55, 19945.49it/s]
1133964it [00:55, 19958.39it/s]
1135978it [00:55, 20011.68it/s]
1137986it [00:55, 20031.88it/s]
1139994it [00:56, 20046.14it/s]
1142000it [00:56, 20049.31it/s]
1144005it [00:56, 20027.19it/s]
1146010it [00:56, 20033.31it/s]
1148016it [00:56, 20039.71it/s]
1150030it [00:56, 20068.35it/s]
1152037it [00:56, 20034.88it/s]
1154046it [00:56, 20049.65it/s]
1156051it [00:56, 20038.16it/s]
1158070it [00:56, 20083.29it/s]
1160084it [00:57, 20097.73it/s]
1162106it [00:57, 20132.88it/s]
1164120it [00:57, 20131.36it/s]
1166144it [00:57, 20162.96it/s]
1168163it [00:57, 20170.75it/s]
1170199it [00:57, 20226.22it/s]
1172231it [00:57, 20253.15it/s]
1174257it [00:57, 20230.88it/s]
1176281it [00:57, 20209.03it/s]
1178302it [00:57, 20183.81it/s]
1180324it [00:58, 20193.22it/s]
1182344it [00:58, 20164.12it/s]
1184367it [00:58, 20181.39it/s]
1186386it [00:58, 20168.36it/s]
1188403it [00:58, 19312.42it/s]
1190419it [00:58, 19556.34it/s]
1192445it [00:58, 19761.04it/s]
1194479it [00:58, 19930.65it/s]
1196498it [00:58, 20006.62it/s]
1198517it [00:58, 20058.24it/s]
1200542it [00:59, 20111.90it/s]
1202557it [00:59, 20122.69it/s]
1204585it [00:59, 20167.38it/s]
1206603it [00:59, 20152.32it/s]
1208624it [00:59, 20167.64it/s]
1210642it [00:59, 20146.83it/s]
1212657it [00:59, 20121.57it/s]
1214670it [00:59, 20117.18it/s]
1216686it [00:59, 20126.90it/s]
1218707it [00:59, 20151.56it/s]
1220724it [01:00, 20154.80it/s]
1222763it [01:00, 20224.81it/s]
1224801it [01:00, 20271.00it/s]
1226839it [01:00, 20300.82it/s]
1228870it [01:00, 20298.40it/s]
1230907it [01:00, 20319.35it/s]
1232939it [01:00, 20298.97it/s]
1234969it [01:00, 20281.99it/s]
1237014it [01:00, 20331.45it/s]
1239055it [01:00, 20353.05it/s]
1241096it [01:01, 20368.05it/s]
1243144it [01:01, 20399.91it/s]
1245190it [01:01, 20417.66it/s]
1247244it [01:01, 20451.64it/s]
1249290it [01:01, 20451.93it/s]
1251339it [01:01, 20460.89it/s]
1253386it [01:01, 20416.81it/s]
1255428it [01:01, 20357.64it/s]
1257464it [01:01, 20346.50it/s]
1259515it [01:01, 20394.78it/s]
1261555it [01:02, 20392.80it/s]
1263605it [01:02, 20422.86it/s]
1265648it [01:02, 20407.07it/s]
1267697it [01:02, 20431.54it/s]
1269744it [01:02, 20441.53it/s]
1271797it [01:02, 20466.53it/s]
1273844it [01:02, 20454.33it/s]
1275900it [01:02, 20485.10it/s]
1277963it [01:02, 20527.13it/s]
1280024it [01:02, 20548.80it/s]
1282081it [01:03, 20554.29it/s]
1284137it [01:03, 20552.44it/s]
1286216it [01:03, 20620.95it/s]
1288295it [01:03, 20668.56it/s]
1290369it [01:03, 20687.91it/s]
1292440it [01:03, 20693.69it/s]
1294510it [01:03, 20689.97it/s]
1296579it [01:03, 20662.51it/s]
1298650it [01:03, 20674.57it/s]
1300726it [01:03, 20698.44it/s]
1302796it [01:04, 20690.60it/s]
1304879it [01:04, 20731.98it/s]
1306953it [01:04, 20714.12it/s]
1309025it [01:04, 20699.38it/s]
1311095it [01:04, 20682.89it/s]
1313174it [01:04, 20714.20it/s]
1315246it [01:04, 20715.43it/s]
1317320it [01:04, 20720.22it/s]
1319393it [01:04, 20700.36it/s]
1321464it [01:04, 20661.30it/s]
1323536it [01:05, 20676.64it/s]
1325612it [01:05, 20701.14it/s]
1327683it [01:05, 20696.85it/s]
1329753it [01:05, 20679.15it/s]
1331821it [01:05, 20650.50it/s]
1333887it [01:05, 20603.67it/s]
1335950it [01:05, 20608.36it/s]
1338011it [01:05, 20383.89it/s]
1340090it [01:05, 20502.93it/s]
1342165it [01:05, 20573.77it/s]
1344233it [01:06, 20603.91it/s]
1346309it [01:06, 20648.63it/s]
1348375it [01:06, 20641.58it/s]
1350440it [01:06, 20610.12it/s]
1352502it [01:06, 20595.47it/s]
1354562it [01:06, 20575.31it/s]
1356621it [01:06, 20576.98it/s]
1358691it [01:06, 20612.56it/s]
1360753it [01:06, 20598.09it/s]
1362813it [01:06, 20594.32it/s]
1364873it [01:07, 20567.98it/s]
1366948it [01:07, 20622.15it/s]
1369011it [01:07, 20570.21it/s]
1371071it [01:07, 20576.33it/s]
1373129it [01:07, 20561.86it/s]
1375186it [01:07, 20559.21it/s]
1377242it [01:07, 20546.33it/s]
1379297it [01:07, 20525.23it/s]
1381353it [01:07, 20534.15it/s]
1383425it [01:07, 20587.72it/s]
1385491it [01:08, 20607.43it/s]
1387552it [01:08, 20589.43it/s]
1389611it [01:08, 20560.41it/s]
1391668it [01:08, 20554.02it/s]
1393724it [01:08, 20554.72it/s]
1395785it [01:08, 20570.35it/s]
1397843it [01:08, 20549.59it/s]
1399906it [01:08, 20571.51it/s]
1401984it [01:08, 20632.21it/s]
1404048it [01:08, 20612.43it/s]
1406118it [01:09, 20638.48it/s]
1408182it [01:09, 20626.03it/s]
1410260it [01:09, 20670.89it/s]
1412330it [01:09, 20677.07it/s]
1414398it [01:09, 20628.41it/s]
1416461it [01:09, 20548.39it/s]
1418531it [01:09, 20590.55it/s]
1420591it [01:09, 20497.33it/s]
1422641it [01:09, 20493.36it/s]
1424699it [01:09, 20518.42it/s]
1426763it [01:10, 20552.88it/s]
1428819it [01:10, 20539.59it/s]
1430902it [01:10, 20623.70it/s]
1432967it [01:10, 20630.21it/s]
1435031it [01:10, 20569.02it/s]
1437088it [01:10, 20553.79it/s]
1439144it [01:10, 20546.16it/s]
1441199it [01:10, 20493.18it/s]
1443249it [01:10, 20475.94it/s]
1445298it [01:10, 20479.86it/s]
1447366it [01:11, 20537.82it/s]
1449444it [01:11, 20609.73it/s]
1451506it [01:11, 20610.45it/s]
1453568it [01:11, 20589.32it/s]
1455627it [01:11, 20580.40it/s]
1457688it [01:11, 20587.73it/s]
1459758it [01:11, 20620.87it/s]
1461821it [01:11, 20613.36it/s]
1463886it [01:11, 20621.75it/s]
1465959it [01:11, 20653.12it/s]
1468044it [01:12, 20709.46it/s]
1470125it [01:12, 20737.16it/s]
1472199it [01:12, 20718.60it/s]
1474276it [01:12, 20731.42it/s]
1476350it [01:12, 20732.68it/s]
1478424it [01:12, 20673.62it/s]
1480492it [01:12, 20665.02it/s]
1482559it [01:12, 20649.66it/s]
1484624it [01:12, 20634.65it/s]
1486699it [01:12, 20667.18it/s]
1488766it [01:13, 20651.88it/s]
1490832it [01:13, 20612.13it/s]
1492901it [01:13, 20632.62it/s]
1494969it [01:13, 20645.09it/s]
1497042it [01:13, 20668.56it/s]
1499116it [01:13, 20687.39it/s]
1501185it [01:13, 20684.05it/s]
1503254it [01:13, 20672.38it/s]
1505322it [01:13, 19671.38it/s]
1507393it [01:13, 19969.76it/s]
1509453it [01:14, 20152.00it/s]
1511538it [01:14, 20357.27it/s]
1513620it [01:14, 20493.95it/s]
1515706it [01:14, 20600.13it/s]
1517794it [01:14, 20681.40it/s]
1519878it [01:14, 20727.49it/s]
1521967it [01:14, 20773.84it/s]
1524059it [01:14, 20816.62it/s]
1526142it [01:14, 20794.70it/s]
1528222it [01:14, 20791.34it/s]
1530302it [01:15, 20745.89it/s]
1532388it [01:15, 20777.10it/s]
1534473it [01:15, 20797.72it/s]
1536554it [01:15, 20801.03it/s]
1538635it [01:15, 20729.90it/s]
1540709it [01:15, 20692.67it/s]
1542790it [01:15, 20725.18it/s]
1544872it [01:15, 20752.03it/s]
1546948it [01:15, 20686.27it/s]
1549017it [01:16, 20677.68it/s]
1551088it [01:16, 20684.80it/s]
1553171it [01:16, 20727.58it/s]
1555244it [01:16, 20727.72it/s]
1557317it [01:16, 20694.43it/s]
1559387it [01:16, 20686.74it/s]
1561460it [01:16, 20699.05it/s]
1563533it [01:16, 20707.87it/s]
1565604it [01:16, 20684.11it/s]
1567673it [01:16, 20662.95it/s]
1569740it [01:17, 20614.29it/s]
1571809it [01:17, 20635.17it/s]
1573873it [01:17, 20607.75it/s]
1575934it [01:17, 20585.40it/s]
1577993it [01:17, 20582.22it/s]
1580054it [01:17, 20588.59it/s]
1582128it [01:17, 20631.21it/s]
1584200it [01:17, 20654.81it/s]
1586272it [01:17, 20672.69it/s]
1588351it [01:17, 20705.10it/s]
1590424it [01:18, 20711.67it/s]
1592496it [01:18, 20631.83it/s]
1594560it [01:18, 20617.62it/s]
1596622it [01:18, 20594.37it/s]
1598682it [01:18, 20588.19it/s]
1600754it [01:18, 20625.40it/s]
1602831it [01:18, 20667.61it/s]
1604913it [01:18, 20711.28it/s]
1606985it [01:18, 20676.89it/s]
1609053it [01:18, 20677.62it/s]
1611136it [01:19, 20722.32it/s]
1613209it [01:19, 20712.56it/s]
1615281it [01:19, 20712.10it/s]
1617364it [01:19, 20747.20it/s]
1619439it [01:19, 20719.03it/s]
1621511it [01:19, 20674.36it/s]
1623579it [01:19, 20660.74it/s]
1625646it [01:19, 20625.47it/s]
1627709it [01:19, 20612.97it/s]
1629771it [01:19, 20609.24it/s]
1631847it [01:20, 20652.23it/s]
1633913it [01:20, 20615.83it/s]
1635980it [01:20, 20630.66it/s]
1638044it [01:20, 20580.18it/s]
1640121it [01:20, 20634.27it/s]
1642194it [01:20, 20660.59it/s]
1644268it [01:20, 20682.89it/s]
1646337it [01:20, 20658.27it/s]
1648406it [01:20, 20667.54it/s]
1650481it [01:20, 20691.19it/s]
1652552it [01:21, 20695.98it/s]
1654636it [01:21, 20737.20it/s]
1656719it [01:21, 20764.68it/s]
1658796it [01:21, 20713.60it/s]
1660868it [01:21, 20594.71it/s]
1662928it [01:21, 20532.62it/s]
1665004it [01:21, 20598.25it/s]
1667064it [01:21, 20593.25it/s]
1669124it [01:21, 20558.32it/s]
1671186it [01:21, 20574.24it/s]
1673252it [01:22, 20598.96it/s]
1675316it [01:22, 20610.08it/s]
1677378it [01:22, 20417.07it/s]
1679421it [01:22, 20418.97it/s]
1681477it [01:22, 20459.57it/s]
1683552it [01:22, 20546.11it/s]
1685632it [01:22, 20620.44it/s]
1687702it [01:22, 20642.62it/s]
1689790it [01:22, 20712.97it/s]
1691862it [01:22, 19213.52it/s]
1693943it [01:23, 19666.96it/s]
1695928it [01:23, 19719.00it/s]
1698007it [01:23, 20031.40it/s]
1700064it [01:23, 20189.27it/s]
1702134it [01:23, 20339.87it/s]
1704213it [01:23, 20472.29it/s]
1706290it [01:23, 20560.54it/s]
1708350it [01:23, 20571.83it/s]
1710425it [01:23, 20623.06it/s]
1712517it [01:23, 20709.16it/s]
1714589it [01:24, 20286.86it/s]
1716664it [01:24, 20422.14it/s]
1718726it [01:24, 20480.21it/s]
1720787it [01:24, 20517.98it/s]
1722855it [01:24, 20565.47it/s]
1724940it [01:24, 20649.09it/s]
1727006it [01:24, 20618.17it/s]
1729073it [01:24, 20631.43it/s]
1731155it [01:24, 20686.61it/s]
1733235it [01:24, 20718.99it/s]
1735308it [01:25, 20296.12it/s]
1737374it [01:25, 20402.71it/s]
1739435it [01:25, 20462.16it/s]
1741508it [01:25, 20540.23it/s]
1743563it [01:25, 20541.69it/s]
1745623it [01:25, 20556.34it/s]
1747711it [01:25, 20652.96it/s]
1749791it [01:25, 20695.43it/s]
1751865it [01:25, 20706.45it/s]
1753948it [01:25, 20740.89it/s]
1756023it [01:26, 20330.67it/s]
1758109it [01:26, 20485.77it/s]
1760165it [01:26, 20507.32it/s]
1762224it [01:26, 20525.51it/s]
1764298it [01:26, 20587.15it/s]
1766371it [01:26, 20629.71it/s]
1768435it [01:26, 20589.84it/s]
1770495it [01:26, 20560.53it/s]
1772560it [01:26, 20584.95it/s]
1774619it [01:26, 20557.55it/s]
1776675it [01:27, 20464.03it/s]
1778734it [01:27, 20501.23it/s]
1780820it [01:27, 20605.95it/s]
1782909it [01:27, 20688.06it/s]
1784982it [01:27, 20699.63it/s]
1787053it [01:27, 20661.07it/s]
1789121it [01:27, 20664.99it/s]
1791188it [01:27, 20649.38it/s]
1793253it [01:27, 20627.96it/s]
1795316it [01:27, 20468.72it/s]
1797383it [01:28, 20528.30it/s]
1799447it [01:28, 20559.36it/s]
1801526it [01:28, 20626.60it/s]
1803595it [01:28, 20645.14it/s]
1805674it [01:28, 20686.01it/s]
1807743it [01:28, 20665.22it/s]
1809811it [01:28, 20667.50it/s]
1811878it [01:28, 20667.47it/s]
1813945it [01:28, 20549.14it/s]
1816022it [01:28, 20613.86it/s]
1818098it [01:29, 20655.19it/s]
1820167it [01:29, 20661.64it/s]
1822261it [01:29, 20742.39it/s]
1824353it [01:29, 20792.64it/s]
1826458it [01:29, 20869.18it/s]
1828554it [01:29, 20894.59it/s]
1830651it [01:29, 20917.07it/s]
1832743it [01:29, 20759.04it/s]
1834848it [01:29, 20845.10it/s]
1836947it [01:29, 20885.18it/s]
1839056it [01:30, 20944.38it/s]
1841154it [01:30, 20952.97it/s]
1843250it [01:30, 20932.13it/s]
1845347it [01:30, 20943.22it/s]
1847453it [01:30, 20977.26it/s]
1849551it [01:30, 20819.61it/s]
1851642it [01:30, 20844.39it/s]
1853729it [01:30, 20851.75it/s]
1855818it [01:30, 20860.85it/s]
1857905it [01:30, 20855.81it/s]
1860012it [01:31, 20916.76it/s]
1862104it [01:31, 20913.53it/s]
1864212it [01:31, 20962.04it/s]
1866311it [01:31, 20970.07it/s]
1868409it [01:31, 20827.39it/s]
1870515it [01:31, 20894.12it/s]
1872621it [01:31, 20941.67it/s]
1874716it [01:31, 20922.75it/s]
1876816it [01:31, 20944.81it/s]
1878917it [01:31, 20962.72it/s]
1881019it [01:32, 20977.52it/s]
1883122it [01:32, 20990.90it/s]
1885225it [01:32, 21002.00it/s]
1887326it [01:32, 20673.65it/s]
1889409it [01:32, 20719.11it/s]
1891496it [01:32, 20762.06it/s]
1893580it [01:32, 20784.97it/s]
1895659it [01:32, 20750.04it/s]
1897738it [01:32, 20760.46it/s]
1899825it [01:32, 20791.41it/s]
1901905it [01:33, 20791.66it/s]
1903985it [01:33, 17936.13it/s]
1905924it [01:33, 18325.27it/s]
1907971it [01:33, 18919.89it/s]
1910032it [01:33, 19399.25it/s]
1912091it [01:33, 19741.46it/s]
1914135it [01:33, 19944.02it/s]
1916171it [01:33, 20063.81it/s]
1918245it [01:33, 20263.10it/s]
1920317it [01:34, 20396.27it/s]
1922388it [01:34, 20489.39it/s]
1924442it [01:34, 19358.78it/s]
1926503it [01:34, 19716.83it/s]
1928564it [01:34, 19973.53it/s]
1930633it [01:34, 20182.74it/s]
1932690it [01:34, 20296.53it/s]
1934771it [01:34, 20447.10it/s]
1936845it [01:34, 20532.06it/s]
1938905it [01:34, 20549.89it/s]
1940969it [01:35, 20576.40it/s]
1943028it [01:35, 20577.97it/s]
1945098it [01:35, 20613.98it/s]
1947166it [01:35, 20632.85it/s]
1949230it [01:35, 20633.29it/s]
1951294it [01:35, 20633.14it/s]
1953358it [01:35, 19240.75it/s]
1955420it [01:35, 19631.54it/s]
1957487it [01:35, 19929.73it/s]
1959548it [01:35, 20127.69it/s]
1961611it [01:36, 20275.34it/s]
1963670it [01:36, 20368.38it/s]
1965714it [01:36, 20386.86it/s]
1967756it [01:36, 20389.76it/s]
1969820it [01:36, 20463.34it/s]
1971878it [01:36, 20497.72it/s]
1973932it [01:36, 20507.79it/s]
1975996it [01:36, 20546.73it/s]
1978052it [01:36, 20530.58it/s]
1980117it [01:36, 20565.75it/s]
1982189it [01:37, 20610.55it/s]
1984252it [01:37, 20613.04it/s]
1986314it [01:37, 19165.62it/s]
1988381it [01:37, 19593.56it/s]
1990451it [01:37, 19911.13it/s]
1992506it [01:37, 20094.43it/s]
1994572it [01:37, 20259.10it/s]
1996626it [01:37, 20341.11it/s]
1998683it [01:37, 20406.17it/s]
2000740it [01:38, 20453.39it/s]
2002790it [01:38, 20466.76it/s]
2004839it [01:38, 20471.48it/s]
2006888it [01:38, 20466.55it/s]
2008944it [01:38, 20491.69it/s]
2010994it [01:38, 20440.03it/s]
2013059it [01:38, 20501.64it/s]
2015120it [01:38, 20530.87it/s]
2017174it [01:38, 19158.60it/s]
2019272it [01:38, 19676.27it/s]
2021377it [01:39, 20073.64it/s]
2023475it [01:39, 20336.72it/s]
2025578it [01:39, 20539.96it/s]
2027678it [01:39, 20675.90it/s]
2029763it [01:39, 20727.12it/s]
2031865it [01:39, 20812.95it/s]
2033968it [01:39, 20875.81it/s]
2036073it [01:39, 20926.14it/s]
2038169it [01:39, 20934.95it/s]
2040275it [01:39, 20971.90it/s]
2042375it [01:40, 20978.17it/s]
2044474it [01:40, 20980.13it/s]
2046575it [01:40, 20986.72it/s]
2048676it [01:40, 20993.44it/s]
2050776it [01:40, 19448.06it/s]
2052883it [01:40, 19906.65it/s]
2054982it [01:40, 20218.57it/s]
2057085it [01:40, 20453.86it/s]
2059185it [01:40, 20613.59it/s]
2061285it [01:40, 20726.84it/s]
2063388it [01:41, 20816.76it/s]
2065495it [01:41, 20888.54it/s]
2067597it [01:41, 20926.35it/s]
2069698it [01:41, 20951.01it/s]
2071795it [01:41, 20946.79it/s]
2073893it [01:41, 20956.09it/s]
2076003it [01:41, 20998.00it/s]
2078104it [01:41, 20969.42it/s]
2080202it [01:41, 20958.56it/s]
2082301it [01:41, 20965.61it/s]
2084408it [01:42, 20994.65it/s]
2086508it [01:42, 20763.98it/s]
2088599it [01:42, 20805.43it/s]
2090701it [01:42, 20866.96it/s]
2092806it [01:42, 20918.98it/s]
2094905it [01:42, 20939.06it/s]
2097000it [01:42, 20935.00it/s]
2099094it [01:42, 20920.11it/s]
2101206it [01:42, 20978.11it/s]
2103318it [01:42, 21017.36it/s]
2105420it [01:43, 19619.18it/s]
2107507it [01:43, 19974.44it/s]
2109604it [01:43, 20260.58it/s]
2111686it [01:43, 20423.78it/s]
2113769it [01:43, 20540.05it/s]
2115852it [01:43, 20624.65it/s]
2117940it [01:43, 20699.82it/s]
2120024it [01:43, 20740.22it/s]
2122110it [01:43, 20773.98it/s]
2124195it [01:44, 20793.86it/s]
2126284it [01:44, 20821.62it/s]
2128375it [01:44, 20846.85it/s]
2130461it [01:44, 20845.19it/s]
2132550it [01:44, 20857.41it/s]
2134637it [01:44, 20846.81it/s]
2136722it [01:44, 20427.90it/s]
2138794it [01:44, 20511.82it/s]
2140880it [01:44, 20613.91it/s]
2142943it [01:44, 17839.22it/s]
2145025it [01:45, 18640.44it/s]
2147103it [01:45, 19233.00it/s]
2149186it [01:45, 19684.41it/s]
2151264it [01:45, 20000.16it/s]
2153331it [01:45, 20193.88it/s]
2155370it [01:45, 20250.12it/s]
2157470it [01:45, 20471.01it/s]
2159555it [01:45, 20582.48it/s]
2161625it [01:45, 20614.91it/s]
2163707it [01:45, 20673.69it/s]
2165784it [01:46, 20700.20it/s]
2167857it [01:46, 20696.87it/s]
2169929it [01:46, 20654.09it/s]
2171996it [01:46, 20642.67it/s]
2174062it [01:46, 20442.36it/s]
2176130it [01:46, 20510.47it/s]
2178193it [01:46, 20543.42it/s]
2180275it [01:46, 20625.66it/s]
2182372it [01:46, 20727.01it/s]
2184452it [01:46, 20748.12it/s]
2186528it [01:47, 20738.43it/s]
2188603it [01:47, 20733.77it/s]
2190683it [01:47, 20752.52it/s]
2192759it [01:47, 20475.11it/s]
2194818it [01:47, 20508.63it/s]
2196881it [01:47, 20543.38it/s]
2198952it [01:47, 20592.89it/s]
2201030it [01:47, 20646.03it/s]
2203105it [01:47, 20676.97it/s]
2205192it [01:47, 20734.07it/s]
2207266it [01:48, 20727.72it/s]
2209339it [01:48, 20721.17it/s]
2211412it [01:48, 20183.46it/s]
2213455it [01:48, 20254.48it/s]
2215499it [01:48, 20306.61it/s]
2217537it [01:48, 20325.53it/s]
2219579it [01:48, 20351.96it/s]
2221633it [01:48, 20404.69it/s]
2223683it [01:48, 20429.88it/s]
2225744it [01:48, 20477.47it/s]
2227811it [01:49, 20533.13it/s]
2229889it [01:49, 20603.89it/s]
2231971it [01:49, 20666.12it/s]
2234038it [01:49, 20067.45it/s]
2236085it [01:49, 20184.36it/s]
2238134it [01:49, 20274.53it/s]
2240178it [01:49, 20321.86it/s]
2242226it [01:49, 20366.83it/s]
2244270it [01:49, 20387.71it/s]
2246320it [01:49, 20419.93it/s]
2248368it [01:50, 20436.21it/s]
2250428it [01:50, 20482.38it/s]
2252477it [01:50, 20481.04it/s]
2254527it [01:50, 20485.26it/s]
2256576it [01:50, 19779.74it/s]
2258595it [01:50, 19897.10it/s]
2260616it [01:50, 19988.03it/s]
2262618it [01:50, 19968.27it/s]
2264617it [01:50, 19960.26it/s]
2266615it [01:51, 19957.30it/s]
2268612it [01:51, 19936.48it/s]
2270628it [01:51, 20002.85it/s]
2272640it [01:51, 20034.26it/s]
2274644it [01:51, 20034.62it/s]
2276657it [01:51, 20060.99it/s]
2278664it [01:51, 19812.75it/s]
2280668it [01:51, 19878.17it/s]
2282679it [01:51, 19943.88it/s]
2284684it [01:51, 19973.93it/s]
2286682it [01:52, 19955.61it/s]
2288678it [01:52, 19956.22it/s]
2290682it [01:52, 19979.36it/s]
2292681it [01:52, 19954.74it/s]
2294691it [01:52, 19996.37it/s]
2296696it [01:52, 20011.26it/s]
2298705it [01:52, 20033.20it/s]
2300713it [01:52, 20044.53it/s]
2302732it [01:52, 20087.71it/s]
2304745it [01:52, 20099.42it/s]
2306758it [01:53, 20107.71it/s]
2308769it [01:53, 20098.77it/s]
2310779it [01:53, 20055.16it/s]
2312796it [01:53, 20086.97it/s]
2314820it [01:53, 20130.78it/s]
2316848it [01:53, 20173.22it/s]
2318870it [01:53, 20185.25it/s]
2320889it [01:53, 20180.17it/s]
2322908it [01:53, 20109.59it/s]
2324920it [01:53, 20106.31it/s]
2326947it [01:54, 20152.49it/s]
2328963it [01:54, 19927.91it/s]
2330985it [01:54, 20013.77it/s]
2333010it [01:54, 20083.03it/s]
2335033it [01:54, 20125.03it/s]
2337054it [01:54, 20150.15it/s]
2339082it [01:54, 20186.76it/s]
2341101it [01:54, 20178.76it/s]
2343126it [01:54, 20197.58it/s]
2345154it [01:54, 20219.52it/s]
2347177it [01:55, 19981.89it/s]
2349197it [01:55, 20045.33it/s]
2351216it [01:55, 20086.89it/s]
2353234it [01:55, 20114.43it/s]
2355265it [01:55, 20171.25it/s]
2357285it [01:55, 20179.22it/s]
2359305it [01:55, 20182.74it/s]
2361328it [01:55, 20196.28it/s]
2363363it [01:55, 20241.34it/s]
2365388it [01:55, 19809.88it/s]
2367413it [01:56, 19938.58it/s]
2369452it [01:56, 20069.31it/s]
2371478it [01:56, 20125.45it/s]
2373518it [01:56, 20206.93it/s]
2375548it [01:56, 20234.43it/s]
2377585it [01:56, 20273.36it/s]
2379619it [01:56, 20293.09it/s]
2381665it [01:56, 20341.46it/s]
2383714it [01:56, 20384.84it/s]
2385753it [01:56, 19958.97it/s]
2387795it [01:57, 20092.50it/s]
2389822it [01:57, 20142.68it/s]
2391855it [01:57, 20198.25it/s]
2393881it [01:57, 20213.95it/s]
2395910it [01:57, 20234.97it/s]
2397953it [01:57, 20291.74it/s]
2400003it [01:57, 20352.44it/s]
2402048it [01:57, 20379.32it/s]
2404090it [01:57, 20390.13it/s]
2406130it [01:57, 19999.35it/s]
2408159it [01:58, 20082.81it/s]
2410169it [01:58, 18508.54it/s]
2412213it [01:58, 19049.50it/s]
2414254it [01:58, 19437.01it/s]
2416291it [01:58, 19707.76it/s]
2418315it [01:58, 19860.65it/s]
2420349it [01:58, 20001.37it/s]
2422382it [01:58, 20098.36it/s]
2424404it [01:58, 20133.94it/s]
2426421it [01:58, 20005.48it/s]
2428453it [01:59, 20098.60it/s]
2430497it [01:59, 20199.63it/s]
2432547it [01:59, 20286.54it/s]
2434579it [01:59, 20296.06it/s]
2436610it [01:59, 20280.94it/s]
2438643it [01:59, 20295.29it/s]
2440695it [01:59, 20359.78it/s]
2442732it [01:59, 20224.69it/s]
2444777it [01:59, 20291.02it/s]
2446829it [01:59, 20356.78it/s]
2448887it [02:00, 20422.01it/s]
2450938it [02:00, 20447.94it/s]
2452997it [02:00, 20489.24it/s]
2455056it [02:00, 20519.02it/s]
2457108it [02:00, 20491.17it/s]
2459158it [02:00, 20401.50it/s]
2461199it [02:00, 20216.81it/s]
2463229it [02:00, 20241.27it/s]
2465257it [02:00, 20251.20it/s]
2467288it [02:00, 20265.97it/s]
2469320it [02:01, 20279.95it/s]
2471354it [02:01, 20295.68it/s]
2473397it [02:01, 20334.17it/s]
2475439it [02:01, 20357.69it/s]
2477484it [02:01, 20384.78it/s]
2479523it [02:01, 20232.74it/s]
2481558it [02:01, 20265.01it/s]
2483600it [02:01, 20310.17it/s]
2485642it [02:01, 20341.34it/s]
2487682it [02:01, 20355.87it/s]
2489718it [02:02, 20353.26it/s]
2491754it [02:02, 20352.66it/s]
2493792it [02:02, 20357.95it/s]
2495828it [02:02, 20202.30it/s]
2497880it [02:02, 20294.80it/s]
2499929it [02:02, 20351.28it/s]
2501973it [02:02, 20374.91it/s]
2504015it [02:02, 20387.51it/s]
2506071it [02:02, 20437.36it/s]
2508142it [02:02, 20516.70it/s]
2510194it [02:03, 20517.02it/s]
2512251it [02:03, 20530.14it/s]
2514305it [02:03, 20413.80it/s]
2516363it [02:03, 20460.92it/s]
2518430it [02:03, 20522.22it/s]
2520490it [02:03, 20543.44it/s]
2522545it [02:03, 20533.14it/s]
2524607it [02:03, 20558.38it/s]
2526663it [02:03, 20546.60it/s]
2528718it [02:03, 20521.84it/s]
2530771it [02:04, 20212.17it/s]
2532832it [02:04, 20329.75it/s]
2534886it [02:04, 20391.27it/s]
2536934it [02:04, 20415.43it/s]
2538993it [02:04, 20465.11it/s]
2541065it [02:04, 20539.20it/s]
2543130it [02:04, 20569.23it/s]
2545195it [02:04, 20590.28it/s]
2547275it [02:04, 20651.59it/s]
2549348it [02:04, 20673.20it/s]
2551416it [02:05, 20137.79it/s]
2553448it [02:05, 20190.59it/s]
2555480it [02:05, 20227.45it/s]
2557516it [02:05, 20264.29it/s]
2559558it [02:05, 20308.73it/s]
2561597it [02:05, 20330.43it/s]
2563647it [02:05, 20378.69it/s]
2565709it [02:05, 20449.17it/s]
2567772it [02:05, 20501.05it/s]
2569832it [02:06, 20528.98it/s]
2571886it [02:06, 19390.98it/s]
2573947it [02:06, 19740.51it/s]
2576018it [02:06, 20020.73it/s]
2578085it [02:06, 20210.76it/s]
2580158it [02:06, 20363.55it/s]
2582221it [02:06, 20442.56it/s]
2584274it [02:06, 20466.71it/s]
2586336it [02:06, 20511.90it/s]
2588409it [02:06, 20576.25it/s]
2590487it [02:07, 20635.73it/s]
2592552it [02:07, 20638.58it/s]
2594617it [02:07, 20597.10it/s]
2596690it [02:07, 20636.28it/s]
2598764it [02:07, 20666.76it/s]
2600831it [02:07, 19262.59it/s]
2602904it [02:07, 19680.58it/s]
2604972it [02:07, 19967.00it/s]
2607029it [02:07, 20140.36it/s]
2609106it [02:07, 20325.14it/s]
2611180it [02:08, 20447.53it/s]
2613259it [02:08, 20545.79it/s]
2615330it [02:08, 20594.03it/s]
2617395it [02:08, 20609.77it/s]
2619467it [02:08, 20641.05it/s]
2621533it [02:08, 20636.23it/s]
2623598it [02:08, 20633.49it/s]
2625676it [02:08, 20675.93it/s]
2627745it [02:08, 20677.17it/s]
2629814it [02:08, 20677.67it/s]
2631882it [02:09, 19163.29it/s]
2633959it [02:09, 19617.47it/s]
2636021it [02:09, 19906.36it/s]
2638081it [02:09, 20108.40it/s]
2640150it [02:09, 20278.81it/s]
2642224it [02:09, 20414.31it/s]
2644306it [02:09, 20533.04it/s]
2646384it [02:09, 20605.63it/s]
2648463it [02:09, 20659.41it/s]
2650558it [02:09, 20745.47it/s]
2652652it [02:10, 20801.47it/s]
2654734it [02:10, 20801.95it/s]
2656815it [02:10, 20785.72it/s]
2658895it [02:10, 20738.86it/s]
2660970it [02:10, 20713.05it/s]
2663042it [02:10, 19272.31it/s]
2665120it [02:10, 19699.05it/s]
2667204it [02:10, 20027.55it/s]
2669291it [02:10, 20271.23it/s]
2671366it [02:11, 20409.68it/s]
2673439it [02:11, 20501.68it/s]
2675506it [02:11, 20549.89it/s]
2677575it [02:11, 20588.58it/s]
2679637it [02:11, 20557.30it/s]
2681714it [02:11, 20618.95it/s]
2683789it [02:11, 20657.30it/s]
2685865it [02:11, 20685.09it/s]
2687946it [02:11, 20720.54it/s]
2690019it [02:11, 20707.61it/s]
2692095it [02:12, 20721.13it/s]
2694169it [02:12, 20726.30it/s]
2696242it [02:12, 19246.84it/s]
2698329it [02:12, 19706.98it/s]
2700423it [02:12, 20061.36it/s]
2702514it [02:12, 20307.36it/s]
2704597it [02:12, 20459.83it/s]
2706687it [02:12, 20589.20it/s]
2708783it [02:12, 20696.31it/s]
2710857it [02:13, 16298.90it/s]
2712949it [02:13, 17457.42it/s]
2715037it [02:13, 18358.54it/s]
2717134it [02:13, 19073.21it/s]
2719224it [02:13, 19586.04it/s]
2721304it [02:13, 19932.53it/s]
2723388it [02:13, 20192.97it/s]
2725477it [02:13, 20395.57it/s]
2727539it [02:13, 20222.52it/s]
2729631it [02:13, 20425.45it/s]
2731736it [02:14, 20609.74it/s]
2733819it [02:14, 20674.65it/s]
2735893it [02:14, 20685.05it/s]
2737984it [02:14, 20749.57it/s]
2740074it [02:14, 20793.04it/s]
2742166it [02:14, 20829.31it/s]
2744255it [02:14, 20845.33it/s]
2746349it [02:14, 20872.36it/s]
2748437it [02:14, 19499.19it/s]
2750520it [02:14, 19878.69it/s]
2752582it [02:15, 20091.07it/s]
2754646it [02:15, 20249.64it/s]
2756712it [02:15, 20370.40it/s]
2758780it [02:15, 20461.62it/s]
2760841it [02:15, 20503.32it/s]
2762909it [02:15, 20554.24it/s]
2764972it [02:15, 20574.84it/s]
2767048it [02:15, 20629.03it/s]
2769124it [02:15, 20667.45it/s]
2771201it [02:15, 20697.48it/s]
2773279it [02:16, 20721.75it/s]
2775353it [02:16, 20726.53it/s]
2777426it [02:16, 20718.57it/s]
2779499it [02:16, 20356.36it/s]
2781579it [02:16, 20485.09it/s]
2783663it [02:16, 20589.22it/s]
2785735it [02:16, 20627.88it/s]
2787812it [02:16, 20668.40it/s]
2789890it [02:16, 20699.00it/s]
2791968it [02:16, 20721.57it/s]
2794041it [02:17, 20698.38it/s]
2796112it [02:17, 20651.59it/s]
2798178it [02:17, 20611.12it/s]
2800240it [02:17, 20492.70it/s]
2802313it [02:17, 20560.91it/s]
2804394it [02:17, 20635.15it/s]
2806459it [02:17, 20638.73it/s]
2808541it [02:17, 20691.57it/s]
2810634it [02:17, 20760.89it/s]
2812711it [02:17, 20744.32it/s]
2814789it [02:18, 20752.29it/s]
2816865it [02:18, 20627.38it/s]
2818942it [02:18, 20667.25it/s]
2821023it [02:18, 20707.71it/s]
2823095it [02:18, 20709.84it/s]
2825182it [02:18, 20756.87it/s]
2827263it [02:18, 20772.57it/s]
2829359it [02:18, 20826.03it/s]
2831442it [02:18, 20821.69it/s]
2833526it [02:18, 20826.65it/s]
2835609it [02:19, 20564.30it/s]
2837674it [02:19, 20588.57it/s]
2839748it [02:19, 20631.38it/s]
2841820it [02:19, 20656.13it/s]
2843892it [02:19, 20674.39it/s]
2845971it [02:19, 20706.99it/s]
2848042it [02:19, 20697.99it/s]
2850119it [02:19, 20717.70it/s]
2852191it [02:19, 20712.24it/s]
2854263it [02:19, 20192.66it/s]
2856304it [02:20, 20253.89it/s]
2858343it [02:20, 20292.10it/s]
2860380it [02:20, 20312.64it/s]
2862417it [02:20, 20329.19it/s]
2864451it [02:20, 20328.60it/s]
2866485it [02:20, 20325.13it/s]
2868524it [02:20, 20342.45it/s]
2870564it [02:20, 20356.59it/s]
2872604it [02:20, 20369.15it/s]
2874642it [02:20, 19829.96it/s]
2876667it [02:21, 19950.40it/s]
2878697it [02:21, 20053.51it/s]
2880721it [02:21, 20107.08it/s]
2882758it [02:21, 20185.02it/s]
2884785it [02:21, 20209.89it/s]
2886814it [02:21, 20232.42it/s]
2888847it [02:21, 20260.66it/s]
2890885it [02:21, 20296.25it/s]
2892915it [02:21, 20280.74it/s]
2894953it [02:21, 20308.53it/s]
2896984it [02:22, 19628.42it/s]
2898993it [02:22, 19762.85it/s]
2901006it [02:22, 19868.24it/s]
2903012it [02:22, 19924.56it/s]
2905019it [02:22, 19967.07it/s]
2907030it [02:22, 20006.85it/s]
2909032it [02:22, 19981.57it/s]
2911038it [02:22, 20004.01it/s]
2913040it [02:22, 20007.74it/s]
2915042it [02:22, 20002.85it/s]
2918439it [02:23, 24184.32it/s]
2927438it [02:23, 43900.83it/s]
2936665it [02:23, 20493.53it/s]
INFO:root:test max cliques 2916612, nested cliques 20053
INFO:root:test real max cliques in search universe: 41
INFO:root:test real smaller cliques in search universe: 93 93
INFO:root:Our Performance: precision 0.0001, recall 0.2661, f1 0.0001 jaccard 0.0001
INFO:root:Baseline: Bayesian-MDL skipped (disabled for this runtime).
INFO:root:Baseline: Max Clique precision 0.0000, recall 0.1881, f1 0.0000, jaccard 0.0000 
INFO:root:Baseline: ECC precision 0.0523, recall 0.1651, f1 0.0795, jaccard 0.0414 
INFO:root:Baseline: Demon precision 0.0237, recall 0.0505, f1 0.0322, jaccard 0.0164 
INFO:root:Baseline: CFinder skipped (disabled for channel-SNR benchmark).
(4121, 9) (4121,) 72
