INFO:root:Create log file at log/school2/school2-60000-cou-1788866183.8580184.log
INFO:root:Command line executed: python main.py --dataset school2 --beta 60000 --features count --channel rayleigh --snr_db 20
INFO:root:Full args parsed:
INFO:root:Namespace(dataset='school2', beta=60000, features='count', model='mlp', epochs=2000, lr=0.0001, setting='f', label_rate=0.1, ablation=0, seed=123, use_c=1, jobs=1, save_features=0, data_dir='./data/', log_dir='log', downsample=0, max_child_size=1, ext=0, channel='rayleigh', snr_db=20.0, channel_seed=123, max_background_pairs=10000)
INFO:root:Finish loading graphs.
INFO:root:Nodes train: 327, test: 327
INFO:root:Simplicies train: 3909, test: 3909
INFO:root:Channel rayleigh at 20.0 dB: test projection edges 3806 -> 3863
INFO:root:Start computing cliques
INFO:root:Couldn't find cache for max cliques train
INFO:root:Number of maximum cliques:3513
INFO:root:Couldn't find cache for max cliques test
INFO:root:Number of maximum cliques:3388
INFO:root:test nodes 327 hyperedges 3909 avg size 2.3210539779994885 std 0.5232084288484576 avg degree 27.74617737003058 max cliques 3388
INFO:root:Breakdown of test hyperedges (max+small) 153 + 3756
INFO:root:Intersection 143 out of 1034 3388
INFO:root:support cliques train:970 - test: 1034
INFO:root:Optimizing clique sampler .. 
INFO:root:Found cache for rho.
INFO:root:[(2, 2), (3, 2), (4, 2), (11, 2), (5, 2), (4, 3), (3, 3), (11, 3), (5, 3), (9, 2), (6, 3), (4, 4), (6, 2), (9, 3)]
INFO:root:Optimize Clique Sampler: #hyperedges collected:3568, recall: 0.9127654131491431, efficiency:0.05946666666666667
INFO:root:Clique analysis done.
INFO:root:train: 14680 unique candidates out of 59994 sampled candidates
Note: to be able to use all crisp methods, you need to install some additional packages:  {'graph_tool', 'wurlitzer', 'leidenalg', 'bayanpy', 'infomap'}
Note: to be able to use all crisp methods, you need to install some additional packages:  {'torch', 'hidef', 'pyclustering', 'ASLPAw'}
Note: to be able to use all crisp methods, you need to install some additional packages:  {'wurlitzer', 'scikit-network', 'infomap', 'leidenalg'}
Sanity check failed, reindexing the hypergraphs ...
Sanity check failed, reindexing the hypergraphs ...
number of nodes in construct graph 327
number of nodes in construct graph 327
(0, 0), (139, 139), (1222, 768), (3904, 1541), (4179, 1609), (10109, 2303), (11897, 2441), (12258, 2467), (13083, 2511), (19013, 2785), (25205, 2982), (39165, 3285), (39612, 3293), (50082, 3473), 
(0, 0), (172, 117), (1303, 722), (4195, 1596), (4360, 1635), (10610, 2320), (12538, 2456), (12915, 2486), (13410, 2508), (19660, 2801), (22072, 2910), (38532, 3231), (39014, 3237), (51359, 3477), 

0it [00:00, ?it/s]
17246it [00:00, 236722.98it/s]
INFO:root:test: 14310 unique candidates out of 55139 sampled candidates

0it [00:00, ?it/s]
16667it [00:00, 242962.78it/s]
INFO:root:test max cliques 3388, nested cliques 13279
INFO:root:test real max cliques in search universe: 153
INFO:root:test real smaller cliques in search universe: 3396 3396
INFO:root:Our Performance: precision 0.7049, recall 0.6789, f1 0.6917 jaccard 0.5287
INFO:root:Baseline: Bayesian-MDL skipped (disabled for this runtime).
INFO:root:Baseline: Max Clique precision 0.0452, recall 0.0391, f1 0.0419, jaccard 0.0214 
INFO:root:Baseline: ECC precision 0.3043, recall 0.0803, f1 0.1271, jaccard 0.0679 
INFO:root:Baseline: Demon precision 0.2317, recall 0.0299, f1 0.0530, jaccard 0.0272 
INFO:root:Baseline: CFinder skipped (disabled for channel-SNR benchmark).
(13733, 9) (13733,) 3428
