INFO:root:Create log file at log/school2/school2-60000-cou-1788866157.7862964.log
INFO:root:Command line executed: python main.py --dataset school2 --beta 60000 --features count --channel rayleigh --snr_db 2
INFO:root:Full args parsed:
INFO:root:Namespace(dataset='school2', beta=60000, features='count', model='mlp', epochs=2000, lr=0.0001, setting='f', label_rate=0.1, ablation=0, seed=123, use_c=1, jobs=1, save_features=0, data_dir='./data/', log_dir='log', downsample=0, max_child_size=1, ext=0, channel='rayleigh', snr_db=2.0, channel_seed=123, max_background_pairs=10000)
INFO:root:Finish loading graphs.
INFO:root:Nodes train: 327, test: 327
INFO:root:Simplicies train: 3909, test: 3909
INFO:root:Channel rayleigh at 2.0 dB: test projection edges 3806 -> 5157
INFO:root:Start computing cliques
INFO:root:Couldn't find cache for max cliques train
INFO:root:Number of maximum cliques:3513
INFO:root:Couldn't find cache for max cliques test
INFO:root:Number of maximum cliques:4622
INFO:root:test nodes 327 hyperedges 3909 avg size 2.3210539779994885 std 0.5232084288484576 avg degree 27.74617737003058 max cliques 4622
INFO:root:Breakdown of test hyperedges (max+small) 63 + 3846
INFO:root:Intersection 46 out of 1946 4622
INFO:root:support cliques train:970 - test: 1946
INFO:root:Optimizing clique sampler .. 
INFO:root:Found cache for rho.
INFO:root:[(2, 2), (3, 2), (4, 2), (11, 2), (5, 2), (4, 3), (3, 3), (11, 3), (5, 3), (9, 2), (6, 3), (4, 4), (6, 2), (9, 3)]
INFO:root:Optimize Clique Sampler: #hyperedges collected:3568, recall: 0.9127654131491431, efficiency:0.05946666666666667
INFO:root:Clique analysis done.
INFO:root:train: 14680 unique candidates out of 59994 sampled candidates
Note: to be able to use all crisp methods, you need to install some additional packages:  {'leidenalg', 'wurlitzer', 'bayanpy', 'graph_tool', 'infomap'}
Note: to be able to use all crisp methods, you need to install some additional packages:  {'ASLPAw', 'hidef', 'torch', 'pyclustering'}
Note: to be able to use all crisp methods, you need to install some additional packages:  {'leidenalg', 'wurlitzer', 'infomap', 'scikit-network'}
Sanity check failed, reindexing the hypergraphs ...
Sanity check failed, reindexing the hypergraphs ...
number of nodes in construct graph 327
number of nodes in construct graph 327
(0, 0), (139, 139), (1222, 768), (3904, 1541), (4179, 1609), (10109, 2303), (11897, 2441), (12258, 2467), (13083, 2511), (19013, 2785), (25205, 2982), (39165, 3285), (39612, 3293), (50082, 3473), 
(0, 0), (221, 26), (6905, 1396), (14303, 2032), (14303, 2032), (20833, 2128), (25765, 2322), (27993, 2354), (27993, 2354), (34523, 2528), (34631, 2529), (39131, 2580), (40364, 2585), (43739, 2603), 

0it [00:00, ?it/s]
17246it [00:00, 209792.45it/s]
INFO:root:test: 15630 unique candidates out of 43907 sampled candidates

0it [00:00, ?it/s]
16570it [00:00, 263835.77it/s]
INFO:root:test max cliques 4622, nested cliques 11948
INFO:root:test real max cliques in search universe: 63
INFO:root:test real smaller cliques in search universe: 2544 2544
INFO:root:Our Performance: precision 0.4161, recall 0.5477, f1 0.4729 jaccard 0.3097
INFO:root:Baseline: Bayesian-MDL skipped (disabled for this runtime).
INFO:root:Baseline: Max Clique precision 0.0136, recall 0.0161, f1 0.0148, jaccard 0.0074 
INFO:root:Baseline: ECC precision 0.0836, recall 0.0417, f1 0.0557, jaccard 0.0286 
INFO:root:Baseline: Demon precision 0.0387, recall 0.0067, f1 0.0114, jaccard 0.0057 
INFO:root:Baseline: CFinder skipped (disabled for channel-SNR benchmark).
(13733, 9) (13733,) 3428
