INFO:root:Create log file at log/school/school-350000-cou-1788866120.5426617.log
INFO:root:Command line executed: python main.py --dataset school --beta 350000 --features count --channel rayleigh --snr_db 16
INFO:root:Full args parsed:
INFO:root:Namespace(dataset='school', beta=350000, features='count', model='mlp', epochs=2000, lr=0.0001, setting='f', label_rate=0.1, ablation=0, seed=123, use_c=1, jobs=1, save_features=0, data_dir='./data/', log_dir='log', downsample=0, max_child_size=1, ext=0, channel='rayleigh', snr_db=16.0, channel_seed=123, max_background_pairs=10000)
INFO:root:Finish loading graphs.
INFO:root:Nodes train: 242, test: 242
INFO:root:Simplicies train: 6352, test: 6352
INFO:root:Channel rayleigh at 16.0 dB: test projection edges 5710 -> 5848
INFO:root:Start computing cliques
INFO:root:Couldn't find cache for max cliques train
INFO:root:Number of maximum cliques:15119
INFO:root:Couldn't find cache for max cliques test
INFO:root:Number of maximum cliques:15742
INFO:root:test nodes 242 hyperedges 6352 avg size 2.420654911838791 std 0.5512194626711862 avg degree 63.53719008264463 max cliques 15742
INFO:root:Breakdown of test hyperedges (max+small) 11 + 6341
INFO:root:Intersection 6 out of 1058 15742
INFO:root:support cliques train:934 - test: 1058
INFO:root:Optimizing clique sampler .. 
INFO:root:Found cache for rho.
INFO:root:[(2, 2), (3, 2), (4, 2), (5, 2), (16, 2), (3, 3), (4, 3), (16, 3), (13, 2), (5, 3), (13, 3), (12, 2), (6, 3), (6, 2), (8, 3), (9, 2)]
INFO:root:Optimize Clique Sampler: #hyperedges collected:5807, recall: 0.9142002518891688, efficiency:0.016591428571428573
INFO:root:Clique analysis done.
INFO:root:train: 41928 unique candidates out of 349993 sampled candidates
Note: to be able to use all crisp methods, you need to install some additional packages:  {'infomap', 'wurlitzer', 'leidenalg', 'graph_tool', 'bayanpy'}
Note: to be able to use all crisp methods, you need to install some additional packages:  {'pyclustering', 'ASLPAw', 'hidef', 'torch'}
Note: to be able to use all crisp methods, you need to install some additional packages:  {'scikit-network', 'infomap', 'leidenalg', 'wurlitzer'}
Sanity check failed, reindexing the hypergraphs ...
Sanity check failed, reindexing the hypergraphs ...
number of nodes in construct graph 242
number of nodes in construct graph 242
(0, 0), (6, 6), (522, 339), (5376, 1830), (23846, 3047), (26366, 3136), (26538, 3142), (29774, 3220), (41534, 3476), (51596, 3684), (70066, 4019), (106960, 4456), (126364, 4625), (183864, 5122), (226989, 5355), (346213, 5802), 
(0, 0), (17, 4), (761, 390), (6857, 2001), (31187, 3166), (31187, 3166), (31435, 3171), (35499, 3251), (35499, 3251), (44235, 3318), (68565, 3797), (100597, 4049), (113071, 4117), (177111, 4598), (225141, 4830), (340501, 5403), 

0it [00:00, ?it/s]
13098it [00:00, 130962.02it/s]
37036it [00:00, 194725.06it/s]
56869it [00:00, 206060.08it/s]
INFO:root:test: 40760 unique candidates out of 344713 sampled candidates

0it [00:00, ?it/s]
13727it [00:00, 137254.42it/s]
37367it [00:00, 195560.12it/s]
56237it [00:00, 205249.04it/s]
INFO:root:test max cliques 15742, nested cliques 40495
INFO:root:test real max cliques in search universe: 11
INFO:root:test real smaller cliques in search universe: 5493 5493
INFO:root:Our Performance: precision 0.6434, recall 0.5652, f1 0.6017 jaccard 0.4304
INFO:root:Baseline: Bayesian-MDL skipped (disabled for this runtime).
INFO:root:Baseline: Max Clique precision 0.0007, recall 0.0017, f1 0.0010, jaccard 0.0005 
INFO:root:Baseline: ECC precision 0.1092, recall 0.0168, f1 0.0292, jaccard 0.0148 
INFO:root:Baseline: Demon precision 0.0152, recall 0.0006, f1 0.0012, jaccard 0.0006 
INFO:root:Baseline: CFinder skipped (disabled for channel-SNR benchmark).
(41750, 9) (41750,) 5823
