INFO:root:Create log file at log/school/school-350000-cou-1788866086.6042295.log
INFO:root:Command line executed: python main.py --dataset school --beta 350000 --features count --channel rayleigh --snr_db 10
INFO:root:Full args parsed:
INFO:root:Namespace(dataset='school', beta=350000, features='count', model='mlp', epochs=2000, lr=0.0001, setting='f', label_rate=0.1, ablation=0, seed=123, use_c=1, jobs=1, save_features=0, data_dir='./data/', log_dir='log', downsample=0, max_child_size=1, ext=0, channel='rayleigh', snr_db=10.0, channel_seed=123, max_background_pairs=10000)
INFO:root:Finish loading graphs.
INFO:root:Nodes train: 242, test: 242
INFO:root:Simplicies train: 6352, test: 6352
INFO:root:Channel rayleigh at 10.0 dB: test projection edges 5710 -> 6101
INFO:root:Start computing cliques
INFO:root:Couldn't find cache for max cliques train
INFO:root:Number of maximum cliques:15119
INFO:root:Couldn't find cache for max cliques test
INFO:root:Number of maximum cliques:16546
INFO:root:test nodes 242 hyperedges 6352 avg size 2.420654911838791 std 0.5512194626711862 avg degree 63.53719008264463 max cliques 16546
INFO:root:Breakdown of test hyperedges (max+small) 4 + 6348
INFO:root:Intersection 2 out of 1244 16546
INFO:root:support cliques train:934 - test: 1244
INFO:root:Optimizing clique sampler .. 
INFO:root:Found cache for rho.
INFO:root:[(2, 2), (3, 2), (4, 2), (5, 2), (16, 2), (3, 3), (4, 3), (16, 3), (13, 2), (5, 3), (13, 3), (12, 2), (6, 3), (6, 2), (8, 3), (9, 2)]
INFO:root:Optimize Clique Sampler: #hyperedges collected:5807, recall: 0.9142002518891688, efficiency:0.016591428571428573
INFO:root:Clique analysis done.
INFO:root:train: 41928 unique candidates out of 349993 sampled candidates
Note: to be able to use all crisp methods, you need to install some additional packages:  {'wurlitzer', 'bayanpy', 'graph_tool', 'leidenalg', 'infomap'}
Note: to be able to use all crisp methods, you need to install some additional packages:  {'torch', 'pyclustering', 'ASLPAw', 'hidef'}
Note: to be able to use all crisp methods, you need to install some additional packages:  {'scikit-network', 'wurlitzer', 'leidenalg', 'infomap'}
Sanity check failed, reindexing the hypergraphs ...
Sanity check failed, reindexing the hypergraphs ...
number of nodes in construct graph 242
number of nodes in construct graph 242
(0, 0), (6, 6), (522, 339), (5376, 1830), (23846, 3047), (26366, 3136), (26538, 3142), (29774, 3220), (41534, 3476), (51596, 3684), (70066, 4019), (106960, 4456), (126364, 4625), (183864, 5122), (226989, 5355), (346213, 5802), 
(0, 0), (15, 2), (1362, 489), (10962, 2379), (45892, 3310), (45892, 3310), (46341, 3311), (52741, 3419), (52741, 3419), (53131, 3431), (88061, 3936), (89491, 3997), (94375, 4025), (172935, 4607), (231855, 4745), (342007, 5138), 

0it [00:00, ?it/s]
12956it [00:00, 129549.00it/s]
36265it [00:00, 190445.17it/s]
56869it [00:00, 203301.11it/s]
INFO:root:test: 41787 unique candidates out of 344923 sampled candidates

0it [00:00, ?it/s]
15035it [00:00, 150336.52it/s]
39699it [00:00, 206975.52it/s]
57869it [00:00, 214200.08it/s]
INFO:root:test max cliques 16546, nested cliques 41323
INFO:root:test real max cliques in search universe: 4
INFO:root:test real smaller cliques in search universe: 5154 5154
INFO:root:Our Performance: precision 0.5799, recall 0.5509, f1 0.5650 jaccard 0.3937
INFO:root:Baseline: Bayesian-MDL skipped (disabled for this runtime).
INFO:root:Baseline: Max Clique precision 0.0002, recall 0.0006, f1 0.0003, jaccard 0.0002 
INFO:root:Baseline: ECC precision 0.0721, recall 0.0128, f1 0.0217, jaccard 0.0110 
INFO:root:Baseline: Demon precision 0.0076, recall 0.0003, f1 0.0006, jaccard 0.0003 
INFO:root:Baseline: CFinder skipped (disabled for channel-SNR benchmark).
(41750, 9) (41750,) 5823
