INFO:root:Create log file at log/school2/school2-60000-cou-1788866166.522476.log
INFO:root:Command line executed: python main.py --dataset school2 --beta 60000 --features count --channel rayleigh --snr_db 8
INFO:root:Full args parsed:
INFO:root:Namespace(dataset='school2', beta=60000, features='count', model='mlp', epochs=2000, lr=0.0001, setting='f', label_rate=0.1, ablation=0, seed=123, use_c=1, jobs=1, save_features=0, data_dir='./data/', log_dir='log', downsample=0, max_child_size=1, ext=0, channel='rayleigh', snr_db=8.0, channel_seed=123, max_background_pairs=10000)
INFO:root:Finish loading graphs.
INFO:root:Nodes train: 327, test: 327
INFO:root:Simplicies train: 3909, test: 3909
INFO:root:Channel rayleigh at 8.0 dB: test projection edges 3806 -> 4509
INFO:root:Start computing cliques
INFO:root:Couldn't find cache for max cliques train
INFO:root:Number of maximum cliques:3513
INFO:root:Couldn't find cache for max cliques test
INFO:root:Number of maximum cliques:3829
INFO:root:test nodes 327 hyperedges 3909 avg size 2.3210539779994885 std 0.5232084288484576 avg degree 27.74617737003058 max cliques 3829
INFO:root:Breakdown of test hyperedges (max+small) 79 + 3830
INFO:root:Intersection 67 out of 1587 3829
INFO:root:support cliques train:970 - test: 1587
INFO:root:Optimizing clique sampler .. 
INFO:root:Found cache for rho.
INFO:root:[(2, 2), (3, 2), (4, 2), (11, 2), (5, 2), (4, 3), (3, 3), (11, 3), (5, 3), (9, 2), (6, 3), (4, 4), (6, 2), (9, 3)]
INFO:root:Optimize Clique Sampler: #hyperedges collected:3568, recall: 0.9127654131491431, efficiency:0.05946666666666667
INFO:root:Clique analysis done.
INFO:root:train: 14680 unique candidates out of 59994 sampled candidates
Note: to be able to use all crisp methods, you need to install some additional packages:  {'wurlitzer', 'infomap', 'bayanpy', 'graph_tool', 'leidenalg'}
Note: to be able to use all crisp methods, you need to install some additional packages:  {'ASLPAw', 'torch', 'hidef', 'pyclustering'}
Note: to be able to use all crisp methods, you need to install some additional packages:  {'leidenalg', 'wurlitzer', 'scikit-network', 'infomap'}
Sanity check failed, reindexing the hypergraphs ...
Sanity check failed, reindexing the hypergraphs ...
number of nodes in construct graph 327
number of nodes in construct graph 327
(0, 0), (139, 139), (1222, 768), (3904, 1541), (4179, 1609), (10109, 2303), (11897, 2441), (12258, 2467), (13083, 2511), (19013, 2785), (25205, 2982), (39165, 3285), (39612, 3293), (50082, 3473), 
(0, 0), (290, 49), (3641, 1110), (8909, 1998), (8909, 1998), (16779, 2344), (20291, 2530), (21408, 2557), (21408, 2557), (29278, 2841), (29746, 2858), (39566, 3001), (40444, 3004), (47809, 3059), 

0it [00:00, ?it/s]
17246it [00:00, 240022.85it/s]
INFO:root:test: 14710 unique candidates out of 48481 sampled candidates

0it [00:00, ?it/s]
16254it [00:00, 250860.93it/s]
INFO:root:test max cliques 3829, nested cliques 12425
INFO:root:test real max cliques in search universe: 79
INFO:root:test real smaller cliques in search universe: 2996 2996
INFO:root:Our Performance: precision 0.5382, recall 0.6163, f1 0.5746 jaccard 0.4031
INFO:root:Baseline: Bayesian-MDL skipped (disabled for this runtime).
INFO:root:Baseline: Max Clique precision 0.0206, recall 0.0202, f1 0.0204, jaccard 0.0103 
INFO:root:Baseline: ECC precision 0.1280, recall 0.0514, f1 0.0734, jaccard 0.0381 
INFO:root:Baseline: Demon precision 0.0726, recall 0.0125, f1 0.0214, jaccard 0.0108 
INFO:root:Baseline: CFinder skipped (disabled for channel-SNR benchmark).
(13733, 9) (13733,) 3428
