INFO:root:Create log file at log/school/school-350000-cou-1788866097.9092937.log
INFO:root:Command line executed: python main.py --dataset school --beta 350000 --features count --channel rayleigh --snr_db 12
INFO:root:Full args parsed:
INFO:root:Namespace(dataset='school', beta=350000, features='count', model='mlp', epochs=2000, lr=0.0001, setting='f', label_rate=0.1, ablation=0, seed=123, use_c=1, jobs=1, save_features=0, data_dir='./data/', log_dir='log', downsample=0, max_child_size=1, ext=0, channel='rayleigh', snr_db=12.0, channel_seed=123, max_background_pairs=10000)
INFO:root:Finish loading graphs.
INFO:root:Nodes train: 242, test: 242
INFO:root:Simplicies train: 6352, test: 6352
INFO:root:Channel rayleigh at 12.0 dB: test projection edges 5710 -> 5986
INFO:root:Start computing cliques
INFO:root:Couldn't find cache for max cliques train
INFO:root:Number of maximum cliques:15119
INFO:root:Couldn't find cache for max cliques test
INFO:root:Number of maximum cliques:16276
INFO:root:test nodes 242 hyperedges 6352 avg size 2.420654911838791 std 0.5512194626711862 avg degree 63.53719008264463 max cliques 16276
INFO:root:Breakdown of test hyperedges (max+small) 7 + 6345
INFO:root:Intersection 5 out of 1172 16276
INFO:root:support cliques train:934 - test: 1172
INFO:root:Optimizing clique sampler .. 
INFO:root:Found cache for rho.
INFO:root:[(2, 2), (3, 2), (4, 2), (5, 2), (16, 2), (3, 3), (4, 3), (16, 3), (13, 2), (5, 3), (13, 3), (12, 2), (6, 3), (6, 2), (8, 3), (9, 2)]
INFO:root:Optimize Clique Sampler: #hyperedges collected:5807, recall: 0.9142002518891688, efficiency:0.016591428571428573
INFO:root:Clique analysis done.
INFO:root:train: 41928 unique candidates out of 349993 sampled candidates
Note: to be able to use all crisp methods, you need to install some additional packages:  {'graph_tool', 'leidenalg', 'bayanpy', 'infomap', 'wurlitzer'}
Note: to be able to use all crisp methods, you need to install some additional packages:  {'ASLPAw', 'hidef', 'torch', 'pyclustering'}
Note: to be able to use all crisp methods, you need to install some additional packages:  {'infomap', 'wurlitzer', 'scikit-network', 'leidenalg'}
Sanity check failed, reindexing the hypergraphs ...
Sanity check failed, reindexing the hypergraphs ...
number of nodes in construct graph 242
number of nodes in construct graph 242
(0, 0), (6, 6), (522, 339), (5376, 1830), (23846, 3047), (26366, 3136), (26538, 3142), (29774, 3220), (41534, 3476), (51596, 3684), (70066, 4019), (106960, 4456), (126364, 4625), (183864, 5122), (226989, 5355), (346213, 5802), 
(0, 0), (16, 2), (1090, 446), (9208, 2278), (40318, 3265), (40318, 3265), (40676, 3269), (46088, 3359), (46088, 3359), (47960, 3387), (79070, 3884), (85934, 4020), (94976, 4061), (166256, 4565), (219716, 4751), (333956, 5251), 

0it [00:00, ?it/s]
12900it [00:00, 128989.36it/s]
36059it [00:00, 189332.77it/s]
56869it [00:00, 202452.49it/s]
INFO:root:test: 41316 unique candidates out of 337592 sampled candidates

0it [00:00, ?it/s]
14746it [00:00, 147445.38it/s]
39505it [00:00, 206341.85it/s]
57218it [00:00, 214333.34it/s]
INFO:root:test max cliques 16276, nested cliques 40942
INFO:root:test real max cliques in search universe: 7
INFO:root:test real smaller cliques in search universe: 5295 5295
INFO:root:Our Performance: precision 0.6064, recall 0.5600, f1 0.5823 jaccard 0.4107
INFO:root:Baseline: Bayesian-MDL skipped (disabled for this runtime).
INFO:root:Baseline: Max Clique precision 0.0004, recall 0.0011, f1 0.0006, jaccard 0.0003 
INFO:root:Baseline: ECC precision 0.0956, recall 0.0162, f1 0.0277, jaccard 0.0141 
INFO:root:Baseline: Demon precision 0.0077, recall 0.0003, f1 0.0006, jaccard 0.0003 
INFO:root:Baseline: CFinder skipped (disabled for channel-SNR benchmark).
(41750, 9) (41750,) 5823
