INFO:root:Create log file at log/school2/school2-60000-cou-1788866169.4700475.log
INFO:root:Command line executed: python main.py --dataset school2 --beta 60000 --features count --channel rayleigh --snr_db 10
INFO:root:Full args parsed:
INFO:root:Namespace(dataset='school2', beta=60000, features='count', model='mlp', epochs=2000, lr=0.0001, setting='f', label_rate=0.1, ablation=0, seed=123, use_c=1, jobs=1, save_features=0, data_dir='./data/', log_dir='log', downsample=0, max_child_size=1, ext=0, channel='rayleigh', snr_db=10.0, channel_seed=123, max_background_pairs=10000)
INFO:root:Finish loading graphs.
INFO:root:Nodes train: 327, test: 327
INFO:root:Simplicies train: 3909, test: 3909
INFO:root:Channel rayleigh at 10.0 dB: test projection edges 3806 -> 4341
INFO:root:Start computing cliques
INFO:root:Couldn't find cache for max cliques train
INFO:root:Number of maximum cliques:3513
INFO:root:Couldn't find cache for max cliques test
INFO:root:Number of maximum cliques:3756
INFO:root:test nodes 327 hyperedges 3909 avg size 2.3210539779994885 std 0.5232084288484576 avg degree 27.74617737003058 max cliques 3756
INFO:root:Breakdown of test hyperedges (max+small) 91 + 3818
INFO:root:Intersection 76 out of 1454 3756
INFO:root:support cliques train:970 - test: 1454
INFO:root:Optimizing clique sampler .. 
INFO:root:Found cache for rho.
INFO:root:[(2, 2), (3, 2), (4, 2), (11, 2), (5, 2), (4, 3), (3, 3), (11, 3), (5, 3), (9, 2), (6, 3), (4, 4), (6, 2), (9, 3)]
INFO:root:Optimize Clique Sampler: #hyperedges collected:3568, recall: 0.9127654131491431, efficiency:0.05946666666666667
INFO:root:Clique analysis done.
INFO:root:train: 14680 unique candidates out of 59994 sampled candidates
Note: to be able to use all crisp methods, you need to install some additional packages:  {'graph_tool', 'infomap', 'leidenalg', 'bayanpy', 'wurlitzer'}
Note: to be able to use all crisp methods, you need to install some additional packages:  {'hidef', 'ASLPAw', 'pyclustering', 'torch'}
Note: to be able to use all crisp methods, you need to install some additional packages:  {'leidenalg', 'infomap', 'scikit-network', 'wurlitzer'}
Sanity check failed, reindexing the hypergraphs ...
Sanity check failed, reindexing the hypergraphs ...
number of nodes in construct graph 327
number of nodes in construct graph 327
(0, 0), (139, 139), (1222, 768), (3904, 1541), (4179, 1609), (10109, 2303), (11897, 2441), (12258, 2467), (13083, 2511), (19013, 2785), (25205, 2982), (39165, 3285), (39612, 3293), (50082, 3473), 
(0, 0), (292, 59), (2836, 1010), (7414, 1924), (7414, 1924), (15904, 2402), (18956, 2570), (19804, 2598), (19804, 2598), (28294, 2921), (28726, 2943), (41546, 3131), (42309, 3135), (51924, 3216), 

0it [00:00, ?it/s]
17246it [00:00, 211647.47it/s]
INFO:root:test: 14752 unique candidates out of 52596 sampled candidates

0it [00:00, ?it/s]
16605it [00:00, 259087.76it/s]
INFO:root:test max cliques 3756, nested cliques 12849
INFO:root:test real max cliques in search universe: 91
INFO:root:test real smaller cliques in search universe: 3143 3143
INFO:root:Our Performance: precision 0.5803, recall 0.6390, f1 0.6082 jaccard 0.4370
INFO:root:Baseline: Bayesian-MDL skipped (disabled for this runtime).
INFO:root:Baseline: Max Clique precision 0.0242, recall 0.0233, f1 0.0237, jaccard 0.0120 
INFO:root:Baseline: ECC precision 0.1516, recall 0.0555, f1 0.0813, jaccard 0.0424 
INFO:root:Baseline: Demon precision 0.0882, recall 0.0151, f1 0.0258, jaccard 0.0131 
INFO:root:Baseline: CFinder skipped (disabled for channel-SNR benchmark).
(13733, 9) (13733,) 3428
