INFO:root:Create log file at log/school/school-350000-cou-1788866131.969124.log
INFO:root:Command line executed: python main.py --dataset school --beta 350000 --features count --channel rayleigh --snr_db 18
INFO:root:Full args parsed:
INFO:root:Namespace(dataset='school', beta=350000, features='count', model='mlp', epochs=2000, lr=0.0001, setting='f', label_rate=0.1, ablation=0, seed=123, use_c=1, jobs=1, save_features=0, data_dir='./data/', log_dir='log', downsample=0, max_child_size=1, ext=0, channel='rayleigh', snr_db=18.0, channel_seed=123, max_background_pairs=10000)
INFO:root:Finish loading graphs.
INFO:root:Nodes train: 242, test: 242
INFO:root:Simplicies train: 6352, test: 6352
INFO:root:Channel rayleigh at 18.0 dB: test projection edges 5710 -> 5784
INFO:root:Start computing cliques
INFO:root:Couldn't find cache for max cliques train
INFO:root:Number of maximum cliques:15119
INFO:root:Couldn't find cache for max cliques test
INFO:root:Number of maximum cliques:15523
INFO:root:test nodes 242 hyperedges 6352 avg size 2.420654911838791 std 0.5512194626711862 avg degree 63.53719008264463 max cliques 15523
INFO:root:Breakdown of test hyperedges (max+small) 12 + 6340
INFO:root:Intersection 7 out of 1002 15523
INFO:root:support cliques train:934 - test: 1002
INFO:root:Optimizing clique sampler .. 
INFO:root:Found cache for rho.
INFO:root:[(2, 2), (3, 2), (4, 2), (5, 2), (16, 2), (3, 3), (4, 3), (16, 3), (13, 2), (5, 3), (13, 3), (12, 2), (6, 3), (6, 2), (8, 3), (9, 2)]
INFO:root:Optimize Clique Sampler: #hyperedges collected:5807, recall: 0.9142002518891688, efficiency:0.016591428571428573
INFO:root:Clique analysis done.
INFO:root:train: 41928 unique candidates out of 349993 sampled candidates
Note: to be able to use all crisp methods, you need to install some additional packages:  {'infomap', 'wurlitzer', 'leidenalg', 'bayanpy', 'graph_tool'}
Note: to be able to use all crisp methods, you need to install some additional packages:  {'torch', 'ASLPAw', 'pyclustering', 'hidef'}
Note: to be able to use all crisp methods, you need to install some additional packages:  {'leidenalg', 'infomap', 'scikit-network', 'wurlitzer'}
Sanity check failed, reindexing the hypergraphs ...
Sanity check failed, reindexing the hypergraphs ...
number of nodes in construct graph 242
number of nodes in construct graph 242
(0, 0), (6, 6), (522, 339), (5376, 1830), (23846, 3047), (26366, 3136), (26538, 3142), (29774, 3220), (41534, 3476), (51596, 3684), (70066, 4019), (106960, 4456), (126364, 4625), (183864, 5122), (226989, 5355), (346213, 5802), 
(0, 0), (15, 4), (657, 375), (6501, 1968), (29011, 3131), (30451, 3164), (30665, 3170), (34561, 3256), (41281, 3387), (47677, 3423), (70187, 3846), (93639, 4002), (103341, 4125), (165401, 4618), (211946, 4863), (326634, 5423), 

0it [00:00, ?it/s]
12976it [00:00, 129748.06it/s]
36375it [00:00, 191059.81it/s]
56869it [00:00, 204205.29it/s]
INFO:root:test: 40057 unique candidates out of 330882 sampled candidates

0it [00:00, ?it/s]
13753it [00:00, 137521.61it/s]
38117it [00:00, 199934.04it/s]
55351it [00:00, 208447.96it/s]
INFO:root:test max cliques 15523, nested cliques 39828
INFO:root:test real max cliques in search universe: 12
INFO:root:test real smaller cliques in search universe: 5507 5507
INFO:root:Our Performance: precision 0.6588, recall 0.5683, f1 0.6102 jaccard 0.4391
INFO:root:Baseline: Bayesian-MDL skipped (disabled for this runtime).
INFO:root:Baseline: Max Clique precision 0.0008, recall 0.0019, f1 0.0011, jaccard 0.0005 
INFO:root:Baseline: ECC precision 0.1104, recall 0.0159, f1 0.0278, jaccard 0.0141 
INFO:root:Baseline: Demon precision 0.0156, recall 0.0006, f1 0.0012, jaccard 0.0006 
INFO:root:Baseline: CFinder skipped (disabled for channel-SNR benchmark).
(41750, 9) (41750,) 5823
