INFO:root:Create log file at log/school/school-350000-cou-1788866041.2050204.log
INFO:root:Command line executed: python main.py --dataset school --beta 350000 --features count --channel rayleigh --snr_db 2
INFO:root:Full args parsed:
INFO:root:Namespace(dataset='school', beta=350000, features='count', model='mlp', epochs=2000, lr=0.0001, setting='f', label_rate=0.1, ablation=0, seed=123, use_c=1, jobs=1, save_features=0, data_dir='./data/', log_dir='log', downsample=0, max_child_size=1, ext=0, channel='rayleigh', snr_db=2.0, channel_seed=123, max_background_pairs=10000)
INFO:root:Finish loading graphs.
INFO:root:Nodes train: 242, test: 242
INFO:root:Simplicies train: 6352, test: 6352
INFO:root:Channel rayleigh at 2.0 dB: test projection edges 5710 -> 6656
INFO:root:Start computing cliques
INFO:root:Couldn't find cache for max cliques train
INFO:root:Number of maximum cliques:15119
INFO:root:Couldn't find cache for max cliques test
INFO:root:Number of maximum cliques:18392
INFO:root:test nodes 242 hyperedges 6352 avg size 2.420654911838791 std 0.5512194626711862 avg degree 63.53719008264463 max cliques 18392
INFO:root:Breakdown of test hyperedges (max+small) 5 + 6347
INFO:root:Intersection 0 out of 1574 18392
INFO:root:support cliques train:934 - test: 1574
INFO:root:Optimizing clique sampler .. 
INFO:root:Found cache for rho.
INFO:root:[(2, 2), (3, 2), (4, 2), (5, 2), (16, 2), (3, 3), (4, 3), (16, 3), (13, 2), (5, 3), (13, 3), (12, 2), (6, 3), (6, 2), (8, 3), (9, 2)]
INFO:root:Optimize Clique Sampler: #hyperedges collected:5807, recall: 0.9142002518891688, efficiency:0.016591428571428573
INFO:root:Clique analysis done.
INFO:root:train: 41928 unique candidates out of 349993 sampled candidates
Note: to be able to use all crisp methods, you need to install some additional packages:  {'graph_tool', 'leidenalg', 'bayanpy', 'infomap', 'wurlitzer'}
Note: to be able to use all crisp methods, you need to install some additional packages:  {'hidef', 'pyclustering', 'ASLPAw', 'torch'}
Note: to be able to use all crisp methods, you need to install some additional packages:  {'infomap', 'scikit-network', 'wurlitzer', 'leidenalg'}
Sanity check failed, reindexing the hypergraphs ...
Sanity check failed, reindexing the hypergraphs ...
number of nodes in construct graph 242
number of nodes in construct graph 242
(0, 0), (6, 6), (522, 339), (5376, 1830), (23846, 3047), (26366, 3136), (26538, 3142), (29774, 3220), (41534, 3476), (51596, 3684), (70066, 4019), (106960, 4456), (126364, 4625), (183864, 5122), (226989, 5355), (346213, 5802), 
(0, 0), (1, 0), (2113, 447), (30079, 2822), (95529, 3034), (95529, 3034), (96233, 3038), (114877, 3223), (114877, 3223), (114877, 3223), (180327, 3794), (180327, 3794), (180327, 3794), (268527, 4023), (334677, 4029), (359373, 4081), 

0it [00:00, ?it/s]
13367it [00:00, 133647.82it/s]
37871it [00:00, 199160.45it/s]
56869it [00:00, 209195.05it/s]
INFO:root:test: 43080 unique candidates out of 359553 sampled candidates

0it [00:00, ?it/s]
18765it [00:00, 187633.63it/s]
45081it [00:00, 232047.07it/s]
60767it [00:00, 234647.92it/s]
INFO:root:test max cliques 18392, nested cliques 42375
INFO:root:test real max cliques in search universe: 5
INFO:root:test real smaller cliques in search universe: 4077 4077
INFO:root:Our Performance: precision 0.4569, recall 0.4786, f1 0.4675 jaccard 0.3051
INFO:root:Baseline: Bayesian-MDL skipped (disabled for this runtime).
INFO:root:Baseline: Max Clique precision 0.0003, recall 0.0008, f1 0.0004, jaccard 0.0002 
INFO:root:Baseline: ECC precision 0.0425, recall 0.0093, f1 0.0152, jaccard 0.0077 
INFO:root:Baseline: Demon precision 0.0000, recall 0.0000, f1 0.0000, jaccard 0.0000 
INFO:root:Baseline: CFinder skipped (disabled for channel-SNR benchmark).
(41750, 9) (41750,) 5823
