INFO:root:Create log file at log/school2/school2-60000-cou-1788866163.6611552.log
INFO:root:Command line executed: python main.py --dataset school2 --beta 60000 --features count --channel rayleigh --snr_db 6
INFO:root:Full args parsed:
INFO:root:Namespace(dataset='school2', beta=60000, features='count', model='mlp', epochs=2000, lr=0.0001, setting='f', label_rate=0.1, ablation=0, seed=123, use_c=1, jobs=1, save_features=0, data_dir='./data/', log_dir='log', downsample=0, max_child_size=1, ext=0, channel='rayleigh', snr_db=6.0, channel_seed=123, max_background_pairs=10000)
INFO:root:Finish loading graphs.
INFO:root:Nodes train: 327, test: 327
INFO:root:Simplicies train: 3909, test: 3909
INFO:root:Channel rayleigh at 6.0 dB: test projection edges 3806 -> 4712
INFO:root:Start computing cliques
INFO:root:Couldn't find cache for max cliques train
INFO:root:Number of maximum cliques:3513
INFO:root:Couldn't find cache for max cliques test
INFO:root:Number of maximum cliques:4017
INFO:root:test nodes 327 hyperedges 3909 avg size 2.3210539779994885 std 0.5232084288484576 avg degree 27.74617737003058 max cliques 4017
INFO:root:Breakdown of test hyperedges (max+small) 65 + 3844
INFO:root:Intersection 50 out of 1710 4017
INFO:root:support cliques train:970 - test: 1710
INFO:root:Optimizing clique sampler .. 
INFO:root:Found cache for rho.
INFO:root:[(2, 2), (3, 2), (4, 2), (11, 2), (5, 2), (4, 3), (3, 3), (11, 3), (5, 3), (9, 2), (6, 3), (4, 4), (6, 2), (9, 3)]
INFO:root:Optimize Clique Sampler: #hyperedges collected:3568, recall: 0.9127654131491431, efficiency:0.05946666666666667
INFO:root:Clique analysis done.
INFO:root:train: 14680 unique candidates out of 59994 sampled candidates
Note: to be able to use all crisp methods, you need to install some additional packages:  {'bayanpy', 'graph_tool', 'leidenalg', 'wurlitzer', 'infomap'}
Note: to be able to use all crisp methods, you need to install some additional packages:  {'hidef', 'torch', 'ASLPAw', 'pyclustering'}
Note: to be able to use all crisp methods, you need to install some additional packages:  {'infomap', 'leidenalg', 'wurlitzer', 'scikit-network'}
Sanity check failed, reindexing the hypergraphs ...
Sanity check failed, reindexing the hypergraphs ...
number of nodes in construct graph 327
number of nodes in construct graph 327
(0, 0), (139, 139), (1222, 768), (3904, 1541), (4179, 1609), (10109, 2303), (11897, 2441), (12258, 2467), (13083, 2511), (19013, 2785), (25205, 2982), (39165, 3285), (39612, 3293), (50082, 3473), 
(0, 0), (273, 33), (4506, 1209), (10434, 2066), (10434, 2066), (18034, 2302), (21986, 2504), (23397, 2533), (23397, 2533), (30997, 2768), (31285, 2774), (39805, 2896), (40793, 2899), (47183, 2939), 

0it [00:00, ?it/s]
17246it [00:00, 240028.43it/s]
INFO:root:test: 14981 unique candidates out of 47603 sampled candidates

0it [00:00, ?it/s]
16326it [00:00, 254971.65it/s]
INFO:root:test max cliques 4017, nested cliques 12309
INFO:root:test real max cliques in search universe: 65
INFO:root:test real smaller cliques in search universe: 2882 2882
INFO:root:Our Performance: precision 0.4991, recall 0.5989, f1 0.5445 jaccard 0.3741
INFO:root:Baseline: Bayesian-MDL skipped (disabled for this runtime).
INFO:root:Baseline: Max Clique precision 0.0162, recall 0.0166, f1 0.0164, jaccard 0.0083 
INFO:root:Baseline: ECC precision 0.1130, recall 0.0489, f1 0.0682, jaccard 0.0353 
INFO:root:Baseline: Demon precision 0.0476, recall 0.0084, f1 0.0143, jaccard 0.0072 
INFO:root:Baseline: CFinder skipped (disabled for channel-SNR benchmark).
(13733, 9) (13733,) 3428
