INFO:root:Create log file at log/school2/school2-60000-cou-1788866175.2536662.log
INFO:root:Command line executed: python main.py --dataset school2 --beta 60000 --features count --channel rayleigh --snr_db 14
INFO:root:Full args parsed:
INFO:root:Namespace(dataset='school2', beta=60000, features='count', model='mlp', epochs=2000, lr=0.0001, setting='f', label_rate=0.1, ablation=0, seed=123, use_c=1, jobs=1, save_features=0, data_dir='./data/', log_dir='log', downsample=0, max_child_size=1, ext=0, channel='rayleigh', snr_db=14.0, channel_seed=123, max_background_pairs=10000)
INFO:root:Finish loading graphs.
INFO:root:Nodes train: 327, test: 327
INFO:root:Simplicies train: 3909, test: 3909
INFO:root:Channel rayleigh at 14.0 dB: test projection edges 3806 -> 4060
INFO:root:Start computing cliques
INFO:root:Couldn't find cache for max cliques train
INFO:root:Number of maximum cliques:3513
INFO:root:Couldn't find cache for max cliques test
INFO:root:Number of maximum cliques:3603
INFO:root:test nodes 327 hyperedges 3909 avg size 2.3210539779994885 std 0.5232084288484576 avg degree 27.74617737003058 max cliques 3603
INFO:root:Breakdown of test hyperedges (max+small) 124 + 3785
INFO:root:Intersection 110 out of 1238 3603
INFO:root:support cliques train:970 - test: 1238
INFO:root:Optimizing clique sampler .. 
INFO:root:Found cache for rho.
INFO:root:[(2, 2), (3, 2), (4, 2), (11, 2), (5, 2), (4, 3), (3, 3), (11, 3), (5, 3), (9, 2), (6, 3), (4, 4), (6, 2), (9, 3)]
INFO:root:Optimize Clique Sampler: #hyperedges collected:3568, recall: 0.9127654131491431, efficiency:0.05946666666666667
INFO:root:Clique analysis done.
INFO:root:train: 14680 unique candidates out of 59994 sampled candidates
Note: to be able to use all crisp methods, you need to install some additional packages:  {'wurlitzer', 'infomap', 'graph_tool', 'leidenalg', 'bayanpy'}
Note: to be able to use all crisp methods, you need to install some additional packages:  {'ASLPAw', 'torch', 'hidef', 'pyclustering'}
Note: to be able to use all crisp methods, you need to install some additional packages:  {'wurlitzer', 'leidenalg', 'infomap', 'scikit-network'}
Sanity check failed, reindexing the hypergraphs ...
Sanity check failed, reindexing the hypergraphs ...
number of nodes in construct graph 327
number of nodes in construct graph 327
(0, 0), (139, 139), (1222, 768), (3904, 1541), (4179, 1609), (10109, 2303), (11897, 2441), (12258, 2467), (13083, 2511), (19013, 2785), (25205, 2982), (39165, 3285), (39612, 3293), (50082, 3473), 
(0, 0), (261, 91), (1866, 822), (5328, 1732), (5383, 1755), (12973, 2397), (15281, 2545), (15816, 2573), (15981, 2592), (23571, 2910), (24615, 2962), (41775, 3233), (42352, 3238), (55222, 3407), 

0it [00:00, ?it/s]
17246it [00:00, 240608.07it/s]
INFO:root:test: 14620 unique candidates out of 56818 sampled candidates

0it [00:00, ?it/s]
16850it [00:00, 251071.17it/s]
INFO:root:test max cliques 3603, nested cliques 13247
INFO:root:test real max cliques in search universe: 124
INFO:root:test real smaller cliques in search universe: 3316 3316
INFO:root:Our Performance: precision 0.6501, recall 0.6679, f1 0.6589 jaccard 0.4913
INFO:root:Baseline: Bayesian-MDL skipped (disabled for this runtime).
INFO:root:Baseline: Max Clique precision 0.0344, recall 0.0317, f1 0.0330, jaccard 0.0168 
INFO:root:Baseline: ECC precision 0.2123, recall 0.0663, f1 0.1010, jaccard 0.0532 
INFO:root:Baseline: Demon precision 0.1522, recall 0.0233, f1 0.0404, jaccard 0.0206 
INFO:root:Baseline: CFinder skipped (disabled for channel-SNR benchmark).
(13733, 9) (13733,) 3428
