INFO:root:Create log file at log/school2/school2-60000-cou-1788866178.048921.log
INFO:root:Command line executed: python main.py --dataset school2 --beta 60000 --features count --channel rayleigh --snr_db 16
INFO:root:Full args parsed:
INFO:root:Namespace(dataset='school2', beta=60000, features='count', model='mlp', epochs=2000, lr=0.0001, setting='f', label_rate=0.1, ablation=0, seed=123, use_c=1, jobs=1, save_features=0, data_dir='./data/', log_dir='log', downsample=0, max_child_size=1, ext=0, channel='rayleigh', snr_db=16.0, channel_seed=123, max_background_pairs=10000)
INFO:root:Finish loading graphs.
INFO:root:Nodes train: 327, test: 327
INFO:root:Simplicies train: 3909, test: 3909
INFO:root:Channel rayleigh at 16.0 dB: test projection edges 3806 -> 3977
INFO:root:Start computing cliques
INFO:root:Couldn't find cache for max cliques train
INFO:root:Number of maximum cliques:3513
INFO:root:Couldn't find cache for max cliques test
INFO:root:Number of maximum cliques:3501
INFO:root:test nodes 327 hyperedges 3909 avg size 2.3210539779994885 std 0.5232084288484576 avg degree 27.74617737003058 max cliques 3501
INFO:root:Breakdown of test hyperedges (max+small) 136 + 3773
INFO:root:Intersection 123 out of 1159 3501
INFO:root:support cliques train:970 - test: 1159
INFO:root:Optimizing clique sampler .. 
INFO:root:Found cache for rho.
INFO:root:[(2, 2), (3, 2), (4, 2), (11, 2), (5, 2), (4, 3), (3, 3), (11, 3), (5, 3), (9, 2), (6, 3), (4, 4), (6, 2), (9, 3)]
INFO:root:Optimize Clique Sampler: #hyperedges collected:3568, recall: 0.9127654131491431, efficiency:0.05946666666666667
INFO:root:Clique analysis done.
INFO:root:train: 14680 unique candidates out of 59994 sampled candidates
Note: to be able to use all crisp methods, you need to install some additional packages:  {'bayanpy', 'wurlitzer', 'infomap', 'graph_tool', 'leidenalg'}
Note: to be able to use all crisp methods, you need to install some additional packages:  {'torch', 'hidef', 'pyclustering', 'ASLPAw'}
Note: to be able to use all crisp methods, you need to install some additional packages:  {'leidenalg', 'scikit-network', 'wurlitzer', 'infomap'}
Sanity check failed, reindexing the hypergraphs ...
Sanity check failed, reindexing the hypergraphs ...
number of nodes in construct graph 327
number of nodes in construct graph 327
(0, 0), (139, 139), (1222, 768), (3904, 1541), (4179, 1609), (10109, 2303), (11897, 2441), (12258, 2467), (13083, 2511), (19013, 2785), (25205, 2982), (39165, 3285), (39612, 3293), (50082, 3473), 
(0, 0), (227, 100), (1604, 774), (4886, 1686), (4941, 1710), (12091, 2363), (14279, 2508), (14738, 2538), (14903, 2556), (22053, 2863), (23637, 2950), (39077, 3224), (39624, 3230), (51204, 3418), 

0it [00:00, ?it/s]
16109it [00:00, 161033.72it/s]
17246it [00:00, 164561.47it/s]
INFO:root:test: 14402 unique candidates out of 53724 sampled candidates

0it [00:00, ?it/s]
16670it [00:00, 249026.06it/s]
INFO:root:test max cliques 3501, nested cliques 13169
INFO:root:test real max cliques in search universe: 136
INFO:root:test real smaller cliques in search universe: 3334 3334
INFO:root:Our Performance: precision 0.6733, recall 0.6713, f1 0.6723 jaccard 0.5064
INFO:root:Baseline: Bayesian-MDL skipped (disabled for this runtime).
INFO:root:Baseline: Max Clique precision 0.0388, recall 0.0348, f1 0.0367, jaccard 0.0187 
INFO:root:Baseline: ECC precision 0.2289, recall 0.0665, f1 0.1031, jaccard 0.0543 
INFO:root:Baseline: Demon precision 0.1776, recall 0.0256, f1 0.0447, jaccard 0.0229 
INFO:root:Baseline: CFinder skipped (disabled for channel-SNR benchmark).
(13733, 9) (13733,) 3428
