2026-09-08 19:14:03,320 - root - INFO - Create log file at log/crime/crime-1000-cou-1788866043.320026.log
2026-09-08 19:14:03,320 - root - INFO - Command line executed: python main.py --dataset crime --beta 1000 --features count --channel awgn --snr_db 16
2026-09-08 19:14:03,320 - root - INFO - Full args parsed:
2026-09-08 19:14:03,320 - root - INFO - Namespace(dataset='crime', beta=1000, features='count', model='mlp', epochs=2000, lr=0.0001, setting='f', label_rate=0.1, ablation=0, seed=123, use_c=1, jobs=1, save_features=0, data_dir='./data/', log_dir='log', downsample=0, max_child_size=1, ext=0, channel='awgn', snr_db=16.0, channel_seed=123, max_background_pairs=10000)
2026-09-08 19:14:03,324 - root - INFO - Finish loading graphs.
2026-09-08 19:14:03,324 - root - INFO - Nodes train: 467, test: 510
2026-09-08 19:14:03,324 - root - INFO - Simplicies train: 243, test: 256
2026-09-08 19:14:03,454 - root - INFO - Channel awgn at 16.0 dB: test projection edges 1362 -> 1371
2026-09-08 19:14:03,455 - root - INFO - Start computing cliques
2026-09-08 19:14:03,455 - root - INFO - Couldn't find cache for max cliques train
2026-09-08 19:14:03,457 - root - INFO - Number of maximum cliques:200
2026-09-08 19:14:03,458 - root - INFO - Couldn't find cache for max cliques test
2026-09-08 19:14:03,460 - root - INFO - Number of maximum cliques:218
2026-09-08 19:14:03,462 - root - INFO - test nodes 510 hyperedges 256 avg size 2.953125 std 2.278840765471559 avg degree 1.4823529411764707 max cliques 218
2026-09-08 19:14:03,462 - root - INFO - Breakdown of test hyperedges (max+small) 203 + 53
2026-09-08 19:14:03,462 - root - INFO - Intersection 202 out of 215 218
2026-09-08 19:14:03,462 - root - INFO - support cliques train:200 - test: 215
2026-09-08 19:14:03,462 - root - INFO - Optimizing clique sampler .. 
2026-09-08 19:14:03,463 - root - INFO - Found cache for rho.
2026-09-08 19:14:03,463 - root - INFO - [(15, 15), (12, 12), (9, 9), (8, 8), (7, 7), (6, 6), (5, 5), (4, 4), (3, 3), (2, 2), (1, 1), (6, 1), (2, 1), (12, 1), (15, 1), (4, 1), (7, 1), (3, 1), (12, 2), (5, 2), (3, 2)]
2026-09-08 19:14:03,463 - root - INFO - Optimize Clique Sampler: #hyperedges collected:242, recall: 0.9958847736625515, efficiency:0.242
2026-09-08 19:14:03,465 - root - INFO - Clique analysis done.
2026-09-08 19:14:03,465 - root - INFO - train: 880 unique candidates out of 1000 sampled candidates
2026-09-08 19:14:03,476 - root - INFO - test: 815 unique candidates out of 964 sampled candidates
2026-09-08 19:14:03,487 - root - INFO - test max cliques 218, nested cliques 602
2026-09-08 19:14:03,487 - root - INFO - test real max cliques in search universe: 203
2026-09-08 19:14:03,487 - root - INFO - test real smaller cliques in search universe: 41 41
2026-09-08 19:14:03,884 - root - INFO - Our Performance: precision 0.9170, recall 0.8203, f1 0.8660 jaccard 0.7636
2026-09-08 19:14:03,884 - root - INFO - Baseline: Bayesian-MDL skipped (disabled for this runtime).
2026-09-08 19:14:03,884 - root - INFO - Baseline: Max Clique precision 0.9312, recall 0.7930, f1 0.8565, jaccard 0.7491 
2026-09-08 19:14:03,891 - root - INFO - Baseline: ECC precision 0.9415, recall 0.7539, f1 0.8373, jaccard 0.7201 
2026-09-08 19:14:04,046 - root - INFO - Baseline: Demon precision 0.8756, recall 0.6602, f1 0.7528, jaccard 0.6036 
2026-09-08 19:14:04,046 - root - INFO - Baseline: CFinder skipped (disabled for channel-SNR benchmark).
