2026-09-08 19:16:56,979 - root - INFO - Create log file at log/crime/crime-1000-cou-1788866216.9794693.log
2026-09-08 19:16:56,979 - root - INFO - Command line executed: python main.py --dataset crime --beta 1000 --features count --channel rayleigh --snr_db 18
2026-09-08 19:16:56,979 - root - INFO - Full args parsed:
2026-09-08 19:16:56,979 - root - INFO - Namespace(dataset='crime', beta=1000, features='count', model='mlp', epochs=2000, lr=0.0001, setting='f', label_rate=0.1, ablation=0, seed=123, use_c=1, jobs=1, save_features=0, data_dir='./data/', log_dir='log', downsample=0, max_child_size=1, ext=0, channel='rayleigh', snr_db=18.0, channel_seed=123, max_background_pairs=10000)
2026-09-08 19:16:56,983 - root - INFO - Finish loading graphs.
2026-09-08 19:16:56,983 - root - INFO - Nodes train: 467, test: 510
2026-09-08 19:16:56,983 - root - INFO - Simplicies train: 243, test: 256
2026-09-08 19:16:57,123 - root - INFO - Channel rayleigh at 18.0 dB: test projection edges 1362 -> 1519
2026-09-08 19:16:57,123 - root - INFO - Start computing cliques
2026-09-08 19:16:57,123 - root - INFO - Couldn't find cache for max cliques train
2026-09-08 19:16:57,125 - root - INFO - Number of maximum cliques:200
2026-09-08 19:16:57,126 - root - INFO - Couldn't find cache for max cliques test
2026-09-08 19:16:57,129 - root - INFO - Number of maximum cliques:394
2026-09-08 19:16:57,132 - root - INFO - test nodes 510 hyperedges 256 avg size 2.953125 std 2.278840765471559 avg degree 1.4823529411764707 max cliques 394
2026-09-08 19:16:57,132 - root - INFO - Breakdown of test hyperedges (max+small) 180 + 76
2026-09-08 19:16:57,132 - root - INFO - Intersection 180 out of 391 394
2026-09-08 19:16:57,132 - root - INFO - support cliques train:200 - test: 391
2026-09-08 19:16:57,132 - root - INFO - Optimizing clique sampler .. 
2026-09-08 19:16:57,132 - root - INFO - Found cache for rho.
2026-09-08 19:16:57,133 - root - INFO - [(15, 15), (12, 12), (9, 9), (8, 8), (7, 7), (6, 6), (5, 5), (4, 4), (3, 3), (2, 2), (1, 1), (6, 1), (2, 1), (12, 1), (15, 1), (4, 1), (7, 1), (3, 1), (12, 2), (5, 2), (3, 2)]
2026-09-08 19:16:57,133 - root - INFO - Optimize Clique Sampler: #hyperedges collected:242, recall: 0.9958847736625515, efficiency:0.242
2026-09-08 19:16:57,135 - root - INFO - Clique analysis done.
2026-09-08 19:16:57,135 - root - INFO - train: 880 unique candidates out of 1000 sampled candidates
2026-09-08 19:16:57,146 - root - INFO - test: 1218 unique candidates out of 1781 sampled candidates
2026-09-08 19:16:57,160 - root - INFO - test max cliques 394, nested cliques 830
2026-09-08 19:16:57,160 - root - INFO - test real max cliques in search universe: 180
2026-09-08 19:16:57,160 - root - INFO - test real smaller cliques in search universe: 50 50
2026-09-08 19:16:57,560 - root - INFO - Our Performance: precision 0.4561, recall 0.7109, f1 0.5557 jaccard 0.3848
2026-09-08 19:16:57,560 - root - INFO - Baseline: Bayesian-MDL skipped (disabled for this runtime).
2026-09-08 19:16:57,561 - root - INFO - Baseline: Max Clique precision 0.4569, recall 0.7031, f1 0.5538, jaccard 0.3830 
2026-09-08 19:16:57,568 - root - INFO - Baseline: ECC precision 0.4557, recall 0.6836, f1 0.5469, jaccard 0.3763 
2026-09-08 19:16:57,766 - root - INFO - Baseline: Demon precision 0.4333, recall 0.6094, f1 0.5065, jaccard 0.3391 
2026-09-08 19:16:57,766 - root - INFO - Baseline: CFinder skipped (disabled for channel-SNR benchmark).
