2026-09-08 19:13:55,064 - root - INFO - Create log file at log/crime/crime-1000-cou-1788866035.0641654.log
2026-09-08 19:13:55,064 - root - INFO - Command line executed: python main.py --dataset crime --beta 1000 --features count --channel awgn --snr_db 6
2026-09-08 19:13:55,064 - root - INFO - Full args parsed:
2026-09-08 19:13:55,064 - root - INFO - Namespace(dataset='crime', beta=1000, features='count', model='mlp', epochs=2000, lr=0.0001, setting='f', label_rate=0.1, ablation=0, seed=123, use_c=1, jobs=1, save_features=0, data_dir='./data/', log_dir='log', downsample=0, max_child_size=1, ext=0, channel='awgn', snr_db=6.0, channel_seed=123, max_background_pairs=10000)
2026-09-08 19:13:55,068 - root - INFO - Finish loading graphs.
2026-09-08 19:13:55,068 - root - INFO - Nodes train: 467, test: 510
2026-09-08 19:13:55,068 - root - INFO - Simplicies train: 243, test: 256
2026-09-08 19:13:55,198 - root - INFO - Channel awgn at 6.0 dB: test projection edges 1362 -> 2204
2026-09-08 19:13:55,198 - root - INFO - Start computing cliques
2026-09-08 19:13:55,198 - root - INFO - Couldn't find cache for max cliques train
2026-09-08 19:13:55,200 - root - INFO - Number of maximum cliques:200
2026-09-08 19:13:55,201 - root - INFO - Couldn't find cache for max cliques test
2026-09-08 19:13:55,205 - root - INFO - Number of maximum cliques:1252
2026-09-08 19:13:55,212 - root - INFO - test nodes 510 hyperedges 256 avg size 2.953125 std 2.278840765471559 avg degree 1.4823529411764707 max cliques 1252
2026-09-08 19:13:55,212 - root - INFO - Breakdown of test hyperedges (max+small) 127 + 129
2026-09-08 19:13:55,212 - root - INFO - Intersection 127 out of 1165 1252
2026-09-08 19:13:55,212 - root - INFO - support cliques train:200 - test: 1165
2026-09-08 19:13:55,212 - root - INFO - Optimizing clique sampler .. 
2026-09-08 19:13:55,213 - root - INFO - Found cache for rho.
2026-09-08 19:13:55,213 - root - INFO - [(15, 15), (12, 12), (9, 9), (8, 8), (7, 7), (6, 6), (5, 5), (4, 4), (3, 3), (2, 2), (1, 1), (6, 1), (2, 1), (12, 1), (15, 1), (4, 1), (7, 1), (3, 1), (12, 2), (5, 2), (3, 2)]
2026-09-08 19:13:55,213 - root - INFO - Optimize Clique Sampler: #hyperedges collected:242, recall: 0.9958847736625515, efficiency:0.242
2026-09-08 19:13:55,218 - root - INFO - Clique analysis done.
2026-09-08 19:13:55,218 - root - INFO - train: 880 unique candidates out of 1000 sampled candidates
2026-09-08 19:13:55,229 - root - INFO - test: 2112 unique candidates out of 4371 sampled candidates
2026-09-08 19:13:55,251 - root - INFO - test max cliques 1252, nested cliques 870
2026-09-08 19:13:55,252 - root - INFO - test real max cliques in search universe: 127
2026-09-08 19:13:55,252 - root - INFO - test real smaller cliques in search universe: 62 62
2026-09-08 19:13:55,660 - root - INFO - Our Performance: precision 0.1014, recall 0.4961, f1 0.1684 jaccard 0.0920
2026-09-08 19:13:55,660 - root - INFO - Baseline: Bayesian-MDL skipped (disabled for this runtime).
2026-09-08 19:13:55,660 - root - INFO - Baseline: Max Clique precision 0.1014, recall 0.4961, f1 0.1684, jaccard 0.0920 
2026-09-08 19:13:55,673 - root - INFO - Baseline: ECC precision 0.1107, recall 0.5039, f1 0.1816, jaccard 0.0998 
2026-09-08 19:13:56,228 - root - INFO - Baseline: Demon precision 0.1127, recall 0.4805, f1 0.1826, jaccard 0.1005 
2026-09-08 19:13:56,228 - root - INFO - Baseline: CFinder skipped (disabled for channel-SNR benchmark).
