2026-09-08 19:14:00,847 - root - INFO - Create log file at log/crime/crime-1000-cou-1788866040.8471038.log
2026-09-08 19:14:00,847 - root - INFO - Command line executed: python main.py --dataset crime --beta 1000 --features count --channel awgn --snr_db 14
2026-09-08 19:14:00,847 - root - INFO - Full args parsed:
2026-09-08 19:14:00,847 - root - INFO - Namespace(dataset='crime', beta=1000, features='count', model='mlp', epochs=2000, lr=0.0001, setting='f', label_rate=0.1, ablation=0, seed=123, use_c=1, jobs=1, save_features=0, data_dir='./data/', log_dir='log', downsample=0, max_child_size=1, ext=0, channel='awgn', snr_db=14.0, channel_seed=123, max_background_pairs=10000)
2026-09-08 19:14:00,851 - root - INFO - Finish loading graphs.
2026-09-08 19:14:00,851 - root - INFO - Nodes train: 467, test: 510
2026-09-08 19:14:00,851 - root - INFO - Simplicies train: 243, test: 256
2026-09-08 19:14:00,982 - root - INFO - Channel awgn at 14.0 dB: test projection edges 1362 -> 1426
2026-09-08 19:14:00,982 - root - INFO - Start computing cliques
2026-09-08 19:14:00,982 - root - INFO - Couldn't find cache for max cliques train
2026-09-08 19:14:00,984 - root - INFO - Number of maximum cliques:200
2026-09-08 19:14:00,985 - root - INFO - Couldn't find cache for max cliques test
2026-09-08 19:14:00,988 - root - INFO - Number of maximum cliques:277
2026-09-08 19:14:00,990 - root - INFO - test nodes 510 hyperedges 256 avg size 2.953125 std 2.278840765471559 avg degree 1.4823529411764707 max cliques 277
2026-09-08 19:14:00,990 - root - INFO - Breakdown of test hyperedges (max+small) 195 + 61
2026-09-08 19:14:00,990 - root - INFO - Intersection 194 out of 274 277
2026-09-08 19:14:00,990 - root - INFO - support cliques train:200 - test: 274
2026-09-08 19:14:00,990 - root - INFO - Optimizing clique sampler .. 
2026-09-08 19:14:00,990 - root - INFO - Found cache for rho.
2026-09-08 19:14:00,991 - root - INFO - [(15, 15), (12, 12), (9, 9), (8, 8), (7, 7), (6, 6), (5, 5), (4, 4), (3, 3), (2, 2), (1, 1), (6, 1), (2, 1), (12, 1), (15, 1), (4, 1), (7, 1), (3, 1), (12, 2), (5, 2), (3, 2)]
2026-09-08 19:14:00,991 - root - INFO - Optimize Clique Sampler: #hyperedges collected:242, recall: 0.9958847736625515, efficiency:0.242
2026-09-08 19:14:00,993 - root - INFO - Clique analysis done.
2026-09-08 19:14:00,993 - root - INFO - train: 880 unique candidates out of 1000 sampled candidates
2026-09-08 19:14:01,004 - root - INFO - test: 977 unique candidates out of 1311 sampled candidates
2026-09-08 19:14:01,016 - root - INFO - test max cliques 277, nested cliques 704
2026-09-08 19:14:01,016 - root - INFO - test real max cliques in search universe: 195
2026-09-08 19:14:01,016 - root - INFO - test real smaller cliques in search universe: 43 43
2026-09-08 19:14:01,420 - root - INFO - Our Performance: precision 0.6972, recall 0.7734, f1 0.7333 jaccard 0.5789
2026-09-08 19:14:01,420 - root - INFO - Baseline: Bayesian-MDL skipped (disabled for this runtime).
2026-09-08 19:14:01,420 - root - INFO - Baseline: Max Clique precision 0.7040, recall 0.7617, f1 0.7317, jaccard 0.5769 
2026-09-08 19:14:01,427 - root - INFO - Baseline: ECC precision 0.7057, recall 0.7305, f1 0.7179, jaccard 0.5599 
2026-09-08 19:14:01,595 - root - INFO - Baseline: Demon precision 0.6546, recall 0.6367, f1 0.6455, jaccard 0.4766 
2026-09-08 19:14:01,595 - root - INFO - Baseline: CFinder skipped (disabled for channel-SNR benchmark).
