2026-09-08 19:16:43,346 - root - INFO - Create log file at log/crime/crime-1000-cou-1788866203.3460138.log
2026-09-08 19:16:43,346 - root - INFO - Command line executed: python main.py --dataset crime --beta 1000 --features count --channel rayleigh --snr_db 0
2026-09-08 19:16:43,346 - root - INFO - Full args parsed:
2026-09-08 19:16:43,346 - root - INFO - Namespace(dataset='crime', beta=1000, features='count', model='mlp', epochs=2000, lr=0.0001, setting='f', label_rate=0.1, ablation=0, seed=123, use_c=1, jobs=1, save_features=0, data_dir='./data/', log_dir='log', downsample=0, max_child_size=1, ext=0, channel='rayleigh', snr_db=0.0, channel_seed=123, max_background_pairs=10000)
2026-09-08 19:16:43,350 - root - INFO - Finish loading graphs.
2026-09-08 19:16:43,350 - root - INFO - Nodes train: 467, test: 510
2026-09-08 19:16:43,350 - root - INFO - Simplicies train: 243, test: 256
2026-09-08 19:16:43,494 - root - INFO - Channel rayleigh at 0.0 dB: test projection edges 1362 -> 3568
2026-09-08 19:16:43,494 - root - INFO - Start computing cliques
2026-09-08 19:16:43,494 - root - INFO - Couldn't find cache for max cliques train
2026-09-08 19:16:43,496 - root - INFO - Number of maximum cliques:200
2026-09-08 19:16:43,497 - root - INFO - Couldn't find cache for max cliques test
2026-09-08 19:16:43,505 - root - INFO - Number of maximum cliques:2502
2026-09-08 19:16:43,515 - root - INFO - test nodes 510 hyperedges 256 avg size 2.953125 std 2.278840765471559 avg degree 1.4823529411764707 max cliques 2502
2026-09-08 19:16:43,515 - root - INFO - Breakdown of test hyperedges (max+small) 71 + 185
2026-09-08 19:16:43,515 - root - INFO - Intersection 71 out of 2387 2502
2026-09-08 19:16:43,515 - root - INFO - support cliques train:200 - test: 2387
2026-09-08 19:16:43,515 - root - INFO - Optimizing clique sampler .. 
2026-09-08 19:16:43,515 - root - INFO - Found cache for rho.
2026-09-08 19:16:43,516 - root - INFO - [(15, 15), (12, 12), (9, 9), (8, 8), (7, 7), (6, 6), (5, 5), (4, 4), (3, 3), (2, 2), (1, 1), (6, 1), (2, 1), (12, 1), (15, 1), (4, 1), (7, 1), (3, 1), (12, 2), (5, 2), (3, 2)]
2026-09-08 19:16:43,516 - root - INFO - Optimize Clique Sampler: #hyperedges collected:242, recall: 0.9958847736625515, efficiency:0.242
2026-09-08 19:16:43,524 - root - INFO - Clique analysis done.
2026-09-08 19:16:43,524 - root - INFO - train: 880 unique candidates out of 1000 sampled candidates
2026-09-08 19:16:43,536 - root - INFO - test: 4051 unique candidates out of 9640 sampled candidates
2026-09-08 19:16:43,574 - root - INFO - test max cliques 2502, nested cliques 1551
2026-09-08 19:16:43,574 - root - INFO - test real max cliques in search universe: 71
2026-09-08 19:16:43,575 - root - INFO - test real smaller cliques in search universe: 73 73
2026-09-08 19:16:43,980 - root - INFO - Our Performance: precision 0.0284, recall 0.2773, f1 0.0515 jaccard 0.0264
2026-09-08 19:16:43,981 - root - INFO - Baseline: Bayesian-MDL skipped (disabled for this runtime).
2026-09-08 19:16:43,981 - root - INFO - Baseline: Max Clique precision 0.0284, recall 0.2773, f1 0.0515, jaccard 0.0264 
2026-09-08 19:16:44,001 - root - INFO - Baseline: ECC precision 0.0296, recall 0.2773, f1 0.0535, jaccard 0.0275 
2026-09-08 19:16:45,705 - root - INFO - Baseline: Demon precision 0.0297, recall 0.2500, f1 0.0530, jaccard 0.0272 
2026-09-08 19:16:45,705 - root - INFO - Baseline: CFinder skipped (disabled for channel-SNR benchmark).
