2026-09-08 19:13:58,134 - root - INFO - Create log file at log/crime/crime-1000-cou-1788866038.1343899.log
2026-09-08 19:13:58,134 - root - INFO - Command line executed: python main.py --dataset crime --beta 1000 --features count --channel awgn --snr_db 10
2026-09-08 19:13:58,134 - root - INFO - Full args parsed:
2026-09-08 19:13:58,134 - root - INFO - Namespace(dataset='crime', beta=1000, features='count', model='mlp', epochs=2000, lr=0.0001, setting='f', label_rate=0.1, ablation=0, seed=123, use_c=1, jobs=1, save_features=0, data_dir='./data/', log_dir='log', downsample=0, max_child_size=1, ext=0, channel='awgn', snr_db=10.0, channel_seed=123, max_background_pairs=10000)
2026-09-08 19:13:58,138 - root - INFO - Finish loading graphs.
2026-09-08 19:13:58,138 - root - INFO - Nodes train: 467, test: 510
2026-09-08 19:13:58,138 - root - INFO - Simplicies train: 243, test: 256
2026-09-08 19:13:58,268 - root - INFO - Channel awgn at 10.0 dB: test projection edges 1362 -> 1715
2026-09-08 19:13:58,268 - root - INFO - Start computing cliques
2026-09-08 19:13:58,268 - root - INFO - Couldn't find cache for max cliques train
2026-09-08 19:13:58,270 - root - INFO - Number of maximum cliques:200
2026-09-08 19:13:58,271 - root - INFO - Couldn't find cache for max cliques test
2026-09-08 19:13:58,275 - root - INFO - Number of maximum cliques:657
2026-09-08 19:13:58,279 - root - INFO - test nodes 510 hyperedges 256 avg size 2.953125 std 2.278840765471559 avg degree 1.4823529411764707 max cliques 657
2026-09-08 19:13:58,279 - root - INFO - Breakdown of test hyperedges (max+small) 160 + 96
2026-09-08 19:13:58,279 - root - INFO - Intersection 160 out of 638 657
2026-09-08 19:13:58,279 - root - INFO - support cliques train:200 - test: 638
2026-09-08 19:13:58,279 - root - INFO - Optimizing clique sampler .. 
2026-09-08 19:13:58,279 - root - INFO - Found cache for rho.
2026-09-08 19:13:58,280 - root - INFO - [(15, 15), (12, 12), (9, 9), (8, 8), (7, 7), (6, 6), (5, 5), (4, 4), (3, 3), (2, 2), (1, 1), (6, 1), (2, 1), (12, 1), (15, 1), (4, 1), (7, 1), (3, 1), (12, 2), (5, 2), (3, 2)]
2026-09-08 19:13:58,280 - root - INFO - Optimize Clique Sampler: #hyperedges collected:242, recall: 0.9958847736625515, efficiency:0.242
2026-09-08 19:13:58,283 - root - INFO - Clique analysis done.
2026-09-08 19:13:58,283 - root - INFO - train: 880 unique candidates out of 1000 sampled candidates
2026-09-08 19:13:58,294 - root - INFO - test: 1421 unique candidates out of 2608 sampled candidates
2026-09-08 19:13:58,310 - root - INFO - test max cliques 657, nested cliques 792
2026-09-08 19:13:58,310 - root - INFO - test real max cliques in search universe: 160
2026-09-08 19:13:58,310 - root - INFO - test real smaller cliques in search universe: 50 50
2026-09-08 19:13:58,714 - root - INFO - Our Performance: precision 0.2435, recall 0.6250, f1 0.3505 jaccard 0.2125
2026-09-08 19:13:58,715 - root - INFO - Baseline: Bayesian-MDL skipped (disabled for this runtime).
2026-09-08 19:13:58,715 - root - INFO - Baseline: Max Clique precision 0.2435, recall 0.6250, f1 0.3505, jaccard 0.2125 
2026-09-08 19:13:58,723 - root - INFO - Baseline: ECC precision 0.2453, recall 0.6094, f1 0.3498, jaccard 0.2120 
2026-09-08 19:13:59,003 - root - INFO - Baseline: Demon precision 0.2586, recall 0.5898, f1 0.3595, jaccard 0.2192 
2026-09-08 19:13:59,003 - root - INFO - Baseline: CFinder skipped (disabled for channel-SNR benchmark).
