2026-09-08 19:16:54,116 - root - INFO - Create log file at log/crime/crime-1000-cou-1788866214.1158805.log
2026-09-08 19:16:54,116 - root - INFO - Command line executed: python main.py --dataset crime --beta 1000 --features count --channel rayleigh --snr_db 12
2026-09-08 19:16:54,116 - root - INFO - Full args parsed:
2026-09-08 19:16:54,116 - root - INFO - Namespace(dataset='crime', beta=1000, features='count', model='mlp', epochs=2000, lr=0.0001, setting='f', label_rate=0.1, ablation=0, seed=123, use_c=1, jobs=1, save_features=0, data_dir='./data/', log_dir='log', downsample=0, max_child_size=1, ext=0, channel='rayleigh', snr_db=12.0, channel_seed=123, max_background_pairs=10000)
2026-09-08 19:16:54,120 - root - INFO - Finish loading graphs.
2026-09-08 19:16:54,120 - root - INFO - Nodes train: 467, test: 510
2026-09-08 19:16:54,120 - root - INFO - Simplicies train: 243, test: 256
2026-09-08 19:16:54,261 - root - INFO - Channel rayleigh at 12.0 dB: test projection edges 1362 -> 1910
2026-09-08 19:16:54,261 - root - INFO - Start computing cliques
2026-09-08 19:16:54,261 - root - INFO - Couldn't find cache for max cliques train
2026-09-08 19:16:54,263 - root - INFO - Number of maximum cliques:200
2026-09-08 19:16:54,264 - root - INFO - Couldn't find cache for max cliques test
2026-09-08 19:16:54,268 - root - INFO - Number of maximum cliques:868
2026-09-08 19:16:54,273 - root - INFO - test nodes 510 hyperedges 256 avg size 2.953125 std 2.278840765471559 avg degree 1.4823529411764707 max cliques 868
2026-09-08 19:16:54,273 - root - INFO - Breakdown of test hyperedges (max+small) 156 + 100
2026-09-08 19:16:54,273 - root - INFO - Intersection 155 out of 836 868
2026-09-08 19:16:54,273 - root - INFO - support cliques train:200 - test: 836
2026-09-08 19:16:54,273 - root - INFO - Optimizing clique sampler .. 
2026-09-08 19:16:54,273 - root - INFO - Found cache for rho.
2026-09-08 19:16:54,274 - root - INFO - [(15, 15), (12, 12), (9, 9), (8, 8), (7, 7), (6, 6), (5, 5), (4, 4), (3, 3), (2, 2), (1, 1), (6, 1), (2, 1), (12, 1), (15, 1), (4, 1), (7, 1), (3, 1), (12, 2), (5, 2), (3, 2)]
2026-09-08 19:16:54,274 - root - INFO - Optimize Clique Sampler: #hyperedges collected:242, recall: 0.9958847736625515, efficiency:0.242
2026-09-08 19:16:54,277 - root - INFO - Clique analysis done.
2026-09-08 19:16:54,277 - root - INFO - train: 880 unique candidates out of 1000 sampled candidates
2026-09-08 19:16:54,288 - root - INFO - test: 1662 unique candidates out of 3171 sampled candidates
2026-09-08 19:16:54,307 - root - INFO - test max cliques 868, nested cliques 812
2026-09-08 19:16:54,307 - root - INFO - test real max cliques in search universe: 156
2026-09-08 19:16:54,307 - root - INFO - test real smaller cliques in search universe: 54 54
2026-09-08 19:16:54,714 - root - INFO - Our Performance: precision 0.1805, recall 0.6133, f1 0.2789 jaccard 0.1620
2026-09-08 19:16:54,714 - root - INFO - Baseline: Bayesian-MDL skipped (disabled for this runtime).
2026-09-08 19:16:54,714 - root - INFO - Baseline: Max Clique precision 0.1797, recall 0.6094, f1 0.2776, jaccard 0.1612 
2026-09-08 19:16:54,724 - root - INFO - Baseline: ECC precision 0.1842, recall 0.6016, f1 0.2821, jaccard 0.1642 
2026-09-08 19:16:55,094 - root - INFO - Baseline: Demon precision 0.1831, recall 0.5508, f1 0.2749, jaccard 0.1593 
2026-09-08 19:16:55,094 - root - INFO - Baseline: CFinder skipped (disabled for channel-SNR benchmark).
