2026-09-08 19:13:50,781 - root - INFO - Create log file at log/crime/crime-1000-cou-1788866030.7816286.log
2026-09-08 19:13:50,781 - root - INFO - Command line executed: python main.py --dataset crime --beta 1000 --features count --channel awgn --snr_db 0
2026-09-08 19:13:50,782 - root - INFO - Full args parsed:
2026-09-08 19:13:50,782 - root - INFO - Namespace(dataset='crime', beta=1000, features='count', model='mlp', epochs=2000, lr=0.0001, setting='f', label_rate=0.1, ablation=0, seed=123, use_c=1, jobs=1, save_features=0, data_dir='./data/', log_dir='log', downsample=0, max_child_size=1, ext=0, channel='awgn', snr_db=0.0, channel_seed=123, max_background_pairs=10000)
2026-09-08 19:13:50,785 - root - INFO - Finish loading graphs.
2026-09-08 19:13:50,786 - root - INFO - Nodes train: 467, test: 510
2026-09-08 19:13:50,786 - root - INFO - Simplicies train: 243, test: 256
2026-09-08 19:13:50,916 - root - INFO - Channel awgn at 0.0 dB: test projection edges 1362 -> 3153
2026-09-08 19:13:50,917 - root - INFO - Start computing cliques
2026-09-08 19:13:50,917 - root - INFO - Couldn't find cache for max cliques train
2026-09-08 19:13:50,919 - root - INFO - Number of maximum cliques:200
2026-09-08 19:13:50,920 - root - INFO - Couldn't find cache for max cliques test
2026-09-08 19:13:50,926 - root - INFO - Number of maximum cliques:2233
2026-09-08 19:13:50,935 - root - INFO - test nodes 510 hyperedges 256 avg size 2.953125 std 2.278840765471559 avg degree 1.4823529411764707 max cliques 2233
2026-09-08 19:13:50,936 - root - INFO - Breakdown of test hyperedges (max+small) 79 + 177
2026-09-08 19:13:50,936 - root - INFO - Intersection 79 out of 2120 2233
2026-09-08 19:13:50,936 - root - INFO - support cliques train:200 - test: 2120
2026-09-08 19:13:50,936 - root - INFO - Optimizing clique sampler .. 
2026-09-08 19:13:50,936 - root - INFO - Found cache for rho.
2026-09-08 19:13:50,938 - root - INFO - [(15, 15), (12, 12), (9, 9), (8, 8), (7, 7), (6, 6), (5, 5), (4, 4), (3, 3), (2, 2), (1, 1), (6, 1), (2, 1), (12, 1), (15, 1), (4, 1), (7, 1), (3, 1), (12, 2), (5, 2), (3, 2)]
2026-09-08 19:13:50,938 - root - INFO - Optimize Clique Sampler: #hyperedges collected:242, recall: 0.9958847736625515, efficiency:0.242
2026-09-08 19:13:50,946 - root - INFO - Clique analysis done.
2026-09-08 19:13:50,946 - root - INFO - train: 880 unique candidates out of 1000 sampled candidates
2026-09-08 19:13:50,958 - root - INFO - test: 3611 unique candidates out of 8658 sampled candidates
2026-09-08 19:13:50,992 - root - INFO - test max cliques 2233, nested cliques 1378
2026-09-08 19:13:50,992 - root - INFO - test real max cliques in search universe: 79
2026-09-08 19:13:50,992 - root - INFO - test real smaller cliques in search universe: 64 64
2026-09-08 19:13:51,392 - root - INFO - Our Performance: precision 0.0354, recall 0.3086, f1 0.0635 jaccard 0.0328
2026-09-08 19:13:51,392 - root - INFO - Baseline: Bayesian-MDL skipped (disabled for this runtime).
2026-09-08 19:13:51,392 - root - INFO - Baseline: Max Clique precision 0.0354, recall 0.3086, f1 0.0635, jaccard 0.0328 
2026-09-08 19:13:51,410 - root - INFO - Baseline: ECC precision 0.0382, recall 0.3164, f1 0.0682, jaccard 0.0353 
2026-09-08 19:13:52,788 - root - INFO - Baseline: Demon precision 0.0369, recall 0.2812, f1 0.0652, jaccard 0.0337 
2026-09-08 19:13:52,788 - root - INFO - Baseline: CFinder skipped (disabled for channel-SNR benchmark).
