2026-09-08 19:16:51,161 - root - INFO - Create log file at log/crime/crime-1000-cou-1788866211.1617155.log
2026-09-08 19:16:51,162 - root - INFO - Command line executed: python main.py --dataset crime --beta 1000 --features count --channel rayleigh --snr_db 10
2026-09-08 19:16:51,162 - root - INFO - Full args parsed:
2026-09-08 19:16:51,162 - root - INFO - Namespace(dataset='crime', beta=1000, features='count', model='mlp', epochs=2000, lr=0.0001, setting='f', label_rate=0.1, ablation=0, seed=123, use_c=1, jobs=1, save_features=0, data_dir='./data/', log_dir='log', downsample=0, max_child_size=1, ext=0, channel='rayleigh', snr_db=10.0, channel_seed=123, max_background_pairs=10000)
2026-09-08 19:16:51,165 - root - INFO - Finish loading graphs.
2026-09-08 19:16:51,166 - root - INFO - Nodes train: 467, test: 510
2026-09-08 19:16:51,166 - root - INFO - Simplicies train: 243, test: 256
2026-09-08 19:16:51,307 - root - INFO - Channel rayleigh at 10.0 dB: test projection edges 1362 -> 2116
2026-09-08 19:16:51,307 - root - INFO - Start computing cliques
2026-09-08 19:16:51,307 - root - INFO - Couldn't find cache for max cliques train
2026-09-08 19:16:51,309 - root - INFO - Number of maximum cliques:200
2026-09-08 19:16:51,310 - root - INFO - Couldn't find cache for max cliques test
2026-09-08 19:16:51,315 - root - INFO - Number of maximum cliques:1148
2026-09-08 19:16:51,321 - root - INFO - test nodes 510 hyperedges 256 avg size 2.953125 std 2.278840765471559 avg degree 1.4823529411764707 max cliques 1148
2026-09-08 19:16:51,321 - root - INFO - Breakdown of test hyperedges (max+small) 137 + 119
2026-09-08 19:16:51,321 - root - INFO - Intersection 136 out of 1086 1148
2026-09-08 19:16:51,321 - root - INFO - support cliques train:200 - test: 1086
2026-09-08 19:16:51,321 - root - INFO - Optimizing clique sampler .. 
2026-09-08 19:16:51,322 - root - INFO - Found cache for rho.
2026-09-08 19:16:51,322 - root - INFO - [(15, 15), (12, 12), (9, 9), (8, 8), (7, 7), (6, 6), (5, 5), (4, 4), (3, 3), (2, 2), (1, 1), (6, 1), (2, 1), (12, 1), (15, 1), (4, 1), (7, 1), (3, 1), (12, 2), (5, 2), (3, 2)]
2026-09-08 19:16:51,322 - root - INFO - Optimize Clique Sampler: #hyperedges collected:242, recall: 0.9958847736625515, efficiency:0.242
2026-09-08 19:16:51,326 - root - INFO - Clique analysis done.
2026-09-08 19:16:51,327 - root - INFO - train: 880 unique candidates out of 1000 sampled candidates
2026-09-08 19:16:51,338 - root - INFO - test: 2058 unique candidates out of 4381 sampled candidates
2026-09-08 19:16:51,359 - root - INFO - test max cliques 1148, nested cliques 953
2026-09-08 19:16:51,360 - root - INFO - test real max cliques in search universe: 137
2026-09-08 19:16:51,360 - root - INFO - test real smaller cliques in search universe: 58 58
2026-09-08 19:16:51,771 - root - INFO - Our Performance: precision 0.1193, recall 0.5352, f1 0.1952 jaccard 0.1081
2026-09-08 19:16:51,771 - root - INFO - Baseline: Bayesian-MDL skipped (disabled for this runtime).
2026-09-08 19:16:51,771 - root - INFO - Baseline: Max Clique precision 0.1193, recall 0.5352, f1 0.1952, jaccard 0.1081 
2026-09-08 19:16:51,783 - root - INFO - Baseline: ECC precision 0.1266, recall 0.5352, f1 0.2048, jaccard 0.1141 
2026-09-08 19:16:52,287 - root - INFO - Baseline: Demon precision 0.1318, recall 0.5195, f1 0.2103, jaccard 0.1175 
2026-09-08 19:16:52,287 - root - INFO - Baseline: CFinder skipped (disabled for channel-SNR benchmark).
