2026-09-08 19:13:54,607 - root - INFO - Create log file at log/crime/crime-1000-cou-1788866034.6069834.log
2026-09-08 19:13:54,607 - root - INFO - Command line executed: python main.py --dataset crime --beta 1000 --features count --channel awgn --snr_db 4
2026-09-08 19:13:54,607 - root - INFO - Full args parsed:
2026-09-08 19:13:54,607 - root - INFO - Namespace(dataset='crime', beta=1000, features='count', model='mlp', epochs=2000, lr=0.0001, setting='f', label_rate=0.1, ablation=0, seed=123, use_c=1, jobs=1, save_features=0, data_dir='./data/', log_dir='log', downsample=0, max_child_size=1, ext=0, channel='awgn', snr_db=4.0, channel_seed=123, max_background_pairs=10000)
2026-09-08 19:13:54,611 - root - INFO - Finish loading graphs.
2026-09-08 19:13:54,611 - root - INFO - Nodes train: 467, test: 510
2026-09-08 19:13:54,611 - root - INFO - Simplicies train: 243, test: 256
2026-09-08 19:13:54,743 - root - INFO - Channel awgn at 4.0 dB: test projection edges 1362 -> 2475
2026-09-08 19:13:54,743 - root - INFO - Start computing cliques
2026-09-08 19:13:54,743 - root - INFO - Couldn't find cache for max cliques train
2026-09-08 19:13:54,745 - root - INFO - Number of maximum cliques:200
2026-09-08 19:13:54,746 - root - INFO - Couldn't find cache for max cliques test
2026-09-08 19:13:54,751 - root - INFO - Number of maximum cliques:1564
2026-09-08 19:13:54,759 - root - INFO - test nodes 510 hyperedges 256 avg size 2.953125 std 2.278840765471559 avg degree 1.4823529411764707 max cliques 1564
2026-09-08 19:13:54,759 - root - INFO - Breakdown of test hyperedges (max+small) 115 + 141
2026-09-08 19:13:54,759 - root - INFO - Intersection 115 out of 1459 1564
2026-09-08 19:13:54,759 - root - INFO - support cliques train:200 - test: 1459
2026-09-08 19:13:54,759 - root - INFO - Optimizing clique sampler .. 
2026-09-08 19:13:54,759 - root - INFO - Found cache for rho.
2026-09-08 19:13:54,760 - root - INFO - [(15, 15), (12, 12), (9, 9), (8, 8), (7, 7), (6, 6), (5, 5), (4, 4), (3, 3), (2, 2), (1, 1), (6, 1), (2, 1), (12, 1), (15, 1), (4, 1), (7, 1), (3, 1), (12, 2), (5, 2), (3, 2)]
2026-09-08 19:13:54,760 - root - INFO - Optimize Clique Sampler: #hyperedges collected:242, recall: 0.9958847736625515, efficiency:0.242
2026-09-08 19:13:54,766 - root - INFO - Clique analysis done.
2026-09-08 19:13:54,766 - root - INFO - train: 880 unique candidates out of 1000 sampled candidates
2026-09-08 19:13:54,777 - root - INFO - test: 2535 unique candidates out of 5634 sampled candidates
2026-09-08 19:13:54,803 - root - INFO - test max cliques 1564, nested cliques 971
2026-09-08 19:13:54,803 - root - INFO - test real max cliques in search universe: 115
2026-09-08 19:13:54,803 - root - INFO - test real smaller cliques in search universe: 60 60
2026-09-08 19:13:55,201 - root - INFO - Our Performance: precision 0.0735, recall 0.4492, f1 0.1264 jaccard 0.0674
2026-09-08 19:13:55,201 - root - INFO - Baseline: Bayesian-MDL skipped (disabled for this runtime).
2026-09-08 19:13:55,201 - root - INFO - Baseline: Max Clique precision 0.0735, recall 0.4492, f1 0.1264, jaccard 0.0674 
2026-09-08 19:13:55,216 - root - INFO - Baseline: ECC precision 0.0807, recall 0.4609, f1 0.1374, jaccard 0.0737 
2026-09-08 19:13:56,011 - root - INFO - Baseline: Demon precision 0.0787, recall 0.4219, f1 0.1327, jaccard 0.0711 
2026-09-08 19:13:56,011 - root - INFO - Baseline: CFinder skipped (disabled for channel-SNR benchmark).
