2026-09-08 19:16:51,007 - root - INFO - Create log file at log/crime/crime-1000-cou-1788866211.006955.log
2026-09-08 19:16:51,007 - root - INFO - Command line executed: python main.py --dataset crime --beta 1000 --features count --channel rayleigh --snr_db 8
2026-09-08 19:16:51,007 - root - INFO - Full args parsed:
2026-09-08 19:16:51,007 - root - INFO - Namespace(dataset='crime', beta=1000, features='count', model='mlp', epochs=2000, lr=0.0001, setting='f', label_rate=0.1, ablation=0, seed=123, use_c=1, jobs=1, save_features=0, data_dir='./data/', log_dir='log', downsample=0, max_child_size=1, ext=0, channel='rayleigh', snr_db=8.0, channel_seed=123, max_background_pairs=10000)
2026-09-08 19:16:51,011 - root - INFO - Finish loading graphs.
2026-09-08 19:16:51,011 - root - INFO - Nodes train: 467, test: 510
2026-09-08 19:16:51,011 - root - INFO - Simplicies train: 243, test: 256
2026-09-08 19:16:51,151 - root - INFO - Channel rayleigh at 8.0 dB: test projection edges 1362 -> 2376
2026-09-08 19:16:51,152 - root - INFO - Start computing cliques
2026-09-08 19:16:51,152 - root - INFO - Couldn't find cache for max cliques train
2026-09-08 19:16:51,154 - root - INFO - Number of maximum cliques:200
2026-09-08 19:16:51,155 - root - INFO - Couldn't find cache for max cliques test
2026-09-08 19:16:51,160 - root - INFO - Number of maximum cliques:1425
2026-09-08 19:16:51,167 - root - INFO - test nodes 510 hyperedges 256 avg size 2.953125 std 2.278840765471559 avg degree 1.4823529411764707 max cliques 1425
2026-09-08 19:16:51,167 - root - INFO - Breakdown of test hyperedges (max+small) 125 + 131
2026-09-08 19:16:51,167 - root - INFO - Intersection 124 out of 1336 1425
2026-09-08 19:16:51,167 - root - INFO - support cliques train:200 - test: 1336
2026-09-08 19:16:51,167 - root - INFO - Optimizing clique sampler .. 
2026-09-08 19:16:51,167 - root - INFO - Found cache for rho.
2026-09-08 19:16:51,168 - root - INFO - [(15, 15), (12, 12), (9, 9), (8, 8), (7, 7), (6, 6), (5, 5), (4, 4), (3, 3), (2, 2), (1, 1), (6, 1), (2, 1), (12, 1), (15, 1), (4, 1), (7, 1), (3, 1), (12, 2), (5, 2), (3, 2)]
2026-09-08 19:16:51,168 - root - INFO - Optimize Clique Sampler: #hyperedges collected:242, recall: 0.9958847736625515, efficiency:0.242
2026-09-08 19:16:51,173 - root - INFO - Clique analysis done.
2026-09-08 19:16:51,174 - root - INFO - train: 880 unique candidates out of 1000 sampled candidates
2026-09-08 19:16:51,185 - root - INFO - test: 2450 unique candidates out of 5468 sampled candidates
2026-09-08 19:16:51,210 - root - INFO - test max cliques 1425, nested cliques 1051
2026-09-08 19:16:51,210 - root - INFO - test real max cliques in search universe: 125
2026-09-08 19:16:51,210 - root - INFO - test real smaller cliques in search universe: 61 61
2026-09-08 19:16:51,615 - root - INFO - Our Performance: precision 0.0877, recall 0.4883, f1 0.1487 jaccard 0.0803
2026-09-08 19:16:51,615 - root - INFO - Baseline: Bayesian-MDL skipped (disabled for this runtime).
2026-09-08 19:16:51,615 - root - INFO - Baseline: Max Clique precision 0.0877, recall 0.4883, f1 0.1487, jaccard 0.0803 
2026-09-08 19:16:51,628 - root - INFO - Baseline: ECC precision 0.0934, recall 0.4883, f1 0.1567, jaccard 0.0850 
2026-09-08 19:16:52,304 - root - INFO - Baseline: Demon precision 0.0944, recall 0.4570, f1 0.1565, jaccard 0.0849 
2026-09-08 19:16:52,304 - root - INFO - Baseline: CFinder skipped (disabled for channel-SNR benchmark).
