2026-09-07 16:55:10,407 - root - INFO - Create log file at log/crime/crime-1000-cou-1788771310.4076316.log
2026-09-07 16:55:10,408 - root - INFO - Command line executed: python main.py --dataset crime --beta 1000 --features count
2026-09-07 16:55:10,408 - root - INFO - Full args parsed:
2026-09-07 16:55:10,408 - root - INFO - Namespace(dataset='crime', beta=1000, features='count', model='mlp', epochs=2000, lr=0.0001, setting='f', label_rate=0.1, ablation=0, seed=123, use_c=1, jobs=1, save_features=0, data_dir='./data/', log_dir='log', downsample=0, max_child_size=1, ext=0)
2026-09-07 16:55:10,412 - root - INFO - Finish loading graphs.
2026-09-07 16:55:10,412 - root - INFO - Nodes train: 467, test: 510
2026-09-07 16:55:10,412 - root - INFO - Simplicies train: 243, test: 256
2026-09-07 16:55:10,412 - root - INFO - Start computing cliques
2026-09-07 16:55:10,412 - root - INFO - Found cache for max cliques train
2026-09-07 16:55:10,412 - root - INFO - Number of maximum cliques:200
2026-09-07 16:55:10,413 - root - INFO - Found cache for max cliques test
2026-09-07 16:55:10,413 - root - INFO - Number of maximum cliques:207
2026-09-07 16:55:10,415 - root - INFO - test nodes 510 hyperedges 256 avg size 2.953125 std 2.278840765471559 avg degree 1.4823529411764707 max cliques 207
2026-09-07 16:55:10,415 - root - INFO - Breakdown of test hyperedges (max+small) 204 + 52
2026-09-07 16:55:10,415 - root - INFO - Intersection 203 out of 204 207
2026-09-07 16:55:10,415 - root - INFO - support cliques train:200 - test: 204
2026-09-07 16:55:10,415 - root - INFO - Optimizing clique sampler .. 
2026-09-07 16:55:10,415 - root - INFO - Found cache for rho.
2026-09-07 16:55:10,416 - root - INFO - [(15, 15), (12, 12), (9, 9), (8, 8), (7, 7), (6, 6), (5, 5), (4, 4), (3, 3), (2, 2), (1, 1), (6, 1), (2, 1), (12, 1), (15, 1), (4, 1), (7, 1), (3, 1), (12, 2), (5, 2), (3, 2)]
2026-09-07 16:55:10,416 - root - INFO - Optimize Clique Sampler: #hyperedges collected:242, recall: 0.9958847736625515, efficiency:0.242
2026-09-07 16:55:10,417 - root - INFO - Clique analysis done.
2026-09-07 16:55:10,418 - root - INFO - train: 880 unique candidates out of 1000 sampled candidates
2026-09-07 16:55:10,429 - root - INFO - test: 797 unique candidates out of 919 sampled candidates
2026-09-07 16:55:10,440 - root - INFO - test max cliques 207, nested cliques 595
2026-09-07 16:55:10,440 - root - INFO - test real max cliques in search universe: 204
2026-09-07 16:55:10,440 - root - INFO - test real smaller cliques in search universe: 42 42
2026-09-07 16:55:10,832 - root - INFO - Our Performance: precision 0.9635, recall 0.8242, f1 0.8884 jaccard 0.7992
2026-09-07 16:55:10,832 - root - INFO - Baseline: Bayesian-MDL skipped (disabled for this runtime).
2026-09-07 16:55:10,832 - root - INFO - Baseline: Max Clique precision 0.9855, recall 0.7969, f1 0.8812, jaccard 0.7876 
2026-09-07 16:55:10,837 - root - INFO - Baseline: ECC precision 1.0000, recall 0.7578, f1 0.8622, jaccard 0.7578 
2026-09-07 16:55:10,993 - root - INFO - Baseline: Demon precision 0.9344, recall 0.6680, f1 0.7790, jaccard 0.6381 
2026-09-07 16:55:11,026 - root - INFO - Baseline: CFinder (k=2) precision 0.4750, recall 0.0742, f1 0.1284, jaccard 0.0686 
