2026-09-07 16:02:48,202 - root - INFO - Create log file at log/crime/crime-1000-cou-1788768168.2025084.log
2026-09-07 16:02:48,202 - root - INFO - Command line executed: python main.py --dataset crime --beta 1000 --features count
2026-09-07 16:02:48,202 - root - INFO - Full args parsed:
2026-09-07 16:02:48,202 - root - INFO - Namespace(dataset='crime', beta=1000, features='count', model='mlp', epochs=2000, lr=0.0001, setting='f', label_rate=0.1, ablation=0, seed=123, use_c=1, jobs=1, save_features=0, data_dir='./data/', log_dir='log', downsample=0, max_child_size=1, ext=0)
2026-09-07 16:02:48,206 - root - INFO - Finish loading graphs.
2026-09-07 16:02:48,206 - root - INFO - Nodes train: 467, test: 510
2026-09-07 16:02:48,207 - root - INFO - Simplicies train: 243, test: 256
2026-09-07 16:02:48,207 - root - INFO - Start computing cliques
2026-09-07 16:02:48,208 - root - INFO - Couldn't find cache for max cliques train
2026-09-07 16:02:48,210 - root - INFO - Number of maximum cliques:200
2026-09-07 16:02:48,211 - root - INFO - Couldn't find cache for max cliques test
2026-09-07 16:02:48,214 - root - INFO - Number of maximum cliques:207
2026-09-07 16:02:48,216 - root - INFO - test nodes 510 hyperedges 256 avg size 2.953125 std 2.278840765471559 avg degree 1.4823529411764707 max cliques 207
2026-09-07 16:02:48,216 - root - INFO - Breakdown of test hyperedges (max+small) 204 + 52
2026-09-07 16:02:48,216 - root - INFO - Intersection 203 out of 204 207
2026-09-07 16:02:48,216 - root - INFO - support cliques train:200 - test: 204
2026-09-07 16:02:48,216 - root - INFO - Optimizing clique sampler .. 
2026-09-07 16:02:48,216 - root - INFO - Cache for rho not found. Computing rho ...
2026-09-07 16:02:48,220 - root - INFO - [(15, 15), (12, 12), (9, 9), (8, 8), (7, 7), (6, 6), (5, 5), (4, 4), (3, 3), (2, 2), (1, 1), (6, 1), (2, 1), (12, 1), (15, 1), (4, 1), (7, 1), (3, 1), (12, 2), (5, 2), (3, 2)]
2026-09-07 16:02:48,220 - root - INFO - Optimize Clique Sampler: #hyperedges collected:242, recall: 0.9958847736625515, efficiency:0.242
2026-09-07 16:02:48,222 - root - INFO - Clique analysis done.
2026-09-07 16:02:48,222 - root - INFO - train: 880 unique candidates out of 1000 sampled candidates
2026-09-07 16:02:48,233 - root - INFO - test: 797 unique candidates out of 919 sampled candidates
2026-09-07 16:02:48,244 - root - INFO - test max cliques 207, nested cliques 595
2026-09-07 16:02:48,244 - root - INFO - test real max cliques in search universe: 204
2026-09-07 16:02:48,244 - root - INFO - test real smaller cliques in search universe: 41 41
2026-09-07 16:02:48,640 - root - INFO - Our Performance: precision 0.9635, recall 0.8242, f1 0.8884 jaccard 0.7992
