2026-09-08 19:14:03,417 - root - INFO - Create log file at log/crime/crime-1000-cou-1788866043.4176717.log
2026-09-08 19:14:03,418 - root - INFO - Command line executed: python main.py --dataset crime --beta 1000 --features count --channel awgn --snr_db 18
2026-09-08 19:14:03,418 - root - INFO - Full args parsed:
2026-09-08 19:14:03,418 - root - INFO - Namespace(dataset='crime', beta=1000, features='count', model='mlp', epochs=2000, lr=0.0001, setting='f', label_rate=0.1, ablation=0, seed=123, use_c=1, jobs=1, save_features=0, data_dir='./data/', log_dir='log', downsample=0, max_child_size=1, ext=0, channel='awgn', snr_db=18.0, channel_seed=123, max_background_pairs=10000)
2026-09-08 19:14:03,421 - root - INFO - Finish loading graphs.
2026-09-08 19:14:03,422 - root - INFO - Nodes train: 467, test: 510
2026-09-08 19:14:03,422 - root - INFO - Simplicies train: 243, test: 256
2026-09-08 19:14:03,551 - root - INFO - Channel awgn at 18.0 dB: test projection edges 1362 -> 1363
2026-09-08 19:14:03,551 - root - INFO - Start computing cliques
2026-09-08 19:14:03,551 - root - INFO - Couldn't find cache for max cliques train
2026-09-08 19:14:03,553 - root - INFO - Number of maximum cliques:200
2026-09-08 19:14:03,554 - root - INFO - Couldn't find cache for max cliques test
2026-09-08 19:14:03,557 - root - INFO - Number of maximum cliques:208
2026-09-08 19:14:03,559 - root - INFO - test nodes 510 hyperedges 256 avg size 2.953125 std 2.278840765471559 avg degree 1.4823529411764707 max cliques 208
2026-09-08 19:14:03,559 - root - INFO - Breakdown of test hyperedges (max+small) 204 + 52
2026-09-08 19:14:03,559 - root - INFO - Intersection 203 out of 205 208
2026-09-08 19:14:03,559 - root - INFO - support cliques train:200 - test: 205
2026-09-08 19:14:03,559 - root - INFO - Optimizing clique sampler .. 
2026-09-08 19:14:03,559 - root - INFO - Found cache for rho.
2026-09-08 19:14:03,559 - root - INFO - [(15, 15), (12, 12), (9, 9), (8, 8), (7, 7), (6, 6), (5, 5), (4, 4), (3, 3), (2, 2), (1, 1), (6, 1), (2, 1), (12, 1), (15, 1), (4, 1), (7, 1), (3, 1), (12, 2), (5, 2), (3, 2)]
2026-09-08 19:14:03,560 - root - INFO - Optimize Clique Sampler: #hyperedges collected:242, recall: 0.9958847736625515, efficiency:0.242
2026-09-08 19:14:03,561 - root - INFO - Clique analysis done.
2026-09-08 19:14:03,561 - root - INFO - train: 880 unique candidates out of 1000 sampled candidates
2026-09-08 19:14:03,572 - root - INFO - test: 798 unique candidates out of 922 sampled candidates
2026-09-08 19:14:03,583 - root - INFO - test max cliques 208, nested cliques 595
2026-09-08 19:14:03,583 - root - INFO - test real max cliques in search universe: 204
2026-09-08 19:14:03,583 - root - INFO - test real smaller cliques in search universe: 41 41
2026-09-08 19:14:03,983 - root - INFO - Our Performance: precision 0.9591, recall 0.8242, f1 0.8866 jaccard 0.7962
2026-09-08 19:14:03,983 - root - INFO - Baseline: Bayesian-MDL skipped (disabled for this runtime).
2026-09-08 19:14:03,983 - root - INFO - Baseline: Max Clique precision 0.9808, recall 0.7969, f1 0.8793, jaccard 0.7846 
2026-09-08 19:14:03,989 - root - INFO - Baseline: ECC precision 0.9949, recall 0.7578, f1 0.8603, jaccard 0.7549 
2026-09-08 19:14:04,140 - root - INFO - Baseline: Demon precision 0.9126, recall 0.6523, f1 0.7608, jaccard 0.6140 
2026-09-08 19:14:04,141 - root - INFO - Baseline: CFinder skipped (disabled for channel-SNR benchmark).
