INFO:root:Create log file at log/hosts/hosts-6000-cou-1788773317.1538477.log
INFO:root:Command line executed: python main.py --dataset hosts --beta 6000 --features count --channel awgn --snr_db 10
INFO:root:Full args parsed:
INFO:root:Namespace(dataset='hosts', beta=6000, features='count', model='mlp', epochs=2000, lr=0.0001, setting='f', label_rate=0.1, ablation=0, seed=123, use_c=1, jobs=1, save_features=0, data_dir='./data/', log_dir='log', downsample=0, max_child_size=1, ext=0, channel='awgn', snr_db=10.0, channel_seed=123, max_background_pairs=10000)
INFO:root:Finish loading graphs.
INFO:root:Nodes train: 591, test: 466
INFO:root:Simplicies train: 204, test: 218
INFO:root:Channel awgn at 10.0 dB: test projection edges 9205 -> 9247
INFO:root:Start computing cliques
INFO:root:Couldn't find cache for max cliques train
INFO:root:Number of maximum cliques:383
INFO:root:Couldn't find cache for max cliques test
INFO:root:Number of maximum cliques:2353569
INFO:root:test nodes 466 hyperedges 218 avg size 5.564220183486238 std 8.957494150492446 avg degree 2.6030042918454934 max cliques 2353569
INFO:root:Breakdown of test hyperedges (max+small) 54 + 164
INFO:root:Intersection 54 out of 653 2353569
INFO:root:support cliques train:125 - test: 653
INFO:root:Optimizing clique sampler .. 
INFO:root:Found cache for rho.
INFO:root:[(140, 140), (50, 50), (44, 44), (37, 37), (35, 35), (27, 27), (26, 26), (2, 2), (1, 1), (3, 3), (23, 23), (22, 22), (20, 20), (5, 5), (25, 1), (4, 4), (24, 24), (8, 8), (15, 15), (10, 10), (13, 13), (6, 6), (35, 1), (12, 12), (18, 18), (17, 17), (16, 16), (9, 9), (7, 7), (14, 14), (3, 1), (11, 11), (5, 2), (22, 1), (50, 1), (26, 1), (27, 1), (2, 1), (4, 2), (24, 1), (6, 2), (5, 3), (6, 3), (18, 1), (16, 15), (6, 4), (140, 1), (25, 2), (7, 6), (6, 5), (8, 7), (7, 5), (27, 2), (11, 2)]
INFO:root:Optimize Clique Sampler: #hyperedges collected:179, recall: 0.8774509803921569, efficiency:0.029833333333333333
INFO:root:Clique analysis done.
INFO:root:train: 4497 unique candidates out of 5959 sampled candidates
Note: to be able to use all crisp methods, you need to install some additional packages:  {'wurlitzer', 'infomap', 'graph_tool', 'bayanpy', 'leidenalg'}
Note: to be able to use all crisp methods, you need to install some additional packages:  {'ASLPAw', 'torch', 'hidef', 'pyclustering'}
Note: to be able to use all crisp methods, you need to install some additional packages:  {'wurlitzer', 'leidenalg', 'infomap', 'scikit-network'}
Sanity check failed, reindexing the hypergraphs ...
Sanity check failed, reindexing the hypergraphs ...
number of nodes in construct graph 591
number of nodes in construct graph 466
(0, 0), (1, 1), (2, 2), (3, 3), (4, 4), (5, 5), (6, 6), (7, 7), (22, 22), (31, 31), (42, 41), (46, 44), (49, 46), (53, 48), (65, 54), (90, 64), (106, 70), (109, 71), (139, 79), (160, 84), (190, 91), (211, 95), (248, 102), (283, 108), (303, 111), (310, 112), (318, 113), (326, 114), (360, 118), (387, 120), (402, 121), (435, 123), (469, 125), (589, 131), (655, 134), (705, 136), (731, 137), (758, 138), (788, 139), (884, 142), (956, 144), (1511, 154), (1631, 156), (2371, 162), (2497, 163), (2625, 164), (3180, 168), (3320, 169), (3620, 171), (3809, 172), (4031, 173), (4271, 174), (4838, 176), (5189, 177), 
(0, 0), (0, 0), (0, 0), (0, 0), (4, 0), (2491, 0), (518605, 0), (1054881, 0), (1054993, 10), (1054995, 12), (1055147, 25), (1095382, 25), (1102238, 25), (1105729, 25), (1105811, 35), (9837961, 58), (9838045, 68), (9985602, 68), (9985650, 69), (9986292, 69), (9986393, 69), (9986779, 69), (9986852, 71), (10073897, 71), (10074241, 71), (10076770, 71), (10078613, 71), (10079496, 71), (10079582, 72), (10079663, 77), (10080201, 77), (10080657, 93), (10080836, 93), (10081656, 109), (10232488, 109), (10232488, 109), (24175664, 109), (38110742, 109), (38110966, 121), (38111470, 124), (41652838, 124), (41653933, 126), (41654753, 130), (41656213, 132), (41701735, 133), (41715863, 133), (41716958, 134), (41716958, 134), (146502758, 137), (146503325, 137), (146503763, 137), (146504147, 137), (146505848, 137), (327661862, 137), 
0it [00:00, ?it/s]4504it [00:00, 189786.37it/s]
INFO:root:test: 1286025 unique candidates out of 327666097 sampled candidates
