INFO:root:Create log file at log/school/school-350000-cou-1788774235.8411052.log
INFO:root:Command line executed: python main.py --dataset school --beta 350000 --features count --channel awgn --snr_db 10
INFO:root:Full args parsed:
INFO:root:Namespace(dataset='school', beta=350000, features='count', model='mlp', epochs=2000, lr=0.0001, setting='f', label_rate=0.1, ablation=0, seed=123, use_c=1, jobs=1, save_features=0, data_dir='./data/', log_dir='log', downsample=0, max_child_size=1, ext=0, channel='awgn', snr_db=10.0, channel_seed=123, max_background_pairs=10000)
INFO:root:Finish loading graphs.
INFO:root:Nodes train: 242, test: 242
INFO:root:Simplicies train: 6352, test: 6352
INFO:root:Channel awgn at 10.0 dB: test projection edges 5710 -> 5833
INFO:root:Start computing cliques
INFO:root:Couldn't find cache for max cliques train
INFO:root:Number of maximum cliques:15119
INFO:root:Couldn't find cache for max cliques test
INFO:root:Number of maximum cliques:16345
INFO:root:test nodes 242 hyperedges 6352 avg size 2.420654911838791 std 0.5512194626711862 avg degree 63.53719008264463 max cliques 16345
INFO:root:Breakdown of test hyperedges (max+small) 12 + 6340
INFO:root:Intersection 9 out of 1093 16345
INFO:root:support cliques train:934 - test: 1093
INFO:root:Optimizing clique sampler .. 
INFO:root:Found cache for rho.
INFO:root:[(2, 2), (3, 2), (4, 2), (5, 2), (16, 2), (3, 3), (4, 3), (16, 3), (13, 2), (5, 3), (13, 3), (12, 2), (6, 3), (6, 2), (8, 3), (9, 2)]
INFO:root:Optimize Clique Sampler: #hyperedges collected:5807, recall: 0.9142002518891688, efficiency:0.016591428571428573
INFO:root:Clique analysis done.
INFO:root:train: 41928 unique candidates out of 349993 sampled candidates
Note: to be able to use all crisp methods, you need to install some additional packages:  {'graph_tool', 'bayanpy', 'infomap', 'wurlitzer', 'leidenalg'}
Note: to be able to use all crisp methods, you need to install some additional packages:  {'torch', 'pyclustering', 'ASLPAw', 'hidef'}
Note: to be able to use all crisp methods, you need to install some additional packages:  {'infomap', 'wurlitzer', 'leidenalg', 'scikit-network'}
Sanity check failed, reindexing the hypergraphs ...
Sanity check failed, reindexing the hypergraphs ...
number of nodes in construct graph 242
number of nodes in construct graph 242
(0, 0), (6, 6), (522, 339), (5376, 1830), (23846, 3047), (26366, 3136), (26538, 3142), (29774, 3220), (41534, 3476), (51596, 3684), (70066, 4019), (106960, 4456), (126364, 4625), (183864, 5122), (226989, 5355), (346213, 5802), 
(0, 0), (19, 4), (925, 466), (7705, 2165), (34795, 3216), (34795, 3216), (35097, 3223), (39617, 3310), (39617, 3310), (39695, 3321), (66785, 3803), (67071, 3829), (78357, 3929), (143637, 4468), (192597, 4679), (310309, 5215), 

0it [00:00, ?it/s]
12829it [00:00, 128255.87it/s]
35616it [00:00, 186838.77it/s]
56869it [00:00, 200568.32it/s]
INFO:root:test: 39244 unique candidates out of 314485 sampled candidates

0it [00:00, ?it/s]
13824it [00:00, 138226.62it/s]
37345it [00:00, 195267.48it/s]
55268it [00:00, 205730.17it/s]
INFO:root:test max cliques 16345, nested cliques 38923
INFO:root:test real max cliques in search universe: 12
INFO:root:test real smaller cliques in search universe: 5276 5276
INFO:root:Our Performance: precision 0.6374, recall 0.5636, f1 0.5982 jaccard 0.4267
INFO:root:Baseline: Bayesian-MDL skipped (disabled for this runtime).
INFO:root:Baseline: Max Clique precision 0.0007, recall 0.0019, f1 0.0011, jaccard 0.0005 
INFO:root:Baseline: ECC precision 0.1172, recall 0.0183, f1 0.0316, jaccard 0.0161 
INFO:root:Baseline: Demon precision 0.0150, recall 0.0006, f1 0.0012, jaccard 0.0006 
INFO:root:Baseline: CFinder (k=3) precision 0.0000, recall 0.0000, f1 0.0000, jaccard 0.0000 
(41750, 9) (41750,) 5823
