INFO:root:Create log file at log/school2/school2-60000-cou-1788775251.558139.log
INFO:root:Command line executed: python main.py --dataset school2 --beta 60000 --features count --channel awgn --snr_db 20
INFO:root:Full args parsed:
INFO:root:Namespace(dataset='school2', beta=60000, features='count', model='mlp', epochs=2000, lr=0.0001, setting='f', label_rate=0.1, ablation=0, seed=123, use_c=1, jobs=1, save_features=0, data_dir='./data/', log_dir='log', downsample=0, max_child_size=1, ext=0, channel='awgn', snr_db=20.0, channel_seed=123, max_background_pairs=10000)
INFO:root:Finish loading graphs.
INFO:root:Nodes train: 327, test: 327
INFO:root:Simplicies train: 3909, test: 3909
INFO:root:Channel awgn at 20.0 dB: test projection edges 3806 -> 3806
INFO:root:Start computing cliques
INFO:root:Couldn't find cache for max cliques train
INFO:root:Number of maximum cliques:3513
INFO:root:Couldn't find cache for max cliques test
INFO:root:Number of maximum cliques:3279
INFO:root:test nodes 327 hyperedges 3909 avg size 2.3210539779994885 std 0.5232084288484576 avg degree 27.74617737003058 max cliques 3279
INFO:root:Breakdown of test hyperedges (max+small) 167 + 3742
INFO:root:Intersection 155 out of 956 3279
INFO:root:support cliques train:970 - test: 956
INFO:root:Optimizing clique sampler .. 
INFO:root:Found cache for rho.
INFO:root:[(2, 2), (3, 2), (4, 2), (11, 2), (5, 2), (4, 3), (3, 3), (11, 3), (5, 3), (9, 2), (6, 3), (4, 4), (6, 2), (9, 3)]
INFO:root:Optimize Clique Sampler: #hyperedges collected:3568, recall: 0.9127654131491431, efficiency:0.05946666666666667
INFO:root:Clique analysis done.
INFO:root:train: 14680 unique candidates out of 59994 sampled candidates
Note: to be able to use all crisp methods, you need to install some additional packages:  {'bayanpy', 'leidenalg', 'graph_tool', 'infomap', 'wurlitzer'}
Note: to be able to use all crisp methods, you need to install some additional packages:  {'pyclustering', 'torch', 'ASLPAw', 'hidef'}
Note: to be able to use all crisp methods, you need to install some additional packages:  {'scikit-network', 'infomap', 'wurlitzer', 'leidenalg'}
Sanity check failed, reindexing the hypergraphs ...
Sanity check failed, reindexing the hypergraphs ...
number of nodes in construct graph 327
number of nodes in construct graph 327
(0, 0), (139, 139), (1222, 768), (3904, 1541), (4179, 1609), (10109, 2303), (11897, 2441), (12258, 2467), (13083, 2511), (19013, 2785), (25205, 2982), (39165, 3285), (39612, 3293), (50082, 3473), 
(0, 0), (126, 126), (1167, 715), (3819, 1529), (4039, 1574), (9909, 2298), (11677, 2421), (12024, 2456), (12684, 2482), (18554, 2772), (21722, 2907), (37502, 3231), (37944, 3237), (49779, 3503), 

0it [00:00, ?it/s]
17246it [00:00, 243089.63it/s]
INFO:root:test: 14376 unique candidates out of 54819 sampled candidates

0it [00:00, ?it/s]
16740it [00:00, 235967.66it/s]
INFO:root:test max cliques 3279, nested cliques 13461
INFO:root:test real max cliques in search universe: 167
INFO:root:test real smaller cliques in search universe: 3444 3444
INFO:root:Our Performance: precision 0.7253, recall 0.6861, f1 0.7051 jaccard 0.5446
INFO:root:Baseline: Bayesian-MDL skipped (disabled for this runtime).
INFO:root:Baseline: Max Clique precision 0.0509, recall 0.0427, f1 0.0465, jaccard 0.0238 
INFO:root:Baseline: ECC precision 0.3267, recall 0.0793, f1 0.1276, jaccard 0.0682 
INFO:root:Baseline: Demon precision 0.2721, recall 0.0322, f1 0.0576, jaccard 0.0297 
INFO:root:Baseline: CFinder (k=3) precision 0.0000, recall 0.0000, f1 0.0000, jaccard 0.0000 
(13733, 9) (13733,) 3428
