2026-09-07T17:28:35.679264+08:00 SKIP dataset=enron snr_db=10 reason=already_complete
2026-09-07T17:28:35.679395+08:00 SKIP dataset=enron snr_db=20 reason=already_complete
2026-09-07T17:28:35.679433+08:00 SKIP dataset=enron snr_db=60 reason=already_complete
2026-09-07T17:28:35.679470+08:00 START dataset=hosts snr_db=10
2026-09-07T17:43:38.311710+08:00 TIMEOUT dataset=hosts snr_db=10 timeout_s=900
2026-09-07T17:43:38.311906+08:00 START dataset=hosts snr_db=20
2026-09-07T17:43:46.346493+08:00 DONE dataset=hosts snr_db=20 exit=0
2026-09-07T17:43:46.346693+08:00 START dataset=hosts snr_db=60
2026-09-07T17:43:54.377987+08:00 DONE dataset=hosts snr_db=60 exit=0
2026-09-07T17:43:54.378172+08:00 START dataset=school snr_db=10
2026-09-07T17:49:17.978859+08:00 DONE dataset=school snr_db=10 exit=0
2026-09-07T17:49:17.979046+08:00 START dataset=school snr_db=20
2026-09-07T17:55:00.465718+08:00 DONE dataset=school snr_db=20 exit=0
2026-09-07T17:55:00.465821+08:00 START dataset=school snr_db=60
2026-09-07T18:00:41.061413+08:00 DONE dataset=school snr_db=60 exit=0
2026-09-07T18:00:41.061526+08:00 START dataset=school2 snr_db=10
2026-09-07T18:00:50.081745+08:00 DONE dataset=school2 snr_db=10 exit=0
2026-09-07T18:00:50.081919+08:00 START dataset=school2 snr_db=20
2026-09-07T18:00:59.829703+08:00 DONE dataset=school2 snr_db=20 exit=0
2026-09-07T18:00:59.829873+08:00 START dataset=school2 snr_db=60
2026-09-07T18:01:09.525283+08:00 DONE dataset=school2 snr_db=60 exit=0
