2026-09-07 16:55:06,567 - root - INFO - Create log file at log/directors/directors-800-cou-1788771306.566773.log
2026-09-07 16:55:06,567 - root - INFO - Command line executed: python main.py --dataset directors --beta 800 --features count
2026-09-07 16:55:06,567 - root - INFO - Full args parsed:
2026-09-07 16:55:06,567 - root - INFO - Namespace(dataset='directors', beta=800, features='count', model='mlp', epochs=2000, lr=0.0001, setting='f', label_rate=0.1, ablation=0, seed=123, use_c=1, jobs=1, save_features=0, data_dir='./data/', log_dir='log', downsample=0, max_child_size=1, ext=0)
2026-09-07 16:55:06,571 - root - INFO - Finish loading graphs.
2026-09-07 16:55:06,571 - root - INFO - Nodes train: 547, test: 522
2026-09-07 16:55:06,571 - root - INFO - Simplicies train: 102, test: 102
2026-09-07 16:55:06,571 - root - INFO - Start computing cliques
2026-09-07 16:55:06,571 - root - INFO - Found cache for max cliques train
2026-09-07 16:55:06,571 - root - INFO - Number of maximum cliques:102
2026-09-07 16:55:06,572 - root - INFO - Found cache for max cliques test
2026-09-07 16:55:06,572 - root - INFO - Number of maximum cliques:102
2026-09-07 16:55:06,573 - root - INFO - test nodes 522 hyperedges 102 avg size 5.382352941176471 std 2.227476007868234 avg degree 1.0517241379310345 max cliques 102
2026-09-07 16:55:06,574 - root - INFO - Breakdown of test hyperedges (max+small) 102 + 0
2026-09-07 16:55:06,574 - root - INFO - Intersection 102 out of 102 102
2026-09-07 16:55:06,574 - root - INFO - support cliques train:102 - test: 102
2026-09-07 16:55:06,574 - root - INFO - Optimizing clique sampler .. 
2026-09-07 16:55:06,574 - root - INFO - Found cache for rho.
2026-09-07 16:55:06,575 - root - INFO - [(26, 26), (13, 13), (12, 12), (11, 11), (10, 10), (9, 9), (8, 8), (7, 7), (6, 6), (5, 5), (4, 4), (3, 3), (2, 2)]
2026-09-07 16:55:06,575 - root - INFO - Optimize Clique Sampler: #hyperedges collected:102, recall: 1.0, efficiency:0.1275
2026-09-07 16:55:06,575 - root - INFO - Clique analysis done.
2026-09-07 16:55:06,575 - root - INFO - train: 102 unique candidates out of 102 sampled candidates
2026-09-07 16:55:06,586 - root - INFO - test: 100 unique candidates out of 100 sampled candidates
2026-09-07 16:55:06,594 - root - INFO - test max cliques 102, nested cliques 0
2026-09-07 16:55:06,594 - root - INFO - test real max cliques in search universe: 102
2026-09-07 16:55:06,594 - root - INFO - test real smaller cliques in search universe: 0 0
2026-09-07 16:55:06,668 - root - INFO - Our Performance: precision 1.0000, recall 1.0000, f1 1.0000 jaccard 1.0000
2026-09-07 16:55:06,668 - root - INFO - Baseline: Bayesian-MDL skipped (disabled for this runtime).
2026-09-07 16:55:06,669 - root - INFO - Baseline: Max Clique precision 1.0000, recall 1.0000, f1 1.0000, jaccard 1.0000 
2026-09-07 16:55:06,674 - root - INFO - Baseline: ECC precision 1.0000, recall 1.0000, f1 1.0000, jaccard 1.0000 
2026-09-07 16:55:06,801 - root - INFO - Baseline: Demon precision 0.9697, recall 0.9412, f1 0.9552, jaccard 0.9143 
2026-09-07 16:55:06,828 - root - INFO - Baseline: CFinder (k=6) precision 1.0000, recall 0.4118, f1 0.5833, jaccard 0.4118 
