2026-09-08 19:12:01,705 - root - INFO - Create log file at log/school/school-350000-cou-1788865921.70502.log
2026-09-08 19:12:01,705 - root - INFO - Command line executed: python main.py --dataset school --beta 350000 --features count --channel awgn --snr_db 10
2026-09-08 19:12:01,705 - root - INFO - Full args parsed:
2026-09-08 19:12:01,705 - root - INFO - Namespace(dataset='school', beta=350000, features='count', model='mlp', epochs=2000, lr=0.0001, setting='f', label_rate=0.1, ablation=0, seed=123, use_c=1, jobs=1, save_features=0, data_dir='./data/', log_dir='log', downsample=0, max_child_size=1, ext=0, channel='awgn', snr_db=10.0, channel_seed=123, max_background_pairs=10000)
2026-09-08 19:12:01,744 - root - INFO - Finish loading graphs.
2026-09-08 19:12:01,744 - root - INFO - Nodes train: 242, test: 242
2026-09-08 19:12:01,744 - root - INFO - Simplicies train: 6352, test: 6352
2026-09-08 19:12:01,931 - root - INFO - Channel awgn at 10.0 dB: test projection edges 5710 -> 5863
2026-09-08 19:12:01,931 - root - INFO - Start computing cliques
2026-09-08 19:12:01,931 - root - INFO - Couldn't find cache for max cliques train
2026-09-08 19:12:02,032 - root - INFO - Number of maximum cliques:15119
2026-09-08 19:12:02,340 - root - INFO - Couldn't find cache for max cliques test
2026-09-08 19:12:02,443 - root - INFO - Number of maximum cliques:16403
2026-09-08 19:12:02,728 - root - INFO - test nodes 242 hyperedges 6352 avg size 2.420654911838791 std 0.5512194626711862 avg degree 63.53719008264463 max cliques 16403
2026-09-08 19:12:02,729 - root - INFO - Breakdown of test hyperedges (max+small) 11 + 6341
2026-09-08 19:12:02,729 - root - INFO - Intersection 5 out of 1076 16403
2026-09-08 19:12:02,729 - root - INFO - support cliques train:934 - test: 1076
2026-09-08 19:12:02,729 - root - INFO - Optimizing clique sampler .. 
2026-09-08 19:12:02,750 - root - INFO - Found cache for rho.
2026-09-08 19:12:02,764 - root - INFO - [(2, 2), (3, 2), (4, 2), (5, 2), (16, 2), (3, 3), (4, 3), (16, 3), (13, 2), (5, 3), (13, 3), (12, 2), (6, 3), (6, 2), (8, 3), (9, 2)]
2026-09-08 19:12:02,764 - root - INFO - Optimize Clique Sampler: #hyperedges collected:5807, recall: 0.9142002518891688, efficiency:0.016591428571428573
2026-09-08 19:12:03,095 - root - INFO - Clique analysis done.
2026-09-08 19:12:03,280 - root - INFO - train: 41928 unique candidates out of 349993 sampled candidates
2026-09-08 19:12:03,815 - root - INFO - test: 41209 unique candidates out of 357525 sampled candidates
2026-09-08 19:12:04,325 - root - INFO - test max cliques 16403, nested cliques 40883
2026-09-08 19:12:04,325 - root - INFO - test real max cliques in search universe: 11
2026-09-08 19:12:04,328 - root - INFO - test real smaller cliques in search universe: 5429 5429
2026-09-08 19:12:09,893 - root - INFO - Our Performance: precision 0.6344, recall 0.5642, f1 0.5973 jaccard 0.4258
2026-09-08 19:12:09,893 - root - INFO - Baseline: Bayesian-MDL skipped (disabled for this runtime).
2026-09-08 19:12:09,894 - root - INFO - Baseline: Max Clique precision 0.0007, recall 0.0017, f1 0.0010, jaccard 0.0005 
2026-09-08 19:12:10,125 - root - INFO - Baseline: ECC precision 0.0954, recall 0.0148, f1 0.0256, jaccard 0.0130 
2026-09-08 19:12:11,182 - root - INFO - Baseline: Demon precision 0.0115, recall 0.0005, f1 0.0009, jaccard 0.0005 
2026-09-08 19:12:11,182 - root - INFO - Baseline: CFinder skipped (disabled for channel-SNR benchmark).
