2026-09-08 19:15:09,205 - root - INFO - Create log file at log/school/school-350000-cou-1788866109.2055771.log
2026-09-08 19:15:09,205 - root - INFO - Command line executed: python main.py --dataset school --beta 350000 --features count --channel rayleigh --snr_db 14
2026-09-08 19:15:09,205 - root - INFO - Full args parsed:
2026-09-08 19:15:09,205 - root - INFO - Namespace(dataset='school', beta=350000, features='count', model='mlp', epochs=2000, lr=0.0001, setting='f', label_rate=0.1, ablation=0, seed=123, use_c=1, jobs=1, save_features=0, data_dir='./data/', log_dir='log', downsample=0, max_child_size=1, ext=0, channel='rayleigh', snr_db=14.0, channel_seed=123, max_background_pairs=10000)
2026-09-08 19:15:09,245 - root - INFO - Finish loading graphs.
2026-09-08 19:15:09,245 - root - INFO - Nodes train: 242, test: 242
2026-09-08 19:15:09,245 - root - INFO - Simplicies train: 6352, test: 6352
2026-09-08 19:15:09,449 - root - INFO - Channel rayleigh at 14.0 dB: test projection edges 5710 -> 5910
2026-09-08 19:15:09,449 - root - INFO - Start computing cliques
2026-09-08 19:15:09,449 - root - INFO - Couldn't find cache for max cliques train
2026-09-08 19:15:09,550 - root - INFO - Number of maximum cliques:15119
2026-09-08 19:15:09,855 - root - INFO - Couldn't find cache for max cliques test
2026-09-08 19:15:09,956 - root - INFO - Number of maximum cliques:15584
2026-09-08 19:15:10,219 - root - INFO - test nodes 242 hyperedges 6352 avg size 2.420654911838791 std 0.5512194626711862 avg degree 63.53719008264463 max cliques 15584
2026-09-08 19:15:10,220 - root - INFO - Breakdown of test hyperedges (max+small) 10 + 6342
2026-09-08 19:15:10,220 - root - INFO - Intersection 7 out of 1105 15584
2026-09-08 19:15:10,220 - root - INFO - support cliques train:934 - test: 1105
2026-09-08 19:15:10,220 - root - INFO - Optimizing clique sampler .. 
2026-09-08 19:15:10,240 - root - INFO - Found cache for rho.
2026-09-08 19:15:10,255 - root - INFO - [(2, 2), (3, 2), (4, 2), (5, 2), (16, 2), (3, 3), (4, 3), (16, 3), (13, 2), (5, 3), (13, 3), (12, 2), (6, 3), (6, 2), (8, 3), (9, 2)]
2026-09-08 19:15:10,255 - root - INFO - Optimize Clique Sampler: #hyperedges collected:5807, recall: 0.9142002518891688, efficiency:0.016591428571428573
2026-09-08 19:15:10,583 - root - INFO - Clique analysis done.
2026-09-08 19:15:10,771 - root - INFO - train: 41928 unique candidates out of 349993 sampled candidates
2026-09-08 19:15:11,301 - root - INFO - test: 41238 unique candidates out of 344830 sampled candidates
2026-09-08 19:15:11,791 - root - INFO - test max cliques 15584, nested cliques 40919
2026-09-08 19:15:11,791 - root - INFO - test real max cliques in search universe: 10
2026-09-08 19:15:11,794 - root - INFO - test real smaller cliques in search universe: 5444 5444
2026-09-08 19:15:17,294 - root - INFO - Our Performance: precision 0.6268, recall 0.5633, f1 0.5934 jaccard 0.4218
2026-09-08 19:15:17,294 - root - INFO - Baseline: Bayesian-MDL skipped (disabled for this runtime).
2026-09-08 19:15:17,295 - root - INFO - Baseline: Max Clique precision 0.0006, recall 0.0016, f1 0.0009, jaccard 0.0005 
2026-09-08 19:15:17,522 - root - INFO - Baseline: ECC precision 0.1005, recall 0.0161, f1 0.0277, jaccard 0.0140 
2026-09-08 19:15:18,596 - root - INFO - Baseline: Demon precision 0.0151, recall 0.0006, f1 0.0012, jaccard 0.0006 
2026-09-08 19:15:18,596 - root - INFO - Baseline: CFinder skipped (disabled for channel-SNR benchmark).
