2026-09-08 19:15:31,969 - root - INFO - Create log file at log/school/school-350000-cou-1788866131.969124.log
2026-09-08 19:15:31,969 - root - INFO - Command line executed: python main.py --dataset school --beta 350000 --features count --channel rayleigh --snr_db 18
2026-09-08 19:15:31,969 - root - INFO - Full args parsed:
2026-09-08 19:15:31,969 - root - INFO - Namespace(dataset='school', beta=350000, features='count', model='mlp', epochs=2000, lr=0.0001, setting='f', label_rate=0.1, ablation=0, seed=123, use_c=1, jobs=1, save_features=0, data_dir='./data/', log_dir='log', downsample=0, max_child_size=1, ext=0, channel='rayleigh', snr_db=18.0, channel_seed=123, max_background_pairs=10000)
2026-09-08 19:15:32,008 - root - INFO - Finish loading graphs.
2026-09-08 19:15:32,008 - root - INFO - Nodes train: 242, test: 242
2026-09-08 19:15:32,008 - root - INFO - Simplicies train: 6352, test: 6352
2026-09-08 19:15:32,208 - root - INFO - Channel rayleigh at 18.0 dB: test projection edges 5710 -> 5784
2026-09-08 19:15:32,208 - root - INFO - Start computing cliques
2026-09-08 19:15:32,208 - root - INFO - Couldn't find cache for max cliques train
2026-09-08 19:15:32,310 - root - INFO - Number of maximum cliques:15119
2026-09-08 19:15:32,618 - root - INFO - Couldn't find cache for max cliques test
2026-09-08 19:15:32,722 - root - INFO - Number of maximum cliques:15523
2026-09-08 19:15:33,012 - root - INFO - test nodes 242 hyperedges 6352 avg size 2.420654911838791 std 0.5512194626711862 avg degree 63.53719008264463 max cliques 15523
2026-09-08 19:15:33,013 - root - INFO - Breakdown of test hyperedges (max+small) 12 + 6340
2026-09-08 19:15:33,013 - root - INFO - Intersection 7 out of 1002 15523
2026-09-08 19:15:33,013 - root - INFO - support cliques train:934 - test: 1002
2026-09-08 19:15:33,013 - root - INFO - Optimizing clique sampler .. 
2026-09-08 19:15:33,033 - root - INFO - Found cache for rho.
2026-09-08 19:15:33,048 - root - INFO - [(2, 2), (3, 2), (4, 2), (5, 2), (16, 2), (3, 3), (4, 3), (16, 3), (13, 2), (5, 3), (13, 3), (12, 2), (6, 3), (6, 2), (8, 3), (9, 2)]
2026-09-08 19:15:33,048 - root - INFO - Optimize Clique Sampler: #hyperedges collected:5807, recall: 0.9142002518891688, efficiency:0.016591428571428573
2026-09-08 19:15:33,373 - root - INFO - Clique analysis done.
2026-09-08 19:15:33,559 - root - INFO - train: 41928 unique candidates out of 349993 sampled candidates
2026-09-08 19:15:34,093 - root - INFO - test: 40057 unique candidates out of 330882 sampled candidates
2026-09-08 19:15:34,588 - root - INFO - test max cliques 15523, nested cliques 39828
2026-09-08 19:15:34,588 - root - INFO - test real max cliques in search universe: 12
2026-09-08 19:15:34,590 - root - INFO - test real smaller cliques in search universe: 5507 5507
2026-09-08 19:15:40,070 - root - INFO - Our Performance: precision 0.6588, recall 0.5683, f1 0.6102 jaccard 0.4391
2026-09-08 19:15:40,071 - root - INFO - Baseline: Bayesian-MDL skipped (disabled for this runtime).
2026-09-08 19:15:40,072 - root - INFO - Baseline: Max Clique precision 0.0008, recall 0.0019, f1 0.0011, jaccard 0.0005 
2026-09-08 19:15:40,123 - root - INFO - Baseline: ECC precision 0.1104, recall 0.0159, f1 0.0278, jaccard 0.0141 
2026-09-08 19:15:41,367 - root - INFO - Baseline: Demon precision 0.0156, recall 0.0006, f1 0.0012, jaccard 0.0006 
2026-09-08 19:15:41,367 - root - INFO - Baseline: CFinder skipped (disabled for channel-SNR benchmark).
