2026-09-08 19:14:12,556 - root - INFO - Create log file at log/school/school-350000-cou-1788866052.5560565.log
2026-09-08 19:14:12,556 - root - INFO - Command line executed: python main.py --dataset school --beta 350000 --features count --channel rayleigh --snr_db 4
2026-09-08 19:14:12,556 - root - INFO - Full args parsed:
2026-09-08 19:14:12,556 - root - INFO - Namespace(dataset='school', beta=350000, features='count', model='mlp', epochs=2000, lr=0.0001, setting='f', label_rate=0.1, ablation=0, seed=123, use_c=1, jobs=1, save_features=0, data_dir='./data/', log_dir='log', downsample=0, max_child_size=1, ext=0, channel='rayleigh', snr_db=4.0, channel_seed=123, max_background_pairs=10000)
2026-09-08 19:14:12,595 - root - INFO - Finish loading graphs.
2026-09-08 19:14:12,595 - root - INFO - Nodes train: 242, test: 242
2026-09-08 19:14:12,595 - root - INFO - Simplicies train: 6352, test: 6352
2026-09-08 19:14:12,797 - root - INFO - Channel rayleigh at 4.0 dB: test projection edges 5710 -> 6477
2026-09-08 19:14:12,797 - root - INFO - Start computing cliques
2026-09-08 19:14:12,797 - root - INFO - Couldn't find cache for max cliques train
2026-09-08 19:14:12,899 - root - INFO - Number of maximum cliques:15119
2026-09-08 19:14:13,201 - root - INFO - Couldn't find cache for max cliques test
2026-09-08 19:14:13,299 - root - INFO - Number of maximum cliques:17847
2026-09-08 19:14:13,494 - root - INFO - test nodes 242 hyperedges 6352 avg size 2.420654911838791 std 0.5512194626711862 avg degree 63.53719008264463 max cliques 17847
2026-09-08 19:14:13,495 - root - INFO - Breakdown of test hyperedges (max+small) 6 + 6346
2026-09-08 19:14:13,495 - root - INFO - Intersection 1 out of 1499 17847
2026-09-08 19:14:13,495 - root - INFO - support cliques train:934 - test: 1499
2026-09-08 19:14:13,495 - root - INFO - Optimizing clique sampler .. 
2026-09-08 19:14:13,516 - root - INFO - Found cache for rho.
2026-09-08 19:14:13,530 - root - INFO - [(2, 2), (3, 2), (4, 2), (5, 2), (16, 2), (3, 3), (4, 3), (16, 3), (13, 2), (5, 3), (13, 3), (12, 2), (6, 3), (6, 2), (8, 3), (9, 2)]
2026-09-08 19:14:13,530 - root - INFO - Optimize Clique Sampler: #hyperedges collected:5807, recall: 0.9142002518891688, efficiency:0.016591428571428573
2026-09-08 19:14:14,043 - root - INFO - Clique analysis done.
2026-09-08 19:14:14,091 - root - INFO - train: 41928 unique candidates out of 349993 sampled candidates
2026-09-08 19:14:14,746 - root - INFO - test: 42228 unique candidates out of 365404 sampled candidates
2026-09-08 19:14:15,217 - root - INFO - test max cliques 17847, nested cliques 41552
2026-09-08 19:14:15,217 - root - INFO - test real max cliques in search universe: 6
2026-09-08 19:14:15,220 - root - INFO - test real smaller cliques in search universe: 4349 4349
2026-09-08 19:14:20,873 - root - INFO - Our Performance: precision 0.4903, recall 0.4998, f1 0.4950 jaccard 0.3289
2026-09-08 19:14:20,873 - root - INFO - Baseline: Bayesian-MDL skipped (disabled for this runtime).
2026-09-08 19:14:20,874 - root - INFO - Baseline: Max Clique precision 0.0003, recall 0.0009, f1 0.0005, jaccard 0.0002 
2026-09-08 19:14:20,930 - root - INFO - Baseline: ECC precision 0.0430, recall 0.0088, f1 0.0146, jaccard 0.0074 
2026-09-08 19:14:22,009 - root - INFO - Baseline: Demon precision 0.0000, recall 0.0000, f1 0.0000, jaccard 0.0000 
2026-09-08 19:14:22,010 - root - INFO - Baseline: CFinder skipped (disabled for channel-SNR benchmark).
