2026-09-08 19:15:20,542 - root - INFO - Create log file at log/school/school-350000-cou-1788866120.5426617.log
2026-09-08 19:15:20,543 - root - INFO - Command line executed: python main.py --dataset school --beta 350000 --features count --channel rayleigh --snr_db 16
2026-09-08 19:15:20,543 - root - INFO - Full args parsed:
2026-09-08 19:15:20,543 - root - INFO - Namespace(dataset='school', beta=350000, features='count', model='mlp', epochs=2000, lr=0.0001, setting='f', label_rate=0.1, ablation=0, seed=123, use_c=1, jobs=1, save_features=0, data_dir='./data/', log_dir='log', downsample=0, max_child_size=1, ext=0, channel='rayleigh', snr_db=16.0, channel_seed=123, max_background_pairs=10000)
2026-09-08 19:15:20,582 - root - INFO - Finish loading graphs.
2026-09-08 19:15:20,582 - root - INFO - Nodes train: 242, test: 242
2026-09-08 19:15:20,582 - root - INFO - Simplicies train: 6352, test: 6352
2026-09-08 19:15:20,783 - root - INFO - Channel rayleigh at 16.0 dB: test projection edges 5710 -> 5848
2026-09-08 19:15:20,783 - root - INFO - Start computing cliques
2026-09-08 19:15:20,783 - root - INFO - Couldn't find cache for max cliques train
2026-09-08 19:15:20,886 - root - INFO - Number of maximum cliques:15119
2026-09-08 19:15:21,194 - root - INFO - Couldn't find cache for max cliques test
2026-09-08 19:15:21,297 - root - INFO - Number of maximum cliques:15742
2026-09-08 19:15:21,582 - root - INFO - test nodes 242 hyperedges 6352 avg size 2.420654911838791 std 0.5512194626711862 avg degree 63.53719008264463 max cliques 15742
2026-09-08 19:15:21,582 - root - INFO - Breakdown of test hyperedges (max+small) 11 + 6341
2026-09-08 19:15:21,582 - root - INFO - Intersection 6 out of 1058 15742
2026-09-08 19:15:21,582 - root - INFO - support cliques train:934 - test: 1058
2026-09-08 19:15:21,582 - root - INFO - Optimizing clique sampler .. 
2026-09-08 19:15:21,603 - root - INFO - Found cache for rho.
2026-09-08 19:15:21,618 - root - INFO - [(2, 2), (3, 2), (4, 2), (5, 2), (16, 2), (3, 3), (4, 3), (16, 3), (13, 2), (5, 3), (13, 3), (12, 2), (6, 3), (6, 2), (8, 3), (9, 2)]
2026-09-08 19:15:21,618 - root - INFO - Optimize Clique Sampler: #hyperedges collected:5807, recall: 0.9142002518891688, efficiency:0.016591428571428573
2026-09-08 19:15:21,951 - root - INFO - Clique analysis done.
2026-09-08 19:15:22,138 - root - INFO - train: 41928 unique candidates out of 349993 sampled candidates
2026-09-08 19:15:22,676 - root - INFO - test: 40760 unique candidates out of 344713 sampled candidates
2026-09-08 19:15:23,190 - root - INFO - test max cliques 15742, nested cliques 40495
2026-09-08 19:15:23,190 - root - INFO - test real max cliques in search universe: 11
2026-09-08 19:15:23,193 - root - INFO - test real smaller cliques in search universe: 5493 5493
2026-09-08 19:15:28,719 - root - INFO - Our Performance: precision 0.6434, recall 0.5652, f1 0.6017 jaccard 0.4304
2026-09-08 19:15:28,720 - root - INFO - Baseline: Bayesian-MDL skipped (disabled for this runtime).
2026-09-08 19:15:28,721 - root - INFO - Baseline: Max Clique precision 0.0007, recall 0.0017, f1 0.0010, jaccard 0.0005 
2026-09-08 19:15:28,952 - root - INFO - Baseline: ECC precision 0.1092, recall 0.0168, f1 0.0292, jaccard 0.0148 
2026-09-08 19:15:30,024 - root - INFO - Baseline: Demon precision 0.0152, recall 0.0006, f1 0.0012, jaccard 0.0006 
2026-09-08 19:15:30,024 - root - INFO - Baseline: CFinder skipped (disabled for channel-SNR benchmark).
