2026-09-08 19:11:50,262 - root - INFO - Create log file at log/school/school-350000-cou-1788865910.2621636.log
2026-09-08 19:11:50,262 - root - INFO - Command line executed: python main.py --dataset school --beta 350000 --features count --channel awgn --snr_db 8
2026-09-08 19:11:50,262 - root - INFO - Full args parsed:
2026-09-08 19:11:50,262 - root - INFO - Namespace(dataset='school', beta=350000, features='count', model='mlp', epochs=2000, lr=0.0001, setting='f', label_rate=0.1, ablation=0, seed=123, use_c=1, jobs=1, save_features=0, data_dir='./data/', log_dir='log', downsample=0, max_child_size=1, ext=0, channel='awgn', snr_db=8.0, channel_seed=123, max_background_pairs=10000)
2026-09-08 19:11:50,302 - root - INFO - Finish loading graphs.
2026-09-08 19:11:50,302 - root - INFO - Nodes train: 242, test: 242
2026-09-08 19:11:50,302 - root - INFO - Simplicies train: 6352, test: 6352
2026-09-08 19:11:50,490 - root - INFO - Channel awgn at 8.0 dB: test projection edges 5710 -> 6016
2026-09-08 19:11:50,490 - root - INFO - Start computing cliques
2026-09-08 19:11:50,490 - root - INFO - Couldn't find cache for max cliques train
2026-09-08 19:11:50,591 - root - INFO - Number of maximum cliques:15119
2026-09-08 19:11:50,896 - root - INFO - Couldn't find cache for max cliques test
2026-09-08 19:11:50,999 - root - INFO - Number of maximum cliques:16770
2026-09-08 19:11:51,265 - root - INFO - test nodes 242 hyperedges 6352 avg size 2.420654911838791 std 0.5512194626711862 avg degree 63.53719008264463 max cliques 16770
2026-09-08 19:11:51,265 - root - INFO - Breakdown of test hyperedges (max+small) 9 + 6343
2026-09-08 19:11:51,265 - root - INFO - Intersection 3 out of 1176 16770
2026-09-08 19:11:51,265 - root - INFO - support cliques train:934 - test: 1176
2026-09-08 19:11:51,265 - root - INFO - Optimizing clique sampler .. 
2026-09-08 19:11:51,286 - root - INFO - Found cache for rho.
2026-09-08 19:11:51,300 - root - INFO - [(2, 2), (3, 2), (4, 2), (5, 2), (16, 2), (3, 3), (4, 3), (16, 3), (13, 2), (5, 3), (13, 3), (12, 2), (6, 3), (6, 2), (8, 3), (9, 2)]
2026-09-08 19:11:51,300 - root - INFO - Optimize Clique Sampler: #hyperedges collected:5807, recall: 0.9142002518891688, efficiency:0.016591428571428573
2026-09-08 19:11:51,635 - root - INFO - Clique analysis done.
2026-09-08 19:11:51,819 - root - INFO - train: 41928 unique candidates out of 349993 sampled candidates
2026-09-08 19:11:52,367 - root - INFO - test: 41928 unique candidates out of 371119 sampled candidates
2026-09-08 19:11:52,867 - root - INFO - test max cliques 16770, nested cliques 41515
2026-09-08 19:11:52,867 - root - INFO - test real max cliques in search universe: 9
2026-09-08 19:11:52,870 - root - INFO - test real smaller cliques in search universe: 5304 5304
2026-09-08 19:11:58,447 - root - INFO - Our Performance: precision 0.6019, recall 0.5598, f1 0.5801 jaccard 0.4085
2026-09-08 19:11:58,447 - root - INFO - Baseline: Bayesian-MDL skipped (disabled for this runtime).
2026-09-08 19:11:58,448 - root - INFO - Baseline: Max Clique precision 0.0005, recall 0.0014, f1 0.0008, jaccard 0.0004 
2026-09-08 19:11:58,684 - root - INFO - Baseline: ECC precision 0.0863, recall 0.0143, f1 0.0246, jaccard 0.0124 
2026-09-08 19:11:59,771 - root - INFO - Baseline: Demon precision 0.0000, recall 0.0000, f1 0.0000, jaccard 0.0000 
2026-09-08 19:11:59,771 - root - INFO - Baseline: CFinder skipped (disabled for channel-SNR benchmark).
