2026-09-08 19:14:01,205 - root - INFO - Create log file at log/school/school-350000-cou-1788866041.2050204.log
2026-09-08 19:14:01,205 - root - INFO - Command line executed: python main.py --dataset school --beta 350000 --features count --channel rayleigh --snr_db 2
2026-09-08 19:14:01,205 - root - INFO - Full args parsed:
2026-09-08 19:14:01,205 - root - INFO - Namespace(dataset='school', beta=350000, features='count', model='mlp', epochs=2000, lr=0.0001, setting='f', label_rate=0.1, ablation=0, seed=123, use_c=1, jobs=1, save_features=0, data_dir='./data/', log_dir='log', downsample=0, max_child_size=1, ext=0, channel='rayleigh', snr_db=2.0, channel_seed=123, max_background_pairs=10000)
2026-09-08 19:14:01,244 - root - INFO - Finish loading graphs.
2026-09-08 19:14:01,244 - root - INFO - Nodes train: 242, test: 242
2026-09-08 19:14:01,244 - root - INFO - Simplicies train: 6352, test: 6352
2026-09-08 19:14:01,446 - root - INFO - Channel rayleigh at 2.0 dB: test projection edges 5710 -> 6656
2026-09-08 19:14:01,446 - root - INFO - Start computing cliques
2026-09-08 19:14:01,446 - root - INFO - Couldn't find cache for max cliques train
2026-09-08 19:14:01,547 - root - INFO - Number of maximum cliques:15119
2026-09-08 19:14:01,853 - root - INFO - Couldn't find cache for max cliques test
2026-09-08 19:14:01,955 - root - INFO - Number of maximum cliques:18392
2026-09-08 19:14:02,144 - root - INFO - test nodes 242 hyperedges 6352 avg size 2.420654911838791 std 0.5512194626711862 avg degree 63.53719008264463 max cliques 18392
2026-09-08 19:14:02,145 - root - INFO - Breakdown of test hyperedges (max+small) 5 + 6347
2026-09-08 19:14:02,145 - root - INFO - Intersection 0 out of 1574 18392
2026-09-08 19:14:02,145 - root - INFO - support cliques train:934 - test: 1574
2026-09-08 19:14:02,145 - root - INFO - Optimizing clique sampler .. 
2026-09-08 19:14:02,166 - root - INFO - Found cache for rho.
2026-09-08 19:14:02,180 - root - INFO - [(2, 2), (3, 2), (4, 2), (5, 2), (16, 2), (3, 3), (4, 3), (16, 3), (13, 2), (5, 3), (13, 3), (12, 2), (6, 3), (6, 2), (8, 3), (9, 2)]
2026-09-08 19:14:02,180 - root - INFO - Optimize Clique Sampler: #hyperedges collected:5807, recall: 0.9142002518891688, efficiency:0.016591428571428573
2026-09-08 19:14:02,708 - root - INFO - Clique analysis done.
2026-09-08 19:14:02,759 - root - INFO - train: 41928 unique candidates out of 349993 sampled candidates
2026-09-08 19:14:03,405 - root - INFO - test: 43080 unique candidates out of 359553 sampled candidates
2026-09-08 19:14:03,871 - root - INFO - test max cliques 18392, nested cliques 42375
2026-09-08 19:14:03,871 - root - INFO - test real max cliques in search universe: 5
2026-09-08 19:14:03,873 - root - INFO - test real smaller cliques in search universe: 4077 4077
2026-09-08 19:14:09,368 - root - INFO - Our Performance: precision 0.4569, recall 0.4786, f1 0.4675 jaccard 0.3051
2026-09-08 19:14:09,368 - root - INFO - Baseline: Bayesian-MDL skipped (disabled for this runtime).
2026-09-08 19:14:09,370 - root - INFO - Baseline: Max Clique precision 0.0003, recall 0.0008, f1 0.0004, jaccard 0.0002 
2026-09-08 19:14:09,429 - root - INFO - Baseline: ECC precision 0.0425, recall 0.0093, f1 0.0152, jaccard 0.0077 
2026-09-08 19:14:10,551 - root - INFO - Baseline: Demon precision 0.0000, recall 0.0000, f1 0.0000, jaccard 0.0000 
2026-09-08 19:14:10,551 - root - INFO - Baseline: CFinder skipped (disabled for channel-SNR benchmark).
