2026-09-08 19:12:36,457 - root - INFO - Create log file at log/school/school-350000-cou-1788865956.4568658.log
2026-09-08 19:12:36,457 - root - INFO - Command line executed: python main.py --dataset school --beta 350000 --features count --channel awgn --snr_db 16
2026-09-08 19:12:36,457 - root - INFO - Full args parsed:
2026-09-08 19:12:36,457 - root - INFO - Namespace(dataset='school', beta=350000, features='count', model='mlp', epochs=2000, lr=0.0001, setting='f', label_rate=0.1, ablation=0, seed=123, use_c=1, jobs=1, save_features=0, data_dir='./data/', log_dir='log', downsample=0, max_child_size=1, ext=0, channel='awgn', snr_db=16.0, channel_seed=123, max_background_pairs=10000)
2026-09-08 19:12:36,496 - root - INFO - Finish loading graphs.
2026-09-08 19:12:36,496 - root - INFO - Nodes train: 242, test: 242
2026-09-08 19:12:36,496 - root - INFO - Simplicies train: 6352, test: 6352
2026-09-08 19:12:36,682 - root - INFO - Channel awgn at 16.0 dB: test projection edges 5710 -> 5713
2026-09-08 19:12:36,682 - root - INFO - Start computing cliques
2026-09-08 19:12:36,682 - root - INFO - Couldn't find cache for max cliques train
2026-09-08 19:12:36,784 - root - INFO - Number of maximum cliques:15119
2026-09-08 19:12:37,090 - root - INFO - Couldn't find cache for max cliques test
2026-09-08 19:12:37,194 - root - INFO - Number of maximum cliques:15079
2026-09-08 19:12:37,508 - root - INFO - test nodes 242 hyperedges 6352 avg size 2.420654911838791 std 0.5512194626711862 avg degree 63.53719008264463 max cliques 15079
2026-09-08 19:12:37,509 - root - INFO - Breakdown of test hyperedges (max+small) 18 + 6334
2026-09-08 19:12:37,509 - root - INFO - Intersection 11 out of 924 15079
2026-09-08 19:12:37,509 - root - INFO - support cliques train:934 - test: 924
2026-09-08 19:12:37,509 - root - INFO - Optimizing clique sampler .. 
2026-09-08 19:12:37,528 - root - INFO - Found cache for rho.
2026-09-08 19:12:37,542 - root - INFO - [(2, 2), (3, 2), (4, 2), (5, 2), (16, 2), (3, 3), (4, 3), (16, 3), (13, 2), (5, 3), (13, 3), (12, 2), (6, 3), (6, 2), (8, 3), (9, 2)]
2026-09-08 19:12:37,542 - root - INFO - Optimize Clique Sampler: #hyperedges collected:5807, recall: 0.9142002518891688, efficiency:0.016591428571428573
2026-09-08 19:12:37,900 - root - INFO - Clique analysis done.
2026-09-08 19:12:38,087 - root - INFO - train: 41928 unique candidates out of 349993 sampled candidates
2026-09-08 19:12:38,617 - root - INFO - test: 39878 unique candidates out of 403391 sampled candidates
2026-09-08 19:12:39,125 - root - INFO - test max cliques 15079, nested cliques 39688
2026-09-08 19:12:39,125 - root - INFO - test real max cliques in search universe: 18
2026-09-08 19:12:39,128 - root - INFO - test real smaller cliques in search universe: 5675 5675
2026-09-08 19:12:44,664 - root - INFO - Our Performance: precision 0.6825, recall 0.5658, f1 0.6187 jaccard 0.4479
2026-09-08 19:12:44,665 - root - INFO - Baseline: Bayesian-MDL skipped (disabled for this runtime).
2026-09-08 19:12:44,666 - root - INFO - Baseline: Max Clique precision 0.0012, recall 0.0028, f1 0.0017, jaccard 0.0008 
2026-09-08 19:12:44,896 - root - INFO - Baseline: ECC precision 0.1631, recall 0.0219, f1 0.0386, jaccard 0.0197 
2026-09-08 19:12:45,957 - root - INFO - Baseline: Demon precision 0.0203, recall 0.0008, f1 0.0015, jaccard 0.0008 
2026-09-08 19:12:45,957 - root - INFO - Baseline: CFinder skipped (disabled for channel-SNR benchmark).
