2026-09-08 19:15:43,293 - root - INFO - Create log file at log/school/school-350000-cou-1788866143.2936957.log
2026-09-08 19:15:43,294 - root - INFO - Command line executed: python main.py --dataset school --beta 350000 --features count --channel rayleigh --snr_db 20
2026-09-08 19:15:43,294 - root - INFO - Full args parsed:
2026-09-08 19:15:43,294 - root - INFO - Namespace(dataset='school', beta=350000, features='count', model='mlp', epochs=2000, lr=0.0001, setting='f', label_rate=0.1, ablation=0, seed=123, use_c=1, jobs=1, save_features=0, data_dir='./data/', log_dir='log', downsample=0, max_child_size=1, ext=0, channel='rayleigh', snr_db=20.0, channel_seed=123, max_background_pairs=10000)
2026-09-08 19:15:43,333 - root - INFO - Finish loading graphs.
2026-09-08 19:15:43,333 - root - INFO - Nodes train: 242, test: 242
2026-09-08 19:15:43,333 - root - INFO - Simplicies train: 6352, test: 6352
2026-09-08 19:15:43,534 - root - INFO - Channel rayleigh at 20.0 dB: test projection edges 5710 -> 5754
2026-09-08 19:15:43,534 - root - INFO - Start computing cliques
2026-09-08 19:15:43,534 - root - INFO - Couldn't find cache for max cliques train
2026-09-08 19:15:43,635 - root - INFO - Number of maximum cliques:15119
2026-09-08 19:15:43,944 - root - INFO - Couldn't find cache for max cliques test
2026-09-08 19:15:44,046 - root - INFO - Number of maximum cliques:15215
2026-09-08 19:15:44,348 - root - INFO - test nodes 242 hyperedges 6352 avg size 2.420654911838791 std 0.5512194626711862 avg degree 63.53719008264463 max cliques 15215
2026-09-08 19:15:44,349 - root - INFO - Breakdown of test hyperedges (max+small) 17 + 6335
2026-09-08 19:15:44,349 - root - INFO - Intersection 9 out of 986 15215
2026-09-08 19:15:44,349 - root - INFO - support cliques train:934 - test: 986
2026-09-08 19:15:44,349 - root - INFO - Optimizing clique sampler .. 
2026-09-08 19:15:44,369 - root - INFO - Found cache for rho.
2026-09-08 19:15:44,384 - root - INFO - [(2, 2), (3, 2), (4, 2), (5, 2), (16, 2), (3, 3), (4, 3), (16, 3), (13, 2), (5, 3), (13, 3), (12, 2), (6, 3), (6, 2), (8, 3), (9, 2)]
2026-09-08 19:15:44,384 - root - INFO - Optimize Clique Sampler: #hyperedges collected:5807, recall: 0.9142002518891688, efficiency:0.016591428571428573
2026-09-08 19:15:44,707 - root - INFO - Clique analysis done.
2026-09-08 19:15:44,892 - root - INFO - train: 41928 unique candidates out of 349993 sampled candidates
2026-09-08 19:15:45,422 - root - INFO - test: 39450 unique candidates out of 326873 sampled candidates
2026-09-08 19:15:45,927 - root - INFO - test max cliques 15215, nested cliques 39227
2026-09-08 19:15:45,928 - root - INFO - test real max cliques in search universe: 17
2026-09-08 19:15:45,930 - root - INFO - test real smaller cliques in search universe: 5496 5496
2026-09-08 19:15:51,500 - root - INFO - Our Performance: precision 0.6666, recall 0.5669, f1 0.6127 jaccard 0.4417
2026-09-08 19:15:51,501 - root - INFO - Baseline: Bayesian-MDL skipped (disabled for this runtime).
2026-09-08 19:15:51,502 - root - INFO - Baseline: Max Clique precision 0.0011, recall 0.0027, f1 0.0016, jaccard 0.0008 
2026-09-08 19:15:51,727 - root - INFO - Baseline: ECC precision 0.1501, recall 0.0219, f1 0.0382, jaccard 0.0195 
2026-09-08 19:15:52,788 - root - INFO - Baseline: Demon precision 0.0195, recall 0.0008, f1 0.0015, jaccard 0.0008 
2026-09-08 19:15:52,788 - root - INFO - Baseline: CFinder skipped (disabled for channel-SNR benchmark).
