2026-09-08 19:14:57,909 - root - INFO - Create log file at log/school/school-350000-cou-1788866097.9092937.log
2026-09-08 19:14:57,909 - root - INFO - Command line executed: python main.py --dataset school --beta 350000 --features count --channel rayleigh --snr_db 12
2026-09-08 19:14:57,909 - root - INFO - Full args parsed:
2026-09-08 19:14:57,909 - root - INFO - Namespace(dataset='school', beta=350000, features='count', model='mlp', epochs=2000, lr=0.0001, setting='f', label_rate=0.1, ablation=0, seed=123, use_c=1, jobs=1, save_features=0, data_dir='./data/', log_dir='log', downsample=0, max_child_size=1, ext=0, channel='rayleigh', snr_db=12.0, channel_seed=123, max_background_pairs=10000)
2026-09-08 19:14:57,949 - root - INFO - Finish loading graphs.
2026-09-08 19:14:57,949 - root - INFO - Nodes train: 242, test: 242
2026-09-08 19:14:57,949 - root - INFO - Simplicies train: 6352, test: 6352
2026-09-08 19:14:58,151 - root - INFO - Channel rayleigh at 12.0 dB: test projection edges 5710 -> 5986
2026-09-08 19:14:58,151 - root - INFO - Start computing cliques
2026-09-08 19:14:58,151 - root - INFO - Couldn't find cache for max cliques train
2026-09-08 19:14:58,253 - root - INFO - Number of maximum cliques:15119
2026-09-08 19:14:58,556 - root - INFO - Couldn't find cache for max cliques test
2026-09-08 19:14:58,658 - root - INFO - Number of maximum cliques:16276
2026-09-08 19:14:58,919 - root - INFO - test nodes 242 hyperedges 6352 avg size 2.420654911838791 std 0.5512194626711862 avg degree 63.53719008264463 max cliques 16276
2026-09-08 19:14:58,919 - root - INFO - Breakdown of test hyperedges (max+small) 7 + 6345
2026-09-08 19:14:58,920 - root - INFO - Intersection 5 out of 1172 16276
2026-09-08 19:14:58,920 - root - INFO - support cliques train:934 - test: 1172
2026-09-08 19:14:58,920 - root - INFO - Optimizing clique sampler .. 
2026-09-08 19:14:58,941 - root - INFO - Found cache for rho.
2026-09-08 19:14:58,955 - root - INFO - [(2, 2), (3, 2), (4, 2), (5, 2), (16, 2), (3, 3), (4, 3), (16, 3), (13, 2), (5, 3), (13, 3), (12, 2), (6, 3), (6, 2), (8, 3), (9, 2)]
2026-09-08 19:14:58,955 - root - INFO - Optimize Clique Sampler: #hyperedges collected:5807, recall: 0.9142002518891688, efficiency:0.016591428571428573
2026-09-08 19:14:59,287 - root - INFO - Clique analysis done.
2026-09-08 19:14:59,475 - root - INFO - train: 41928 unique candidates out of 349993 sampled candidates
2026-09-08 19:15:00,016 - root - INFO - test: 41316 unique candidates out of 337592 sampled candidates
2026-09-08 19:15:00,511 - root - INFO - test max cliques 16276, nested cliques 40942
2026-09-08 19:15:00,511 - root - INFO - test real max cliques in search universe: 7
2026-09-08 19:15:00,514 - root - INFO - test real smaller cliques in search universe: 5295 5295
2026-09-08 19:15:05,982 - root - INFO - Our Performance: precision 0.6064, recall 0.5600, f1 0.5823 jaccard 0.4107
2026-09-08 19:15:05,982 - root - INFO - Baseline: Bayesian-MDL skipped (disabled for this runtime).
2026-09-08 19:15:05,983 - root - INFO - Baseline: Max Clique precision 0.0004, recall 0.0011, f1 0.0006, jaccard 0.0003 
2026-09-08 19:15:06,210 - root - INFO - Baseline: ECC precision 0.0956, recall 0.0162, f1 0.0277, jaccard 0.0141 
2026-09-08 19:15:07,282 - root - INFO - Baseline: Demon precision 0.0077, recall 0.0003, f1 0.0006, jaccard 0.0003 
2026-09-08 19:15:07,282 - root - INFO - Baseline: CFinder skipped (disabled for channel-SNR benchmark).
