2026-09-07 16:00:29,501 - root - INFO - Create log file at log/school/school-350000-cou-1788768029.5008774.log
2026-09-07 16:00:29,501 - root - INFO - Command line executed: python main.py --dataset school --beta 350000 --features count
2026-09-07 16:00:29,501 - root - INFO - Full args parsed:
2026-09-07 16:00:29,501 - root - INFO - Namespace(dataset='school', beta=350000, features='count', model='mlp', epochs=2000, lr=0.0001, setting='f', label_rate=0.1, ablation=0, seed=123, use_c=1, jobs=1, save_features=0, data_dir='./data/', log_dir='log', downsample=0, max_child_size=1, ext=0)
2026-09-07 16:00:29,543 - root - INFO - Finish loading graphs.
2026-09-07 16:00:29,543 - root - INFO - Nodes train: 242, test: 242
2026-09-07 16:00:29,543 - root - INFO - Simplicies train: 6352, test: 6352
2026-09-07 16:00:29,543 - root - INFO - Start computing cliques
2026-09-07 16:00:29,543 - root - INFO - Couldn't find cache for max cliques train
2026-09-07 16:00:29,648 - root - INFO - Number of maximum cliques:15119
2026-09-07 16:00:29,930 - root - INFO - Couldn't find cache for max cliques test
2026-09-07 16:00:30,043 - root - INFO - Number of maximum cliques:15017
2026-09-07 16:00:30,346 - root - INFO - test nodes 242 hyperedges 6352 avg size 2.420654911838791 std 0.5512194626711862 avg degree 63.53719008264463 max cliques 15017
2026-09-07 16:00:30,346 - root - INFO - Breakdown of test hyperedges (max+small) 19 + 6333
2026-09-07 16:00:30,346 - root - INFO - Intersection 12 out of 916 15017
2026-09-07 16:00:30,346 - root - INFO - support cliques train:934 - test: 916
2026-09-07 16:00:30,346 - root - INFO - Optimizing clique sampler .. 
2026-09-07 16:00:30,368 - root - INFO - Cache for rho not found. Computing rho ...
2026-09-07 16:00:40,998 - root - INFO - [(2, 2), (3, 2), (4, 2), (5, 2), (16, 2), (3, 3), (4, 3), (16, 3), (13, 2), (5, 3), (13, 3), (12, 2), (6, 3), (6, 2), (8, 3), (9, 2)]
2026-09-07 16:00:40,999 - root - INFO - Optimize Clique Sampler: #hyperedges collected:5807, recall: 0.9142002518891688, efficiency:0.016591428571428573
2026-09-07 16:00:41,371 - root - INFO - Clique analysis done.
2026-09-07 16:00:41,566 - root - INFO - train: 41928 unique candidates out of 349993 sampled candidates
2026-09-07 16:00:42,100 - root - INFO - test: 39955 unique candidates out of 413476 sampled candidates
2026-09-07 16:00:42,605 - root - INFO - test max cliques 15017, nested cliques 39766
2026-09-07 16:00:42,605 - root - INFO - test real max cliques in search universe: 19
2026-09-07 16:00:42,608 - root - INFO - test real smaller cliques in search universe: 5688 5688
2026-09-07 16:00:48,098 - root - INFO - Our Performance: precision 0.6830, recall 0.5638, f1 0.6177 jaccard 0.4468
