2026-09-08 19:11:16,098 - root - INFO - Create log file at log/school/school-350000-cou-1788865876.0987115.log
2026-09-08 19:11:16,099 - root - INFO - Command line executed: python main.py --dataset school --beta 350000 --features count --channel awgn --snr_db 2
2026-09-08 19:11:16,099 - root - INFO - Full args parsed:
2026-09-08 19:11:16,099 - root - INFO - Namespace(dataset='school', beta=350000, features='count', model='mlp', epochs=2000, lr=0.0001, setting='f', label_rate=0.1, ablation=0, seed=123, use_c=1, jobs=1, save_features=0, data_dir='./data/', log_dir='log', downsample=0, max_child_size=1, ext=0, channel='awgn', snr_db=2.0, channel_seed=123, max_background_pairs=10000)
2026-09-08 19:11:16,137 - root - INFO - Finish loading graphs.
2026-09-08 19:11:16,138 - root - INFO - Nodes train: 242, test: 242
2026-09-08 19:11:16,138 - root - INFO - Simplicies train: 6352, test: 6352
2026-09-08 19:11:16,321 - root - INFO - Channel awgn at 2.0 dB: test projection edges 5710 -> 6456
2026-09-08 19:11:16,321 - root - INFO - Start computing cliques
2026-09-08 19:11:16,322 - root - INFO - Couldn't find cache for max cliques train
2026-09-08 19:11:16,424 - root - INFO - Number of maximum cliques:15119
2026-09-08 19:11:16,725 - root - INFO - Couldn't find cache for max cliques test
2026-09-08 19:11:16,823 - root - INFO - Number of maximum cliques:17515
2026-09-08 19:11:17,022 - root - INFO - test nodes 242 hyperedges 6352 avg size 2.420654911838791 std 0.5512194626711862 avg degree 63.53719008264463 max cliques 17515
2026-09-08 19:11:17,022 - root - INFO - Breakdown of test hyperedges (max+small) 2 + 6350
2026-09-08 19:11:17,022 - root - INFO - Intersection 0 out of 1451 17515
2026-09-08 19:11:17,022 - root - INFO - support cliques train:934 - test: 1451
2026-09-08 19:11:17,022 - root - INFO - Optimizing clique sampler .. 
2026-09-08 19:11:17,042 - root - INFO - Found cache for rho.
2026-09-08 19:11:17,056 - root - INFO - [(2, 2), (3, 2), (4, 2), (5, 2), (16, 2), (3, 3), (4, 3), (16, 3), (13, 2), (5, 3), (13, 3), (12, 2), (6, 3), (6, 2), (8, 3), (9, 2)]
2026-09-08 19:11:17,056 - root - INFO - Optimize Clique Sampler: #hyperedges collected:5807, recall: 0.9142002518891688, efficiency:0.016591428571428573
2026-09-08 19:11:17,547 - root - INFO - Clique analysis done.
2026-09-08 19:11:17,592 - root - INFO - train: 41928 unique candidates out of 349993 sampled candidates
2026-09-08 19:11:18,250 - root - INFO - test: 42568 unique candidates out of 349401 sampled candidates
2026-09-08 19:11:18,713 - root - INFO - test max cliques 17515, nested cliques 41972
2026-09-08 19:11:18,713 - root - INFO - test real max cliques in search universe: 2
2026-09-08 19:11:18,716 - root - INFO - test real smaller cliques in search universe: 4583 4583
2026-09-08 19:11:24,267 - root - INFO - Our Performance: precision 0.4998, recall 0.5074, f1 0.5036 jaccard 0.3365
2026-09-08 19:11:24,268 - root - INFO - Baseline: Bayesian-MDL skipped (disabled for this runtime).
2026-09-08 19:11:24,269 - root - INFO - Baseline: Max Clique precision 0.0001, recall 0.0003, f1 0.0002, jaccard 0.0001 
2026-09-08 19:11:24,324 - root - INFO - Baseline: ECC precision 0.0506, recall 0.0104, f1 0.0172, jaccard 0.0087 
2026-09-08 19:11:25,403 - root - INFO - Baseline: Demon precision 0.0000, recall 0.0000, f1 0.0000, jaccard 0.0000 
2026-09-08 19:11:25,403 - root - INFO - Baseline: CFinder skipped (disabled for channel-SNR benchmark).
