2026-09-08 19:12:13,182 - root - INFO - Create log file at log/school/school-350000-cou-1788865933.1819441.log
2026-09-08 19:12:13,182 - root - INFO - Command line executed: python main.py --dataset school --beta 350000 --features count --channel awgn --snr_db 12
2026-09-08 19:12:13,182 - root - INFO - Full args parsed:
2026-09-08 19:12:13,182 - root - INFO - Namespace(dataset='school', beta=350000, features='count', model='mlp', epochs=2000, lr=0.0001, setting='f', label_rate=0.1, ablation=0, seed=123, use_c=1, jobs=1, save_features=0, data_dir='./data/', log_dir='log', downsample=0, max_child_size=1, ext=0, channel='awgn', snr_db=12.0, channel_seed=123, max_background_pairs=10000)
2026-09-08 19:12:13,223 - root - INFO - Finish loading graphs.
2026-09-08 19:12:13,223 - root - INFO - Nodes train: 242, test: 242
2026-09-08 19:12:13,223 - root - INFO - Simplicies train: 6352, test: 6352
2026-09-08 19:12:13,418 - root - INFO - Channel awgn at 12.0 dB: test projection edges 5710 -> 5756
2026-09-08 19:12:13,418 - root - INFO - Start computing cliques
2026-09-08 19:12:13,418 - root - INFO - Couldn't find cache for max cliques train
2026-09-08 19:12:13,523 - root - INFO - Number of maximum cliques:15119
2026-09-08 19:12:13,840 - root - INFO - Couldn't find cache for max cliques test
2026-09-08 19:12:13,949 - root - INFO - Number of maximum cliques:15920
2026-09-08 19:12:14,257 - root - INFO - test nodes 242 hyperedges 6352 avg size 2.420654911838791 std 0.5512194626711862 avg degree 63.53719008264463 max cliques 15920
2026-09-08 19:12:14,258 - root - INFO - Breakdown of test hyperedges (max+small) 17 + 6335
2026-09-08 19:12:14,258 - root - INFO - Intersection 9 out of 1009 15920
2026-09-08 19:12:14,258 - root - INFO - support cliques train:934 - test: 1009
2026-09-08 19:12:14,258 - root - INFO - Optimizing clique sampler .. 
2026-09-08 19:12:14,280 - root - INFO - Found cache for rho.
2026-09-08 19:12:14,294 - root - INFO - [(2, 2), (3, 2), (4, 2), (5, 2), (16, 2), (3, 3), (4, 3), (16, 3), (13, 2), (5, 3), (13, 3), (12, 2), (6, 3), (6, 2), (8, 3), (9, 2)]
2026-09-08 19:12:14,294 - root - INFO - Optimize Clique Sampler: #hyperedges collected:5807, recall: 0.9142002518891688, efficiency:0.016591428571428573
2026-09-08 19:12:14,646 - root - INFO - Clique analysis done.
2026-09-08 19:12:14,835 - root - INFO - train: 41928 unique candidates out of 349993 sampled candidates
2026-09-08 19:12:15,402 - root - INFO - test: 40534 unique candidates out of 363265 sampled candidates
2026-09-08 19:12:15,938 - root - INFO - test max cliques 15920, nested cliques 40286
2026-09-08 19:12:15,938 - root - INFO - test real max cliques in search universe: 17
2026-09-08 19:12:15,941 - root - INFO - test real smaller cliques in search universe: 5536 5536
2026-09-08 19:12:21,749 - root - INFO - Our Performance: precision 0.6603, recall 0.5753, f1 0.6148 jaccard 0.4439
2026-09-08 19:12:21,750 - root - INFO - Baseline: Bayesian-MDL skipped (disabled for this runtime).
2026-09-08 19:12:21,751 - root - INFO - Baseline: Max Clique precision 0.0011, recall 0.0027, f1 0.0015, jaccard 0.0008 
2026-09-08 19:12:21,982 - root - INFO - Baseline: ECC precision 0.1254, recall 0.0181, f1 0.0316, jaccard 0.0161 
2026-09-08 19:12:23,084 - root - INFO - Baseline: Demon precision 0.0192, recall 0.0008, f1 0.0015, jaccard 0.0008 
2026-09-08 19:12:23,084 - root - INFO - Baseline: CFinder skipped (disabled for channel-SNR benchmark).
