2026-09-08 19:11:04,680 - root - INFO - Create log file at log/school/school-350000-cou-1788865864.680047.log
2026-09-08 19:11:04,680 - root - INFO - Command line executed: python main.py --dataset school --beta 350000 --features count --channel awgn --snr_db 0
2026-09-08 19:11:04,680 - root - INFO - Full args parsed:
2026-09-08 19:11:04,680 - root - INFO - Namespace(dataset='school', beta=350000, features='count', model='mlp', epochs=2000, lr=0.0001, setting='f', label_rate=0.1, ablation=0, seed=123, use_c=1, jobs=1, save_features=0, data_dir='./data/', log_dir='log', downsample=0, max_child_size=1, ext=0, channel='awgn', snr_db=0.0, channel_seed=123, max_background_pairs=10000)
2026-09-08 19:11:04,719 - root - INFO - Finish loading graphs.
2026-09-08 19:11:04,719 - root - INFO - Nodes train: 242, test: 242
2026-09-08 19:11:04,719 - root - INFO - Simplicies train: 6352, test: 6352
2026-09-08 19:11:04,906 - root - INFO - Channel awgn at 0.0 dB: test projection edges 5710 -> 6611
2026-09-08 19:11:04,906 - root - INFO - Start computing cliques
2026-09-08 19:11:04,906 - root - INFO - Couldn't find cache for max cliques train
2026-09-08 19:11:05,008 - root - INFO - Number of maximum cliques:15119
2026-09-08 19:11:05,317 - root - INFO - Couldn't find cache for max cliques test
2026-09-08 19:11:05,416 - root - INFO - Number of maximum cliques:17870
2026-09-08 19:11:05,604 - root - INFO - test nodes 242 hyperedges 6352 avg size 2.420654911838791 std 0.5512194626711862 avg degree 63.53719008264463 max cliques 17870
2026-09-08 19:11:05,604 - root - INFO - Breakdown of test hyperedges (max+small) 1 + 6351
2026-09-08 19:11:05,604 - root - INFO - Intersection 0 out of 1534 17870
2026-09-08 19:11:05,604 - root - INFO - support cliques train:934 - test: 1534
2026-09-08 19:11:05,604 - root - INFO - Optimizing clique sampler .. 
2026-09-08 19:11:05,625 - root - INFO - Found cache for rho.
2026-09-08 19:11:05,640 - root - INFO - [(2, 2), (3, 2), (4, 2), (5, 2), (16, 2), (3, 3), (4, 3), (16, 3), (13, 2), (5, 3), (13, 3), (12, 2), (6, 3), (6, 2), (8, 3), (9, 2)]
2026-09-08 19:11:05,640 - root - INFO - Optimize Clique Sampler: #hyperedges collected:5807, recall: 0.9142002518891688, efficiency:0.016591428571428573
2026-09-08 19:11:06,151 - root - INFO - Clique analysis done.
2026-09-08 19:11:06,202 - root - INFO - train: 41928 unique candidates out of 349993 sampled candidates
2026-09-08 19:11:06,847 - root - INFO - test: 43093 unique candidates out of 349217 sampled candidates
2026-09-08 19:11:07,311 - root - INFO - test max cliques 17870, nested cliques 42456
2026-09-08 19:11:07,311 - root - INFO - test real max cliques in search universe: 1
2026-09-08 19:11:07,314 - root - INFO - test real smaller cliques in search universe: 4290 4290
2026-09-08 19:11:12,955 - root - INFO - Our Performance: precision 0.4642, recall 0.4832, f1 0.4735 jaccard 0.3102
2026-09-08 19:11:12,955 - root - INFO - Baseline: Bayesian-MDL skipped (disabled for this runtime).
2026-09-08 19:11:12,956 - root - INFO - Baseline: Max Clique precision 0.0001, recall 0.0002, f1 0.0001, jaccard 0.0000 
2026-09-08 19:11:13,013 - root - INFO - Baseline: ECC precision 0.0483, recall 0.0102, f1 0.0169, jaccard 0.0085 
2026-09-08 19:11:14,113 - root - INFO - Baseline: Demon precision 0.0000, recall 0.0000, f1 0.0000, jaccard 0.0000 
2026-09-08 19:11:14,114 - root - INFO - Baseline: CFinder skipped (disabled for channel-SNR benchmark).
