2026-09-08 19:13:49,777 - root - INFO - Create log file at log/school/school-350000-cou-1788866029.7768798.log
2026-09-08 19:13:49,777 - root - INFO - Command line executed: python main.py --dataset school --beta 350000 --features count --channel rayleigh --snr_db 0
2026-09-08 19:13:49,777 - root - INFO - Full args parsed:
2026-09-08 19:13:49,777 - root - INFO - Namespace(dataset='school', beta=350000, features='count', model='mlp', epochs=2000, lr=0.0001, setting='f', label_rate=0.1, ablation=0, seed=123, use_c=1, jobs=1, save_features=0, data_dir='./data/', log_dir='log', downsample=0, max_child_size=1, ext=0, channel='rayleigh', snr_db=0.0, channel_seed=123, max_background_pairs=10000)
2026-09-08 19:13:49,816 - root - INFO - Finish loading graphs.
2026-09-08 19:13:49,816 - root - INFO - Nodes train: 242, test: 242
2026-09-08 19:13:49,816 - root - INFO - Simplicies train: 6352, test: 6352
2026-09-08 19:13:50,018 - root - INFO - Channel rayleigh at 0.0 dB: test projection edges 5710 -> 6849
2026-09-08 19:13:50,018 - root - INFO - Start computing cliques
2026-09-08 19:13:50,019 - root - INFO - Couldn't find cache for max cliques train
2026-09-08 19:13:50,120 - root - INFO - Number of maximum cliques:15119
2026-09-08 19:13:50,424 - root - INFO - Couldn't find cache for max cliques test
2026-09-08 19:13:50,526 - root - INFO - Number of maximum cliques:19201
2026-09-08 19:13:50,708 - root - INFO - test nodes 242 hyperedges 6352 avg size 2.420654911838791 std 0.5512194626711862 avg degree 63.53719008264463 max cliques 19201
2026-09-08 19:13:50,708 - root - INFO - Breakdown of test hyperedges (max+small) 4 + 6348
2026-09-08 19:13:50,708 - root - INFO - Intersection 0 out of 1653 19201
2026-09-08 19:13:50,708 - root - INFO - support cliques train:934 - test: 1653
2026-09-08 19:13:50,708 - root - INFO - Optimizing clique sampler .. 
2026-09-08 19:13:50,729 - root - INFO - Found cache for rho.
2026-09-08 19:13:50,742 - root - INFO - [(2, 2), (3, 2), (4, 2), (5, 2), (16, 2), (3, 3), (4, 3), (16, 3), (13, 2), (5, 3), (13, 3), (12, 2), (6, 3), (6, 2), (8, 3), (9, 2)]
2026-09-08 19:13:50,743 - root - INFO - Optimize Clique Sampler: #hyperedges collected:5807, recall: 0.9142002518891688, efficiency:0.016591428571428573
2026-09-08 19:13:51,295 - root - INFO - Clique analysis done.
2026-09-08 19:13:51,345 - root - INFO - train: 41928 unique candidates out of 349993 sampled candidates
2026-09-08 19:13:51,988 - root - INFO - test: 44445 unique candidates out of 362939 sampled candidates
2026-09-08 19:13:52,472 - root - INFO - test max cliques 19201, nested cliques 43741
2026-09-08 19:13:52,472 - root - INFO - test real max cliques in search universe: 4
2026-09-08 19:13:52,475 - root - INFO - test real smaller cliques in search universe: 3792 3792
2026-09-08 19:13:58,003 - root - INFO - Our Performance: precision 0.4244, recall 0.4577, f1 0.4404 jaccard 0.2824
2026-09-08 19:13:58,004 - root - INFO - Baseline: Bayesian-MDL skipped (disabled for this runtime).
2026-09-08 19:13:58,005 - root - INFO - Baseline: Max Clique precision 0.0002, recall 0.0006, f1 0.0003, jaccard 0.0002 
2026-09-08 19:13:58,065 - root - INFO - Baseline: ECC precision 0.0418, recall 0.0094, f1 0.0154, jaccard 0.0078 
2026-09-08 19:13:59,205 - root - INFO - Baseline: Demon precision 0.0000, recall 0.0000, f1 0.0000, jaccard 0.0000 
2026-09-08 19:13:59,205 - root - INFO - Baseline: CFinder skipped (disabled for channel-SNR benchmark).
