2026-09-08 18:54:57,733 - root - INFO - Create log file at log/hosts/hosts-6000-cou-1788864897.7336178.log
2026-09-08 18:54:57,734 - root - INFO - Command line executed: python main.py --dataset hosts --beta 6000 --features count --channel rayleigh --snr_db 2
2026-09-08 18:54:57,734 - root - INFO - Full args parsed:
2026-09-08 18:54:57,734 - root - INFO - Namespace(dataset='hosts', beta=6000, features='count', model='mlp', epochs=2000, lr=0.0001, setting='f', label_rate=0.1, ablation=0, seed=123, use_c=1, jobs=1, save_features=0, data_dir='./data/', log_dir='log', downsample=0, max_child_size=1, ext=0, channel='rayleigh', snr_db=2.0, channel_seed=123, max_background_pairs=10000)
2026-09-08 18:54:57,756 - root - INFO - Finish loading graphs.
2026-09-08 18:54:57,756 - root - INFO - Nodes train: 591, test: 466
2026-09-08 18:54:57,756 - root - INFO - Simplicies train: 204, test: 218
2026-09-08 18:54:57,998 - root - INFO - Channel rayleigh at 2.0 dB: test projection edges 9205 -> 9425
2026-09-08 18:54:57,999 - root - INFO - Start computing cliques
2026-09-08 18:54:57,999 - root - INFO - Couldn't find cache for max cliques train
2026-09-08 18:54:58,042 - root - INFO - Number of maximum cliques:383
2026-09-08 18:54:58,067 - root - INFO - Couldn't find cache for max cliques test
2026-09-08 18:54:59,227 - root - INFO - Number of maximum cliques:195416
2026-09-08 18:55:06,782 - root - INFO - test nodes 466 hyperedges 218 avg size 5.564220183486238 std 8.957494150492446 avg degree 2.6030042918454934 max cliques 195416
2026-09-08 18:55:06,784 - root - INFO - Breakdown of test hyperedges (max+small) 15 + 203
2026-09-08 18:55:06,784 - root - INFO - Intersection 14 out of 2123 195416
2026-09-08 18:55:06,784 - root - INFO - support cliques train:125 - test: 2123
2026-09-08 18:55:06,784 - root - INFO - Optimizing clique sampler .. 
2026-09-08 18:55:06,785 - root - INFO - Found cache for rho.
2026-09-08 18:55:06,803 - root - INFO - [(140, 140), (50, 50), (44, 44), (37, 37), (35, 35), (27, 27), (26, 26), (2, 2), (1, 1), (3, 3), (23, 23), (22, 22), (20, 20), (5, 5), (25, 1), (4, 4), (24, 24), (8, 8), (15, 15), (10, 10), (13, 13), (6, 6), (35, 1), (12, 12), (18, 18), (17, 17), (16, 16), (9, 9), (7, 7), (14, 14), (3, 1), (11, 11), (5, 2), (22, 1), (50, 1), (26, 1), (27, 1), (2, 1), (4, 2), (24, 1), (6, 2), (5, 3), (6, 3), (18, 1), (16, 15), (6, 4), (140, 1), (25, 2), (7, 6), (6, 5), (8, 7), (7, 5), (27, 2), (11, 2)]
2026-09-08 18:55:06,803 - root - INFO - Optimize Clique Sampler: #hyperedges collected:179, recall: 0.8774509803921569, efficiency:0.029833333333333333
2026-09-08 18:55:09,134 - root - INFO - Clique analysis done.
2026-09-08 18:55:09,136 - root - INFO - train: 4497 unique candidates out of 5959 sampled candidates
2026-09-08 18:55:10,161 - root - INFO - test: 336204 unique candidates out of 1757300 sampled candidates
2026-09-08 18:55:16,566 - root - INFO - test max cliques 195416, nested cliques 140788
2026-09-08 18:55:16,567 - root - INFO - test real max cliques in search universe: 15
2026-09-08 18:55:16,588 - root - INFO - test real smaller cliques in search universe: 88 88
2026-09-08 18:55:18,574 - root - INFO - Our Performance: precision 0.0006, recall 0.1009, f1 0.0012 jaccard 0.0006
2026-09-08 18:55:18,575 - root - INFO - Baseline: Bayesian-MDL skipped (disabled for this runtime).
2026-09-08 18:55:18,581 - root - INFO - Baseline: Max Clique precision 0.0001, recall 0.0688, f1 0.0002, jaccard 0.0001 
2026-09-08 18:55:18,654 - root - INFO - Baseline: ECC precision 0.0049, recall 0.0459, f1 0.0089, jaccard 0.0045 
2026-09-08 18:55:21,114 - root - INFO - Baseline: Demon precision 0.0080, recall 0.0321, f1 0.0128, jaccard 0.0064 
2026-09-08 18:55:21,114 - root - INFO - Baseline: CFinder skipped (disabled for channel-SNR benchmark).
