2026-09-08 19:10:42,882 - root - INFO - Create log file at log/hosts/hosts-6000-cou-1788865842.8825784.log
2026-09-08 19:10:42,882 - root - INFO - Command line executed: python main.py --dataset hosts --beta 6000 --features count --channel awgn --snr_db 16
2026-09-08 19:10:42,882 - root - INFO - Full args parsed:
2026-09-08 19:10:42,882 - root - INFO - Namespace(dataset='hosts', beta=6000, features='count', model='mlp', epochs=2000, lr=0.0001, setting='f', label_rate=0.1, ablation=0, seed=123, use_c=1, jobs=1, save_features=0, data_dir='./data/', log_dir='log', downsample=0, max_child_size=1, ext=0, channel='awgn', snr_db=16.0, channel_seed=123, max_background_pairs=10000)
2026-09-08 19:10:42,905 - root - INFO - Finish loading graphs.
2026-09-08 19:10:42,905 - root - INFO - Nodes train: 591, test: 466
2026-09-08 19:10:42,905 - root - INFO - Simplicies train: 204, test: 218
2026-09-08 19:10:43,127 - root - INFO - Channel awgn at 16.0 dB: test projection edges 9205 -> 9206
2026-09-08 19:10:43,127 - root - INFO - Start computing cliques
2026-09-08 19:10:43,127 - root - INFO - Couldn't find cache for max cliques train
2026-09-08 19:10:43,171 - root - INFO - Number of maximum cliques:383
2026-09-08 19:10:43,195 - root - INFO - Couldn't find cache for max cliques test
2026-09-08 19:10:43,230 - root - INFO - Number of maximum cliques:401
2026-09-08 19:10:43,279 - root - INFO - test nodes 466 hyperedges 218 avg size 5.564220183486238 std 8.957494150492446 avg degree 2.6030042918454934 max cliques 401
2026-09-08 19:10:43,279 - root - INFO - Breakdown of test hyperedges (max+small) 96 + 122
2026-09-08 19:10:43,279 - root - INFO - Intersection 96 out of 147 401
2026-09-08 19:10:43,279 - root - INFO - support cliques train:125 - test: 147
2026-09-08 19:10:43,279 - root - INFO - Optimizing clique sampler .. 
2026-09-08 19:10:43,280 - root - INFO - Found cache for rho.
2026-09-08 19:10:43,294 - root - INFO - [(140, 140), (50, 50), (44, 44), (37, 37), (35, 35), (27, 27), (26, 26), (2, 2), (1, 1), (3, 3), (23, 23), (22, 22), (20, 20), (5, 5), (25, 1), (4, 4), (24, 24), (8, 8), (15, 15), (10, 10), (13, 13), (6, 6), (35, 1), (12, 12), (18, 18), (17, 17), (16, 16), (9, 9), (7, 7), (14, 14), (3, 1), (11, 11), (5, 2), (22, 1), (50, 1), (26, 1), (27, 1), (2, 1), (4, 2), (24, 1), (6, 2), (5, 3), (6, 3), (18, 1), (16, 15), (6, 4), (140, 1), (25, 2), (7, 6), (6, 5), (8, 7), (7, 5), (27, 2), (11, 2)]
2026-09-08 19:10:43,295 - root - INFO - Optimize Clique Sampler: #hyperedges collected:179, recall: 0.8774509803921569, efficiency:0.029833333333333333
2026-09-08 19:10:43,306 - root - INFO - Clique analysis done.
2026-09-08 19:10:43,307 - root - INFO - train: 4497 unique candidates out of 5959 sampled candidates
2026-09-08 19:10:43,623 - root - INFO - test: 4625 unique candidates out of 7334 sampled candidates
2026-09-08 19:10:43,775 - root - INFO - test max cliques 401, nested cliques 4304
2026-09-08 19:10:43,775 - root - INFO - test real max cliques in search universe: 96
2026-09-08 19:10:43,775 - root - INFO - test real smaller cliques in search universe: 74 74
2026-09-08 19:10:45,164 - root - INFO - Our Performance: precision 0.6948, recall 0.4908, f1 0.5753 jaccard 0.4038
2026-09-08 19:10:45,165 - root - INFO - Baseline: Bayesian-MDL skipped (disabled for this runtime).
2026-09-08 19:10:45,165 - root - INFO - Baseline: Max Clique precision 0.2394, recall 0.4404, f1 0.3102, jaccard 0.1836 
2026-09-08 19:10:45,228 - root - INFO - Baseline: ECC precision 0.6294, recall 0.4128, f1 0.4986, jaccard 0.3321 
2026-09-08 19:10:48,276 - root - INFO - Baseline: Demon precision 0.1736, recall 0.0963, f1 0.1239, jaccard 0.0660 
2026-09-08 19:10:48,276 - root - INFO - Baseline: CFinder skipped (disabled for channel-SNR benchmark).
