2026-09-08 19:10:50,127 - root - INFO - Create log file at log/hosts/hosts-6000-cou-1788865850.1270823.log
2026-09-08 19:10:50,127 - root - INFO - Command line executed: python main.py --dataset hosts --beta 6000 --features count --channel awgn --snr_db 18
2026-09-08 19:10:50,127 - root - INFO - Full args parsed:
2026-09-08 19:10:50,127 - root - INFO - Namespace(dataset='hosts', beta=6000, features='count', model='mlp', epochs=2000, lr=0.0001, setting='f', label_rate=0.1, ablation=0, seed=123, use_c=1, jobs=1, save_features=0, data_dir='./data/', log_dir='log', downsample=0, max_child_size=1, ext=0, channel='awgn', snr_db=18.0, channel_seed=123, max_background_pairs=10000)
2026-09-08 19:10:50,149 - root - INFO - Finish loading graphs.
2026-09-08 19:10:50,150 - root - INFO - Nodes train: 591, test: 466
2026-09-08 19:10:50,150 - root - INFO - Simplicies train: 204, test: 218
2026-09-08 19:10:50,371 - root - INFO - Channel awgn at 18.0 dB: test projection edges 9205 -> 9206
2026-09-08 19:10:50,371 - root - INFO - Start computing cliques
2026-09-08 19:10:50,371 - root - INFO - Couldn't find cache for max cliques train
2026-09-08 19:10:50,413 - root - INFO - Number of maximum cliques:383
2026-09-08 19:10:50,437 - root - INFO - Couldn't find cache for max cliques test
2026-09-08 19:10:50,470 - root - INFO - Number of maximum cliques:362
2026-09-08 19:10:50,501 - root - INFO - test nodes 466 hyperedges 218 avg size 5.564220183486238 std 8.957494150492446 avg degree 2.6030042918454934 max cliques 362
2026-09-08 19:10:50,501 - root - INFO - Breakdown of test hyperedges (max+small) 106 + 112
2026-09-08 19:10:50,501 - root - INFO - Intersection 106 out of 129 362
2026-09-08 19:10:50,501 - root - INFO - support cliques train:125 - test: 129
2026-09-08 19:10:50,501 - root - INFO - Optimizing clique sampler .. 
2026-09-08 19:10:50,501 - root - INFO - Found cache for rho.
2026-09-08 19:10:50,516 - root - INFO - [(140, 140), (50, 50), (44, 44), (37, 37), (35, 35), (27, 27), (26, 26), (2, 2), (1, 1), (3, 3), (23, 23), (22, 22), (20, 20), (5, 5), (25, 1), (4, 4), (24, 24), (8, 8), (15, 15), (10, 10), (13, 13), (6, 6), (35, 1), (12, 12), (18, 18), (17, 17), (16, 16), (9, 9), (7, 7), (14, 14), (3, 1), (11, 11), (5, 2), (22, 1), (50, 1), (26, 1), (27, 1), (2, 1), (4, 2), (24, 1), (6, 2), (5, 3), (6, 3), (18, 1), (16, 15), (6, 4), (140, 1), (25, 2), (7, 6), (6, 5), (8, 7), (7, 5), (27, 2), (11, 2)]
2026-09-08 19:10:50,517 - root - INFO - Optimize Clique Sampler: #hyperedges collected:179, recall: 0.8774509803921569, efficiency:0.029833333333333333
2026-09-08 19:10:50,529 - root - INFO - Clique analysis done.
2026-09-08 19:10:50,530 - root - INFO - train: 4497 unique candidates out of 5959 sampled candidates
2026-09-08 19:10:50,847 - root - INFO - test: 4803 unique candidates out of 7778 sampled candidates
2026-09-08 19:10:50,987 - root - INFO - test max cliques 362, nested cliques 4495
2026-09-08 19:10:50,987 - root - INFO - test real max cliques in search universe: 106
2026-09-08 19:10:50,987 - root - INFO - test real smaller cliques in search universe: 72 72
2026-09-08 19:10:52,378 - root - INFO - Our Performance: precision 0.8163, recall 0.5505, f1 0.6575 jaccard 0.4898
2026-09-08 19:10:52,378 - root - INFO - Baseline: Bayesian-MDL skipped (disabled for this runtime).
2026-09-08 19:10:52,378 - root - INFO - Baseline: Max Clique precision 0.2928, recall 0.4862, f1 0.3655, jaccard 0.2236 
2026-09-08 19:10:52,424 - root - INFO - Baseline: ECC precision 0.8167, recall 0.4495, f1 0.5799, jaccard 0.4083 
2026-09-08 19:10:55,551 - root - INFO - Baseline: Demon precision 0.2072, recall 0.1055, f1 0.1398, jaccard 0.0752 
2026-09-08 19:10:55,551 - root - INFO - Baseline: CFinder skipped (disabled for channel-SNR benchmark).
