2026-09-08 18:59:57,524 - root - INFO - Create log file at log/hosts/hosts-6000-cou-1788865197.524757.log
2026-09-08 18:59:57,525 - root - INFO - Command line executed: python main.py --dataset hosts --beta 6000 --features count --channel rayleigh --snr_db 14
2026-09-08 18:59:57,525 - root - INFO - Full args parsed:
2026-09-08 18:59:57,525 - root - INFO - Namespace(dataset='hosts', beta=6000, features='count', model='mlp', epochs=2000, lr=0.0001, setting='f', label_rate=0.1, ablation=0, seed=123, use_c=1, jobs=1, save_features=0, data_dir='./data/', log_dir='log', downsample=0, max_child_size=1, ext=0, channel='rayleigh', snr_db=14.0, channel_seed=123, max_background_pairs=10000)
2026-09-08 18:59:57,547 - root - INFO - Finish loading graphs.
2026-09-08 18:59:57,547 - root - INFO - Nodes train: 591, test: 466
2026-09-08 18:59:57,547 - root - INFO - Simplicies train: 204, test: 218
2026-09-08 18:59:57,790 - root - INFO - Channel rayleigh at 14.0 dB: test projection edges 9205 -> 9255
2026-09-08 18:59:57,791 - root - INFO - Start computing cliques
2026-09-08 18:59:57,791 - root - INFO - Couldn't find cache for max cliques train
2026-09-08 18:59:57,833 - root - INFO - Number of maximum cliques:383
2026-09-08 18:59:57,857 - root - INFO - Couldn't find cache for max cliques test
2026-09-08 19:00:12,576 - root - INFO - Number of maximum cliques:2916612
2026-09-08 19:12:22,824 - root - INFO - test nodes 466 hyperedges 218 avg size 5.564220183486238 std 8.957494150492446 avg degree 2.6030042918454934 max cliques 2916612
2026-09-08 19:12:22,825 - root - INFO - Breakdown of test hyperedges (max+small) 41 + 177
2026-09-08 19:12:22,825 - root - INFO - Intersection 41 out of 718 2916612
2026-09-08 19:12:22,825 - root - INFO - support cliques train:125 - test: 718
2026-09-08 19:12:22,825 - root - INFO - Optimizing clique sampler .. 
2026-09-08 19:12:22,826 - root - INFO - Found cache for rho.
2026-09-08 19:12:23,155 - root - INFO - [(140, 140), (50, 50), (44, 44), (37, 37), (35, 35), (27, 27), (26, 26), (2, 2), (1, 1), (3, 3), (23, 23), (22, 22), (20, 20), (5, 5), (25, 1), (4, 4), (24, 24), (8, 8), (15, 15), (10, 10), (13, 13), (6, 6), (35, 1), (12, 12), (18, 18), (17, 17), (16, 16), (9, 9), (7, 7), (14, 14), (3, 1), (11, 11), (5, 2), (22, 1), (50, 1), (26, 1), (27, 1), (2, 1), (4, 2), (24, 1), (6, 2), (5, 3), (6, 3), (18, 1), (16, 15), (6, 4), (140, 1), (25, 2), (7, 6), (6, 5), (8, 7), (7, 5), (27, 2), (11, 2)]
2026-09-08 19:12:23,155 - root - INFO - Optimize Clique Sampler: #hyperedges collected:179, recall: 0.8774509803921569, efficiency:0.029833333333333333
2026-09-08 19:14:05,171 - root - INFO - Clique analysis done.
2026-09-08 19:14:05,173 - root - INFO - train: 4497 unique candidates out of 5959 sampled candidates
2026-09-08 19:14:36,320 - root - INFO - test: 801284 unique candidates out of 222870945 sampled candidates
2026-09-08 19:21:35,911 - root - INFO - test max cliques 2916612, nested cliques 20053
2026-09-08 19:21:35,912 - root - INFO - test real max cliques in search universe: 41
2026-09-08 19:21:35,915 - root - INFO - test real smaller cliques in search universe: 93 93
2026-09-08 19:21:41,986 - root - INFO - Our Performance: precision 0.0001, recall 0.2661, f1 0.0001 jaccard 0.0001
2026-09-08 19:21:41,987 - root - INFO - Baseline: Bayesian-MDL skipped (disabled for this runtime).
2026-09-08 19:21:42,159 - root - INFO - Baseline: Max Clique precision 0.0000, recall 0.1881, f1 0.0000, jaccard 0.0000 
2026-09-08 19:21:42,523 - root - INFO - Baseline: ECC precision 0.0523, recall 0.1651, f1 0.0795, jaccard 0.0414 
2026-09-08 19:21:45,510 - root - INFO - Baseline: Demon precision 0.0237, recall 0.0505, f1 0.0322, jaccard 0.0164 
2026-09-08 19:21:45,510 - root - INFO - Baseline: CFinder skipped (disabled for channel-SNR benchmark).
