2026-09-08 18:58:50,094 - root - INFO - Create log file at log/hosts/hosts-6000-cou-1788865130.0946012.log
2026-09-08 18:58:50,094 - root - INFO - Command line executed: python main.py --dataset hosts --beta 6000 --features count --channel awgn --snr_db 10
2026-09-08 18:58:50,094 - root - INFO - Full args parsed:
2026-09-08 18:58:50,095 - root - INFO - Namespace(dataset='hosts', beta=6000, features='count', model='mlp', epochs=2000, lr=0.0001, setting='f', label_rate=0.1, ablation=0, seed=123, use_c=1, jobs=1, save_features=0, data_dir='./data/', log_dir='log', downsample=0, max_child_size=1, ext=0, channel='awgn', snr_db=10.0, channel_seed=123, max_background_pairs=10000)
2026-09-08 18:58:50,117 - root - INFO - Finish loading graphs.
2026-09-08 18:58:50,117 - root - INFO - Nodes train: 591, test: 466
2026-09-08 18:58:50,117 - root - INFO - Simplicies train: 204, test: 218
2026-09-08 18:58:50,337 - root - INFO - Channel awgn at 10.0 dB: test projection edges 9205 -> 9238
2026-09-08 18:58:50,337 - root - INFO - Start computing cliques
2026-09-08 18:58:50,337 - root - INFO - Couldn't find cache for max cliques train
2026-09-08 18:58:50,380 - root - INFO - Number of maximum cliques:383
2026-09-08 18:58:50,404 - root - INFO - Couldn't find cache for max cliques test
2026-09-08 18:59:11,598 - root - INFO - Number of maximum cliques:4360154
2026-09-08 19:16:56,260 - root - INFO - test nodes 466 hyperedges 218 avg size 5.564220183486238 std 8.957494150492446 avg degree 2.6030042918454934 max cliques 4360154
2026-09-08 19:16:56,261 - root - INFO - Breakdown of test hyperedges (max+small) 54 + 164
2026-09-08 19:16:56,261 - root - INFO - Intersection 53 out of 654 4360154
2026-09-08 19:16:56,261 - root - INFO - support cliques train:125 - test: 654
2026-09-08 19:16:56,261 - root - INFO - Optimizing clique sampler .. 
2026-09-08 19:16:56,262 - root - INFO - Found cache for rho.
2026-09-08 19:16:56,828 - root - INFO - [(140, 140), (50, 50), (44, 44), (37, 37), (35, 35), (27, 27), (26, 26), (2, 2), (1, 1), (3, 3), (23, 23), (22, 22), (20, 20), (5, 5), (25, 1), (4, 4), (24, 24), (8, 8), (15, 15), (10, 10), (13, 13), (6, 6), (35, 1), (12, 12), (18, 18), (17, 17), (16, 16), (9, 9), (7, 7), (14, 14), (3, 1), (11, 11), (5, 2), (22, 1), (50, 1), (26, 1), (27, 1), (2, 1), (4, 2), (24, 1), (6, 2), (5, 3), (6, 3), (18, 1), (16, 15), (6, 4), (140, 1), (25, 2), (7, 6), (6, 5), (8, 7), (7, 5), (27, 2), (11, 2)]
2026-09-08 19:16:56,828 - root - INFO - Optimize Clique Sampler: #hyperedges collected:179, recall: 0.8774509803921569, efficiency:0.029833333333333333
2026-09-08 19:20:15,630 - root - INFO - Clique analysis done.
2026-09-08 19:20:15,631 - root - INFO - train: 4497 unique candidates out of 5959 sampled candidates
2026-09-08 19:21:17,931 - root - INFO - test: 1682410 unique candidates out of 449154735 sampled candidates
2026-09-08 19:31:30,055 - root - INFO - test max cliques 4360154, nested cliques 12831
2026-09-08 19:31:30,057 - root - INFO - test real max cliques in search universe: 54
2026-09-08 19:31:30,059 - root - INFO - test real smaller cliques in search universe: 95 95
2026-09-08 19:31:39,572 - root - INFO - Our Performance: precision 0.0000, recall 0.3028, f1 0.0001 jaccard 0.0000
2026-09-08 19:31:39,572 - root - INFO - Baseline: Bayesian-MDL skipped (disabled for this runtime).
2026-09-08 19:31:39,834 - root - INFO - Baseline: Max Clique precision 0.0000, recall 0.2477, f1 0.0000, jaccard 0.0000 
2026-09-08 19:31:40,075 - root - INFO - Baseline: ECC precision 0.0741, recall 0.2202, f1 0.1109, jaccard 0.0587 
2026-09-08 19:31:43,106 - root - INFO - Baseline: Demon precision 0.0348, recall 0.0688, f1 0.0462, jaccard 0.0237 
2026-09-08 19:31:43,106 - root - INFO - Baseline: CFinder skipped (disabled for channel-SNR benchmark).
